2026-06-09 12:21:30 - pino - INFO - Training comment
2026-06-09 12:21:30 - pino - INFO - random interface placement one realization
2026-06-09 12:21:30 - pino - INFO - Available cases (100):
2026-06-09 12:21:30 - pino - INFO - [0, 1, 2, 3, 4, 5, 6, 7, 8, 9, 10, 11, 12, 13, 14, 15, 16, 17, 18, 19, 20, 21, 22, 23, 24, 25, 26, 27, 28, 29, 30, 31, 32, 33, 34, 35, 36, 37, 38, 39, 40, 41, 42, 43, 44, 45, 46, 47, 48, 49, 50, 51, 52, 53, 54, 55, 56, 57, 58, 59, 60, 61, 62, 63, 64, 65, 66, 67, 68, 69, 70, 71, 72, 73, 74, 75, 76, 77, 78, 79, 80, 81, 82, 83, 84, 85, 86, 87, 88, 89, 90, 91, 92, 93, 94, 95, 96, 97, 98, 99]
2026-06-09 12:21:30 - pino - INFO - Train cases (80): ['channel_00', 'channel_01', 'channel_02', 'channel_04', 'channel_05', 'channel_06', 'channel_07', 'channel_08', 'channel_10', 'channel_12', 'channel_13', 'channel_15', 'channel_17', 'channel_19', 'channel_21', 'channel_22', 'channel_24', 'channel_26', 'channel_27', 'channel_28', 'channel_30', 'channel_31', 'channel_32', 'channel_33', 'channel_34', 'channel_36', 'channel_37', 'channel_38', 'channel_39', 'channel_40', 'channel_41', 'channel_42', 'channel_44', 'channel_45', 'channel_46', 'channel_47', 'channel_48', 'channel_50', 'channel_51', 'channel_53', 'channel_54', 'channel_56', 'channel_57', 'channel_59', 'channel_60', 'channel_61', 'channel_62', 'channel_63', 'channel_64', 'channel_65', 'channel_66', 'channel_67', 'channel_68', 'channel_70', 'channel_71', 'channel_72', 'channel_74', 'channel_75', 'channel_77', 'channel_78', 'channel_79', 'channel_80', 'channel_81', 'channel_82', 'channel_83', 'channel_84', 'channel_85', 'channel_86', 'channel_87', 'channel_88', 'channel_89', 'channel_90', 'channel_91', 'channel_92', 'channel_93', 'channel_94', 'channel_95', 'channel_96', 'channel_98', 'channel_99']
2026-06-09 12:21:30 - pino - INFO - Valid cases (10): ['channel_09', 'channel_11', 'channel_16', 'channel_18', 'channel_20', 'channel_23', 'channel_29', 'channel_35', 'channel_43', 'channel_76']
2026-06-09 12:21:30 - pino - INFO - Test  cases (10): ['channel_03', 'channel_14', 'channel_25', 'channel_49', 'channel_52', 'channel_55', 'channel_58', 'channel_69', 'channel_73', 'channel_97']
2026-06-09 12:39:23 - pino - INFO - Train samples: 800
2026-06-09 12:39:23 - pino - INFO - Valid samples: 100
2026-06-09 12:39:23 - pino - INFO - Train branch channels: ['x_local', 'y_local', 'wall_mask', 'interface_mask', 'boundary_pressure', 'boundary_u', 'boundary_v', 'known_pressure', 'known_u', 'known_v', 'local_aspect_ratio']
2026-06-09 12:39:23 - pino - INFO - Train trunk channels: ['x_local', 'y_local']
2026-06-09 12:39:23 - pino - INFO - Output channels: ['pressure', 'u', 'v']
2026-06-09 12:39:23 - pino - INFO - Example train sample:
2026-06-09 12:39:23 - pino - INFO - branch: (1024, 11)
2026-06-09 12:39:23 - pino - INFO - query: (12268, 2)
2026-06-09 12:39:23 - pino - INFO - target: (12268, 3)
2026-06-09 12:39:23 - pino - INFO - Train cases: [0, 1, 2, 4, 5, 6, 7, 8, 10, 12, 13, 15, 17, 19, 21, 22, 24, 26, 27, 28, 30, 31, 32, 33, 34, 36, 37, 38, 39, 40, 41, 42, 44, 45, 46, 47, 48, 50, 51, 53, 54, 56, 57, 59, 60, 61, 62, 63, 64, 65, 66, 67, 68, 70, 71, 72, 74, 75, 77, 78, 79, 80, 81, 82, 83, 84, 85, 86, 87, 88, 89, 90, 91, 92, 93, 94, 95, 96, 98, 99]
2026-06-09 12:39:23 - pino - INFO - Valid cases: [9, 11, 16, 18, 20, 23, 29, 35, 43, 76]
2026-06-09 12:39:24 - pino - INFO - Y mean: tensor([ 6.3925e+02,  1.0017e+00, -1.2696e-05])
2026-06-09 12:39:24 - pino - INFO - Y std: tensor([4.1504e+02, 4.2805e-01, 2.2184e-02])
2026-06-09 12:39:24 - pino - INFO - local_aspect_mean: 1.0
2026-06-09 12:39:24 - pino - INFO - local_aspect_std: 0.8098984956741333
2026-06-09 12:39:24 - pino - INFO - branch batch: torch.Size([50, 1024, 11])
2026-06-09 12:39:24 - pino - INFO - query batch: torch.Size([1031936, 2])
2026-06-09 12:39:24 - pino - INFO - target batch: torch.Size([1031936, 3])
2026-06-09 12:39:24 - pino - INFO - query batch id: tensor(0) tensor(49)
2026-06-09 12:39:24 - pino - INFO - sample indices: tensor([ 26,  17, 437, 146,  57, 476, 261, 771, 208, 492, 461, 723,  38, 287,
        343, 568, 419, 616, 273, 463,  28, 627, 307, 356,  11, 609, 266, 433,
        719, 618, 426, 348,  14, 796, 428,  77, 111, 149, 759,  94, 271, 670,
        268, 240, 283, 113,  88, 436, 232, 593])
2026-06-09 12:39:29 - pino - INFO - {'branch_input_dim': 11, 'trunk_input_dim': 2, 'output_channels': 3, 'latent_dim': 128, 'branch_point_hidden_dim': 128, 'branch_point_depth': 3, 'branch_global_hidden_dim': 128, 'branch_global_depth': 3, 'trunk_hidden_dim': 128, 'trunk_depth': 4, 'aggregation': 'mean', 'activation': 'gelu', 'layer_norm': False}
2026-06-09 12:39:42 - pino - INFO - Epoch 0001 | data loss=1.293e+00 | bc loss=1.300e+00 | valid MSE=1.060e+00 | valid rel L2=1.038e+00 | pressure=4.982e-01, u=4.470e-01, v=9.839e-01 | Time: 0:00:13.583312
2026-06-09 12:40:25 - pino - INFO - Epoch 0010 | data loss=3.295e-01 | bc loss=2.027e-01 | valid MSE=2.848e-01 | valid rel L2=4.093e-01 | pressure=9.518e-02, u=9.530e-02, v=8.174e-01 | Time: 0:00:56.580423
2026-06-09 12:41:12 - pino - INFO - Epoch 0020 | data loss=2.421e-01 | bc loss=1.435e-01 | valid MSE=2.479e-01 | valid rel L2=3.794e-01 | pressure=8.773e-02, u=9.518e-02, v=7.682e-01 | Time: 0:01:43.671951
2026-06-09 12:41:54 - pino - INFO - Epoch 0030 | data loss=2.156e-01 | bc loss=1.210e-01 | valid MSE=2.070e-01 | valid rel L2=3.342e-01 | pressure=5.975e-02, u=7.517e-02, v=7.253e-01 | Time: 0:02:25.145015
2026-06-09 12:42:38 - pino - INFO - Epoch 0040 | data loss=2.003e-01 | bc loss=1.057e-01 | valid MSE=1.820e-01 | valid rel L2=3.069e-01 | pressure=7.483e-02, u=5.782e-02, v=6.906e-01 | Time: 0:03:09.443637
2026-06-09 12:43:22 - pino - INFO - Epoch 0050 | data loss=1.857e-01 | bc loss=9.211e-02 | valid MSE=1.742e-01 | valid rel L2=2.939e-01 | pressure=6.457e-02, u=5.787e-02, v=6.805e-01 | Time: 0:03:53.421682
2026-06-09 12:44:05 - pino - INFO - Epoch 0060 | data loss=1.650e-01 | bc loss=7.719e-02 | valid MSE=1.567e-01 | valid rel L2=2.845e-01 | pressure=6.122e-02, u=5.426e-02, v=6.540e-01 | Time: 0:04:36.133304
2026-06-09 12:44:47 - pino - INFO - Epoch 0070 | data loss=1.488e-01 | bc loss=6.966e-02 | valid MSE=1.431e-01 | valid rel L2=2.777e-01 | pressure=5.319e-02, u=4.981e-02, v=6.316e-01 | Time: 0:05:18.527155
2026-06-09 12:45:33 - pino - INFO - Epoch 0080 | data loss=1.426e-01 | bc loss=6.777e-02 | valid MSE=1.259e-01 | valid rel L2=2.722e-01 | pressure=5.766e-02, u=5.084e-02, v=5.933e-01 | Time: 0:06:04.281022
2026-06-09 12:46:17 - pino - INFO - Epoch 0090 | data loss=1.269e-01 | bc loss=6.276e-02 | valid MSE=1.231e-01 | valid rel L2=2.661e-01 | pressure=5.433e-02, u=5.448e-02, v=5.848e-01 | Time: 0:06:47.970291
2026-06-09 12:47:00 - pino - INFO - Epoch 0100 | data loss=1.138e-01 | bc loss=5.436e-02 | valid MSE=1.046e-01 | valid rel L2=2.447e-01 | pressure=4.582e-02, u=5.958e-02, v=5.399e-01 | Time: 0:07:31.069703
2026-06-09 12:47:43 - pino - INFO - Epoch 0110 | data loss=1.066e-01 | bc loss=5.209e-02 | valid MSE=9.996e-02 | valid rel L2=2.354e-01 | pressure=4.580e-02, u=4.393e-02, v=5.334e-01 | Time: 0:08:14.386447
2026-06-09 12:48:27 - pino - INFO - Epoch 0120 | data loss=9.785e-02 | bc loss=5.430e-02 | valid MSE=8.009e-02 | valid rel L2=2.288e-01 | pressure=4.257e-02, u=5.469e-02, v=4.566e-01 | Time: 0:08:58.264294
2026-06-09 12:49:11 - pino - INFO - Epoch 0130 | data loss=8.551e-02 | bc loss=4.170e-02 | valid MSE=7.557e-02 | valid rel L2=2.160e-01 | pressure=3.798e-02, u=4.196e-02, v=4.443e-01 | Time: 0:09:42.650126
2026-06-09 12:49:52 - pino - INFO - Epoch 0140 | data loss=8.209e-02 | bc loss=4.441e-02 | valid MSE=7.363e-02 | valid rel L2=2.228e-01 | pressure=4.596e-02, u=5.231e-02, v=4.325e-01 | Time: 0:10:23.642198
2026-06-09 12:50:35 - pino - INFO - Epoch 0150 | data loss=1.060e-01 | bc loss=6.252e-02 | valid MSE=9.452e-02 | valid rel L2=2.551e-01 | pressure=6.595e-02, u=5.108e-02, v=5.245e-01 | Time: 0:11:06.011796
2026-06-09 12:51:24 - pino - INFO - Epoch 0160 | data loss=7.014e-02 | bc loss=3.345e-02 | valid MSE=5.703e-02 | valid rel L2=1.829e-01 | pressure=3.393e-02, u=4.343e-02, v=3.896e-01 | Time: 0:11:54.941939
2026-06-09 12:52:06 - pino - INFO - Epoch 0170 | data loss=6.650e-02 | bc loss=3.346e-02 | valid MSE=5.749e-02 | valid rel L2=1.820e-01 | pressure=3.567e-02, u=4.134e-02, v=3.946e-01 | Time: 0:12:37.124764
2026-06-09 12:52:51 - pino - INFO - Epoch 0180 | data loss=6.477e-02 | bc loss=3.260e-02 | valid MSE=5.021e-02 | valid rel L2=1.625e-01 | pressure=3.086e-02, u=3.922e-02, v=3.735e-01 | Time: 0:13:22.418289
2026-06-09 12:53:33 - pino - INFO - Epoch 0190 | data loss=6.088e-02 | bc loss=3.164e-02 | valid MSE=4.774e-02 | valid rel L2=1.611e-01 | pressure=3.382e-02, u=3.842e-02, v=3.603e-01 | Time: 0:14:04.517028
2026-06-09 12:54:18 - pino - INFO - Epoch 0200 | data loss=5.662e-02 | bc loss=2.528e-02 | valid MSE=4.623e-02 | valid rel L2=1.603e-01 | pressure=2.914e-02, u=3.489e-02, v=3.577e-01 | Time: 0:14:49.535136
2026-06-09 12:55:01 - pino - INFO - Epoch 0210 | data loss=5.466e-02 | bc loss=2.495e-02 | valid MSE=4.573e-02 | valid rel L2=1.647e-01 | pressure=4.569e-02, u=3.700e-02, v=3.611e-01 | Time: 0:15:32.363902
2026-06-09 12:55:45 - pino - INFO - Epoch 0220 | data loss=5.341e-02 | bc loss=2.278e-02 | valid MSE=4.253e-02 | valid rel L2=1.467e-01 | pressure=2.618e-02, u=3.172e-02, v=3.559e-01 | Time: 0:16:16.512273
2026-06-09 12:56:29 - pino - INFO - Epoch 0230 | data loss=5.306e-02 | bc loss=2.443e-02 | valid MSE=4.150e-02 | valid rel L2=1.495e-01 | pressure=2.775e-02, u=3.361e-02, v=3.474e-01 | Time: 0:17:00.601841
2026-06-09 12:57:14 - pino - INFO - Epoch 0240 | data loss=5.121e-02 | bc loss=2.131e-02 | valid MSE=4.239e-02 | valid rel L2=1.495e-01 | pressure=2.789e-02, u=3.762e-02, v=3.472e-01 | Time: 0:17:45.195428
2026-06-09 12:57:58 - pino - INFO - Epoch 0250 | data loss=4.494e-02 | bc loss=1.808e-02 | valid MSE=3.879e-02 | valid rel L2=1.488e-01 | pressure=2.575e-02, u=3.510e-02, v=3.397e-01 | Time: 0:18:29.248018
2026-06-09 12:58:41 - pino - INFO - Epoch 0260 | data loss=5.154e-02 | bc loss=2.553e-02 | valid MSE=5.166e-02 | valid rel L2=1.735e-01 | pressure=4.385e-02, u=4.583e-02, v=3.689e-01 | Time: 0:19:11.847232
2026-06-09 12:59:22 - pino - INFO - Epoch 0270 | data loss=4.541e-02 | bc loss=2.125e-02 | valid MSE=3.768e-02 | valid rel L2=1.512e-01 | pressure=3.642e-02, u=3.423e-02, v=3.392e-01 | Time: 0:19:53.422722
2026-06-09 13:00:03 - pino - INFO - Epoch 0280 | data loss=5.025e-02 | bc loss=2.250e-02 | valid MSE=3.741e-02 | valid rel L2=1.458e-01 | pressure=3.337e-02, u=3.427e-02, v=3.308e-01 | Time: 0:20:34.570124
2026-06-09 13:00:48 - pino - INFO - Epoch 0290 | data loss=4.245e-02 | bc loss=1.825e-02 | valid MSE=3.510e-02 | valid rel L2=1.466e-01 | pressure=3.197e-02, u=3.397e-02, v=3.202e-01 | Time: 0:21:19.159687
2026-06-09 13:01:32 - pino - INFO - Epoch 0300 | data loss=3.770e-02 | bc loss=1.454e-02 | valid MSE=3.426e-02 | valid rel L2=1.406e-01 | pressure=2.506e-02, u=3.602e-02, v=3.136e-01 | Time: 0:22:03.738687
2026-06-09 13:02:15 - pino - INFO - Epoch 0310 | data loss=3.815e-02 | bc loss=1.408e-02 | valid MSE=3.620e-02 | valid rel L2=1.597e-01 | pressure=3.493e-02, u=3.285e-02, v=3.214e-01 | Time: 0:22:46.505210
2026-06-09 13:02:58 - pino - INFO - Epoch 0320 | data loss=3.465e-02 | bc loss=1.367e-02 | valid MSE=3.092e-02 | valid rel L2=1.374e-01 | pressure=2.701e-02, u=3.264e-02, v=2.982e-01 | Time: 0:23:29.184725
2026-06-09 13:03:40 - pino - INFO - Epoch 0330 | data loss=3.356e-02 | bc loss=1.279e-02 | valid MSE=2.942e-02 | valid rel L2=1.320e-01 | pressure=2.597e-02, u=3.439e-02, v=2.910e-01 | Time: 0:24:11.463536
2026-06-09 13:04:22 - pino - INFO - Epoch 0340 | data loss=3.307e-02 | bc loss=1.432e-02 | valid MSE=3.057e-02 | valid rel L2=1.342e-01 | pressure=2.545e-02, u=3.660e-02, v=2.930e-01 | Time: 0:24:53.631373
2026-06-09 13:05:04 - pino - INFO - Epoch 0350 | data loss=3.216e-02 | bc loss=1.249e-02 | valid MSE=2.816e-02 | valid rel L2=1.285e-01 | pressure=2.720e-02, u=3.421e-02, v=2.827e-01 | Time: 0:25:35.122644
2026-06-09 13:05:47 - pino - INFO - Epoch 0360 | data loss=3.098e-02 | bc loss=1.133e-02 | valid MSE=2.805e-02 | valid rel L2=1.294e-01 | pressure=3.615e-02, u=3.285e-02, v=2.819e-01 | Time: 0:26:18.025579
2026-06-09 13:06:27 - pino - INFO - Epoch 0370 | data loss=3.305e-02 | bc loss=1.569e-02 | valid MSE=3.177e-02 | valid rel L2=1.415e-01 | pressure=2.914e-02, u=3.427e-02, v=3.025e-01 | Time: 0:26:57.976123
2026-06-09 13:07:08 - pino - INFO - Epoch 0380 | data loss=2.908e-02 | bc loss=1.130e-02 | valid MSE=2.532e-02 | valid rel L2=1.226e-01 | pressure=3.021e-02, u=3.047e-02, v=2.712e-01 | Time: 0:27:39.750606
2026-06-09 13:07:49 - pino - INFO - Epoch 0390 | data loss=2.943e-02 | bc loss=1.186e-02 | valid MSE=2.819e-02 | valid rel L2=1.303e-01 | pressure=2.523e-02, u=3.862e-02, v=2.794e-01 | Time: 0:28:20.180184
2026-06-09 13:08:30 - pino - INFO - Epoch 0400 | data loss=2.918e-02 | bc loss=1.125e-02 | valid MSE=2.461e-02 | valid rel L2=1.230e-01 | pressure=2.855e-02, u=2.897e-02, v=2.639e-01 | Time: 0:29:01.361746
2026-06-09 13:09:14 - pino - INFO - Epoch 0410 | data loss=3.088e-02 | bc loss=1.138e-02 | valid MSE=2.700e-02 | valid rel L2=1.252e-01 | pressure=2.708e-02, u=3.380e-02, v=2.735e-01 | Time: 0:29:44.986604
2026-06-09 13:09:56 - pino - INFO - Epoch 0420 | data loss=2.821e-02 | bc loss=1.086e-02 | valid MSE=2.504e-02 | valid rel L2=1.285e-01 | pressure=3.516e-02, u=3.001e-02, v=2.664e-01 | Time: 0:30:27.819112
2026-06-09 13:10:39 - pino - INFO - Epoch 0430 | data loss=2.619e-02 | bc loss=8.523e-03 | valid MSE=2.246e-02 | valid rel L2=1.171e-01 | pressure=2.743e-02, u=2.943e-02, v=2.555e-01 | Time: 0:31:10.298445
2026-06-09 13:11:23 - pino - INFO - Epoch 0440 | data loss=2.577e-02 | bc loss=8.752e-03 | valid MSE=2.316e-02 | valid rel L2=1.177e-01 | pressure=2.646e-02, u=3.002e-02, v=2.580e-01 | Time: 0:31:54.298565
2026-06-09 13:12:08 - pino - INFO - Epoch 0450 | data loss=2.524e-02 | bc loss=8.659e-03 | valid MSE=2.361e-02 | valid rel L2=1.201e-01 | pressure=3.088e-02, u=3.241e-02, v=2.599e-01 | Time: 0:32:38.909549
2026-06-09 13:12:51 - pino - INFO - Epoch 0460 | data loss=2.566e-02 | bc loss=8.419e-03 | valid MSE=2.281e-02 | valid rel L2=1.154e-01 | pressure=2.908e-02, u=3.202e-02, v=2.577e-01 | Time: 0:33:21.870958
2026-06-09 13:13:35 - pino - INFO - Epoch 0470 | data loss=2.602e-02 | bc loss=9.246e-03 | valid MSE=2.413e-02 | valid rel L2=1.210e-01 | pressure=2.815e-02, u=3.596e-02, v=2.596e-01 | Time: 0:34:06.208178
2026-06-09 13:14:21 - pino - INFO - Epoch 0480 | data loss=2.430e-02 | bc loss=8.537e-03 | valid MSE=2.220e-02 | valid rel L2=1.143e-01 | pressure=2.713e-02, u=2.899e-02, v=2.540e-01 | Time: 0:34:51.996838
2026-06-09 13:15:04 - pino - INFO - Epoch 0490 | data loss=2.407e-02 | bc loss=8.538e-03 | valid MSE=2.159e-02 | valid rel L2=1.134e-01 | pressure=2.929e-02, u=2.944e-02, v=2.477e-01 | Time: 0:35:35.684111
2026-06-09 13:15:47 - pino - INFO - Epoch 0500 | data loss=2.444e-02 | bc loss=9.159e-03 | valid MSE=2.192e-02 | valid rel L2=1.139e-01 | pressure=3.279e-02, u=2.965e-02, v=2.487e-01 | Time: 0:36:18.341889
2026-06-09 13:16:29 - pino - INFO - Epoch 0510 | data loss=2.318e-02 | bc loss=7.417e-03 | valid MSE=2.081e-02 | valid rel L2=1.109e-01 | pressure=2.830e-02, u=2.883e-02, v=2.460e-01 | Time: 0:37:00.348260
2026-06-09 13:17:13 - pino - INFO - Epoch 0520 | data loss=2.336e-02 | bc loss=7.331e-03 | valid MSE=2.075e-02 | valid rel L2=1.140e-01 | pressure=2.784e-02, u=2.992e-02, v=2.476e-01 | Time: 0:37:43.858173
2026-06-09 13:17:54 - pino - INFO - Epoch 0530 | data loss=2.308e-02 | bc loss=7.610e-03 | valid MSE=2.181e-02 | valid rel L2=1.122e-01 | pressure=2.895e-02, u=3.039e-02, v=2.470e-01 | Time: 0:38:25.631400
2026-06-09 13:18:39 - pino - INFO - Epoch 0540 | data loss=2.281e-02 | bc loss=7.944e-03 | valid MSE=2.142e-02 | valid rel L2=1.103e-01 | pressure=3.006e-02, u=2.984e-02, v=2.467e-01 | Time: 0:39:09.965023
2026-06-09 13:19:20 - pino - INFO - Epoch 0550 | data loss=2.262e-02 | bc loss=7.722e-03 | valid MSE=2.183e-02 | valid rel L2=1.126e-01 | pressure=2.759e-02, u=2.960e-02, v=2.451e-01 | Time: 0:39:50.972434
2026-06-09 13:20:01 - pino - INFO - Epoch 0560 | data loss=2.180e-02 | bc loss=7.225e-03 | valid MSE=1.985e-02 | valid rel L2=1.080e-01 | pressure=2.839e-02, u=2.918e-02, v=2.388e-01 | Time: 0:40:32.178979
2026-06-09 13:20:42 - pino - INFO - Epoch 0570 | data loss=2.319e-02 | bc loss=9.638e-03 | valid MSE=2.011e-02 | valid rel L2=1.111e-01 | pressure=3.405e-02, u=2.726e-02, v=2.460e-01 | Time: 0:41:13.475072
2026-06-09 13:21:25 - pino - INFO - Epoch 0580 | data loss=2.140e-02 | bc loss=6.654e-03 | valid MSE=2.132e-02 | valid rel L2=1.111e-01 | pressure=3.084e-02, u=2.807e-02, v=2.445e-01 | Time: 0:41:55.920204
2026-06-09 13:22:08 - pino - INFO - Epoch 0590 | data loss=2.187e-02 | bc loss=7.552e-03 | valid MSE=1.936e-02 | valid rel L2=1.066e-01 | pressure=3.132e-02, u=2.764e-02, v=2.373e-01 | Time: 0:42:39.337246
2026-06-09 13:22:49 - pino - INFO - Epoch 0600 | data loss=2.100e-02 | bc loss=6.533e-03 | valid MSE=1.926e-02 | valid rel L2=1.051e-01 | pressure=2.754e-02, u=2.683e-02, v=2.362e-01 | Time: 0:43:20.329091
2026-06-09 13:23:31 - pino - INFO - Epoch 0610 | data loss=2.156e-02 | bc loss=7.336e-03 | valid MSE=2.005e-02 | valid rel L2=1.078e-01 | pressure=3.197e-02, u=3.093e-02, v=2.366e-01 | Time: 0:44:01.867909
2026-06-09 13:24:13 - pino - INFO - Epoch 0620 | data loss=2.058e-02 | bc loss=6.294e-03 | valid MSE=1.957e-02 | valid rel L2=1.057e-01 | pressure=3.097e-02, u=2.812e-02, v=2.362e-01 | Time: 0:44:44.517429
2026-06-09 13:24:56 - pino - INFO - Epoch 0630 | data loss=2.054e-02 | bc loss=6.942e-03 | valid MSE=1.920e-02 | valid rel L2=1.075e-01 | pressure=3.346e-02, u=2.924e-02, v=2.376e-01 | Time: 0:45:27.459913
2026-06-09 13:25:41 - pino - INFO - Epoch 0640 | data loss=1.986e-02 | bc loss=6.156e-03 | valid MSE=1.953e-02 | valid rel L2=1.063e-01 | pressure=3.077e-02, u=2.922e-02, v=2.359e-01 | Time: 0:46:12.278003
2026-06-09 13:26:27 - pino - INFO - Epoch 0650 | data loss=1.968e-02 | bc loss=6.299e-03 | valid MSE=1.928e-02 | valid rel L2=1.069e-01 | pressure=3.944e-02, u=2.734e-02, v=2.360e-01 | Time: 0:46:58.080844
2026-06-09 13:27:10 - pino - INFO - Epoch 0660 | data loss=1.974e-02 | bc loss=6.481e-03 | valid MSE=1.940e-02 | valid rel L2=1.077e-01 | pressure=2.969e-02, u=2.995e-02, v=2.323e-01 | Time: 0:47:41.558627
2026-06-09 13:27:54 - pino - INFO - Epoch 0670 | data loss=2.072e-02 | bc loss=7.922e-03 | valid MSE=1.984e-02 | valid rel L2=1.067e-01 | pressure=2.841e-02, u=2.811e-02, v=2.354e-01 | Time: 0:48:25.682198
2026-06-09 13:28:38 - pino - INFO - Epoch 0680 | data loss=1.925e-02 | bc loss=6.102e-03 | valid MSE=1.900e-02 | valid rel L2=1.047e-01 | pressure=3.420e-02, u=2.985e-02, v=2.308e-01 | Time: 0:49:09.774089
2026-06-09 13:29:23 - pino - INFO - Epoch 0690 | data loss=1.933e-02 | bc loss=6.169e-03 | valid MSE=1.811e-02 | valid rel L2=1.042e-01 | pressure=3.203e-02, u=2.909e-02, v=2.290e-01 | Time: 0:49:54.548438
2026-06-09 13:30:06 - pino - INFO - Epoch 0700 | data loss=1.916e-02 | bc loss=6.283e-03 | valid MSE=1.924e-02 | valid rel L2=1.052e-01 | pressure=3.512e-02, u=2.926e-02, v=2.306e-01 | Time: 0:50:37.615262
2026-06-09 13:30:50 - pino - INFO - Epoch 0710 | data loss=1.902e-02 | bc loss=6.276e-03 | valid MSE=1.957e-02 | valid rel L2=1.041e-01 | pressure=3.413e-02, u=2.853e-02, v=2.334e-01 | Time: 0:51:20.964814
2026-06-09 13:31:35 - pino - INFO - Epoch 0720 | data loss=1.862e-02 | bc loss=5.764e-03 | valid MSE=1.819e-02 | valid rel L2=1.027e-01 | pressure=3.324e-02, u=3.013e-02, v=2.276e-01 | Time: 0:52:06.578342
2026-06-09 13:32:19 - pino - INFO - Epoch 0730 | data loss=1.846e-02 | bc loss=5.941e-03 | valid MSE=1.837e-02 | valid rel L2=1.023e-01 | pressure=3.091e-02, u=2.867e-02, v=2.278e-01 | Time: 0:52:49.960338
2026-06-09 13:33:02 - pino - INFO - Epoch 0740 | data loss=1.814e-02 | bc loss=5.587e-03 | valid MSE=1.897e-02 | valid rel L2=1.023e-01 | pressure=3.047e-02, u=2.864e-02, v=2.310e-01 | Time: 0:53:33.190539
2026-06-09 13:33:47 - pino - INFO - Epoch 0750 | data loss=1.814e-02 | bc loss=5.507e-03 | valid MSE=1.966e-02 | valid rel L2=1.057e-01 | pressure=3.558e-02, u=2.946e-02, v=2.324e-01 | Time: 0:54:18.632765
2026-06-09 13:34:30 - pino - INFO - Epoch 0760 | data loss=1.801e-02 | bc loss=5.980e-03 | valid MSE=1.843e-02 | valid rel L2=1.015e-01 | pressure=3.498e-02, u=2.908e-02, v=2.285e-01 | Time: 0:55:01.335223
2026-06-09 13:35:13 - pino - INFO - Epoch 0770 | data loss=1.774e-02 | bc loss=5.364e-03 | valid MSE=1.870e-02 | valid rel L2=1.014e-01 | pressure=3.247e-02, u=2.805e-02, v=2.268e-01 | Time: 0:55:43.930915
2026-06-09 13:35:54 - pino - INFO - Epoch 0780 | data loss=1.763e-02 | bc loss=5.404e-03 | valid MSE=1.872e-02 | valid rel L2=1.017e-01 | pressure=3.213e-02, u=2.973e-02, v=2.277e-01 | Time: 0:56:25.784063
2026-06-09 13:36:40 - pino - INFO - Epoch 0790 | data loss=1.745e-02 | bc loss=5.314e-03 | valid MSE=1.777e-02 | valid rel L2=9.933e-02 | pressure=3.287e-02, u=2.830e-02, v=2.238e-01 | Time: 0:57:10.884185
2026-06-09 13:37:24 - pino - INFO - Epoch 0800 | data loss=1.731e-02 | bc loss=5.269e-03 | valid MSE=1.904e-02 | valid rel L2=1.034e-01 | pressure=3.234e-02, u=2.978e-02, v=2.283e-01 | Time: 0:57:55.325973
2026-06-09 13:38:07 - pino - INFO - Epoch 0810 | data loss=1.721e-02 | bc loss=5.226e-03 | valid MSE=1.819e-02 | valid rel L2=1.012e-01 | pressure=3.408e-02, u=2.929e-02, v=2.241e-01 | Time: 0:58:38.253719
2026-06-09 13:38:51 - pino - INFO - Epoch 0820 | data loss=1.708e-02 | bc loss=5.072e-03 | valid MSE=1.752e-02 | valid rel L2=9.900e-02 | pressure=3.346e-02, u=2.860e-02, v=2.226e-01 | Time: 0:59:21.978576
2026-06-09 13:39:36 - pino - INFO - Epoch 0830 | data loss=1.694e-02 | bc loss=5.083e-03 | valid MSE=1.774e-02 | valid rel L2=9.974e-02 | pressure=3.349e-02, u=2.957e-02, v=2.224e-01 | Time: 1:00:07.655705
2026-06-09 13:40:21 - pino - INFO - Epoch 0840 | data loss=1.687e-02 | bc loss=5.066e-03 | valid MSE=1.754e-02 | valid rel L2=9.987e-02 | pressure=3.160e-02, u=2.950e-02, v=2.220e-01 | Time: 1:00:51.852166
2026-06-09 13:41:03 - pino - INFO - Epoch 0850 | data loss=1.678e-02 | bc loss=5.046e-03 | valid MSE=1.742e-02 | valid rel L2=9.864e-02 | pressure=3.106e-02, u=2.870e-02, v=2.208e-01 | Time: 1:01:33.976953
2026-06-09 13:41:47 - pino - INFO - Epoch 0860 | data loss=1.676e-02 | bc loss=5.009e-03 | valid MSE=1.802e-02 | valid rel L2=1.014e-01 | pressure=3.227e-02, u=2.989e-02, v=2.230e-01 | Time: 1:02:17.905217
2026-06-09 13:42:31 - pino - INFO - Epoch 0870 | data loss=1.669e-02 | bc loss=4.995e-03 | valid MSE=1.774e-02 | valid rel L2=9.881e-02 | pressure=3.166e-02, u=2.908e-02, v=2.219e-01 | Time: 1:03:02.249032
2026-06-09 13:43:12 - pino - INFO - Epoch 0880 | data loss=1.658e-02 | bc loss=4.929e-03 | valid MSE=1.748e-02 | valid rel L2=9.834e-02 | pressure=3.310e-02, u=2.894e-02, v=2.215e-01 | Time: 1:03:43.413266
2026-06-09 13:43:54 - pino - INFO - Epoch 0890 | data loss=1.652e-02 | bc loss=4.918e-03 | valid MSE=1.752e-02 | valid rel L2=9.915e-02 | pressure=3.239e-02, u=2.929e-02, v=2.213e-01 | Time: 1:04:25.352502
2026-06-09 13:44:35 - pino - INFO - Epoch 0900 | data loss=1.649e-02 | bc loss=4.874e-03 | valid MSE=1.764e-02 | valid rel L2=9.982e-02 | pressure=3.362e-02, u=2.999e-02, v=2.220e-01 | Time: 1:05:05.984619
2026-06-09 13:45:16 - pino - INFO - Epoch 0910 | data loss=1.644e-02 | bc loss=4.843e-03 | valid MSE=1.760e-02 | valid rel L2=9.901e-02 | pressure=3.265e-02, u=2.940e-02, v=2.214e-01 | Time: 1:05:47.458811
2026-06-09 13:46:00 - pino - INFO - Epoch 0920 | data loss=1.644e-02 | bc loss=4.851e-03 | valid MSE=1.755e-02 | valid rel L2=9.893e-02 | pressure=3.323e-02, u=2.945e-02, v=2.212e-01 | Time: 1:06:31.577056
2026-06-09 13:46:41 - pino - INFO - Epoch 0930 | data loss=1.639e-02 | bc loss=4.849e-03 | valid MSE=1.750e-02 | valid rel L2=9.897e-02 | pressure=3.262e-02, u=2.950e-02, v=2.209e-01 | Time: 1:07:12.421745
2026-06-09 13:47:24 - pino - INFO - Epoch 0940 | data loss=1.633e-02 | bc loss=4.841e-03 | valid MSE=1.749e-02 | valid rel L2=9.895e-02 | pressure=3.268e-02, u=2.950e-02, v=2.209e-01 | Time: 1:07:55.271733
2026-06-09 13:48:06 - pino - INFO - Epoch 0950 | data loss=1.634e-02 | bc loss=4.813e-03 | valid MSE=1.765e-02 | valid rel L2=9.914e-02 | pressure=3.278e-02, u=2.960e-02, v=2.217e-01 | Time: 1:08:36.864877
2026-06-09 13:48:50 - pino - INFO - Epoch 0960 | data loss=1.632e-02 | bc loss=4.821e-03 | valid MSE=1.757e-02 | valid rel L2=9.894e-02 | pressure=3.272e-02, u=2.953e-02, v=2.213e-01 | Time: 1:09:21.707021
2026-06-09 13:49:33 - pino - INFO - Epoch 0970 | data loss=1.631e-02 | bc loss=4.811e-03 | valid MSE=1.756e-02 | valid rel L2=9.889e-02 | pressure=3.284e-02, u=2.955e-02, v=2.213e-01 | Time: 1:10:04.524098
2026-06-09 13:50:18 - pino - INFO - Epoch 0980 | data loss=1.630e-02 | bc loss=4.812e-03 | valid MSE=1.755e-02 | valid rel L2=9.885e-02 | pressure=3.275e-02, u=2.951e-02, v=2.212e-01 | Time: 1:10:49.038346
2026-06-09 13:51:01 - pino - INFO - Epoch 0990 | data loss=1.630e-02 | bc loss=4.801e-03 | valid MSE=1.757e-02 | valid rel L2=9.889e-02 | pressure=3.273e-02, u=2.953e-02, v=2.213e-01 | Time: 1:11:32.047080
2026-06-09 13:51:44 - pino - INFO - Epoch 1000 | data loss=1.630e-02 | bc loss=4.805e-03 | valid MSE=1.756e-02 | valid rel L2=9.889e-02 | pressure=3.273e-02, u=2.953e-02, v=2.213e-01 | Time: 1:12:15.472919
2026-06-09 13:51:44 - pino - INFO - Best validation MSE: 0.01718052802607417
2026-06-09 13:51:44 - pino - INFO - Saved: results/060926_1/checkpoint.pt
2026-06-09 13:51:46 - pino - INFO - Loaded: results/060926_1/checkpoint.pt
2026-06-09 13:51:46 - pino - INFO - Total plotted points: 229742
2026-06-09 13:51:46 - pino - INFO - x range: 0.0002455277 0.9997354
2026-06-09 13:51:46 - pino - INFO - y range: -0.0036604528 0.10365726
2026-06-09 13:52:38 - pino - INFO - Total plotted points: 230324
2026-06-09 13:52:38 - pino - INFO - x range: 0.00025333284 0.9997369
2026-06-09 13:52:38 - pino - INFO - y range: -0.0030037095 0.10300137
2026-06-09 13:53:28 - pino - INFO - Total plotted points: 237170
2026-06-09 13:53:28 - pino - INFO - x range: 0.0002426327 0.99974793
2026-06-09 13:53:28 - pino - INFO - y range: -0.0035813448 0.103582375
2026-06-09 13:54:19 - pino - INFO - Total plotted points: 240746
2026-06-09 13:54:19 - pino - INFO - x range: 0.00026093746 0.9997381
2026-06-09 13:54:19 - pino - INFO - y range: -0.0032173737 0.103217304
2026-06-09 13:55:12 - pino - INFO - Total plotted points: 230220
2026-06-09 13:55:12 - pino - INFO - x range: 0.0002511409 0.9997412
2026-06-09 13:55:12 - pino - INFO - y range: -0.0032482685 0.10326389
2026-06-09 13:56:02 - pino - INFO - Total plotted points: 228410
2026-06-09 13:56:02 - pino - INFO - x range: 0.00024404138 0.9997296
2026-06-09 13:56:02 - pino - INFO - y range: -0.004046337 0.104062416
2026-06-09 13:56:52 - pino - INFO - Total plotted points: 237666
2026-06-09 13:56:52 - pino - INFO - x range: 0.0002594584 0.9997394
2026-06-09 13:56:52 - pino - INFO - y range: -0.0042511583 0.1042511
2026-06-09 13:57:44 - pino - INFO - Total plotted points: 236006
2026-06-09 13:57:44 - pino - INFO - x range: 0.00027182326 0.99973553
2026-06-09 13:57:44 - pino - INFO - y range: -0.0045372355 0.104539566
2026-06-09 13:58:34 - pino - INFO - Total plotted points: 227660
2026-06-09 13:58:34 - pino - INFO - x range: 0.00024566363 0.9997575
2026-06-09 13:58:34 - pino - INFO - y range: -0.004086913 0.10409428
2026-06-09 13:59:30 - pino - INFO - Total plotted points: 235384
2026-06-09 13:59:30 - pino - INFO - x range: 0.0002529175 0.99973893
2026-06-09 13:59:30 - pino - INFO - y range: -0.0044885958 0.10449617
2026-06-09 14:02:22 - pino - INFO - Test samples: 100
2026-06-09 14:02:22 - pino - INFO - Test cases: [3, 14, 25, 49, 52, 55, 58, 69, 73, 97]
2026-06-09 14:02:22 - pino - INFO - Total plotted points: 237274
2026-06-09 14:02:22 - pino - INFO - x range: 0.00024775745 0.999737
2026-06-09 14:02:22 - pino - INFO - y range: -0.0046734763 0.10467545
2026-06-09 14:03:20 - pino - INFO - Total plotted points: 233642
2026-06-09 14:03:20 - pino - INFO - x range: 0.00026308117 0.99977
2026-06-09 14:03:20 - pino - INFO - y range: -0.00436419 0.10436236
2026-06-09 14:04:13 - pino - INFO - Total plotted points: 230652
2026-06-09 14:04:13 - pino - INFO - x range: 0.00025932895 0.99975175
2026-06-09 14:04:13 - pino - INFO - y range: -0.0038433005 0.10384845
2026-06-09 14:05:06 - pino - INFO - Total plotted points: 233712
2026-06-09 14:05:06 - pino - INFO - x range: 0.00025644194 0.9997555
2026-06-09 14:05:06 - pino - INFO - y range: -0.0032470438 0.103243925
2026-06-09 14:06:04 - pino - INFO - Total plotted points: 237198
2026-06-09 14:06:04 - pino - INFO - x range: 0.00025688665 0.99973845
2026-06-09 14:06:04 - pino - INFO - y range: -0.0039451937 0.10394325
2026-06-09 14:07:02 - pino - INFO - Total plotted points: 230740
2026-06-09 14:07:02 - pino - INFO - x range: 0.00026658783 0.9997444
2026-06-09 14:07:02 - pino - INFO - y range: -0.0035965291 0.1035983
2026-06-09 14:07:52 - pino - INFO - Total plotted points: 237088
2026-06-09 14:07:52 - pino - INFO - x range: 0.0002614005 0.9997458
2026-06-09 14:07:52 - pino - INFO - y range: -0.004525996 0.104525566
2026-06-09 14:08:45 - pino - INFO - Total plotted points: 229924
2026-06-09 14:08:45 - pino - INFO - x range: 0.00025835232 0.99974424
2026-06-09 14:08:45 - pino - INFO - y range: -0.0030023463 0.10301031
2026-06-09 14:09:36 - pino - INFO - Total plotted points: 229716
2026-06-09 14:09:36 - pino - INFO - x range: 0.00025992666 0.999732
2026-06-09 14:09:36 - pino - INFO - y range: -0.0027418374 0.10274269
2026-06-09 14:10:28 - pino - INFO - Total plotted points: 225946
2026-06-09 14:10:28 - pino - INFO - x range: 0.00025748738 0.99974716
2026-06-09 14:10:28 - pino - INFO - y range: -0.0038637233 0.10386955
