2026-08-04 14:25:03 - pino - INFO - Training comment
2026-08-04 14:25:03 - pino - INFO - physics informed NO, 16k training samples, 1k epochs
2026-08-04 14:25:03 - pino - INFO - Available cases (200):
2026-08-04 14:25:03 - pino - INFO - [0, 1, 2, 3, 4, 5, 6, 7, 8, 9, 10, 11, 12, 13, 14, 15, 16, 17, 18, 19, 20, 21, 22, 23, 24, 25, 26, 27, 28, 29, 30, 31, 32, 33, 34, 35, 36, 37, 38, 39, 40, 41, 42, 43, 44, 45, 46, 47, 48, 49, 50, 51, 52, 53, 54, 55, 56, 57, 58, 59, 60, 61, 62, 63, 64, 65, 66, 67, 68, 69, 70, 71, 72, 73, 74, 75, 76, 77, 78, 79, 80, 81, 82, 83, 84, 85, 86, 87, 88, 89, 90, 91, 92, 93, 94, 95, 96, 97, 98, 99, 100, 101, 102, 103, 104, 105, 106, 107, 108, 109, 110, 111, 112, 113, 114, 115, 116, 117, 118, 119, 120, 121, 122, 123, 124, 125, 126, 127, 128, 129, 130, 131, 132, 133, 134, 135, 136, 137, 138, 139, 140, 141, 142, 143, 144, 145, 146, 147, 148, 149, 150, 151, 152, 153, 154, 155, 156, 157, 158, 159, 160, 161, 162, 163, 164, 165, 166, 167, 168, 169, 170, 171, 172, 173, 174, 175, 176, 177, 178, 179, 180, 181, 182, 183, 184, 185, 186, 187, 188, 189, 190, 191, 192, 193, 194, 195, 196, 197, 198, 199]
2026-08-04 14:25:03 - pino - INFO - Train cases (160): ['channel_00', 'channel_01', 'channel_02', 'channel_03', 'channel_04', 'channel_05', 'channel_06', 'channel_07', 'channel_09', 'channel_10', 'channel_11', 'channel_12', 'channel_13', 'channel_14', 'channel_15', 'channel_16', 'channel_17', 'channel_19', 'channel_20', 'channel_21', 'channel_23', 'channel_24', 'channel_25', 'channel_26', 'channel_27', 'channel_29', 'channel_30', 'channel_32', 'channel_36', 'channel_38', 'channel_39', 'channel_40', 'channel_41', 'channel_42', 'channel_43', 'channel_44', 'channel_46', 'channel_47', 'channel_49', 'channel_52', 'channel_54', 'channel_55', 'channel_56', 'channel_57', 'channel_58', 'channel_59', 'channel_60', 'channel_61', 'channel_63', 'channel_64', 'channel_65', 'channel_66', 'channel_67', 'channel_68', 'channel_69', 'channel_70', 'channel_72', 'channel_73', 'channel_74', 'channel_76', 'channel_77', 'channel_78', 'channel_79', 'channel_82', 'channel_83', 'channel_84', 'channel_85', 'channel_86', 'channel_88', 'channel_91', 'channel_92', 'channel_93', 'channel_94', 'channel_95', 'channel_96', 'channel_98', 'channel_99', 'channel_100', 'channel_101', 'channel_102', 'channel_103', 'channel_104', 'channel_105', 'channel_106', 'channel_107', 'channel_108', 'channel_109', 'channel_110', 'channel_112', 'channel_113', 'channel_114', 'channel_115', 'channel_116', 'channel_119', 'channel_120', 'channel_121', 'channel_122', 'channel_123', 'channel_124', 'channel_125', 'channel_126', 'channel_127', 'channel_128', 'channel_129', 'channel_130', 'channel_131', 'channel_132', 'channel_134', 'channel_135', 'channel_136', 'channel_137', 'channel_138', 'channel_139', 'channel_140', 'channel_143', 'channel_144', 'channel_145', 'channel_146', 'channel_147', 'channel_148', 'channel_149', 'channel_150', 'channel_152', 'channel_153', 'channel_155', 'channel_156', 'channel_157', 'channel_158', 'channel_159', 'channel_160', 'channel_161', 'channel_162', 'channel_165', 'channel_166', 'channel_167', 'channel_168', 'channel_169', 'channel_170', 'channel_173', 'channel_174', 'channel_177', 'channel_178', 'channel_179', 'channel_180', 'channel_181', 'channel_182', 'channel_183', 'channel_184', 'channel_185', 'channel_186', 'channel_187', 'channel_188', 'channel_189', 'channel_190', 'channel_192', 'channel_194', 'channel_195', 'channel_196', 'channel_197', 'channel_198']
2026-08-04 14:25:03 - pino - INFO - Valid cases (20): ['channel_08', 'channel_34', 'channel_35', 'channel_37', 'channel_48', 'channel_50', 'channel_53', 'channel_62', 'channel_75', 'channel_80', 'channel_87', 'channel_141', 'channel_142', 'channel_154', 'channel_163', 'channel_164', 'channel_171', 'channel_175', 'channel_176', 'channel_191']
2026-08-04 14:25:03 - pino - INFO - Test  cases (20): ['channel_18', 'channel_22', 'channel_28', 'channel_31', 'channel_33', 'channel_45', 'channel_51', 'channel_71', 'channel_81', 'channel_89', 'channel_90', 'channel_97', 'channel_111', 'channel_117', 'channel_118', 'channel_133', 'channel_151', 'channel_172', 'channel_193', 'channel_199']
2026-08-04 19:14:49 - pino - INFO - Train samples: 16000
2026-08-04 19:14:49 - pino - INFO - Valid samples: 200
2026-08-04 19:14:49 - pino - INFO - Train branch channels: ['x_local', 'y_local', 'wall_mask', 'interface_mask', 'boundary_pressure', 'boundary_u', 'boundary_v', 'known_pressure', 'known_u', 'known_v', 'local_aspect_ratio']
2026-08-04 19:14:49 - pino - INFO - Train trunk channels: ['x_local', 'y_local']
2026-08-04 19:14:49 - pino - INFO - Output channels: ['pressure', 'u', 'v']
2026-08-04 19:14:49 - pino - INFO - Example train sample:
2026-08-04 19:14:49 - pino - INFO - branch: (1024, 11)
2026-08-04 19:14:49 - pino - INFO - query: (12268, 2)
2026-08-04 19:14:49 - pino - INFO - target: (12268, 3)
2026-08-04 19:14:49 - pino - INFO - Train cases: [0, 1, 2, 3, 4, 5, 6, 7, 9, 10, 11, 12, 13, 14, 15, 16, 17, 19, 20, 21, 23, 24, 25, 26, 27, 29, 30, 32, 36, 38, 39, 40, 41, 42, 43, 44, 46, 47, 49, 52, 54, 55, 56, 57, 58, 59, 60, 61, 63, 64, 65, 66, 67, 68, 69, 70, 72, 73, 74, 76, 77, 78, 79, 82, 83, 84, 85, 86, 88, 91, 92, 93, 94, 95, 96, 98, 99, 100, 101, 102, 103, 104, 105, 106, 107, 108, 109, 110, 112, 113, 114, 115, 116, 119, 120, 121, 122, 123, 124, 125, 126, 127, 128, 129, 130, 131, 132, 134, 135, 136, 137, 138, 139, 140, 143, 144, 145, 146, 147, 148, 149, 150, 152, 153, 155, 156, 157, 158, 159, 160, 161, 162, 165, 166, 167, 168, 169, 170, 173, 174, 177, 178, 179, 180, 181, 182, 183, 184, 185, 186, 187, 188, 189, 190, 192, 194, 195, 196, 197, 198]
2026-08-04 19:14:49 - pino - INFO - Valid cases: [8, 34, 35, 37, 48, 50, 53, 62, 75, 80, 87, 141, 142, 154, 163, 164, 171, 175, 176, 191]
2026-08-04 19:14:58 - pino - INFO - Y mean: tensor([ 6.4387e+02,  1.0012e+00, -7.9760e-06])
2026-08-04 19:14:58 - pino - INFO - Y std: tensor([4.1250e+02, 4.2776e-01, 2.2414e-02])
2026-08-04 19:14:58 - pino - INFO - local_aspect_mean: 1.0
2026-08-04 19:14:58 - pino - INFO - local_aspect_std: 0.8169518709182739
2026-08-04 19:14:58 - pino - INFO - PDE Reynolds-number range: 9.959327697753906 647.3943481445312
2026-08-04 19:14:59 - pino - INFO - branch batch: torch.Size([50, 1024, 11])
2026-08-04 19:14:59 - pino - INFO - query batch: torch.Size([1242934, 2])
2026-08-04 19:14:59 - pino - INFO - target batch: torch.Size([1242934, 3])
2026-08-04 19:14:59 - pino - INFO - query batch id: tensor(0) tensor(49)
2026-08-04 19:14:59 - pino - INFO - sample indices: tensor([15226, 15763, 13243, 10927, 14065,  2531, 15779,  1094,  3984, 14454,
        11761,  3971,  2998, 11939,  5311, 13208,  8947,  8640,    85, 10444,
         4368, 12084, 15247, 10388,  3699,  9559,  9082,  1820,  7215,  1854,
         1626,  4133, 13111, 12809,  7618,  1237,  8019, 13889, 12239,  4263,
        13951,  9728, 14140,  6046, 14471,  4748,  4180, 10095, 15320,  5662])
2026-08-04 19:14:59 - pino - INFO - branch mask batch: torch.Size([50, 1024])
2026-08-04 19:15:00 - pino - INFO - {'branch_input_dim': 11, 'trunk_input_dim': 2, 'output_channels': 3, 'latent_dim': 128, 'branch_point_hidden_dim': 128, 'branch_point_depth': 3, 'branch_global_hidden_dim': 128, 'branch_global_depth': 3, 'trunk_hidden_dim': 128, 'trunk_depth': 4, 'aggregation': 'mean', 'activation': 'gelu', 'layer_norm': False}
2026-08-04 19:18:33 - pino - INFO - Epoch 0001 | data loss=4.583e-01 | bc loss=3.610e-01 | PDE loss=9.388e-03 | valid MSE=9.433e+02 | valid rel L2=1.604e-01 | pressure=6.627e-02, u=8.509e-02, v=7.095e-01 | Time: 0:03:33.544482
2026-08-04 19:50:37 - pino - INFO - Epoch 0010 | data loss=7.673e-02 | bc loss=4.313e-02 | PDE loss=9.250e-03 | valid MSE=4.113e+02 | valid rel L2=9.632e-02 | pressure=5.098e-02, u=3.650e-02, v=5.114e-01 | Time: 0:35:37.326694
2026-08-04 20:26:23 - pino - INFO - Epoch 0020 | data loss=4.126e-02 | bc loss=2.040e-02 | PDE loss=9.137e-03 | valid MSE=1.967e+02 | valid rel L2=8.446e-02 | pressure=3.637e-02, u=2.527e-02, v=3.678e-01 | Time: 1:11:23.621660
2026-08-04 21:02:14 - pino - INFO - Epoch 0030 | data loss=2.714e-02 | bc loss=1.209e-02 | PDE loss=7.043e-03 | valid MSE=1.752e+02 | valid rel L2=6.830e-02 | pressure=3.524e-02, u=2.393e-02, v=3.419e-01 | Time: 1:47:14.647641
2026-08-04 21:38:09 - pino - INFO - Epoch 0040 | data loss=2.357e-02 | bc loss=1.146e-02 | PDE loss=7.359e-03 | valid MSE=1.717e+02 | valid rel L2=1.061e-01 | pressure=3.267e-02, u=2.473e-02, v=3.418e-01 | Time: 2:23:09.027755
2026-08-04 22:13:55 - pino - INFO - Epoch 0050 | data loss=2.444e-02 | bc loss=1.252e-02 | PDE loss=7.045e-03 | valid MSE=1.084e+02 | valid rel L2=5.094e-02 | pressure=2.735e-02, u=1.829e-02, v=3.052e-01 | Time: 2:58:54.783588
2026-08-04 22:49:43 - pino - INFO - Epoch 0060 | data loss=1.538e-02 | bc loss=6.396e-03 | PDE loss=4.359e-03 | valid MSE=1.039e+02 | valid rel L2=5.255e-02 | pressure=2.602e-02, u=2.108e-02, v=2.773e-01 | Time: 3:34:43.509814
2026-08-04 23:24:55 - pino - INFO - Epoch 0070 | data loss=1.551e-02 | bc loss=7.363e-03 | PDE loss=6.391e-03 | valid MSE=2.262e+02 | valid rel L2=1.511e-01 | pressure=3.776e-02, u=1.585e-02, v=2.664e-01 | Time: 4:09:54.879316
2026-08-04 23:59:54 - pino - INFO - Epoch 0080 | data loss=1.274e-02 | bc loss=5.639e-03 | PDE loss=4.138e-03 | valid MSE=1.113e+02 | valid rel L2=8.000e-02 | pressure=2.585e-02, u=1.400e-02, v=2.409e-01 | Time: 4:44:53.996263
2026-08-05 00:34:57 - pino - INFO - Epoch 0090 | data loss=1.503e-02 | bc loss=7.342e-03 | PDE loss=5.132e-03 | valid MSE=8.591e+01 | valid rel L2=4.920e-02 | pressure=2.304e-02, u=1.481e-02, v=2.427e-01 | Time: 5:19:57.278028
2026-08-05 01:10:22 - pino - INFO - Epoch 0100 | data loss=1.028e-02 | bc loss=4.745e-03 | PDE loss=3.565e-03 | valid MSE=8.845e+01 | valid rel L2=3.902e-02 | pressure=2.190e-02, u=1.759e-02, v=2.320e-01 | Time: 5:55:22.314088
2026-08-05 01:45:32 - pino - INFO - Epoch 0110 | data loss=1.066e-02 | bc loss=5.373e-03 | PDE loss=4.443e-03 | valid MSE=6.299e+01 | valid rel L2=3.777e-02 | pressure=1.986e-02, u=1.097e-02, v=2.112e-01 | Time: 6:30:32.088925
2026-08-05 02:21:27 - pino - INFO - Epoch 0120 | data loss=8.736e-03 | bc loss=4.010e-03 | PDE loss=4.341e-03 | valid MSE=6.125e+01 | valid rel L2=5.568e-02 | pressure=1.901e-02, u=1.090e-02, v=2.139e-01 | Time: 7:06:27.595261
2026-08-05 02:57:22 - pino - INFO - Epoch 0130 | data loss=7.984e-03 | bc loss=3.852e-03 | PDE loss=3.928e-03 | valid MSE=6.542e+01 | valid rel L2=4.099e-02 | pressure=2.158e-02, u=1.059e-02, v=1.994e-01 | Time: 7:42:22.638695
2026-08-05 03:33:14 - pino - INFO - Epoch 0140 | data loss=7.095e-03 | bc loss=3.244e-03 | PDE loss=3.738e-03 | valid MSE=3.982e+01 | valid rel L2=3.040e-02 | pressure=1.542e-02, u=9.910e-03, v=1.948e-01 | Time: 8:18:13.842678
2026-08-05 04:09:08 - pino - INFO - Epoch 0150 | data loss=7.768e-03 | bc loss=4.003e-03 | PDE loss=4.323e-03 | valid MSE=1.018e+02 | valid rel L2=4.618e-02 | pressure=2.278e-02, u=1.669e-02, v=2.568e-01 | Time: 8:54:08.246045
2026-08-05 04:45:00 - pino - INFO - Epoch 0160 | data loss=6.489e-03 | bc loss=3.338e-03 | PDE loss=3.773e-03 | valid MSE=4.170e+01 | valid rel L2=4.186e-02 | pressure=1.671e-02, u=1.026e-02, v=1.772e-01 | Time: 9:30:00.431801
2026-08-05 05:20:50 - pino - INFO - Epoch 0170 | data loss=6.114e-03 | bc loss=3.291e-03 | PDE loss=3.120e-03 | valid MSE=4.067e+01 | valid rel L2=5.579e-02 | pressure=1.469e-02, u=9.247e-03, v=1.797e-01 | Time: 10:05:49.886387
2026-08-05 05:56:42 - pino - INFO - Epoch 0180 | data loss=6.525e-03 | bc loss=3.553e-03 | PDE loss=3.812e-03 | valid MSE=5.902e+01 | valid rel L2=4.184e-02 | pressure=1.854e-02, u=9.687e-03, v=1.853e-01 | Time: 10:41:42.523336
2026-08-05 06:32:45 - pino - INFO - Epoch 0190 | data loss=5.121e-03 | bc loss=2.526e-03 | PDE loss=2.499e-03 | valid MSE=4.335e+01 | valid rel L2=4.703e-02 | pressure=1.542e-02, u=7.754e-03, v=1.645e-01 | Time: 11:17:45.018370
2026-08-05 07:08:06 - pino - INFO - Epoch 0200 | data loss=4.742e-03 | bc loss=2.127e-03 | PDE loss=2.394e-03 | valid MSE=3.355e+01 | valid rel L2=4.209e-02 | pressure=1.382e-02, u=7.541e-03, v=1.624e-01 | Time: 11:53:06.123454
2026-08-05 07:43:41 - pino - INFO - Epoch 0210 | data loss=5.238e-03 | bc loss=2.876e-03 | PDE loss=3.204e-03 | valid MSE=3.062e+01 | valid rel L2=3.783e-02 | pressure=1.386e-02, u=8.868e-03, v=1.682e-01 | Time: 12:28:40.778938
2026-08-05 08:19:33 - pino - INFO - Epoch 0220 | data loss=4.611e-03 | bc loss=2.258e-03 | PDE loss=2.633e-03 | valid MSE=2.544e+01 | valid rel L2=2.761e-02 | pressure=1.183e-02, u=8.516e-03, v=1.585e-01 | Time: 13:04:33.071065
2026-08-05 08:55:26 - pino - INFO - Epoch 0230 | data loss=4.419e-03 | bc loss=2.397e-03 | PDE loss=2.407e-03 | valid MSE=2.972e+01 | valid rel L2=5.543e-02 | pressure=1.335e-02, u=7.647e-03, v=1.592e-01 | Time: 13:40:26.364411
2026-08-05 09:31:19 - pino - INFO - Epoch 0240 | data loss=4.582e-03 | bc loss=2.560e-03 | PDE loss=2.817e-03 | valid MSE=3.195e+01 | valid rel L2=2.860e-02 | pressure=1.335e-02, u=7.824e-03, v=1.556e-01 | Time: 14:16:18.928754
2026-08-05 10:07:06 - pino - INFO - Epoch 0250 | data loss=3.976e-03 | bc loss=1.831e-03 | PDE loss=2.360e-03 | valid MSE=4.034e+01 | valid rel L2=3.903e-02 | pressure=1.599e-02, u=7.239e-03, v=1.531e-01 | Time: 14:52:06.335921
2026-08-05 10:42:57 - pino - INFO - Epoch 0260 | data loss=4.030e-03 | bc loss=2.095e-03 | PDE loss=2.529e-03 | valid MSE=2.712e+01 | valid rel L2=2.703e-02 | pressure=1.265e-02, u=9.150e-03, v=1.586e-01 | Time: 15:27:57.049973
2026-08-05 11:18:45 - pino - INFO - Epoch 0270 | data loss=3.787e-03 | bc loss=1.853e-03 | PDE loss=2.154e-03 | valid MSE=2.224e+01 | valid rel L2=3.347e-02 | pressure=1.161e-02, u=6.942e-03, v=1.495e-01 | Time: 16:03:44.813469
2026-08-05 11:54:35 - pino - INFO - Epoch 0280 | data loss=3.827e-03 | bc loss=2.009e-03 | PDE loss=2.376e-03 | valid MSE=3.739e+01 | valid rel L2=3.123e-02 | pressure=1.504e-02, u=6.993e-03, v=1.486e-01 | Time: 16:39:35.057138
2026-08-05 12:30:22 - pino - INFO - Epoch 0290 | data loss=4.171e-03 | bc loss=2.414e-03 | PDE loss=2.849e-03 | valid MSE=2.518e+01 | valid rel L2=1.988e-02 | pressure=1.208e-02, u=7.368e-03, v=1.509e-01 | Time: 17:15:21.795916
2026-08-05 13:06:17 - pino - INFO - Epoch 0300 | data loss=3.415e-03 | bc loss=1.725e-03 | PDE loss=1.858e-03 | valid MSE=2.727e+01 | valid rel L2=2.396e-02 | pressure=1.270e-02, u=6.779e-03, v=1.429e-01 | Time: 17:51:16.804176
2026-08-05 13:42:04 - pino - INFO - Epoch 0310 | data loss=3.453e-03 | bc loss=1.803e-03 | PDE loss=2.149e-03 | valid MSE=1.774e+01 | valid rel L2=2.960e-02 | pressure=1.071e-02, u=6.275e-03, v=1.428e-01 | Time: 18:27:04.026814
2026-08-05 14:17:57 - pino - INFO - Epoch 0320 | data loss=3.318e-03 | bc loss=1.637e-03 | PDE loss=1.935e-03 | valid MSE=2.439e+01 | valid rel L2=3.048e-02 | pressure=1.241e-02, u=6.236e-03, v=1.387e-01 | Time: 19:02:56.887341
2026-08-05 14:53:52 - pino - INFO - Epoch 0330 | data loss=3.725e-03 | bc loss=2.096e-03 | PDE loss=2.697e-03 | valid MSE=3.066e+01 | valid rel L2=4.261e-02 | pressure=1.258e-02, u=7.775e-03, v=1.473e-01 | Time: 19:38:52.075072
2026-08-05 15:29:47 - pino - INFO - Epoch 0340 | data loss=3.457e-03 | bc loss=1.918e-03 | PDE loss=2.301e-03 | valid MSE=1.702e+01 | valid rel L2=1.911e-02 | pressure=1.081e-02, u=7.103e-03, v=1.365e-01 | Time: 20:14:46.755509
2026-08-05 16:05:05 - pino - INFO - Epoch 0350 | data loss=3.279e-03 | bc loss=1.855e-03 | PDE loss=2.094e-03 | valid MSE=1.379e+01 | valid rel L2=1.881e-02 | pressure=9.579e-03, u=8.064e-03, v=1.350e-01 | Time: 20:50:04.999499
2026-08-05 16:40:23 - pino - INFO - Epoch 0360 | data loss=3.308e-03 | bc loss=1.855e-03 | PDE loss=2.413e-03 | valid MSE=1.481e+01 | valid rel L2=1.664e-02 | pressure=1.009e-02, u=6.153e-03, v=1.355e-01 | Time: 21:25:23.430361
2026-08-05 17:15:58 - pino - INFO - Epoch 0370 | data loss=3.359e-03 | bc loss=1.904e-03 | PDE loss=2.759e-03 | valid MSE=1.421e+01 | valid rel L2=1.682e-02 | pressure=9.688e-03, u=6.133e-03, v=1.323e-01 | Time: 22:00:58.480608
2026-08-05 17:51:19 - pino - INFO - Epoch 0380 | data loss=2.790e-03 | bc loss=1.518e-03 | PDE loss=1.708e-03 | valid MSE=2.697e+01 | valid rel L2=4.472e-02 | pressure=1.248e-02, u=8.469e-03, v=1.396e-01 | Time: 22:36:19.535029
2026-08-05 18:26:45 - pino - INFO - Epoch 0390 | data loss=2.860e-03 | bc loss=1.711e-03 | PDE loss=1.716e-03 | valid MSE=1.620e+01 | valid rel L2=3.589e-02 | pressure=9.698e-03, u=5.978e-03, v=1.317e-01 | Time: 23:11:44.674340
2026-08-05 19:02:21 - pino - INFO - Epoch 0400 | data loss=2.513e-03 | bc loss=1.261e-03 | PDE loss=1.524e-03 | valid MSE=2.297e+01 | valid rel L2=2.841e-02 | pressure=1.186e-02, u=6.241e-03, v=1.322e-01 | Time: 23:47:20.896958
2026-08-05 19:37:58 - pino - INFO - Epoch 0410 | data loss=3.062e-03 | bc loss=1.746e-03 | PDE loss=2.585e-03 | valid MSE=1.319e+01 | valid rel L2=2.609e-02 | pressure=9.171e-03, u=6.413e-03, v=1.277e-01 | Time: 1 day, 0:22:57.846670
2026-08-05 20:13:29 - pino - INFO - Epoch 0420 | data loss=2.599e-03 | bc loss=1.361e-03 | PDE loss=1.779e-03 | valid MSE=1.397e+01 | valid rel L2=1.839e-02 | pressure=9.172e-03, u=5.604e-03, v=1.263e-01 | Time: 1 day, 0:58:29.338048
2026-08-05 20:49:11 - pino - INFO - Epoch 0430 | data loss=2.593e-03 | bc loss=1.517e-03 | PDE loss=1.737e-03 | valid MSE=1.382e+01 | valid rel L2=3.435e-02 | pressure=9.222e-03, u=5.841e-03, v=1.251e-01 | Time: 1 day, 1:34:11.018121
2026-08-05 21:25:09 - pino - INFO - Epoch 0440 | data loss=2.320e-03 | bc loss=1.220e-03 | PDE loss=1.333e-03 | valid MSE=1.436e+01 | valid rel L2=2.250e-02 | pressure=9.562e-03, u=6.743e-03, v=1.264e-01 | Time: 1 day, 2:10:08.778288
2026-08-05 22:01:03 - pino - INFO - Epoch 0450 | data loss=2.329e-03 | bc loss=1.248e-03 | PDE loss=1.406e-03 | valid MSE=1.120e+01 | valid rel L2=1.701e-02 | pressure=8.605e-03, u=5.669e-03, v=1.234e-01 | Time: 1 day, 2:46:02.759351
2026-08-05 22:36:56 - pino - INFO - Epoch 0460 | data loss=2.643e-03 | bc loss=1.545e-03 | PDE loss=2.267e-03 | valid MSE=1.295e+01 | valid rel L2=3.105e-02 | pressure=9.055e-03, u=5.358e-03, v=1.240e-01 | Time: 1 day, 3:21:56.041300
2026-08-05 23:12:40 - pino - INFO - Epoch 0470 | data loss=2.242e-03 | bc loss=1.213e-03 | PDE loss=1.424e-03 | valid MSE=1.638e+01 | valid rel L2=2.529e-02 | pressure=9.572e-03, u=5.541e-03, v=1.236e-01 | Time: 1 day, 3:57:39.894887
2026-08-05 23:48:38 - pino - INFO - Epoch 0480 | data loss=2.056e-03 | bc loss=1.060e-03 | PDE loss=1.227e-03 | valid MSE=1.345e+01 | valid rel L2=2.186e-02 | pressure=9.065e-03, u=5.978e-03, v=1.229e-01 | Time: 1 day, 4:33:37.994978
2026-08-06 00:24:35 - pino - INFO - Epoch 0490 | data loss=2.105e-03 | bc loss=1.193e-03 | PDE loss=1.271e-03 | valid MSE=1.180e+01 | valid rel L2=1.631e-02 | pressure=8.810e-03, u=5.356e-03, v=1.211e-01 | Time: 1 day, 5:09:35.000630
2026-08-06 01:00:31 - pino - INFO - Epoch 0500 | data loss=2.225e-03 | bc loss=1.269e-03 | PDE loss=1.532e-03 | valid MSE=1.157e+01 | valid rel L2=3.042e-02 | pressure=8.564e-03, u=5.517e-03, v=1.185e-01 | Time: 1 day, 5:45:31.230334
2026-08-06 01:36:27 - pino - INFO - Epoch 0510 | data loss=2.594e-03 | bc loss=1.503e-03 | PDE loss=2.345e-03 | valid MSE=1.021e+01 | valid rel L2=2.241e-02 | pressure=8.206e-03, u=5.105e-03, v=1.187e-01 | Time: 1 day, 6:21:27.175417
2026-08-06 02:12:36 - pino - INFO - Epoch 0520 | data loss=2.154e-03 | bc loss=1.240e-03 | PDE loss=1.405e-03 | valid MSE=1.037e+01 | valid rel L2=2.260e-02 | pressure=8.152e-03, u=5.063e-03, v=1.177e-01 | Time: 1 day, 6:57:35.776189
2026-08-06 02:48:22 - pino - INFO - Epoch 0530 | data loss=1.934e-03 | bc loss=1.025e-03 | PDE loss=1.338e-03 | valid MSE=1.107e+01 | valid rel L2=1.516e-02 | pressure=8.524e-03, u=5.511e-03, v=1.170e-01 | Time: 1 day, 7:33:22.295384
2026-08-06 03:24:21 - pino - INFO - Epoch 0540 | data loss=1.919e-03 | bc loss=1.042e-03 | PDE loss=1.213e-03 | valid MSE=2.290e+01 | valid rel L2=3.430e-02 | pressure=1.188e-02, u=5.941e-03, v=1.186e-01 | Time: 1 day, 8:09:21.234687
2026-08-06 04:00:30 - pino - INFO - Epoch 0550 | data loss=1.955e-03 | bc loss=1.085e-03 | PDE loss=1.510e-03 | valid MSE=9.979e+00 | valid rel L2=1.830e-02 | pressure=7.936e-03, u=5.729e-03, v=1.148e-01 | Time: 1 day, 8:45:29.866938
2026-08-06 04:36:20 - pino - INFO - Epoch 0560 | data loss=1.759e-03 | bc loss=9.206e-04 | PDE loss=9.873e-04 | valid MSE=9.124e+00 | valid rel L2=1.510e-02 | pressure=7.841e-03, u=5.082e-03, v=1.129e-01 | Time: 1 day, 9:21:20.647141
2026-08-06 05:12:15 - pino - INFO - Epoch 0570 | data loss=1.845e-03 | bc loss=1.006e-03 | PDE loss=1.474e-03 | valid MSE=9.887e+00 | valid rel L2=2.700e-02 | pressure=7.975e-03, u=4.659e-03, v=1.120e-01 | Time: 1 day, 9:57:14.916579
2026-08-06 05:48:18 - pino - INFO - Epoch 0580 | data loss=1.935e-03 | bc loss=1.125e-03 | PDE loss=1.206e-03 | valid MSE=9.172e+00 | valid rel L2=2.163e-02 | pressure=7.692e-03, u=4.760e-03, v=1.113e-01 | Time: 1 day, 10:33:18.287571
2026-08-06 06:24:15 - pino - INFO - Epoch 0590 | data loss=1.689e-03 | bc loss=8.949e-04 | PDE loss=9.708e-04 | valid MSE=1.117e+01 | valid rel L2=2.969e-02 | pressure=8.281e-03, u=5.254e-03, v=1.120e-01 | Time: 1 day, 11:09:14.992914
2026-08-06 07:00:01 - pino - INFO - Epoch 0600 | data loss=1.650e-03 | bc loss=8.611e-04 | PDE loss=9.157e-04 | valid MSE=9.843e+00 | valid rel L2=1.438e-02 | pressure=7.778e-03, u=5.072e-03, v=1.100e-01 | Time: 1 day, 11:45:01.021363
2026-08-06 07:35:50 - pino - INFO - Epoch 0610 | data loss=1.615e-03 | bc loss=8.745e-04 | PDE loss=9.538e-04 | valid MSE=8.910e+00 | valid rel L2=2.240e-02 | pressure=7.718e-03, u=4.895e-03, v=1.097e-01 | Time: 1 day, 12:20:49.757239
2026-08-06 08:11:38 - pino - INFO - Epoch 0620 | data loss=1.725e-03 | bc loss=9.784e-04 | PDE loss=1.281e-03 | valid MSE=8.060e+00 | valid rel L2=1.363e-02 | pressure=7.615e-03, u=4.580e-03, v=1.084e-01 | Time: 1 day, 12:56:37.797235
2026-08-06 08:47:37 - pino - INFO - Epoch 0630 | data loss=1.566e-03 | bc loss=8.617e-04 | PDE loss=8.900e-04 | valid MSE=6.985e+00 | valid rel L2=1.205e-02 | pressure=6.999e-03, u=4.562e-03, v=1.064e-01 | Time: 1 day, 13:32:37.626981
2026-08-06 09:23:30 - pino - INFO - Epoch 0640 | data loss=1.556e-03 | bc loss=9.180e-04 | PDE loss=8.796e-04 | valid MSE=6.909e+00 | valid rel L2=1.144e-02 | pressure=6.934e-03, u=4.582e-03, v=1.061e-01 | Time: 1 day, 14:08:29.856831
2026-08-06 09:59:36 - pino - INFO - Epoch 0650 | data loss=1.574e-03 | bc loss=9.399e-04 | PDE loss=1.025e-03 | valid MSE=7.599e+00 | valid rel L2=1.896e-02 | pressure=7.189e-03, u=4.609e-03, v=1.064e-01 | Time: 1 day, 14:44:35.654822
2026-08-06 10:35:28 - pino - INFO - Epoch 0660 | data loss=1.557e-03 | bc loss=8.921e-04 | PDE loss=1.225e-03 | valid MSE=8.731e+00 | valid rel L2=2.191e-02 | pressure=7.280e-03, u=5.245e-03, v=1.090e-01 | Time: 1 day, 15:20:28.328645
2026-08-06 11:11:21 - pino - INFO - Epoch 0670 | data loss=1.502e-03 | bc loss=8.915e-04 | PDE loss=9.904e-04 | valid MSE=9.045e+00 | valid rel L2=1.475e-02 | pressure=7.529e-03, u=4.785e-03, v=1.073e-01 | Time: 1 day, 15:56:20.731501
