2026-06-10 12:13:58 - pino - INFO - Training comment
2026-06-10 12:13:58 - pino - INFO - random interface, 20 subdomains, 5 realizations
2026-06-10 12:13:58 - pino - INFO - Available cases (100):
2026-06-10 12:13:58 - pino - INFO - [0, 1, 2, 3, 4, 5, 6, 7, 8, 9, 10, 11, 12, 13, 14, 15, 16, 17, 18, 19, 20, 21, 22, 23, 24, 25, 26, 27, 28, 29, 30, 31, 32, 33, 34, 35, 36, 37, 38, 39, 40, 41, 42, 43, 44, 45, 46, 47, 48, 49, 50, 51, 52, 53, 54, 55, 56, 57, 58, 59, 60, 61, 62, 63, 64, 65, 66, 67, 68, 69, 70, 71, 72, 73, 74, 75, 76, 77, 78, 79, 80, 81, 82, 83, 84, 85, 86, 87, 88, 89, 90, 91, 92, 93, 94, 95, 96, 97, 98, 99]
2026-06-10 12:13:58 - pino - INFO - Train cases (80): ['channel_00', 'channel_01', 'channel_02', 'channel_04', 'channel_05', 'channel_06', 'channel_07', 'channel_08', 'channel_10', 'channel_12', 'channel_13', 'channel_15', 'channel_17', 'channel_19', 'channel_21', 'channel_22', 'channel_24', 'channel_26', 'channel_27', 'channel_28', 'channel_30', 'channel_31', 'channel_32', 'channel_33', 'channel_34', 'channel_36', 'channel_37', 'channel_38', 'channel_39', 'channel_40', 'channel_41', 'channel_42', 'channel_44', 'channel_45', 'channel_46', 'channel_47', 'channel_48', 'channel_50', 'channel_51', 'channel_53', 'channel_54', 'channel_56', 'channel_57', 'channel_59', 'channel_60', 'channel_61', 'channel_62', 'channel_63', 'channel_64', 'channel_65', 'channel_66', 'channel_67', 'channel_68', 'channel_70', 'channel_71', 'channel_72', 'channel_74', 'channel_75', 'channel_77', 'channel_78', 'channel_79', 'channel_80', 'channel_81', 'channel_82', 'channel_83', 'channel_84', 'channel_85', 'channel_86', 'channel_87', 'channel_88', 'channel_89', 'channel_90', 'channel_91', 'channel_92', 'channel_93', 'channel_94', 'channel_95', 'channel_96', 'channel_98', 'channel_99']
2026-06-10 12:13:58 - pino - INFO - Valid cases (10): ['channel_09', 'channel_11', 'channel_16', 'channel_18', 'channel_20', 'channel_23', 'channel_29', 'channel_35', 'channel_43', 'channel_76']
2026-06-10 12:13:58 - pino - INFO - Test  cases (10): ['channel_03', 'channel_14', 'channel_25', 'channel_49', 'channel_52', 'channel_55', 'channel_58', 'channel_69', 'channel_73', 'channel_97']
2026-06-10 13:50:07 - pino - INFO - Train samples: 8000
2026-06-10 13:50:07 - pino - INFO - Valid samples: 200
2026-06-10 13:50:07 - pino - INFO - Train branch channels: ['x_local', 'y_local', 'wall_mask', 'interface_mask', 'boundary_pressure', 'boundary_u', 'boundary_v', 'known_pressure', 'known_u', 'known_v', 'local_aspect_ratio']
2026-06-10 13:50:07 - pino - INFO - Train trunk channels: ['x_local', 'y_local']
2026-06-10 13:50:07 - pino - INFO - Output channels: ['pressure', 'u', 'v']
2026-06-10 13:50:07 - pino - INFO - Example train sample:
2026-06-10 13:50:07 - pino - INFO - branch: (1024, 11)
2026-06-10 13:50:07 - pino - INFO - query: (6995, 2)
2026-06-10 13:50:07 - pino - INFO - target: (6995, 3)
2026-06-10 13:50:07 - pino - INFO - Train cases: [0, 1, 2, 4, 5, 6, 7, 8, 10, 12, 13, 15, 17, 19, 21, 22, 24, 26, 27, 28, 30, 31, 32, 33, 34, 36, 37, 38, 39, 40, 41, 42, 44, 45, 46, 47, 48, 50, 51, 53, 54, 56, 57, 59, 60, 61, 62, 63, 64, 65, 66, 67, 68, 70, 71, 72, 74, 75, 77, 78, 79, 80, 81, 82, 83, 84, 85, 86, 87, 88, 89, 90, 91, 92, 93, 94, 95, 96, 98, 99]
2026-06-10 13:50:07 - pino - INFO - Valid cases: [9, 11, 16, 18, 20, 23, 29, 35, 43, 76]
2026-06-10 13:50:09 - pino - INFO - Y mean: tensor([ 6.3925e+02,  1.0017e+00, -1.2696e-05])
2026-06-10 13:50:09 - pino - INFO - Y std: tensor([4.1504e+02, 4.2805e-01, 2.2184e-02])
2026-06-10 13:50:09 - pino - INFO - local_aspect_mean: 0.5
2026-06-10 13:50:09 - pino - INFO - local_aspect_std: 0.383865088224411
2026-06-10 13:50:09 - pino - INFO - branch batch: torch.Size([50, 1024, 11])
2026-06-10 13:50:09 - pino - INFO - query batch: torch.Size([635785, 2])
2026-06-10 13:50:09 - pino - INFO - target batch: torch.Size([635785, 3])
2026-06-10 13:50:09 - pino - INFO - query batch id: tensor(0) tensor(49)
2026-06-10 13:50:09 - pino - INFO - sample indices: tensor([7226,   72, 7865, 1312, 4485, 1301,  771, 3774, 1648, 1242, 4281, 6456,
        1766, 2673, 2809, 5218, 5811, 1282, 1259, 3348, 6148,  315, 2411, 6341,
        5227, 7809, 5036, 5123, 4883, 5172, 4926, 1584,  343, 4365, 7100, 3947,
        6879, 2735,  231, 3038,  911, 5536, 4052,   57, 7051,  658, 5496, 4708,
        4424, 6193])
2026-06-10 13:50:14 - pino - INFO - {'branch_input_dim': 11, 'trunk_input_dim': 2, 'output_channels': 3, 'latent_dim': 128, 'branch_point_hidden_dim': 128, 'branch_point_depth': 3, 'branch_global_hidden_dim': 128, 'branch_global_depth': 3, 'trunk_hidden_dim': 128, 'trunk_depth': 4, 'aggregation': 'mean', 'activation': 'gelu', 'layer_norm': False}
2026-06-10 13:50:55 - pino - INFO - Epoch 0001 | data loss=5.569e-01 | bc loss=5.260e-01 | valid MSE=2.772e-01 | valid rel L2=4.195e-01 | pressure=1.308e-01, u=1.378e-01, v=8.272e-01 | Time: 0:00:40.535068
2026-06-10 13:54:45 - pino - INFO - Epoch 0010 | data loss=8.620e-02 | bc loss=5.046e-02 | valid MSE=7.067e-02 | valid rel L2=1.665e-01 | pressure=4.462e-02, u=3.967e-02, v=4.786e-01 | Time: 0:04:31.096797
2026-06-10 13:59:05 - pino - INFO - Epoch 0020 | data loss=5.858e-02 | bc loss=3.402e-02 | valid MSE=4.510e-02 | valid rel L2=1.445e-01 | pressure=4.328e-02, u=3.210e-02, v=3.780e-01 | Time: 0:08:50.430410
2026-06-10 14:03:23 - pino - INFO - Epoch 0030 | data loss=3.709e-02 | bc loss=1.993e-02 | valid MSE=2.807e-02 | valid rel L2=1.176e-01 | pressure=2.435e-02, u=3.203e-02, v=2.949e-01 | Time: 0:13:08.297461
2026-06-10 14:07:37 - pino - INFO - Epoch 0040 | data loss=3.052e-02 | bc loss=1.708e-02 | valid MSE=1.822e-02 | valid rel L2=8.802e-02 | pressure=2.085e-02, u=1.987e-02, v=2.401e-01 | Time: 0:17:22.463158
2026-06-10 14:11:50 - pino - INFO - Epoch 0050 | data loss=2.524e-02 | bc loss=1.700e-02 | valid MSE=1.593e-02 | valid rel L2=8.935e-02 | pressure=2.118e-02, u=2.061e-02, v=2.232e-01 | Time: 0:21:35.605603
2026-06-10 14:16:09 - pino - INFO - Epoch 0060 | data loss=2.133e-02 | bc loss=1.338e-02 | valid MSE=1.243e-02 | valid rel L2=8.160e-02 | pressure=2.402e-02, u=2.136e-02, v=1.965e-01 | Time: 0:25:54.473700
2026-06-10 14:20:34 - pino - INFO - Epoch 0070 | data loss=1.377e-02 | bc loss=7.676e-03 | valid MSE=1.402e-02 | valid rel L2=8.829e-02 | pressure=2.141e-02, u=2.456e-02, v=2.166e-01 | Time: 0:30:19.814679
2026-06-10 14:24:53 - pino - INFO - Epoch 0080 | data loss=1.061e-02 | bc loss=4.901e-03 | valid MSE=8.851e-03 | valid rel L2=7.349e-02 | pressure=1.597e-02, u=1.511e-02, v=1.708e-01 | Time: 0:34:38.385256
2026-06-10 14:29:17 - pino - INFO - Epoch 0090 | data loss=1.076e-02 | bc loss=6.241e-03 | valid MSE=7.150e-03 | valid rel L2=6.595e-02 | pressure=1.405e-02, u=1.320e-02, v=1.521e-01 | Time: 0:39:02.662525
2026-06-10 14:33:44 - pino - INFO - Epoch 0100 | data loss=8.663e-03 | bc loss=4.314e-03 | valid MSE=9.180e-03 | valid rel L2=6.928e-02 | pressure=1.770e-02, u=1.941e-02, v=1.720e-01 | Time: 0:43:29.637764
2026-06-10 14:38:00 - pino - INFO - Epoch 0110 | data loss=1.068e-02 | bc loss=6.822e-03 | valid MSE=6.513e-03 | valid rel L2=6.280e-02 | pressure=1.996e-02, u=1.701e-02, v=1.396e-01 | Time: 0:47:46.143915
2026-06-10 14:42:18 - pino - INFO - Epoch 0120 | data loss=6.957e-03 | bc loss=2.895e-03 | valid MSE=4.625e-03 | valid rel L2=5.059e-02 | pressure=1.324e-02, u=1.212e-02, v=1.204e-01 | Time: 0:52:03.360174
2026-06-10 14:46:36 - pino - INFO - Epoch 0130 | data loss=7.027e-03 | bc loss=3.648e-03 | valid MSE=6.593e-03 | valid rel L2=6.599e-02 | pressure=1.632e-02, u=1.461e-02, v=1.472e-01 | Time: 0:56:21.768299
2026-06-10 14:50:59 - pino - INFO - Epoch 0140 | data loss=7.094e-03 | bc loss=4.093e-03 | valid MSE=5.936e-03 | valid rel L2=6.077e-02 | pressure=1.878e-02, u=1.355e-02, v=1.359e-01 | Time: 1:00:44.371132
2026-06-10 14:55:18 - pino - INFO - Epoch 0150 | data loss=5.676e-03 | bc loss=2.728e-03 | valid MSE=3.804e-03 | valid rel L2=4.853e-02 | pressure=1.176e-02, u=1.166e-02, v=1.131e-01 | Time: 1:05:03.762265
2026-06-10 14:59:38 - pino - INFO - Epoch 0160 | data loss=5.147e-03 | bc loss=2.395e-03 | valid MSE=6.578e-03 | valid rel L2=6.374e-02 | pressure=1.258e-02, u=1.654e-02, v=1.531e-01 | Time: 1:09:23.998882
2026-06-10 15:03:52 - pino - INFO - Epoch 0170 | data loss=5.914e-03 | bc loss=3.129e-03 | valid MSE=3.587e-03 | valid rel L2=5.026e-02 | pressure=1.201e-02, u=1.099e-02, v=1.130e-01 | Time: 1:13:38.003094
2026-06-10 15:08:13 - pino - INFO - Epoch 0180 | data loss=4.296e-03 | bc loss=1.580e-03 | valid MSE=3.166e-03 | valid rel L2=4.305e-02 | pressure=1.189e-02, u=1.091e-02, v=1.050e-01 | Time: 1:17:59.242554
2026-06-10 15:12:27 - pino - INFO - Epoch 0190 | data loss=5.066e-03 | bc loss=3.204e-03 | valid MSE=4.803e-03 | valid rel L2=6.573e-02 | pressure=1.484e-02, u=1.374e-02, v=1.177e-01 | Time: 1:22:12.923790
2026-06-10 15:16:42 - pino - INFO - Epoch 0200 | data loss=5.845e-03 | bc loss=3.626e-03 | valid MSE=3.104e-03 | valid rel L2=4.863e-02 | pressure=1.301e-02, u=1.100e-02, v=9.933e-02 | Time: 1:26:27.307054
2026-06-10 15:20:54 - pino - INFO - Epoch 0210 | data loss=6.601e-03 | bc loss=4.883e-03 | valid MSE=3.111e-03 | valid rel L2=4.423e-02 | pressure=1.016e-02, u=1.071e-02, v=1.027e-01 | Time: 1:30:39.348792
2026-06-10 15:25:06 - pino - INFO - Epoch 0220 | data loss=4.515e-03 | bc loss=2.308e-03 | valid MSE=2.411e-03 | valid rel L2=4.032e-02 | pressure=1.059e-02, u=9.584e-03, v=8.997e-02 | Time: 1:34:52.128747
2026-06-10 15:29:22 - pino - INFO - Epoch 0230 | data loss=5.257e-03 | bc loss=3.499e-03 | valid MSE=3.494e-03 | valid rel L2=5.579e-02 | pressure=1.232e-02, u=1.004e-02, v=1.023e-01 | Time: 1:39:07.612823
2026-06-10 15:33:38 - pino - INFO - Epoch 0240 | data loss=3.324e-03 | bc loss=1.377e-03 | valid MSE=1.978e-03 | valid rel L2=3.644e-02 | pressure=8.023e-03, u=8.132e-03, v=8.091e-02 | Time: 1:43:23.576359
2026-06-10 15:37:53 - pino - INFO - Epoch 0250 | data loss=5.787e-03 | bc loss=4.053e-03 | valid MSE=2.284e-03 | valid rel L2=3.933e-02 | pressure=1.335e-02, u=8.547e-03, v=8.512e-02 | Time: 1:47:38.953777
2026-06-10 15:42:06 - pino - INFO - Epoch 0260 | data loss=3.779e-03 | bc loss=2.017e-03 | valid MSE=1.849e-03 | valid rel L2=3.747e-02 | pressure=9.847e-03, u=8.050e-03, v=7.549e-02 | Time: 1:51:51.605862
2026-06-10 15:46:23 - pino - INFO - Epoch 0270 | data loss=3.256e-03 | bc loss=1.655e-03 | valid MSE=2.012e-03 | valid rel L2=3.711e-02 | pressure=8.842e-03, u=9.114e-03, v=7.804e-02 | Time: 1:56:08.812029
2026-06-10 15:50:39 - pino - INFO - Epoch 0280 | data loss=2.943e-03 | bc loss=1.379e-03 | valid MSE=2.274e-03 | valid rel L2=3.896e-02 | pressure=7.845e-03, u=9.194e-03, v=8.798e-02 | Time: 2:00:24.548443
2026-06-10 15:54:45 - pino - INFO - Epoch 0290 | data loss=2.746e-03 | bc loss=1.573e-03 | valid MSE=1.967e-03 | valid rel L2=3.887e-02 | pressure=1.072e-02, u=8.066e-03, v=7.849e-02 | Time: 2:04:30.871961
2026-06-10 15:58:57 - pino - INFO - Epoch 0300 | data loss=3.109e-03 | bc loss=1.605e-03 | valid MSE=2.149e-03 | valid rel L2=4.230e-02 | pressure=9.886e-03, u=1.304e-02, v=7.947e-02 | Time: 2:08:42.923873
2026-06-10 16:03:19 - pino - INFO - Epoch 0310 | data loss=3.231e-03 | bc loss=1.857e-03 | valid MSE=2.109e-03 | valid rel L2=4.211e-02 | pressure=1.042e-02, u=1.264e-02, v=7.533e-02 | Time: 2:13:04.498669
2026-06-10 16:07:36 - pino - INFO - Epoch 0320 | data loss=2.489e-03 | bc loss=1.107e-03 | valid MSE=2.559e-03 | valid rel L2=4.187e-02 | pressure=1.412e-02, u=1.002e-02, v=9.757e-02 | Time: 2:17:22.154106
2026-06-10 16:11:56 - pino - INFO - Epoch 0330 | data loss=2.063e-03 | bc loss=8.783e-04 | valid MSE=1.679e-03 | valid rel L2=3.409e-02 | pressure=8.451e-03, u=7.272e-03, v=7.780e-02 | Time: 2:21:41.320617
2026-06-10 16:16:12 - pino - INFO - Epoch 0340 | data loss=2.388e-03 | bc loss=1.096e-03 | valid MSE=1.408e-03 | valid rel L2=3.285e-02 | pressure=6.794e-03, u=6.215e-03, v=6.902e-02 | Time: 2:25:57.805908
2026-06-10 16:20:34 - pino - INFO - Epoch 0350 | data loss=2.226e-03 | bc loss=1.058e-03 | valid MSE=2.039e-03 | valid rel L2=3.975e-02 | pressure=1.117e-02, u=9.368e-03, v=8.219e-02 | Time: 2:30:19.978726
2026-06-10 16:24:50 - pino - INFO - Epoch 0360 | data loss=2.882e-03 | bc loss=1.618e-03 | valid MSE=1.628e-03 | valid rel L2=3.667e-02 | pressure=1.183e-02, u=7.905e-03, v=7.023e-02 | Time: 2:34:36.236993
2026-06-10 16:29:05 - pino - INFO - Epoch 0370 | data loss=1.999e-03 | bc loss=8.633e-04 | valid MSE=1.486e-03 | valid rel L2=3.509e-02 | pressure=9.699e-03, u=7.036e-03, v=6.919e-02 | Time: 2:38:50.718946
2026-06-10 16:33:17 - pino - INFO - Epoch 0380 | data loss=1.956e-03 | bc loss=8.115e-04 | valid MSE=1.570e-03 | valid rel L2=3.790e-02 | pressure=1.205e-02, u=7.122e-03, v=6.935e-02 | Time: 2:43:03.011535
2026-06-10 16:37:37 - pino - INFO - Epoch 0390 | data loss=2.783e-03 | bc loss=1.712e-03 | valid MSE=1.333e-03 | valid rel L2=3.334e-02 | pressure=7.354e-03, u=6.569e-03, v=6.492e-02 | Time: 2:47:22.734587
2026-06-10 16:41:56 - pino - INFO - Epoch 0400 | data loss=2.051e-03 | bc loss=1.149e-03 | valid MSE=1.389e-03 | valid rel L2=3.415e-02 | pressure=1.026e-02, u=6.751e-03, v=6.659e-02 | Time: 2:51:41.294324
2026-06-10 16:46:15 - pino - INFO - Epoch 0410 | data loss=1.988e-03 | bc loss=9.560e-04 | valid MSE=1.181e-03 | valid rel L2=2.973e-02 | pressure=6.183e-03, u=7.641e-03, v=6.026e-02 | Time: 2:56:00.309994
2026-06-10 16:50:37 - pino - INFO - Epoch 0420 | data loss=1.779e-03 | bc loss=7.862e-04 | valid MSE=1.068e-03 | valid rel L2=2.710e-02 | pressure=6.904e-03, u=5.909e-03, v=5.904e-02 | Time: 3:00:23.089221
2026-06-10 16:54:55 - pino - INFO - Epoch 0430 | data loss=2.409e-03 | bc loss=1.409e-03 | valid MSE=1.116e-03 | valid rel L2=2.898e-02 | pressure=8.231e-03, u=7.014e-03, v=5.807e-02 | Time: 3:04:40.518703
2026-06-10 16:59:17 - pino - INFO - Epoch 0440 | data loss=1.978e-03 | bc loss=1.166e-03 | valid MSE=1.191e-03 | valid rel L2=3.143e-02 | pressure=7.627e-03, u=7.459e-03, v=5.948e-02 | Time: 3:09:02.820249
2026-06-10 17:03:38 - pino - INFO - Epoch 0450 | data loss=1.548e-03 | bc loss=5.913e-04 | valid MSE=1.211e-03 | valid rel L2=3.111e-02 | pressure=8.568e-03, u=6.347e-03, v=6.257e-02 | Time: 3:13:23.774742
2026-06-10 17:07:42 - pino - INFO - Epoch 0460 | data loss=1.521e-03 | bc loss=5.470e-04 | valid MSE=1.517e-03 | valid rel L2=3.633e-02 | pressure=1.594e-02, u=6.102e-03, v=6.307e-02 | Time: 3:17:27.611305
2026-06-10 17:11:53 - pino - INFO - Epoch 0470 | data loss=1.549e-03 | bc loss=8.243e-04 | valid MSE=1.253e-03 | valid rel L2=3.371e-02 | pressure=8.405e-03, u=7.877e-03, v=6.095e-02 | Time: 3:21:39.037981
2026-06-10 17:16:00 - pino - INFO - Epoch 0480 | data loss=1.438e-03 | bc loss=5.777e-04 | valid MSE=1.462e-03 | valid rel L2=3.120e-02 | pressure=8.614e-03, u=6.980e-03, v=7.109e-02 | Time: 3:25:46.107647
2026-06-10 17:20:17 - pino - INFO - Epoch 0490 | data loss=1.347e-03 | bc loss=5.747e-04 | valid MSE=1.417e-03 | valid rel L2=3.300e-02 | pressure=7.617e-03, u=5.745e-03, v=7.437e-02 | Time: 3:30:03.188989
2026-06-10 17:24:33 - pino - INFO - Epoch 0500 | data loss=1.608e-03 | bc loss=7.896e-04 | valid MSE=9.453e-04 | valid rel L2=2.755e-02 | pressure=1.009e-02, u=5.160e-03, v=5.412e-02 | Time: 3:34:18.248013
2026-06-10 17:28:43 - pino - INFO - Epoch 0510 | data loss=1.743e-03 | bc loss=1.116e-03 | valid MSE=8.860e-04 | valid rel L2=2.441e-02 | pressure=6.150e-03, u=5.045e-03, v=5.307e-02 | Time: 3:38:28.421644
2026-06-10 17:32:54 - pino - INFO - Epoch 0520 | data loss=1.329e-03 | bc loss=5.256e-04 | valid MSE=9.017e-04 | valid rel L2=2.629e-02 | pressure=5.342e-03, u=6.044e-03, v=5.511e-02 | Time: 3:42:39.763400
2026-06-10 17:37:02 - pino - INFO - Epoch 0530 | data loss=1.259e-03 | bc loss=4.945e-04 | valid MSE=9.968e-04 | valid rel L2=2.650e-02 | pressure=6.603e-03, u=6.383e-03, v=5.640e-02 | Time: 3:46:47.954529
2026-06-10 17:41:09 - pino - INFO - Epoch 0540 | data loss=1.437e-03 | bc loss=7.416e-04 | valid MSE=1.481e-03 | valid rel L2=3.637e-02 | pressure=1.130e-02, u=8.369e-03, v=6.250e-02 | Time: 3:50:54.780904
2026-06-10 17:45:13 - pino - INFO - Epoch 0550 | data loss=1.344e-03 | bc loss=5.921e-04 | valid MSE=8.107e-04 | valid rel L2=2.547e-02 | pressure=7.172e-03, u=4.709e-03, v=5.012e-02 | Time: 3:54:59.116088
2026-06-10 17:49:20 - pino - INFO - Epoch 0560 | data loss=1.403e-03 | bc loss=8.861e-04 | valid MSE=8.285e-04 | valid rel L2=2.519e-02 | pressure=4.499e-03, u=5.020e-03, v=5.287e-02 | Time: 3:59:06.109258
2026-06-10 17:53:22 - pino - INFO - Epoch 0570 | data loss=1.199e-03 | bc loss=6.127e-04 | valid MSE=8.787e-04 | valid rel L2=2.421e-02 | pressure=6.088e-03, u=5.802e-03, v=5.403e-02 | Time: 4:03:07.965224
2026-06-10 17:57:19 - pino - INFO - Epoch 0580 | data loss=1.159e-03 | bc loss=4.801e-04 | valid MSE=7.849e-04 | valid rel L2=2.333e-02 | pressure=5.833e-03, u=5.192e-03, v=5.008e-02 | Time: 4:07:05.003086
2026-06-10 18:01:20 - pino - INFO - Epoch 0590 | data loss=1.079e-03 | bc loss=4.460e-04 | valid MSE=9.608e-04 | valid rel L2=2.788e-02 | pressure=4.741e-03, u=4.567e-03, v=5.578e-02 | Time: 4:11:06.216011
2026-06-10 18:05:18 - pino - INFO - Epoch 0600 | data loss=1.582e-03 | bc loss=1.058e-03 | valid MSE=7.970e-04 | valid rel L2=2.400e-02 | pressure=4.720e-03, u=5.608e-03, v=4.999e-02 | Time: 4:15:03.884728
2026-06-10 18:09:14 - pino - INFO - Epoch 0610 | data loss=1.033e-03 | bc loss=4.953e-04 | valid MSE=7.182e-04 | valid rel L2=2.281e-02 | pressure=6.548e-03, u=4.874e-03, v=4.635e-02 | Time: 4:18:59.596649
2026-06-10 18:13:15 - pino - INFO - Epoch 0620 | data loss=9.732e-04 | bc loss=3.799e-04 | valid MSE=7.269e-04 | valid rel L2=2.140e-02 | pressure=5.075e-03, u=4.205e-03, v=4.955e-02 | Time: 4:23:00.571715
2026-06-10 18:17:12 - pino - INFO - Epoch 0630 | data loss=9.454e-04 | bc loss=3.621e-04 | valid MSE=7.034e-04 | valid rel L2=2.230e-02 | pressure=5.187e-03, u=4.625e-03, v=4.677e-02 | Time: 4:26:58.080716
2026-06-10 18:21:11 - pino - INFO - Epoch 0640 | data loss=9.731e-04 | bc loss=5.083e-04 | valid MSE=1.094e-03 | valid rel L2=3.121e-02 | pressure=7.331e-03, u=6.960e-03, v=5.644e-02 | Time: 4:30:57.148274
2026-06-10 18:25:10 - pino - INFO - Epoch 0650 | data loss=9.398e-04 | bc loss=3.765e-04 | valid MSE=6.627e-04 | valid rel L2=2.049e-02 | pressure=4.879e-03, u=4.038e-03, v=4.552e-02 | Time: 4:34:55.688112
2026-06-10 18:29:18 - pino - INFO - Epoch 0660 | data loss=8.831e-04 | bc loss=3.614e-04 | valid MSE=7.081e-04 | valid rel L2=2.353e-02 | pressure=5.891e-03, u=4.672e-03, v=4.772e-02 | Time: 4:39:03.309847
2026-06-10 18:33:19 - pino - INFO - Epoch 0670 | data loss=8.471e-04 | bc loss=2.740e-04 | valid MSE=5.858e-04 | valid rel L2=1.976e-02 | pressure=4.416e-03, u=3.839e-03, v=4.344e-02 | Time: 4:43:05.240230
2026-06-10 18:37:20 - pino - INFO - Epoch 0680 | data loss=8.732e-04 | bc loss=3.559e-04 | valid MSE=6.050e-04 | valid rel L2=2.055e-02 | pressure=4.480e-03, u=4.122e-03, v=4.450e-02 | Time: 4:47:05.692271
2026-06-10 18:41:18 - pino - INFO - Epoch 0690 | data loss=8.059e-04 | bc loss=2.718e-04 | valid MSE=7.515e-04 | valid rel L2=2.325e-02 | pressure=4.412e-03, u=4.450e-03, v=4.991e-02 | Time: 4:51:04.161279
2026-06-10 18:45:18 - pino - INFO - Epoch 0700 | data loss=7.602e-04 | bc loss=2.445e-04 | valid MSE=6.187e-04 | valid rel L2=2.097e-02 | pressure=5.215e-03, u=3.851e-03, v=4.416e-02 | Time: 4:55:03.773905
2026-06-10 18:49:23 - pino - INFO - Epoch 0710 | data loss=7.619e-04 | bc loss=2.759e-04 | valid MSE=5.789e-04 | valid rel L2=1.886e-02 | pressure=4.040e-03, u=3.737e-03, v=4.328e-02 | Time: 4:59:08.718096
2026-06-10 18:53:30 - pino - INFO - Epoch 0720 | data loss=7.354e-04 | bc loss=2.415e-04 | valid MSE=6.925e-04 | valid rel L2=2.323e-02 | pressure=5.608e-03, u=4.069e-03, v=4.851e-02 | Time: 5:03:16.089959
2026-06-10 18:57:47 - pino - INFO - Epoch 0730 | data loss=7.139e-04 | bc loss=2.474e-04 | valid MSE=6.087e-04 | valid rel L2=2.013e-02 | pressure=3.760e-03, u=4.207e-03, v=4.466e-02 | Time: 5:07:33.174957
2026-06-10 19:02:03 - pino - INFO - Epoch 0740 | data loss=7.138e-04 | bc loss=2.438e-04 | valid MSE=5.556e-04 | valid rel L2=1.849e-02 | pressure=3.830e-03, u=3.642e-03, v=4.294e-02 | Time: 5:11:49.153010
2026-06-10 19:06:27 - pino - INFO - Epoch 0750 | data loss=7.012e-04 | bc loss=2.332e-04 | valid MSE=5.338e-04 | valid rel L2=1.857e-02 | pressure=3.813e-03, u=3.721e-03, v=4.206e-02 | Time: 5:16:12.546746
2026-06-10 19:10:54 - pino - INFO - Epoch 0760 | data loss=6.718e-04 | bc loss=2.118e-04 | valid MSE=5.858e-04 | valid rel L2=2.019e-02 | pressure=4.356e-03, u=4.102e-03, v=4.445e-02 | Time: 5:20:39.589756
2026-06-10 19:15:15 - pino - INFO - Epoch 0770 | data loss=6.883e-04 | bc loss=2.492e-04 | valid MSE=5.413e-04 | valid rel L2=1.896e-02 | pressure=4.090e-03, u=3.971e-03, v=4.192e-02 | Time: 5:25:01.143662
2026-06-10 19:19:36 - pino - INFO - Epoch 0780 | data loss=6.679e-04 | bc loss=2.601e-04 | valid MSE=5.166e-04 | valid rel L2=1.780e-02 | pressure=3.727e-03, u=3.556e-03, v=4.144e-02 | Time: 5:29:21.785242
2026-06-10 19:23:50 - pino - INFO - Epoch 0790 | data loss=6.332e-04 | bc loss=2.046e-04 | valid MSE=5.229e-04 | valid rel L2=1.830e-02 | pressure=3.559e-03, u=3.761e-03, v=4.120e-02 | Time: 5:33:35.451282
2026-06-10 19:28:00 - pino - INFO - Epoch 0800 | data loss=6.361e-04 | bc loss=2.006e-04 | valid MSE=5.023e-04 | valid rel L2=1.752e-02 | pressure=3.582e-03, u=3.472e-03, v=4.031e-02 | Time: 5:37:46.014260
2026-06-10 19:32:17 - pino - INFO - Epoch 0810 | data loss=6.144e-04 | bc loss=1.875e-04 | valid MSE=5.206e-04 | valid rel L2=1.826e-02 | pressure=3.548e-03, u=3.564e-03, v=4.116e-02 | Time: 5:42:02.417027
2026-06-10 19:36:32 - pino - INFO - Epoch 0820 | data loss=6.150e-04 | bc loss=1.884e-04 | valid MSE=5.079e-04 | valid rel L2=1.760e-02 | pressure=3.467e-03, u=3.533e-03, v=4.074e-02 | Time: 5:46:18.188932
2026-06-10 19:40:50 - pino - INFO - Epoch 0830 | data loss=6.075e-04 | bc loss=1.881e-04 | valid MSE=4.921e-04 | valid rel L2=1.757e-02 | pressure=3.469e-03, u=3.575e-03, v=4.014e-02 | Time: 5:50:35.432792
2026-06-10 19:45:05 - pino - INFO - Epoch 0840 | data loss=5.986e-04 | bc loss=1.943e-04 | valid MSE=5.087e-04 | valid rel L2=1.864e-02 | pressure=3.569e-03, u=3.574e-03, v=4.150e-02 | Time: 5:54:50.782891
2026-06-10 19:49:19 - pino - INFO - Epoch 0850 | data loss=5.893e-04 | bc loss=1.787e-04 | valid MSE=4.959e-04 | valid rel L2=1.731e-02 | pressure=3.527e-03, u=3.493e-03, v=4.111e-02 | Time: 5:59:04.732973
2026-06-10 19:53:36 - pino - INFO - Epoch 0860 | data loss=5.792e-04 | bc loss=1.753e-04 | valid MSE=4.926e-04 | valid rel L2=1.738e-02 | pressure=3.519e-03, u=3.461e-03, v=4.048e-02 | Time: 6:03:21.841501
2026-06-10 19:57:54 - pino - INFO - Epoch 0870 | data loss=5.757e-04 | bc loss=1.833e-04 | valid MSE=5.121e-04 | valid rel L2=1.844e-02 | pressure=3.653e-03, u=3.648e-03, v=4.127e-02 | Time: 6:07:39.704357
2026-06-10 20:02:09 - pino - INFO - Epoch 0880 | data loss=5.654e-04 | bc loss=1.696e-04 | valid MSE=4.726e-04 | valid rel L2=1.692e-02 | pressure=3.483e-03, u=3.462e-03, v=3.961e-02 | Time: 6:11:55.126602
2026-06-10 20:06:17 - pino - INFO - Epoch 0890 | data loss=5.616e-04 | bc loss=1.679e-04 | valid MSE=4.824e-04 | valid rel L2=1.711e-02 | pressure=3.530e-03, u=3.367e-03, v=4.036e-02 | Time: 6:16:03.115606
2026-06-10 20:10:28 - pino - INFO - Epoch 0900 | data loss=5.553e-04 | bc loss=1.658e-04 | valid MSE=4.735e-04 | valid rel L2=1.685e-02 | pressure=3.448e-03, u=3.373e-03, v=3.958e-02 | Time: 6:20:14.140623
2026-06-10 20:14:45 - pino - INFO - Epoch 0910 | data loss=5.519e-04 | bc loss=1.636e-04 | valid MSE=4.716e-04 | valid rel L2=1.687e-02 | pressure=3.450e-03, u=3.369e-03, v=3.997e-02 | Time: 6:24:30.367341
2026-06-10 20:18:53 - pino - INFO - Epoch 0920 | data loss=5.511e-04 | bc loss=1.637e-04 | valid MSE=4.728e-04 | valid rel L2=1.678e-02 | pressure=3.383e-03, u=3.417e-03, v=3.968e-02 | Time: 6:28:38.337220
2026-06-10 20:23:06 - pino - INFO - Epoch 0930 | data loss=5.484e-04 | bc loss=1.619e-04 | valid MSE=4.696e-04 | valid rel L2=1.670e-02 | pressure=3.404e-03, u=3.377e-03, v=3.982e-02 | Time: 6:32:51.562931
2026-06-10 20:27:21 - pino - INFO - Epoch 0940 | data loss=5.450e-04 | bc loss=1.607e-04 | valid MSE=4.675e-04 | valid rel L2=1.678e-02 | pressure=3.414e-03, u=3.354e-03, v=3.956e-02 | Time: 6:37:06.992430
2026-06-10 20:31:29 - pino - INFO - Epoch 0950 | data loss=5.418e-04 | bc loss=1.595e-04 | valid MSE=4.703e-04 | valid rel L2=1.674e-02 | pressure=3.413e-03, u=3.384e-03, v=3.994e-02 | Time: 6:41:14.828915
2026-06-10 20:35:38 - pino - INFO - Epoch 0960 | data loss=5.399e-04 | bc loss=1.585e-04 | valid MSE=4.760e-04 | valid rel L2=1.689e-02 | pressure=3.404e-03, u=3.431e-03, v=4.013e-02 | Time: 6:45:23.930014
2026-06-10 20:39:50 - pino - INFO - Epoch 0970 | data loss=5.378e-04 | bc loss=1.579e-04 | valid MSE=4.688e-04 | valid rel L2=1.668e-02 | pressure=3.398e-03, u=3.357e-03, v=3.979e-02 | Time: 6:49:35.501098
2026-06-10 20:43:55 - pino - INFO - Epoch 0980 | data loss=5.371e-04 | bc loss=1.576e-04 | valid MSE=4.676e-04 | valid rel L2=1.664e-02 | pressure=3.398e-03, u=3.363e-03, v=3.963e-02 | Time: 6:53:40.290231
2026-06-10 20:48:04 - pino - INFO - Epoch 0990 | data loss=5.363e-04 | bc loss=1.574e-04 | valid MSE=4.679e-04 | valid rel L2=1.664e-02 | pressure=3.396e-03, u=3.364e-03, v=3.968e-02 | Time: 6:57:50.233148
2026-06-10 20:52:20 - pino - INFO - Epoch 1000 | data loss=5.360e-04 | bc loss=1.572e-04 | valid MSE=4.680e-04 | valid rel L2=1.664e-02 | pressure=3.396e-03, u=3.363e-03, v=3.968e-02 | Time: 7:02:05.439532
2026-06-10 20:52:20 - pino - INFO - Best validation MSE: 0.0004643731408577878
2026-06-10 20:52:20 - pino - INFO - Saved: results/061026_1/checkpoint.pt
2026-06-10 20:52:21 - pino - INFO - Loaded: results/061026_1/checkpoint.pt
2026-06-10 20:52:21 - pino - INFO - Total plotted points: 229742
2026-06-10 20:52:21 - pino - INFO - x range: 0.0002455277 0.9997354
2026-06-10 20:52:21 - pino - INFO - y range: -0.0036604528 0.10365726
2026-06-10 20:53:16 - pino - INFO - Total plotted points: 230324
2026-06-10 20:53:16 - pino - INFO - x range: 0.00025333284 0.99973696
2026-06-10 20:53:16 - pino - INFO - y range: -0.0030037095 0.10300137
2026-06-10 20:54:07 - pino - INFO - Total plotted points: 237170
2026-06-10 20:54:07 - pino - INFO - x range: 0.0002426327 0.99974793
2026-06-10 20:54:07 - pino - INFO - y range: -0.0035813448 0.103582375
2026-06-10 20:55:01 - pino - INFO - Total plotted points: 240746
2026-06-10 20:55:01 - pino - INFO - x range: 0.00026093746 0.9997381
2026-06-10 20:55:01 - pino - INFO - y range: -0.0032173737 0.103217304
2026-06-10 20:55:53 - pino - INFO - Total plotted points: 230220
2026-06-10 20:55:53 - pino - INFO - x range: 0.00025114094 0.99974126
2026-06-10 20:55:53 - pino - INFO - y range: -0.0032482685 0.10326389
2026-06-10 20:56:43 - pino - INFO - Total plotted points: 228410
2026-06-10 20:56:43 - pino - INFO - x range: 0.00024404137 0.9997296
2026-06-10 20:56:43 - pino - INFO - y range: -0.004046337 0.104062416
2026-06-10 20:57:35 - pino - INFO - Total plotted points: 237666
2026-06-10 20:57:35 - pino - INFO - x range: 0.0002594584 0.9997394
2026-06-10 20:57:35 - pino - INFO - y range: -0.0042511583 0.1042511
2026-06-10 20:58:32 - pino - INFO - Total plotted points: 236006
2026-06-10 20:58:32 - pino - INFO - x range: 0.00027182326 0.99973553
2026-06-10 20:58:32 - pino - INFO - y range: -0.0045372355 0.104539566
2026-06-10 20:59:28 - pino - INFO - Total plotted points: 227660
2026-06-10 20:59:28 - pino - INFO - x range: 0.00024566366 0.9997575
2026-06-10 20:59:28 - pino - INFO - y range: -0.004086913 0.10409428
2026-06-10 21:00:20 - pino - INFO - Total plotted points: 235384
2026-06-10 21:00:20 - pino - INFO - x range: 0.00025291753 0.9997389
2026-06-10 21:00:20 - pino - INFO - y range: -0.0044885958 0.10449617
2026-06-10 21:03:14 - pino - INFO - Test samples: 100
2026-06-10 21:03:14 - pino - INFO - Test cases: [3, 14, 25, 49, 52, 55, 58, 69, 73, 97]
2026-06-10 21:03:14 - pino - INFO - Total plotted points: 237274
2026-06-10 21:03:14 - pino - INFO - x range: 0.00024775745 0.999737
2026-06-10 21:03:14 - pino - INFO - y range: -0.0046734763 0.10467545
2026-06-10 21:04:06 - pino - INFO - Total plotted points: 233642
2026-06-10 21:04:06 - pino - INFO - x range: 0.00026308117 0.99977
2026-06-10 21:04:06 - pino - INFO - y range: -0.00436419 0.10436236
2026-06-10 21:04:59 - pino - INFO - Total plotted points: 230652
2026-06-10 21:04:59 - pino - INFO - x range: 0.00025932895 0.99975175
2026-06-10 21:04:59 - pino - INFO - y range: -0.0038433005 0.10384845
2026-06-10 21:05:50 - pino - INFO - Total plotted points: 233712
2026-06-10 21:05:50 - pino - INFO - x range: 0.00025644194 0.9997555
2026-06-10 21:05:50 - pino - INFO - y range: -0.0032470438 0.103243925
2026-06-10 21:06:42 - pino - INFO - Total plotted points: 237198
2026-06-10 21:06:42 - pino - INFO - x range: 0.00025688665 0.99973845
2026-06-10 21:06:42 - pino - INFO - y range: -0.0039451937 0.10394325
2026-06-10 21:07:36 - pino - INFO - Total plotted points: 230740
2026-06-10 21:07:36 - pino - INFO - x range: 0.00026658783 0.9997444
2026-06-10 21:07:36 - pino - INFO - y range: -0.0035965291 0.1035983
2026-06-10 21:08:29 - pino - INFO - Total plotted points: 237088
2026-06-10 21:08:29 - pino - INFO - x range: 0.0002614005 0.9997458
2026-06-10 21:08:29 - pino - INFO - y range: -0.004525996 0.104525566
2026-06-10 21:09:23 - pino - INFO - Total plotted points: 229924
2026-06-10 21:09:23 - pino - INFO - x range: 0.00025835232 0.99974424
2026-06-10 21:09:23 - pino - INFO - y range: -0.0030023463 0.10301031
2026-06-10 21:10:15 - pino - INFO - Total plotted points: 229716
2026-06-10 21:10:15 - pino - INFO - x range: 0.00025992666 0.999732
2026-06-10 21:10:15 - pino - INFO - y range: -0.0027418374 0.10274269
2026-06-10 21:11:13 - pino - INFO - Total plotted points: 225946
2026-06-10 21:11:13 - pino - INFO - x range: 0.00025748738 0.99974716
2026-06-10 21:11:13 - pino - INFO - y range: -0.0038637233 0.10386955
2026-06-10 22:49:26 - pino - INFO - Total plotted points: 237274
2026-06-10 22:49:26 - pino - INFO - x range: 0.00024775745 0.999737
2026-06-10 22:49:26 - pino - INFO - y range: -0.0046734763 0.10467545
2026-06-10 22:51:35 - pino - INFO - Test samples: 100
2026-06-10 22:51:35 - pino - INFO - Test cases: [3, 14, 25, 49, 52, 55, 58, 69, 73, 97]
2026-06-10 22:51:35 - pino - INFO - Total plotted points: 237274
2026-06-10 22:51:35 - pino - INFO - x range: 0.00024775745 0.999737
2026-06-10 22:51:35 - pino - INFO - y range: -0.0046734763 0.10467545
2026-06-10 22:52:28 - pino - INFO - Total plotted points: 233642
2026-06-10 22:52:28 - pino - INFO - x range: 0.00026308114 0.99977
2026-06-10 22:52:28 - pino - INFO - y range: -0.00436419 0.10436236
2026-06-10 22:53:20 - pino - INFO - Total plotted points: 230652
2026-06-10 22:53:20 - pino - INFO - x range: 0.00025932895 0.99975175
2026-06-10 22:53:20 - pino - INFO - y range: -0.0038433005 0.10384845
2026-06-10 22:54:12 - pino - INFO - Total plotted points: 233712
2026-06-10 22:54:12 - pino - INFO - x range: 0.00025644194 0.99975544
2026-06-10 22:54:12 - pino - INFO - y range: -0.0032470438 0.103243925
2026-06-10 22:55:08 - pino - INFO - Total plotted points: 237198
2026-06-10 22:55:08 - pino - INFO - x range: 0.00025688665 0.9997384
2026-06-10 22:55:08 - pino - INFO - y range: -0.0039451937 0.10394325
2026-06-10 22:56:05 - pino - INFO - Total plotted points: 230740
2026-06-10 22:56:05 - pino - INFO - x range: 0.0002665879 0.9997444
2026-06-10 22:56:05 - pino - INFO - y range: -0.0035965291 0.1035983
2026-06-10 22:56:58 - pino - INFO - Total plotted points: 237088
2026-06-10 22:56:58 - pino - INFO - x range: 0.0002614005 0.9997458
2026-06-10 22:56:58 - pino - INFO - y range: -0.004525996 0.104525566
2026-06-10 22:57:52 - pino - INFO - Total plotted points: 229924
2026-06-10 22:57:52 - pino - INFO - x range: 0.00025835232 0.9997443
2026-06-10 22:57:52 - pino - INFO - y range: -0.0030023463 0.10301031
2026-06-10 22:58:43 - pino - INFO - Total plotted points: 229716
2026-06-10 22:58:43 - pino - INFO - x range: 0.00025992666 0.999732
2026-06-10 22:58:43 - pino - INFO - y range: -0.0027418374 0.10274269
2026-06-10 22:59:40 - pino - INFO - Total plotted points: 225946
2026-06-10 22:59:40 - pino - INFO - x range: 0.00025748738 0.99974716
2026-06-10 22:59:40 - pino - INFO - y range: -0.0038637233 0.10386955
2026-06-11 10:39:07 - pino - INFO - e976ee50-99ed-4aba-9b6b-9dcd5634d07d:IPyWidgets:8.1.8
2026-06-11 10:39:07 - pino - INFO - ['/jupyter-matplotlib/extension.js', '/jupyter-js-widgets/extension.js']
2026-06-11 11:00:13 - pino - INFO - Total plotted points: 237274
2026-06-11 11:00:13 - pino - INFO - x range: 0.00024775745 0.999737
2026-06-11 11:00:13 - pino - INFO - y range: -0.0046734763 0.10467545
2026-06-11 11:02:21 - pino - INFO - Test samples: 200
2026-06-11 11:02:21 - pino - INFO - Test cases: [3, 14, 25, 49, 52, 55, 58, 69, 73, 97]
2026-06-11 11:02:21 - pino - INFO - Total plotted points: 237274
2026-06-11 11:02:21 - pino - INFO - x range: 0.00024775742 0.999737
2026-06-11 11:02:21 - pino - INFO - y range: -0.0046734763 0.10467545
2026-06-11 11:03:13 - pino - INFO - Total plotted points: 233642
2026-06-11 11:03:13 - pino - INFO - x range: 0.00026308114 0.99977005
2026-06-11 11:03:13 - pino - INFO - y range: -0.00436419 0.10436236
2026-06-11 11:04:03 - pino - INFO - Total plotted points: 230652
2026-06-11 11:04:03 - pino - INFO - x range: 0.00025932892 0.99975175
2026-06-11 11:04:03 - pino - INFO - y range: -0.0038433005 0.10384845
2026-06-11 11:04:54 - pino - INFO - Total plotted points: 233712
2026-06-11 11:04:54 - pino - INFO - x range: 0.00025644194 0.9997555
2026-06-11 11:04:54 - pino - INFO - y range: -0.0032470438 0.103243925
2026-06-11 11:05:45 - pino - INFO - Total plotted points: 237198
2026-06-11 11:05:45 - pino - INFO - x range: 0.00025688665 0.99973845
2026-06-11 11:05:45 - pino - INFO - y range: -0.0039451937 0.10394325
2026-06-11 11:06:36 - pino - INFO - Total plotted points: 230740
2026-06-11 11:06:36 - pino - INFO - x range: 0.00026658786 0.9997444
2026-06-11 11:06:36 - pino - INFO - y range: -0.0035965291 0.1035983
2026-06-11 11:07:25 - pino - INFO - Total plotted points: 237088
2026-06-11 11:07:25 - pino - INFO - x range: 0.00026140048 0.9997458
2026-06-11 11:07:25 - pino - INFO - y range: -0.004525996 0.104525566
2026-06-11 11:08:15 - pino - INFO - Total plotted points: 229924
2026-06-11 11:08:15 - pino - INFO - x range: 0.00025835232 0.99974424
2026-06-11 11:08:15 - pino - INFO - y range: -0.0030023463 0.10301031
2026-06-11 11:09:10 - pino - INFO - Total plotted points: 229716
2026-06-11 11:09:10 - pino - INFO - x range: 0.00025992663 0.9997321
2026-06-11 11:09:10 - pino - INFO - y range: -0.0027418374 0.10274269
2026-06-11 11:10:00 - pino - INFO - Total plotted points: 225946
2026-06-11 11:10:00 - pino - INFO - x range: 0.0002574874 0.99974716
2026-06-11 11:10:00 - pino - INFO - y range: -0.0038637233 0.10386955
