2026-06-29 19:14:04 - pino - INFO - Training comment
2026-06-29 19:14:04 - pino - INFO - Horizontal interface, 20 subdomains total
2026-06-29 19:14:07 - pino - INFO - Available cases (200):
2026-06-29 19:14:07 - pino - INFO - [0, 1, 2, 3, 4, 5, 6, 7, 8, 9, 10, 11, 12, 13, 14, 15, 16, 17, 18, 19, 20, 21, 22, 23, 24, 25, 26, 27, 28, 29, 30, 31, 32, 33, 34, 35, 36, 37, 38, 39, 40, 41, 42, 43, 44, 45, 46, 47, 48, 49, 50, 51, 52, 53, 54, 55, 56, 57, 58, 59, 60, 61, 62, 63, 64, 65, 66, 67, 68, 69, 70, 71, 72, 73, 74, 75, 76, 77, 78, 79, 80, 81, 82, 83, 84, 85, 86, 87, 88, 89, 90, 91, 92, 93, 94, 95, 96, 97, 98, 99, 100, 101, 102, 103, 104, 105, 106, 107, 108, 109, 110, 111, 112, 113, 114, 115, 116, 117, 118, 119, 120, 121, 122, 123, 124, 125, 126, 127, 128, 129, 130, 131, 132, 133, 134, 135, 136, 137, 138, 139, 140, 141, 142, 143, 144, 145, 146, 147, 148, 149, 150, 151, 152, 153, 154, 155, 156, 157, 158, 159, 160, 161, 162, 163, 164, 165, 166, 167, 168, 169, 170, 171, 172, 173, 174, 175, 176, 177, 178, 179, 180, 181, 182, 183, 184, 185, 186, 187, 188, 189, 190, 191, 192, 193, 194, 195, 196, 197, 198, 199]
2026-06-29 19:14:11 - pino - INFO - Train cases (160): ['channel_00', 'channel_01', 'channel_02', 'channel_03', 'channel_04', 'channel_05', 'channel_06', 'channel_07', 'channel_09', 'channel_10', 'channel_100', 'channel_101', 'channel_102', 'channel_103', 'channel_104', 'channel_105', 'channel_106', 'channel_107', 'channel_108', 'channel_109', 'channel_11', 'channel_110', 'channel_112', 'channel_113', 'channel_114', 'channel_115', 'channel_116', 'channel_119', 'channel_12', 'channel_120', 'channel_121', 'channel_122', 'channel_123', 'channel_124', 'channel_125', 'channel_126', 'channel_127', 'channel_128', 'channel_129', 'channel_13', 'channel_130', 'channel_131', 'channel_132', 'channel_134', 'channel_135', 'channel_136', 'channel_137', 'channel_138', 'channel_139', 'channel_14', 'channel_140', 'channel_143', 'channel_144', 'channel_145', 'channel_146', 'channel_147', 'channel_148', 'channel_149', 'channel_15', 'channel_150', 'channel_152', 'channel_153', 'channel_155', 'channel_156', 'channel_157', 'channel_158', 'channel_159', 'channel_16', 'channel_160', 'channel_161', 'channel_162', 'channel_165', 'channel_166', 'channel_167', 'channel_168', 'channel_169', 'channel_17', 'channel_170', 'channel_173', 'channel_174', 'channel_177', 'channel_178', 'channel_179', 'channel_180', 'channel_181', 'channel_182', 'channel_183', 'channel_184', 'channel_185', 'channel_186', 'channel_187', 'channel_188', 'channel_189', 'channel_19', 'channel_190', 'channel_192', 'channel_194', 'channel_195', 'channel_196', 'channel_197', 'channel_198', 'channel_20', 'channel_21', 'channel_23', 'channel_24', 'channel_25', 'channel_26', 'channel_27', 'channel_29', 'channel_30', 'channel_32', 'channel_36', 'channel_38', 'channel_39', 'channel_40', 'channel_41', 'channel_42', 'channel_43', 'channel_44', 'channel_46', 'channel_47', 'channel_49', 'channel_52', 'channel_54', 'channel_55', 'channel_56', 'channel_57', 'channel_58', 'channel_59', 'channel_60', 'channel_61', 'channel_63', 'channel_64', 'channel_65', 'channel_66', 'channel_67', 'channel_68', 'channel_69', 'channel_70', 'channel_72', 'channel_73', 'channel_74', 'channel_76', 'channel_77', 'channel_78', 'channel_79', 'channel_82', 'channel_83', 'channel_84', 'channel_85', 'channel_86', 'channel_88', 'channel_91', 'channel_92', 'channel_93', 'channel_94', 'channel_95', 'channel_96', 'channel_98', 'channel_99']
2026-06-29 19:14:11 - pino - INFO - Valid cases (20): ['channel_08', 'channel_141', 'channel_142', 'channel_154', 'channel_163', 'channel_164', 'channel_171', 'channel_175', 'channel_176', 'channel_191', 'channel_34', 'channel_35', 'channel_37', 'channel_48', 'channel_50', 'channel_53', 'channel_62', 'channel_75', 'channel_80', 'channel_87']
2026-06-29 19:14:11 - pino - INFO - Test  cases (20): ['channel_111', 'channel_117', 'channel_118', 'channel_133', 'channel_151', 'channel_172', 'channel_18', 'channel_193', 'channel_199', 'channel_22', 'channel_28', 'channel_31', 'channel_33', 'channel_45', 'channel_51', 'channel_71', 'channel_81', 'channel_89', 'channel_90', 'channel_97']
2026-06-30 00:03:17 - pino - INFO - Train samples: 16000
2026-06-30 00:03:17 - pino - INFO - Valid samples: 200
2026-06-30 00:03:17 - pino - INFO - Train branch channels: ['x_local', 'y_local', 'wall_mask', 'interface_mask', 'boundary_pressure', 'boundary_u', 'boundary_v', 'known_pressure', 'known_u', 'known_v', 'local_aspect_ratio']
2026-06-30 00:03:17 - pino - INFO - Train trunk channels: ['x_local', 'y_local']
2026-06-30 00:03:17 - pino - INFO - Output channels: ['pressure', 'u', 'v']
2026-06-30 00:03:17 - pino - INFO - Example train sample:
2026-06-30 00:03:17 - pino - INFO - branch: (1024, 11)
2026-06-30 00:03:17 - pino - INFO - query: (34041, 2)
2026-06-30 00:03:17 - pino - INFO - target: (34041, 3)
2026-06-30 10:09:43 - pino - INFO - e976ee50-99ed-4aba-9b6b-9dcd5634d07d:IPyWidgets:8.1.8
2026-06-30 10:09:55 - pino - INFO - ['/jupyter-matplotlib/extension.js', '/jupyter-js-widgets/extension.js']
2026-06-30 10:10:00 - pino - INFO - Train cases: [0, 1, 2, 3, 4, 5, 6, 7, 9, 10, 11, 12, 13, 14, 15, 16, 17, 19, 20, 21, 23, 24, 25, 26, 27, 29, 30, 32, 36, 38, 39, 40, 41, 42, 43, 44, 46, 47, 49, 52, 54, 55, 56, 57, 58, 59, 60, 61, 63, 64, 65, 66, 67, 68, 69, 70, 72, 73, 74, 76, 77, 78, 79, 82, 83, 84, 85, 86, 88, 91, 92, 93, 94, 95, 96, 98, 99, 100, 101, 102, 103, 104, 105, 106, 107, 108, 109, 110, 112, 113, 114, 115, 116, 119, 120, 121, 122, 123, 124, 125, 126, 127, 128, 129, 130, 131, 132, 134, 135, 136, 137, 138, 139, 140, 143, 144, 145, 146, 147, 148, 149, 150, 152, 153, 155, 156, 157, 158, 159, 160, 161, 162, 165, 166, 167, 168, 169, 170, 173, 174, 177, 178, 179, 180, 181, 182, 183, 184, 185, 186, 187, 188, 189, 190, 192, 194, 195, 196, 197, 198]
2026-06-30 10:10:00 - pino - INFO - Valid cases: [8, 34, 35, 37, 48, 50, 53, 62, 75, 80, 87, 141, 142, 154, 163, 164, 171, 175, 176, 191]
2026-06-30 10:10:09 - pino - INFO - Y mean: tensor([ 6.4387e+02,  1.0012e+00, -7.9760e-06])
2026-06-30 10:10:09 - pino - INFO - Y std: tensor([4.1250e+02, 4.2776e-01, 2.2414e-02])
2026-06-30 10:10:09 - pino - INFO - local_aspect_mean: 4.0
2026-06-30 10:10:09 - pino - INFO - local_aspect_std: 3.116459846496582
2026-06-30 10:10:24 - pino - INFO - branch batch: torch.Size([50, 1024, 11])
2026-06-30 10:10:24 - pino - INFO - query batch: torch.Size([1195421, 2])
2026-06-30 10:10:24 - pino - INFO - target batch: torch.Size([1195421, 3])
2026-06-30 10:10:24 - pino - INFO - query batch id: tensor(0) tensor(49)
2026-06-30 10:10:24 - pino - INFO - sample indices: tensor([15226, 15763, 13243, 10927, 14065,  2531, 15779,  1094,  3984, 14454,
        11761,  3971,  2998, 11939,  5311, 13208,  8947,  8640,    85, 10444,
         4368, 12084, 15247, 10388,  3699,  9559,  9082,  1820,  7215,  1854,
         1626,  4133, 13111, 12809,  7618,  1237,  8019, 13889, 12239,  4263,
        13951,  9728, 14140,  6046, 14471,  4748,  4180, 10095, 15320,  5662])
2026-06-30 10:10:45 - pino - INFO - {'branch_input_dim': 11, 'trunk_input_dim': 2, 'output_channels': 3, 'latent_dim': 128, 'branch_point_hidden_dim': 128, 'branch_point_depth': 3, 'branch_global_hidden_dim': 128, 'branch_global_depth': 3, 'trunk_hidden_dim': 128, 'trunk_depth': 4, 'aggregation': 'mean', 'activation': 'gelu', 'layer_norm': False}
2026-06-30 10:12:04 - pino - INFO - Epoch 0001 | data loss=5.255e-01 | bc loss=3.812e-01 | valid MSE=1.430e+03 | valid rel L2=2.661e-01 | pressure=9.050e-02, u=7.623e-02, v=7.709e-01 | Time: 0:01:12.485294
2026-06-30 10:22:53 - pino - INFO - Epoch 0010 | data loss=7.811e-02 | bc loss=2.315e-02 | valid MSE=5.847e+02 | valid rel L2=2.201e-01 | pressure=6.398e-02, u=5.122e-02, v=5.014e-01 | Time: 0:12:01.214946
2026-06-30 10:34:55 - pino - INFO - Epoch 0020 | data loss=4.921e-02 | bc loss=1.290e-02 | valid MSE=3.163e+02 | valid rel L2=1.288e-01 | pressure=4.916e-02, u=4.049e-02, v=4.431e-01 | Time: 0:24:03.820019
2026-06-30 10:46:55 - pino - INFO - Epoch 0030 | data loss=4.130e-02 | bc loss=9.867e-03 | valid MSE=2.936e+02 | valid rel L2=1.567e-01 | pressure=4.730e-02, u=3.500e-02, v=4.043e-01 | Time: 0:36:03.736330
2026-06-30 10:58:55 - pino - INFO - Epoch 0040 | data loss=3.170e-02 | bc loss=6.888e-03 | valid MSE=1.828e+02 | valid rel L2=9.527e-02 | pressure=3.877e-02, u=2.745e-02, v=3.624e-01 | Time: 0:48:03.282708
2026-06-30 11:10:55 - pino - INFO - Epoch 0050 | data loss=2.587e-02 | bc loss=5.145e-03 | valid MSE=1.956e+02 | valid rel L2=1.128e-01 | pressure=3.634e-02, u=2.604e-02, v=3.370e-01 | Time: 1:00:03.504701
2026-06-30 11:23:03 - pino - INFO - Epoch 0060 | data loss=2.251e-02 | bc loss=4.523e-03 | valid MSE=1.418e+02 | valid rel L2=7.881e-02 | pressure=3.329e-02, u=2.382e-02, v=3.318e-01 | Time: 1:12:11.382263
2026-06-30 11:35:04 - pino - INFO - Epoch 0070 | data loss=2.119e-02 | bc loss=4.485e-03 | valid MSE=1.618e+02 | valid rel L2=1.114e-01 | pressure=3.555e-02, u=2.274e-02, v=3.171e-01 | Time: 1:24:11.933418
2026-06-30 11:47:03 - pino - INFO - Epoch 0080 | data loss=1.895e-02 | bc loss=3.947e-03 | valid MSE=2.045e+02 | valid rel L2=1.370e-01 | pressure=3.641e-02, u=2.127e-02, v=3.059e-01 | Time: 1:36:11.607657
2026-06-30 11:59:06 - pino - INFO - Epoch 0090 | data loss=1.806e-02 | bc loss=4.010e-03 | valid MSE=1.223e+02 | valid rel L2=8.991e-02 | pressure=3.077e-02, u=2.053e-02, v=2.960e-01 | Time: 1:48:14.618175
2026-06-30 12:11:17 - pino - INFO - Epoch 0100 | data loss=1.731e-02 | bc loss=3.749e-03 | valid MSE=1.329e+02 | valid rel L2=1.039e-01 | pressure=3.024e-02, u=1.927e-02, v=2.834e-01 | Time: 2:00:25.098473
2026-06-30 12:23:17 - pino - INFO - Epoch 0110 | data loss=1.555e-02 | bc loss=3.135e-03 | valid MSE=7.895e+01 | valid rel L2=6.704e-02 | pressure=2.451e-02, u=1.833e-02, v=2.805e-01 | Time: 2:12:25.424076
2026-06-30 12:35:22 - pino - INFO - Epoch 0120 | data loss=1.424e-02 | bc loss=2.767e-03 | valid MSE=1.057e+02 | valid rel L2=5.923e-02 | pressure=2.737e-02, u=1.808e-02, v=2.736e-01 | Time: 2:24:30.169785
2026-06-30 12:47:21 - pino - INFO - Epoch 0130 | data loss=1.402e-02 | bc loss=2.883e-03 | valid MSE=8.159e+01 | valid rel L2=6.824e-02 | pressure=2.384e-02, u=1.751e-02, v=2.656e-01 | Time: 2:36:29.601934
2026-06-30 12:59:20 - pino - INFO - Epoch 0140 | data loss=1.317e-02 | bc loss=2.566e-03 | valid MSE=8.638e+01 | valid rel L2=1.105e-01 | pressure=2.529e-02, u=1.647e-02, v=2.634e-01 | Time: 2:48:28.606063
2026-06-30 13:11:17 - pino - INFO - Epoch 0150 | data loss=1.256e-02 | bc loss=2.733e-03 | valid MSE=8.272e+01 | valid rel L2=6.823e-02 | pressure=2.371e-02, u=1.846e-02, v=2.568e-01 | Time: 3:00:25.594808
2026-06-30 13:23:22 - pino - INFO - Epoch 0160 | data loss=1.173e-02 | bc loss=2.308e-03 | valid MSE=5.702e+01 | valid rel L2=6.608e-02 | pressure=2.052e-02, u=1.707e-02, v=2.537e-01 | Time: 3:12:30.054923
2026-06-30 13:35:23 - pino - INFO - Epoch 0170 | data loss=1.106e-02 | bc loss=2.237e-03 | valid MSE=5.898e+01 | valid rel L2=5.424e-02 | pressure=2.155e-02, u=1.773e-02, v=2.517e-01 | Time: 3:24:31.844175
2026-06-30 13:47:28 - pino - INFO - Epoch 0180 | data loss=1.049e-02 | bc loss=2.159e-03 | valid MSE=5.548e+01 | valid rel L2=7.749e-02 | pressure=1.972e-02, u=1.555e-02, v=2.436e-01 | Time: 3:36:36.094987
2026-06-30 13:59:32 - pino - INFO - Epoch 0190 | data loss=1.025e-02 | bc loss=2.031e-03 | valid MSE=5.468e+01 | valid rel L2=7.408e-02 | pressure=1.960e-02, u=1.606e-02, v=2.372e-01 | Time: 3:48:40.851593
2026-06-30 14:11:49 - pino - INFO - Epoch 0200 | data loss=1.060e-02 | bc loss=2.296e-03 | valid MSE=8.618e+01 | valid rel L2=8.873e-02 | pressure=2.195e-02, u=1.508e-02, v=2.360e-01 | Time: 4:00:57.272719
2026-06-30 14:23:49 - pino - INFO - Epoch 0210 | data loss=9.292e-03 | bc loss=1.727e-03 | valid MSE=4.715e+01 | valid rel L2=6.117e-02 | pressure=1.913e-02, u=1.426e-02, v=2.317e-01 | Time: 4:12:57.864253
2026-06-30 14:35:49 - pino - INFO - Epoch 0220 | data loss=9.099e-03 | bc loss=1.857e-03 | valid MSE=6.226e+01 | valid rel L2=7.778e-02 | pressure=1.963e-02, u=1.470e-02, v=2.320e-01 | Time: 4:24:57.537167
2026-06-30 14:47:50 - pino - INFO - Epoch 0230 | data loss=8.950e-03 | bc loss=1.699e-03 | valid MSE=4.825e+01 | valid rel L2=4.449e-02 | pressure=1.959e-02, u=1.405e-02, v=2.246e-01 | Time: 4:36:58.216244
2026-06-30 14:59:53 - pino - INFO - Epoch 0240 | data loss=9.189e-03 | bc loss=2.017e-03 | valid MSE=4.733e+01 | valid rel L2=4.709e-02 | pressure=1.860e-02, u=1.343e-02, v=2.228e-01 | Time: 4:49:01.215566
2026-06-30 15:11:56 - pino - INFO - Epoch 0250 | data loss=8.146e-03 | bc loss=1.596e-03 | valid MSE=4.548e+01 | valid rel L2=5.409e-02 | pressure=1.776e-02, u=1.358e-02, v=2.234e-01 | Time: 5:01:03.989647
2026-06-30 15:24:11 - pino - INFO - Epoch 0260 | data loss=8.430e-03 | bc loss=1.697e-03 | valid MSE=4.121e+01 | valid rel L2=5.293e-02 | pressure=1.779e-02, u=1.432e-02, v=2.191e-01 | Time: 5:13:18.917484
2026-06-30 15:36:29 - pino - INFO - Epoch 0270 | data loss=7.564e-03 | bc loss=1.433e-03 | valid MSE=5.062e+01 | valid rel L2=4.636e-02 | pressure=1.945e-02, u=1.314e-02, v=2.199e-01 | Time: 5:25:37.714731
2026-06-30 15:48:32 - pino - INFO - Epoch 0280 | data loss=8.499e-03 | bc loss=2.078e-03 | valid MSE=3.562e+01 | valid rel L2=3.996e-02 | pressure=1.591e-02, u=1.219e-02, v=2.085e-01 | Time: 5:37:40.216955
2026-06-30 16:00:34 - pino - INFO - Epoch 0290 | data loss=7.078e-03 | bc loss=1.316e-03 | valid MSE=4.213e+01 | valid rel L2=7.486e-02 | pressure=1.710e-02, u=1.235e-02, v=2.120e-01 | Time: 5:49:42.759278
2026-06-30 16:12:44 - pino - INFO - Epoch 0300 | data loss=7.281e-03 | bc loss=1.430e-03 | valid MSE=3.732e+01 | valid rel L2=5.394e-02 | pressure=1.669e-02, u=1.333e-02, v=2.081e-01 | Time: 6:01:52.608072
2026-06-30 16:24:48 - pino - INFO - Epoch 0310 | data loss=6.660e-03 | bc loss=1.228e-03 | valid MSE=3.162e+01 | valid rel L2=4.442e-02 | pressure=1.562e-02, u=1.223e-02, v=2.060e-01 | Time: 6:13:56.624414
2026-06-30 16:36:56 - pino - INFO - Epoch 0320 | data loss=6.355e-03 | bc loss=1.163e-03 | valid MSE=3.626e+01 | valid rel L2=4.229e-02 | pressure=1.637e-02, u=1.176e-02, v=2.051e-01 | Time: 6:26:03.985963
2026-06-30 16:49:11 - pino - INFO - Epoch 0330 | data loss=6.375e-03 | bc loss=1.192e-03 | valid MSE=3.289e+01 | valid rel L2=5.357e-02 | pressure=1.582e-02, u=1.252e-02, v=2.051e-01 | Time: 6:38:19.825516
2026-06-30 17:01:21 - pino - INFO - Epoch 0340 | data loss=6.069e-03 | bc loss=1.185e-03 | valid MSE=3.835e+01 | valid rel L2=4.823e-02 | pressure=1.755e-02, u=1.468e-02, v=2.102e-01 | Time: 6:50:29.194211
2026-06-30 17:13:27 - pino - INFO - Epoch 0350 | data loss=6.039e-03 | bc loss=1.241e-03 | valid MSE=3.481e+01 | valid rel L2=4.504e-02 | pressure=1.592e-02, u=1.367e-02, v=1.969e-01 | Time: 7:02:35.415741
2026-06-30 17:25:48 - pino - INFO - Epoch 0360 | data loss=6.188e-03 | bc loss=1.402e-03 | valid MSE=4.549e+01 | valid rel L2=6.701e-02 | pressure=1.726e-02, u=1.211e-02, v=1.964e-01 | Time: 7:14:56.027598
2026-06-30 17:37:54 - pino - INFO - Epoch 0370 | data loss=5.572e-03 | bc loss=1.079e-03 | valid MSE=3.809e+01 | valid rel L2=6.693e-02 | pressure=1.639e-02, u=1.270e-02, v=1.955e-01 | Time: 7:27:02.408183
2026-06-30 17:49:53 - pino - INFO - Epoch 0380 | data loss=5.555e-03 | bc loss=1.130e-03 | valid MSE=2.617e+01 | valid rel L2=3.793e-02 | pressure=1.433e-02, u=1.053e-02, v=1.896e-01 | Time: 7:39:01.650730
2026-06-30 18:01:57 - pino - INFO - Epoch 0390 | data loss=5.362e-03 | bc loss=1.071e-03 | valid MSE=2.956e+01 | valid rel L2=4.064e-02 | pressure=1.519e-02, u=1.233e-02, v=1.950e-01 | Time: 7:51:05.157482
2026-06-30 18:13:59 - pino - INFO - Epoch 0400 | data loss=5.281e-03 | bc loss=1.060e-03 | valid MSE=2.501e+01 | valid rel L2=3.873e-02 | pressure=1.438e-02, u=1.043e-02, v=1.880e-01 | Time: 8:03:07.852703
2026-06-30 18:26:17 - pino - INFO - Epoch 0410 | data loss=5.065e-03 | bc loss=1.009e-03 | valid MSE=2.785e+01 | valid rel L2=3.681e-02 | pressure=1.460e-02, u=1.074e-02, v=1.858e-01 | Time: 8:15:25.871779
2026-06-30 18:38:32 - pino - INFO - Epoch 0420 | data loss=4.940e-03 | bc loss=1.033e-03 | valid MSE=2.816e+01 | valid rel L2=3.889e-02 | pressure=1.503e-02, u=1.065e-02, v=1.837e-01 | Time: 8:27:40.610476
2026-06-30 18:50:37 - pino - INFO - Epoch 0430 | data loss=5.745e-03 | bc loss=1.455e-03 | valid MSE=3.727e+01 | valid rel L2=5.923e-02 | pressure=1.640e-02, u=1.173e-02, v=1.862e-01 | Time: 8:39:45.328876
2026-06-30 19:02:39 - pino - INFO - Epoch 0440 | data loss=4.860e-03 | bc loss=1.025e-03 | valid MSE=2.463e+01 | valid rel L2=5.111e-02 | pressure=1.394e-02, u=1.042e-02, v=1.831e-01 | Time: 8:51:47.335706
2026-06-30 19:14:41 - pino - INFO - Epoch 0450 | data loss=4.590e-03 | bc loss=9.486e-04 | valid MSE=2.320e+01 | valid rel L2=3.661e-02 | pressure=1.352e-02, u=1.084e-02, v=1.826e-01 | Time: 9:03:49.418076
2026-06-30 19:26:46 - pino - INFO - Epoch 0460 | data loss=4.369e-03 | bc loss=8.791e-04 | valid MSE=1.890e+01 | valid rel L2=3.915e-02 | pressure=1.204e-02, u=9.565e-03, v=1.759e-01 | Time: 9:15:54.658811
2026-06-30 19:38:55 - pino - INFO - Epoch 0470 | data loss=4.258e-03 | bc loss=8.558e-04 | valid MSE=1.967e+01 | valid rel L2=3.502e-02 | pressure=1.268e-02, u=9.974e-03, v=1.800e-01 | Time: 9:28:03.751475
2026-06-30 19:51:00 - pino - INFO - Epoch 0480 | data loss=4.263e-03 | bc loss=8.837e-04 | valid MSE=2.232e+01 | valid rel L2=3.763e-02 | pressure=1.325e-02, u=1.000e-02, v=1.776e-01 | Time: 9:40:08.879732
2026-06-30 20:03:02 - pino - INFO - Epoch 0490 | data loss=4.183e-03 | bc loss=8.785e-04 | valid MSE=2.251e+01 | valid rel L2=3.694e-02 | pressure=1.295e-02, u=1.127e-02, v=1.801e-01 | Time: 9:52:10.033560
2026-06-30 20:15:10 - pino - INFO - Epoch 0500 | data loss=4.265e-03 | bc loss=9.823e-04 | valid MSE=2.173e+01 | valid rel L2=4.785e-02 | pressure=1.271e-02, u=9.654e-03, v=1.792e-01 | Time: 10:04:18.557645
2026-06-30 20:27:16 - pino - INFO - Epoch 0510 | data loss=3.965e-03 | bc loss=8.359e-04 | valid MSE=2.311e+01 | valid rel L2=4.576e-02 | pressure=1.273e-02, u=9.598e-03, v=1.740e-01 | Time: 10:16:24.581189
2026-06-30 20:39:24 - pino - INFO - Epoch 0520 | data loss=3.810e-03 | bc loss=7.477e-04 | valid MSE=2.218e+01 | valid rel L2=3.250e-02 | pressure=1.292e-02, u=9.291e-03, v=1.741e-01 | Time: 10:28:32.574769
2026-06-30 20:51:28 - pino - INFO - Epoch 0530 | data loss=3.839e-03 | bc loss=7.838e-04 | valid MSE=1.846e+01 | valid rel L2=3.757e-02 | pressure=1.189e-02, u=9.610e-03, v=1.755e-01 | Time: 10:40:36.470164
2026-06-30 21:03:31 - pino - INFO - Epoch 0540 | data loss=3.637e-03 | bc loss=7.376e-04 | valid MSE=1.637e+01 | valid rel L2=3.312e-02 | pressure=1.124e-02, u=9.126e-03, v=1.666e-01 | Time: 10:52:39.643626
2026-06-30 21:15:31 - pino - INFO - Epoch 0550 | data loss=3.621e-03 | bc loss=7.180e-04 | valid MSE=1.835e+01 | valid rel L2=3.838e-02 | pressure=1.213e-02, u=9.267e-03, v=1.698e-01 | Time: 11:04:39.144323
2026-06-30 21:27:43 - pino - INFO - Epoch 0560 | data loss=3.540e-03 | bc loss=7.422e-04 | valid MSE=1.720e+01 | valid rel L2=2.815e-02 | pressure=1.142e-02, u=8.611e-03, v=1.661e-01 | Time: 11:16:51.634444
2026-06-30 21:39:51 - pino - INFO - Epoch 0570 | data loss=3.461e-03 | bc loss=7.130e-04 | valid MSE=1.583e+01 | valid rel L2=2.746e-02 | pressure=1.115e-02, u=8.822e-03, v=1.627e-01 | Time: 11:28:58.941136
2026-06-30 21:51:53 - pino - INFO - Epoch 0580 | data loss=3.365e-03 | bc loss=6.950e-04 | valid MSE=1.732e+01 | valid rel L2=3.509e-02 | pressure=1.103e-02, u=8.656e-03, v=1.607e-01 | Time: 11:41:01.226011
2026-06-30 22:04:08 - pino - INFO - Epoch 0590 | data loss=3.263e-03 | bc loss=6.708e-04 | valid MSE=1.539e+01 | valid rel L2=3.527e-02 | pressure=1.101e-02, u=8.816e-03, v=1.622e-01 | Time: 11:53:16.455926
2026-06-30 22:16:07 - pino - INFO - Epoch 0600 | data loss=3.287e-03 | bc loss=6.772e-04 | valid MSE=1.559e+01 | valid rel L2=2.980e-02 | pressure=1.100e-02, u=8.893e-03, v=1.609e-01 | Time: 12:05:15.891820
2026-06-30 22:28:11 - pino - INFO - Epoch 0610 | data loss=3.252e-03 | bc loss=6.921e-04 | valid MSE=1.907e+01 | valid rel L2=2.848e-02 | pressure=1.171e-02, u=1.019e-02, v=1.626e-01 | Time: 12:17:19.390591
2026-06-30 22:40:14 - pino - INFO - Epoch 0620 | data loss=3.116e-03 | bc loss=6.324e-04 | valid MSE=1.404e+01 | valid rel L2=2.737e-02 | pressure=1.077e-02, u=8.718e-03, v=1.615e-01 | Time: 12:29:21.962877
2026-06-30 22:52:16 - pino - INFO - Epoch 0630 | data loss=3.058e-03 | bc loss=6.281e-04 | valid MSE=1.396e+01 | valid rel L2=2.892e-02 | pressure=1.059e-02, u=8.856e-03, v=1.609e-01 | Time: 12:41:24.900216
2026-06-30 23:04:20 - pino - INFO - Epoch 0640 | data loss=2.992e-03 | bc loss=6.167e-04 | valid MSE=1.255e+01 | valid rel L2=2.689e-02 | pressure=1.009e-02, u=8.869e-03, v=1.594e-01 | Time: 12:53:28.556388
2026-06-30 23:16:28 - pino - INFO - Epoch 0650 | data loss=2.978e-03 | bc loss=6.016e-04 | valid MSE=1.253e+01 | valid rel L2=2.859e-02 | pressure=1.006e-02, u=8.373e-03, v=1.568e-01 | Time: 13:05:36.117629
2026-06-30 23:28:29 - pino - INFO - Epoch 0660 | data loss=2.945e-03 | bc loss=6.124e-04 | valid MSE=1.324e+01 | valid rel L2=2.661e-02 | pressure=1.053e-02, u=8.544e-03, v=1.641e-01 | Time: 13:17:37.315435
2026-06-30 23:40:31 - pino - INFO - Epoch 0670 | data loss=2.827e-03 | bc loss=5.788e-04 | valid MSE=1.122e+01 | valid rel L2=2.420e-02 | pressure=9.554e-03, u=8.217e-03, v=1.542e-01 | Time: 13:29:39.891370
2026-06-30 23:52:39 - pino - INFO - Epoch 0680 | data loss=2.839e-03 | bc loss=5.866e-04 | valid MSE=1.099e+01 | valid rel L2=2.152e-02 | pressure=9.603e-03, u=8.080e-03, v=1.548e-01 | Time: 13:41:47.838148
2026-07-01 00:04:54 - pino - INFO - Epoch 0690 | data loss=2.792e-03 | bc loss=5.713e-04 | valid MSE=1.237e+01 | valid rel L2=2.548e-02 | pressure=9.788e-03, u=8.082e-03, v=1.544e-01 | Time: 13:54:02.792852
2026-07-01 00:17:06 - pino - INFO - Epoch 0700 | data loss=2.763e-03 | bc loss=5.716e-04 | valid MSE=1.173e+01 | valid rel L2=2.451e-02 | pressure=9.790e-03, u=8.141e-03, v=1.552e-01 | Time: 14:06:14.364553
2026-07-01 00:29:14 - pino - INFO - Epoch 0710 | data loss=2.727e-03 | bc loss=5.629e-04 | valid MSE=1.018e+01 | valid rel L2=2.115e-02 | pressure=9.311e-03, u=8.017e-03, v=1.519e-01 | Time: 14:18:22.677599
2026-07-01 00:41:15 - pino - INFO - Epoch 0720 | data loss=2.687e-03 | bc loss=5.529e-04 | valid MSE=1.127e+01 | valid rel L2=2.626e-02 | pressure=9.594e-03, u=7.998e-03, v=1.557e-01 | Time: 14:30:23.116277
2026-07-01 00:53:21 - pino - INFO - Epoch 0730 | data loss=2.657e-03 | bc loss=5.467e-04 | valid MSE=1.044e+01 | valid rel L2=2.166e-02 | pressure=9.287e-03, u=7.735e-03, v=1.512e-01 | Time: 14:42:29.119591
2026-07-01 01:05:35 - pino - INFO - Epoch 0740 | data loss=2.609e-03 | bc loss=5.381e-04 | valid MSE=1.072e+01 | valid rel L2=2.467e-02 | pressure=9.519e-03, u=7.833e-03, v=1.527e-01 | Time: 14:54:43.222724
2026-07-01 01:17:39 - pino - INFO - Epoch 0750 | data loss=2.594e-03 | bc loss=5.329e-04 | valid MSE=1.036e+01 | valid rel L2=2.335e-02 | pressure=9.389e-03, u=7.849e-03, v=1.527e-01 | Time: 15:06:46.925288
2026-07-01 01:29:42 - pino - INFO - Epoch 0760 | data loss=2.560e-03 | bc loss=5.260e-04 | valid MSE=1.064e+01 | valid rel L2=2.356e-02 | pressure=9.603e-03, u=7.824e-03, v=1.532e-01 | Time: 15:18:50.090024
2026-07-01 01:41:44 - pino - INFO - Epoch 0770 | data loss=2.531e-03 | bc loss=5.202e-04 | valid MSE=9.827e+00 | valid rel L2=2.209e-02 | pressure=9.040e-03, u=7.923e-03, v=1.494e-01 | Time: 15:30:52.709956
2026-07-01 01:54:00 - pino - INFO - Epoch 0780 | data loss=2.507e-03 | bc loss=5.153e-04 | valid MSE=9.482e+00 | valid rel L2=2.015e-02 | pressure=8.994e-03, u=7.689e-03, v=1.486e-01 | Time: 15:43:08.307098
2026-07-01 02:05:59 - pino - INFO - Epoch 0790 | data loss=2.492e-03 | bc loss=5.113e-04 | valid MSE=1.002e+01 | valid rel L2=2.250e-02 | pressure=9.135e-03, u=7.773e-03, v=1.502e-01 | Time: 15:55:07.658811
2026-07-01 02:17:58 - pino - INFO - Epoch 0800 | data loss=2.449e-03 | bc loss=5.049e-04 | valid MSE=9.618e+00 | valid rel L2=2.175e-02 | pressure=9.032e-03, u=7.569e-03, v=1.490e-01 | Time: 16:07:06.297118
2026-07-01 02:30:13 - pino - INFO - Epoch 0810 | data loss=2.438e-03 | bc loss=5.017e-04 | valid MSE=9.442e+00 | valid rel L2=2.089e-02 | pressure=8.950e-03, u=7.799e-03, v=1.491e-01 | Time: 16:19:21.667873
2026-07-01 02:42:28 - pino - INFO - Epoch 0820 | data loss=2.412e-03 | bc loss=4.975e-04 | valid MSE=9.360e+00 | valid rel L2=2.130e-02 | pressure=8.890e-03, u=7.720e-03, v=1.478e-01 | Time: 16:31:36.173029
2026-07-01 02:54:39 - pino - INFO - Epoch 0830 | data loss=2.400e-03 | bc loss=4.945e-04 | valid MSE=9.089e+00 | valid rel L2=2.100e-02 | pressure=8.795e-03, u=7.514e-03, v=1.473e-01 | Time: 16:43:47.657417
2026-07-01 03:06:41 - pino - INFO - Epoch 0840 | data loss=2.382e-03 | bc loss=4.911e-04 | valid MSE=9.206e+00 | valid rel L2=2.065e-02 | pressure=8.873e-03, u=7.603e-03, v=1.477e-01 | Time: 16:55:49.739488
2026-07-01 03:18:49 - pino - INFO - Epoch 0850 | data loss=2.361e-03 | bc loss=4.879e-04 | valid MSE=9.029e+00 | valid rel L2=2.047e-02 | pressure=8.761e-03, u=7.461e-03, v=1.465e-01 | Time: 17:07:57.131538
2026-07-01 03:30:49 - pino - INFO - Epoch 0860 | data loss=2.349e-03 | bc loss=4.848e-04 | valid MSE=8.968e+00 | valid rel L2=2.011e-02 | pressure=8.767e-03, u=7.466e-03, v=1.465e-01 | Time: 17:19:57.721854
2026-07-01 03:42:52 - pino - INFO - Epoch 0870 | data loss=2.333e-03 | bc loss=4.814e-04 | valid MSE=8.968e+00 | valid rel L2=2.060e-02 | pressure=8.757e-03, u=7.452e-03, v=1.461e-01 | Time: 17:32:00.438351
2026-07-01 03:54:55 - pino - INFO - Epoch 0880 | data loss=2.321e-03 | bc loss=4.799e-04 | valid MSE=8.870e+00 | valid rel L2=2.026e-02 | pressure=8.689e-03, u=7.501e-03, v=1.460e-01 | Time: 17:44:03.092778
2026-07-01 04:07:07 - pino - INFO - Epoch 0890 | data loss=2.309e-03 | bc loss=4.771e-04 | valid MSE=8.790e+00 | valid rel L2=2.037e-02 | pressure=8.672e-03, u=7.458e-03, v=1.461e-01 | Time: 17:56:15.478179
2026-07-01 04:19:07 - pino - INFO - Epoch 0900 | data loss=2.299e-03 | bc loss=4.752e-04 | valid MSE=8.880e+00 | valid rel L2=2.068e-02 | pressure=8.749e-03, u=7.511e-03, v=1.468e-01 | Time: 18:08:15.356054
2026-07-01 04:31:11 - pino - INFO - Epoch 0910 | data loss=2.287e-03 | bc loss=4.732e-04 | valid MSE=8.772e+00 | valid rel L2=1.965e-02 | pressure=8.712e-03, u=7.468e-03, v=1.457e-01 | Time: 18:20:19.759208
2026-07-01 04:43:12 - pino - INFO - Epoch 0920 | data loss=2.279e-03 | bc loss=4.715e-04 | valid MSE=8.889e+00 | valid rel L2=2.003e-02 | pressure=8.758e-03, u=7.586e-03, v=1.463e-01 | Time: 18:32:20.895595
2026-07-01 04:55:16 - pino - INFO - Epoch 0930 | data loss=2.274e-03 | bc loss=4.699e-04 | valid MSE=8.781e+00 | valid rel L2=1.955e-02 | pressure=8.700e-03, u=7.501e-03, v=1.460e-01 | Time: 18:44:24.259818
2026-07-01 05:07:30 - pino - INFO - Epoch 0940 | data loss=2.264e-03 | bc loss=4.686e-04 | valid MSE=8.755e+00 | valid rel L2=1.974e-02 | pressure=8.668e-03, u=7.465e-03, v=1.459e-01 | Time: 18:56:37.906813
2026-07-01 05:19:46 - pino - INFO - Epoch 0950 | data loss=2.260e-03 | bc loss=4.676e-04 | valid MSE=8.624e+00 | valid rel L2=1.992e-02 | pressure=8.613e-03, u=7.460e-03, v=1.455e-01 | Time: 19:08:54.022673
2026-07-01 05:31:52 - pino - INFO - Epoch 0960 | data loss=2.256e-03 | bc loss=4.669e-04 | valid MSE=8.663e+00 | valid rel L2=1.984e-02 | pressure=8.634e-03, u=7.443e-03, v=1.455e-01 | Time: 19:20:59.930547
2026-07-01 05:44:09 - pino - INFO - Epoch 0970 | data loss=2.252e-03 | bc loss=4.662e-04 | valid MSE=8.701e+00 | valid rel L2=1.977e-02 | pressure=8.649e-03, u=7.475e-03, v=1.458e-01 | Time: 19:33:17.343642
2026-07-01 05:56:12 - pino - INFO - Epoch 0980 | data loss=2.249e-03 | bc loss=4.656e-04 | valid MSE=8.672e+00 | valid rel L2=1.967e-02 | pressure=8.644e-03, u=7.463e-03, v=1.456e-01 | Time: 19:45:20.183113
2026-07-01 06:08:21 - pino - INFO - Epoch 0990 | data loss=2.247e-03 | bc loss=4.650e-04 | valid MSE=8.653e+00 | valid rel L2=1.972e-02 | pressure=8.630e-03, u=7.463e-03, v=1.455e-01 | Time: 19:57:29.248228
2026-07-01 06:20:23 - pino - INFO - Epoch 1000 | data loss=2.247e-03 | bc loss=4.648e-04 | valid MSE=8.653e+00 | valid rel L2=1.972e-02 | pressure=8.629e-03, u=7.463e-03, v=1.455e-01 | Time: 20:09:31.030619
2026-07-01 06:20:23 - pino - INFO - Best validation MSE: 8.624138951301575
2026-07-01 06:20:23 - pino - INFO - Saved: results/062926_2/checkpoint.pt
2026-07-01 14:44:28 - pino - INFO - e976ee50-99ed-4aba-9b6b-9dcd5634d07d:IPyWidgets:8.1.8
2026-07-01 14:44:29 - pino - INFO - ['/jupyter-matplotlib/extension.js', '/jupyter-js-widgets/extension.js']
2026-07-01 16:01:28 - pino - INFO - e976ee50-99ed-4aba-9b6b-9dcd5634d07d:IPyWidgets:8.1.8
2026-07-01 16:01:30 - pino - INFO - ['/jupyter-matplotlib/extension.js', '/jupyter-js-widgets/extension.js']
2026-07-01 16:02:28 - pino - INFO - Loaded: results/062926_2/checkpoint.pt
2026-07-01 16:02:33 - pino - INFO - Total plotted points: 226750
2026-07-01 16:02:33 - pino - INFO - x range: 0.00025889184 0.99974656
2026-07-01 16:02:33 - pino - INFO - y range: -0.0030513944 0.10304933
2026-07-01 16:03:22 - pino - INFO - Total plotted points: 231436
2026-07-01 16:03:22 - pino - INFO - x range: 0.000261162 0.99975514
2026-07-01 16:03:22 - pino - INFO - y range: -0.009258175 0.1092515
2026-07-01 16:04:12 - pino - INFO - Total plotted points: 227778
2026-07-01 16:04:12 - pino - INFO - x range: 0.00025274197 0.99975055
2026-07-01 16:04:12 - pino - INFO - y range: -0.0067658536 0.10676282
2026-07-01 16:05:01 - pino - INFO - Total plotted points: 229860
2026-07-01 16:05:01 - pino - INFO - x range: 0.0002581519 0.999763
2026-07-01 16:05:01 - pino - INFO - y range: -0.008908638 0.10891137
2026-07-01 16:05:51 - pino - INFO - Total plotted points: 224914
2026-07-01 16:05:51 - pino - INFO - x range: 0.0002524659 0.9997395
2026-07-01 16:05:51 - pino - INFO - y range: -0.006514805 0.10653891
2026-07-01 16:06:39 - pino - INFO - Total plotted points: 238280
2026-07-01 16:06:39 - pino - INFO - x range: 0.00024911162 0.9997619
2026-07-01 16:06:39 - pino - INFO - y range: -0.0093276575 0.10922992
2026-07-01 16:07:30 - pino - INFO - Total plotted points: 229710
2026-07-01 16:07:30 - pino - INFO - x range: 0.0002617746 0.9997623
2026-07-01 16:07:30 - pino - INFO - y range: -0.0085939495 0.1085392
2026-07-01 16:08:19 - pino - INFO - Total plotted points: 231514
2026-07-01 16:08:19 - pino - INFO - x range: 0.00025571382 0.9997264
2026-07-01 16:08:19 - pino - INFO - y range: -0.009177938 0.1092084
2026-07-01 16:09:08 - pino - INFO - Total plotted points: 235566
2026-07-01 16:09:08 - pino - INFO - x range: 0.0002579102 0.99974144
2026-07-01 16:09:08 - pino - INFO - y range: -0.006538617 0.106529534
2026-07-01 16:09:58 - pino - INFO - Total plotted points: 233642
2026-07-01 16:09:58 - pino - INFO - x range: 0.00024732196 0.9997617
2026-07-01 16:09:58 - pino - INFO - y range: -0.0065123155 0.106518626
2026-07-01 16:10:48 - pino - INFO - Total plotted points: 237122
2026-07-01 16:10:48 - pino - INFO - x range: 0.00024595298 0.99974436
2026-07-01 16:10:48 - pino - INFO - y range: -0.008674598 0.10867029
2026-07-01 16:11:38 - pino - INFO - Total plotted points: 236006
2026-07-01 16:11:38 - pino - INFO - x range: 0.00027182323 0.9997355
2026-07-01 16:11:38 - pino - INFO - y range: -0.009074471 0.10907914
2026-07-01 16:12:29 - pino - INFO - Total plotted points: 225984
2026-07-01 16:12:29 - pino - INFO - x range: 0.00026503432 0.9997585
2026-07-01 16:12:29 - pino - INFO - y range: -0.0076950043 0.10770191
2026-07-01 16:13:17 - pino - INFO - Total plotted points: 230250
2026-07-01 16:13:17 - pino - INFO - x range: 0.00024376357 0.9997537
2026-07-01 16:13:17 - pino - INFO - y range: -0.008747838 0.108779944
2026-07-01 16:13:38 - pino - INFO - Total plotted points: 226750
2026-07-01 16:13:38 - pino - INFO - x range: 0.00025889184 0.99974656
2026-07-01 16:13:38 - pino - INFO - y range: -0.0015256972 0.101524666
2026-07-01 16:14:25 - pino - INFO - Total plotted points: 231436
2026-07-01 16:14:25 - pino - INFO - x range: 0.000261162 0.99975514
2026-07-01 16:14:25 - pino - INFO - y range: -0.0046290876 0.10462575
2026-07-01 16:15:13 - pino - INFO - Total plotted points: 227778
2026-07-01 16:15:13 - pino - INFO - x range: 0.00025274197 0.99975055
2026-07-01 16:15:13 - pino - INFO - y range: -0.0033829268 0.10338141
2026-07-01 16:16:00 - pino - INFO - Total plotted points: 229860
2026-07-01 16:16:00 - pino - INFO - x range: 0.0002581519 0.999763
2026-07-01 16:16:00 - pino - INFO - y range: -0.004454319 0.10445569
2026-07-01 16:16:48 - pino - INFO - Total plotted points: 224914
2026-07-01 16:16:48 - pino - INFO - x range: 0.0002524659 0.9997395
2026-07-01 16:16:48 - pino - INFO - y range: -0.0032574025 0.10326946
2026-07-01 16:17:34 - pino - INFO - Total plotted points: 238280
2026-07-01 16:17:34 - pino - INFO - x range: 0.00024911162 0.9997619
2026-07-01 16:17:34 - pino - INFO - y range: -0.0046638288 0.10461496
2026-07-01 16:18:23 - pino - INFO - Total plotted points: 229710
2026-07-01 16:18:23 - pino - INFO - x range: 0.0002617746 0.9997623
2026-07-01 16:18:23 - pino - INFO - y range: -0.0042969747 0.1042696
2026-07-01 16:19:09 - pino - INFO - Total plotted points: 231514
2026-07-01 16:19:09 - pino - INFO - x range: 0.00025571382 0.9997264
2026-07-01 16:19:09 - pino - INFO - y range: -0.004588969 0.1046042
2026-07-01 16:19:57 - pino - INFO - Total plotted points: 235566
2026-07-01 16:19:57 - pino - INFO - x range: 0.0002579102 0.99974144
2026-07-01 16:19:57 - pino - INFO - y range: -0.0032693085 0.103264764
2026-07-01 16:20:45 - pino - INFO - Total plotted points: 233642
2026-07-01 16:20:45 - pino - INFO - x range: 0.00024732196 0.9997617
2026-07-01 16:20:45 - pino - INFO - y range: -0.0032561577 0.10325931
2026-07-01 16:21:33 - pino - INFO - Total plotted points: 237122
2026-07-01 16:21:33 - pino - INFO - x range: 0.00024595298 0.99974436
2026-07-01 16:21:33 - pino - INFO - y range: -0.004337299 0.104335144
2026-07-01 16:22:22 - pino - INFO - Total plotted points: 236006
2026-07-01 16:22:22 - pino - INFO - x range: 0.00027182323 0.9997355
2026-07-01 16:22:22 - pino - INFO - y range: -0.0045372355 0.10453957
2026-07-01 16:23:11 - pino - INFO - Total plotted points: 225984
2026-07-01 16:23:11 - pino - INFO - x range: 0.00026503432 0.9997585
2026-07-01 16:23:11 - pino - INFO - y range: -0.0038475022 0.10385096
2026-07-01 16:23:57 - pino - INFO - Total plotted points: 230250
2026-07-01 16:23:57 - pino - INFO - x range: 0.00024376357 0.9997537
2026-07-01 16:23:57 - pino - INFO - y range: -0.004373919 0.10438997
2026-07-01 16:24:45 - pino - INFO - Total plotted points: 229924
2026-07-01 16:24:45 - pino - INFO - x range: 0.0002514766 0.9997597
2026-07-01 16:24:45 - pino - INFO - y range: -0.0026080187 0.10260725
2026-07-01 16:25:32 - pino - INFO - Total plotted points: 228196
2026-07-01 16:25:32 - pino - INFO - x range: 0.0002625722 0.9997519
2026-07-01 16:25:32 - pino - INFO - y range: -0.0033480935 0.10334091
2026-07-01 16:26:20 - pino - INFO - Total plotted points: 228924
2026-07-01 16:26:20 - pino - INFO - x range: 0.00025796617 0.9997434
2026-07-01 16:26:20 - pino - INFO - y range: -0.003335104 0.10333891
2026-07-01 16:27:07 - pino - INFO - Total plotted points: 237284
2026-07-01 16:27:07 - pino - INFO - x range: 0.00025458346 0.9997376
2026-07-01 16:27:07 - pino - INFO - y range: -0.004519782 0.10453451
2026-07-01 16:27:56 - pino - INFO - Total plotted points: 229580
2026-07-01 16:27:56 - pino - INFO - x range: 0.00024909535 0.999739
2026-07-01 16:27:56 - pino - INFO - y range: -0.0045767454 0.10457782
2026-07-01 16:28:43 - pino - INFO - Total plotted points: 229976
2026-07-01 16:28:43 - pino - INFO - x range: 0.00026124623 0.9997454
2026-07-01 16:28:43 - pino - INFO - y range: -0.0031424041 0.103144
