2026-07-01 16:59:58 - pino - INFO - Training comment
2026-07-01 16:59:58 - pino - INFO - Horizontal interface random offset 10%, 20 subdomains total
2026-07-01 16:59:58 - pino - INFO - Available cases (200):
2026-07-01 16:59:58 - pino - INFO - [0, 1, 2, 3, 4, 5, 6, 7, 8, 9, 10, 11, 12, 13, 14, 15, 16, 17, 18, 19, 20, 21, 22, 23, 24, 25, 26, 27, 28, 29, 30, 31, 32, 33, 34, 35, 36, 37, 38, 39, 40, 41, 42, 43, 44, 45, 46, 47, 48, 49, 50, 51, 52, 53, 54, 55, 56, 57, 58, 59, 60, 61, 62, 63, 64, 65, 66, 67, 68, 69, 70, 71, 72, 73, 74, 75, 76, 77, 78, 79, 80, 81, 82, 83, 84, 85, 86, 87, 88, 89, 90, 91, 92, 93, 94, 95, 96, 97, 98, 99, 100, 101, 102, 103, 104, 105, 106, 107, 108, 109, 110, 111, 112, 113, 114, 115, 116, 117, 118, 119, 120, 121, 122, 123, 124, 125, 126, 127, 128, 129, 130, 131, 132, 133, 134, 135, 136, 137, 138, 139, 140, 141, 142, 143, 144, 145, 146, 147, 148, 149, 150, 151, 152, 153, 154, 155, 156, 157, 158, 159, 160, 161, 162, 163, 164, 165, 166, 167, 168, 169, 170, 171, 172, 173, 174, 175, 176, 177, 178, 179, 180, 181, 182, 183, 184, 185, 186, 187, 188, 189, 190, 191, 192, 193, 194, 195, 196, 197, 198, 199]
2026-07-01 16:59:58 - pino - INFO - Train cases (160): ['channel_00', 'channel_01', 'channel_02', 'channel_03', 'channel_04', 'channel_05', 'channel_06', 'channel_07', 'channel_09', 'channel_10', 'channel_11', 'channel_12', 'channel_13', 'channel_14', 'channel_15', 'channel_16', 'channel_17', 'channel_19', 'channel_20', 'channel_21', 'channel_23', 'channel_24', 'channel_25', 'channel_26', 'channel_27', 'channel_29', 'channel_30', 'channel_32', 'channel_36', 'channel_38', 'channel_39', 'channel_40', 'channel_41', 'channel_42', 'channel_43', 'channel_44', 'channel_46', 'channel_47', 'channel_49', 'channel_52', 'channel_54', 'channel_55', 'channel_56', 'channel_57', 'channel_58', 'channel_59', 'channel_60', 'channel_61', 'channel_63', 'channel_64', 'channel_65', 'channel_66', 'channel_67', 'channel_68', 'channel_69', 'channel_70', 'channel_72', 'channel_73', 'channel_74', 'channel_76', 'channel_77', 'channel_78', 'channel_79', 'channel_82', 'channel_83', 'channel_84', 'channel_85', 'channel_86', 'channel_88', 'channel_91', 'channel_92', 'channel_93', 'channel_94', 'channel_95', 'channel_96', 'channel_98', 'channel_99', 'channel_100', 'channel_101', 'channel_102', 'channel_103', 'channel_104', 'channel_105', 'channel_106', 'channel_107', 'channel_108', 'channel_109', 'channel_110', 'channel_112', 'channel_113', 'channel_114', 'channel_115', 'channel_116', 'channel_119', 'channel_120', 'channel_121', 'channel_122', 'channel_123', 'channel_124', 'channel_125', 'channel_126', 'channel_127', 'channel_128', 'channel_129', 'channel_130', 'channel_131', 'channel_132', 'channel_134', 'channel_135', 'channel_136', 'channel_137', 'channel_138', 'channel_139', 'channel_140', 'channel_143', 'channel_144', 'channel_145', 'channel_146', 'channel_147', 'channel_148', 'channel_149', 'channel_150', 'channel_152', 'channel_153', 'channel_155', 'channel_156', 'channel_157', 'channel_158', 'channel_159', 'channel_160', 'channel_161', 'channel_162', 'channel_165', 'channel_166', 'channel_167', 'channel_168', 'channel_169', 'channel_170', 'channel_173', 'channel_174', 'channel_177', 'channel_178', 'channel_179', 'channel_180', 'channel_181', 'channel_182', 'channel_183', 'channel_184', 'channel_185', 'channel_186', 'channel_187', 'channel_188', 'channel_189', 'channel_190', 'channel_192', 'channel_194', 'channel_195', 'channel_196', 'channel_197', 'channel_198']
2026-07-01 16:59:58 - pino - INFO - Valid cases (20): ['channel_08', 'channel_34', 'channel_35', 'channel_37', 'channel_48', 'channel_50', 'channel_53', 'channel_62', 'channel_75', 'channel_80', 'channel_87', 'channel_141', 'channel_142', 'channel_154', 'channel_163', 'channel_164', 'channel_171', 'channel_175', 'channel_176', 'channel_191']
2026-07-01 16:59:58 - pino - INFO - Test  cases (20): ['channel_18', 'channel_22', 'channel_28', 'channel_31', 'channel_33', 'channel_45', 'channel_51', 'channel_71', 'channel_81', 'channel_89', 'channel_90', 'channel_97', 'channel_111', 'channel_117', 'channel_118', 'channel_133', 'channel_151', 'channel_172', 'channel_193', 'channel_199']
2026-07-01 17:32:22 - pino - INFO - Train samples: 3200
2026-07-01 17:32:22 - pino - INFO - Valid samples: 400
2026-07-01 17:32:22 - pino - INFO - Train branch channels: ['x_local', 'y_local', 'wall_mask', 'interface_mask', 'boundary_pressure', 'boundary_u', 'boundary_v', 'known_pressure', 'known_u', 'known_v', 'local_aspect_ratio']
2026-07-01 17:32:22 - pino - INFO - Train trunk channels: ['x_local', 'y_local']
2026-07-01 17:32:22 - pino - INFO - Output channels: ['pressure', 'u', 'v']
2026-07-01 17:32:22 - pino - INFO - Example train sample:
2026-07-01 17:32:22 - pino - INFO - branch: (1024, 11)
2026-07-01 17:32:22 - pino - INFO - query: (14314, 2)
2026-07-01 17:32:22 - pino - INFO - target: (14314, 3)
2026-07-01 17:32:22 - pino - INFO - Train cases: [0, 1, 2, 3, 4, 5, 6, 7, 9, 10, 11, 12, 13, 14, 15, 16, 17, 19, 20, 21, 23, 24, 25, 26, 27, 29, 30, 32, 36, 38, 39, 40, 41, 42, 43, 44, 46, 47, 49, 52, 54, 55, 56, 57, 58, 59, 60, 61, 63, 64, 65, 66, 67, 68, 69, 70, 72, 73, 74, 76, 77, 78, 79, 82, 83, 84, 85, 86, 88, 91, 92, 93, 94, 95, 96, 98, 99, 100, 101, 102, 103, 104, 105, 106, 107, 108, 109, 110, 112, 113, 114, 115, 116, 119, 120, 121, 122, 123, 124, 125, 126, 127, 128, 129, 130, 131, 132, 134, 135, 136, 137, 138, 139, 140, 143, 144, 145, 146, 147, 148, 149, 150, 152, 153, 155, 156, 157, 158, 159, 160, 161, 162, 165, 166, 167, 168, 169, 170, 173, 174, 177, 178, 179, 180, 181, 182, 183, 184, 185, 186, 187, 188, 189, 190, 192, 194, 195, 196, 197, 198]
2026-07-01 17:32:22 - pino - INFO - Valid cases: [8, 34, 35, 37, 48, 50, 53, 62, 75, 80, 87, 141, 142, 154, 163, 164, 171, 175, 176, 191]
2026-07-01 17:32:22 - pino - INFO - Y mean: tensor([ 6.4387e+02,  1.0012e+00, -7.9760e-06])
2026-07-01 17:32:22 - pino - INFO - Y std: tensor([4.1250e+02, 4.2776e-01, 2.2414e-02])
2026-07-01 17:32:22 - pino - INFO - local_aspect_mean: 2.0
2026-07-01 17:32:22 - pino - INFO - local_aspect_std: 1.4295940399169922
2026-07-01 17:32:23 - pino - INFO - branch batch: torch.Size([50, 1024, 11])
2026-07-01 17:32:23 - pino - INFO - query batch: torch.Size([512345, 2])
2026-07-01 17:32:23 - pino - INFO - target batch: torch.Size([512345, 3])
2026-07-01 17:32:23 - pino - INFO - query batch id: tensor(0) tensor(49)
2026-07-01 17:32:23 - pino - INFO - sample indices: tensor([2426, 1164, 1913, 2266,  493, 3116,  545, 1981, 1480, 2750, 1291,  150,
        2506, 1830, 2545, 2763, 2851, 1831, 2471, 1565, 3028, 2003,  497, 1313,
         211, 2459,  530,  803, 2195, 1419, 2346, 2093, 2935, 2445, 1322, 1937,
        1039, 1243, 2439, 1424, 2071,  418, 3024, 1224, 2239, 2868, 3074, 1273,
        2696, 3160])
2026-07-01 17:32:24 - pino - INFO - {'branch_input_dim': 11, 'trunk_input_dim': 2, 'output_channels': 3, 'latent_dim': 128, 'branch_point_hidden_dim': 128, 'branch_point_depth': 3, 'branch_global_hidden_dim': 128, 'branch_global_depth': 3, 'trunk_hidden_dim': 128, 'trunk_depth': 4, 'aggregation': 'mean', 'activation': 'gelu', 'layer_norm': False}
2026-07-01 17:32:33 - pino - INFO - Epoch 0001 | data loss=8.593e-01 | bc loss=9.415e-01 | valid MSE=2.945e+03 | valid rel L2=2.836e-01 | pressure=1.308e-01, u=3.959e-01, v=8.283e-01 | Time: 0:00:09.150985
2026-07-01 17:33:48 - pino - INFO - Epoch 0010 | data loss=1.562e-01 | bc loss=7.809e-02 | valid MSE=9.323e+02 | valid rel L2=2.329e-01 | pressure=7.003e-02, u=5.710e-02, v=6.079e-01 | Time: 0:01:24.478916
2026-07-01 17:35:12 - pino - INFO - Epoch 0020 | data loss=8.091e-02 | bc loss=3.204e-02 | valid MSE=3.573e+02 | valid rel L2=1.194e-01 | pressure=4.170e-02, u=4.545e-02, v=4.728e-01 | Time: 0:02:48.272233
2026-07-01 17:36:37 - pino - INFO - Epoch 0030 | data loss=5.352e-02 | bc loss=2.209e-02 | valid MSE=4.214e+02 | valid rel L2=1.011e-01 | pressure=4.653e-02, u=3.294e-02, v=4.029e-01 | Time: 0:04:13.043005
2026-07-01 17:38:02 - pino - INFO - Epoch 0040 | data loss=3.989e-02 | bc loss=1.677e-02 | valid MSE=4.681e+02 | valid rel L2=1.061e-01 | pressure=4.488e-02, u=3.625e-02, v=3.617e-01 | Time: 0:05:38.223765
2026-07-01 17:39:28 - pino - INFO - Epoch 0050 | data loss=2.995e-02 | bc loss=1.403e-02 | valid MSE=1.864e+02 | valid rel L2=8.978e-02 | pressure=3.184e-02, u=2.420e-02, v=3.003e-01 | Time: 0:07:03.749574
2026-07-01 17:40:54 - pino - INFO - Epoch 0060 | data loss=2.543e-02 | bc loss=1.211e-02 | valid MSE=2.548e+02 | valid rel L2=1.397e-01 | pressure=3.284e-02, u=2.741e-02, v=2.812e-01 | Time: 0:08:30.528105
2026-07-01 17:42:20 - pino - INFO - Epoch 0070 | data loss=1.929e-02 | bc loss=9.483e-03 | valid MSE=1.492e+02 | valid rel L2=7.784e-02 | pressure=2.742e-02, u=1.975e-02, v=2.384e-01 | Time: 0:09:56.571216
2026-07-01 17:43:45 - pino - INFO - Epoch 0080 | data loss=1.512e-02 | bc loss=7.156e-03 | valid MSE=1.443e+02 | valid rel L2=1.004e-01 | pressure=2.608e-02, u=1.860e-02, v=2.184e-01 | Time: 0:11:21.576696
2026-07-01 17:45:09 - pino - INFO - Epoch 0090 | data loss=1.529e-02 | bc loss=8.454e-03 | valid MSE=1.091e+02 | valid rel L2=7.594e-02 | pressure=2.315e-02, u=1.652e-02, v=2.051e-01 | Time: 0:12:44.700726
2026-07-01 17:46:31 - pino - INFO - Epoch 0100 | data loss=1.022e-02 | bc loss=5.335e-03 | valid MSE=8.424e+01 | valid rel L2=6.678e-02 | pressure=2.011e-02, u=1.660e-02, v=1.909e-01 | Time: 0:14:07.236140
2026-07-01 17:47:54 - pino - INFO - Epoch 0110 | data loss=1.435e-02 | bc loss=9.132e-03 | valid MSE=1.382e+02 | valid rel L2=1.224e-01 | pressure=2.448e-02, u=1.935e-02, v=1.789e-01 | Time: 0:15:29.637828
2026-07-01 17:49:16 - pino - INFO - Epoch 0120 | data loss=8.287e-03 | bc loss=4.597e-03 | valid MSE=1.606e+02 | valid rel L2=1.467e-01 | pressure=2.503e-02, u=1.526e-02, v=1.698e-01 | Time: 0:16:51.752837
2026-07-01 17:50:38 - pino - INFO - Epoch 0130 | data loss=7.258e-03 | bc loss=5.048e-03 | valid MSE=7.566e+01 | valid rel L2=6.585e-02 | pressure=1.902e-02, u=1.593e-02, v=1.619e-01 | Time: 0:18:13.707751
2026-07-01 17:52:02 - pino - INFO - Epoch 0140 | data loss=1.254e-02 | bc loss=7.448e-03 | valid MSE=1.572e+02 | valid rel L2=9.710e-02 | pressure=3.001e-02, u=1.708e-02, v=1.608e-01 | Time: 0:19:37.745836
2026-07-01 17:53:26 - pino - INFO - Epoch 0150 | data loss=6.437e-03 | bc loss=3.973e-03 | valid MSE=8.983e+01 | valid rel L2=8.129e-02 | pressure=2.188e-02, u=1.515e-02, v=1.491e-01 | Time: 0:21:01.972873
2026-07-01 17:54:49 - pino - INFO - Epoch 0160 | data loss=5.386e-03 | bc loss=2.901e-03 | valid MSE=5.316e+01 | valid rel L2=5.117e-02 | pressure=1.664e-02, u=1.119e-02, v=1.289e-01 | Time: 0:22:25.528031
2026-07-01 17:56:12 - pino - INFO - Epoch 0170 | data loss=5.843e-03 | bc loss=4.103e-03 | valid MSE=9.048e+01 | valid rel L2=6.732e-02 | pressure=2.025e-02, u=1.452e-02, v=1.426e-01 | Time: 0:23:47.847406
2026-07-01 17:57:34 - pino - INFO - Epoch 0180 | data loss=4.076e-03 | bc loss=2.619e-03 | valid MSE=4.103e+01 | valid rel L2=3.253e-02 | pressure=1.423e-02, u=1.050e-02, v=1.201e-01 | Time: 0:25:10.466462
2026-07-01 17:58:58 - pino - INFO - Epoch 0190 | data loss=1.179e-02 | bc loss=7.226e-03 | valid MSE=1.479e+02 | valid rel L2=7.737e-02 | pressure=3.438e-02, u=1.653e-02, v=1.358e-01 | Time: 0:26:34.021381
2026-07-01 18:00:21 - pino - INFO - Epoch 0200 | data loss=5.629e-03 | bc loss=3.536e-03 | valid MSE=6.671e+01 | valid rel L2=6.932e-02 | pressure=1.953e-02, u=1.126e-02, v=1.246e-01 | Time: 0:27:57.213269
2026-07-01 18:01:44 - pino - INFO - Epoch 0210 | data loss=3.995e-03 | bc loss=2.778e-03 | valid MSE=6.914e+01 | valid rel L2=5.576e-02 | pressure=1.798e-02, u=1.135e-02, v=1.141e-01 | Time: 0:29:19.737532
2026-07-01 18:03:07 - pino - INFO - Epoch 0220 | data loss=3.302e-03 | bc loss=2.336e-03 | valid MSE=3.642e+01 | valid rel L2=3.434e-02 | pressure=1.451e-02, u=1.195e-02, v=1.118e-01 | Time: 0:30:42.792372
2026-07-01 18:04:31 - pino - INFO - Epoch 0230 | data loss=2.691e-03 | bc loss=1.810e-03 | valid MSE=2.834e+01 | valid rel L2=3.329e-02 | pressure=1.276e-02, u=9.555e-03, v=1.044e-01 | Time: 0:32:07.296430
2026-07-01 18:05:54 - pino - INFO - Epoch 0240 | data loss=3.063e-03 | bc loss=2.065e-03 | valid MSE=3.563e+01 | valid rel L2=4.317e-02 | pressure=1.317e-02, u=1.002e-02, v=1.073e-01 | Time: 0:33:30.348450
2026-07-01 18:07:17 - pino - INFO - Epoch 0250 | data loss=3.600e-03 | bc loss=2.766e-03 | valid MSE=4.549e+01 | valid rel L2=5.649e-02 | pressure=1.408e-02, u=1.175e-02, v=9.976e-02 | Time: 0:34:52.897701
2026-07-01 18:08:39 - pino - INFO - Epoch 0260 | data loss=1.979e-03 | bc loss=1.327e-03 | valid MSE=3.355e+01 | valid rel L2=4.627e-02 | pressure=1.503e-02, u=8.384e-03, v=9.625e-02 | Time: 0:36:15.194743
2026-07-01 18:10:01 - pino - INFO - Epoch 0270 | data loss=2.437e-03 | bc loss=1.722e-03 | valid MSE=4.714e+01 | valid rel L2=7.544e-02 | pressure=1.418e-02, u=7.828e-03, v=9.301e-02 | Time: 0:37:37.240224
2026-07-01 18:11:23 - pino - INFO - Epoch 0280 | data loss=2.368e-03 | bc loss=1.670e-03 | valid MSE=6.459e+01 | valid rel L2=9.811e-02 | pressure=1.872e-02, u=1.030e-02, v=1.060e-01 | Time: 0:38:59.278606
2026-07-01 18:12:45 - pino - INFO - Epoch 0290 | data loss=2.128e-03 | bc loss=1.481e-03 | valid MSE=2.800e+01 | valid rel L2=5.072e-02 | pressure=1.172e-02, u=9.117e-03, v=9.073e-02 | Time: 0:40:21.382024
2026-07-01 18:14:09 - pino - INFO - Epoch 0300 | data loss=1.741e-03 | bc loss=1.163e-03 | valid MSE=2.468e+01 | valid rel L2=2.781e-02 | pressure=1.288e-02, u=9.627e-03, v=9.383e-02 | Time: 0:41:45.554025
2026-07-01 18:15:33 - pino - INFO - Epoch 0310 | data loss=1.955e-03 | bc loss=1.638e-03 | valid MSE=2.562e+01 | valid rel L2=3.787e-02 | pressure=1.176e-02, u=7.787e-03, v=9.112e-02 | Time: 0:43:09.334162
2026-07-01 18:16:57 - pino - INFO - Epoch 0320 | data loss=1.623e-03 | bc loss=1.183e-03 | valid MSE=2.002e+01 | valid rel L2=2.864e-02 | pressure=1.002e-02, u=7.951e-03, v=8.238e-02 | Time: 0:44:33.105871
2026-07-01 18:18:22 - pino - INFO - Epoch 0330 | data loss=1.556e-03 | bc loss=1.120e-03 | valid MSE=2.154e+01 | valid rel L2=2.487e-02 | pressure=1.055e-02, u=7.791e-03, v=8.469e-02 | Time: 0:45:58.512877
2026-07-01 18:19:47 - pino - INFO - Epoch 0340 | data loss=2.472e-03 | bc loss=1.810e-03 | valid MSE=3.290e+01 | valid rel L2=4.509e-02 | pressure=1.371e-02, u=9.090e-03, v=8.649e-02 | Time: 0:47:23.569619
2026-07-01 18:21:13 - pino - INFO - Epoch 0350 | data loss=1.498e-03 | bc loss=1.076e-03 | valid MSE=3.399e+01 | valid rel L2=5.345e-02 | pressure=1.248e-02, u=7.761e-03, v=8.030e-02 | Time: 0:48:48.870689
2026-07-01 18:22:35 - pino - INFO - Epoch 0360 | data loss=2.181e-03 | bc loss=1.660e-03 | valid MSE=7.530e+01 | valid rel L2=4.627e-02 | pressure=1.665e-02, u=1.162e-02, v=9.179e-02 | Time: 0:50:11.177621
2026-07-01 18:23:57 - pino - INFO - Epoch 0370 | data loss=1.659e-03 | bc loss=1.256e-03 | valid MSE=4.063e+01 | valid rel L2=7.549e-02 | pressure=1.314e-02, u=8.786e-03, v=8.324e-02 | Time: 0:51:33.360874
2026-07-01 18:25:20 - pino - INFO - Epoch 0380 | data loss=1.701e-03 | bc loss=1.280e-03 | valid MSE=5.364e+01 | valid rel L2=5.009e-02 | pressure=1.719e-02, u=8.821e-03, v=8.070e-02 | Time: 0:52:56.018410
2026-07-01 18:26:42 - pino - INFO - Epoch 0390 | data loss=1.313e-03 | bc loss=1.088e-03 | valid MSE=1.957e+01 | valid rel L2=3.800e-02 | pressure=9.903e-03, u=7.286e-03, v=7.357e-02 | Time: 0:54:18.262350
2026-07-01 18:28:04 - pino - INFO - Epoch 0400 | data loss=1.148e-03 | bc loss=8.088e-04 | valid MSE=1.446e+01 | valid rel L2=2.538e-02 | pressure=9.483e-03, u=5.982e-03, v=7.001e-02 | Time: 0:55:40.243454
2026-07-01 18:29:27 - pino - INFO - Epoch 0410 | data loss=1.399e-03 | bc loss=1.049e-03 | valid MSE=2.833e+01 | valid rel L2=4.405e-02 | pressure=1.251e-02, u=8.353e-03, v=7.768e-02 | Time: 0:57:03.406266
2026-07-01 18:30:51 - pino - INFO - Epoch 0420 | data loss=1.628e-03 | bc loss=1.359e-03 | valid MSE=1.925e+01 | valid rel L2=2.589e-02 | pressure=1.011e-02, u=6.647e-03, v=6.988e-02 | Time: 0:58:27.260519
2026-07-01 18:32:14 - pino - INFO - Epoch 0430 | data loss=1.075e-03 | bc loss=8.092e-04 | valid MSE=3.147e+01 | valid rel L2=3.737e-02 | pressure=1.151e-02, u=6.797e-03, v=6.878e-02 | Time: 0:59:50.466622
2026-07-01 18:33:38 - pino - INFO - Epoch 0440 | data loss=9.807e-04 | bc loss=7.103e-04 | valid MSE=1.354e+01 | valid rel L2=2.243e-02 | pressure=9.219e-03, u=5.930e-03, v=6.836e-02 | Time: 1:01:13.946279
2026-07-01 18:35:01 - pino - INFO - Epoch 0450 | data loss=3.614e-03 | bc loss=2.676e-03 | valid MSE=3.495e+01 | valid rel L2=3.657e-02 | pressure=1.269e-02, u=8.926e-03, v=8.191e-02 | Time: 1:02:37.293983
2026-07-01 18:36:26 - pino - INFO - Epoch 0460 | data loss=9.317e-04 | bc loss=7.590e-04 | valid MSE=1.572e+01 | valid rel L2=2.496e-02 | pressure=9.247e-03, u=7.193e-03, v=6.529e-02 | Time: 1:04:01.638961
2026-07-01 18:37:51 - pino - INFO - Epoch 0470 | data loss=1.246e-03 | bc loss=8.158e-04 | valid MSE=2.435e+01 | valid rel L2=5.714e-02 | pressure=1.031e-02, u=7.560e-03, v=6.913e-02 | Time: 1:05:27.086993
2026-07-01 18:39:17 - pino - INFO - Epoch 0480 | data loss=1.874e-03 | bc loss=1.255e-03 | valid MSE=4.914e+01 | valid rel L2=6.409e-02 | pressure=1.762e-02, u=9.758e-03, v=8.566e-02 | Time: 1:06:52.836444
2026-07-01 18:40:39 - pino - INFO - Epoch 0490 | data loss=8.570e-04 | bc loss=6.687e-04 | valid MSE=1.593e+01 | valid rel L2=2.731e-02 | pressure=8.423e-03, u=5.486e-03, v=6.376e-02 | Time: 1:08:15.196756
2026-07-01 18:42:05 - pino - INFO - Epoch 0500 | data loss=8.073e-04 | bc loss=6.170e-04 | valid MSE=1.226e+01 | valid rel L2=2.266e-02 | pressure=7.990e-03, u=5.711e-03, v=6.250e-02 | Time: 1:09:40.687957
2026-07-01 18:43:28 - pino - INFO - Epoch 0510 | data loss=9.369e-04 | bc loss=8.578e-04 | valid MSE=1.663e+01 | valid rel L2=2.766e-02 | pressure=9.768e-03, u=6.390e-03, v=6.691e-02 | Time: 1:11:04.246600
2026-07-01 18:44:53 - pino - INFO - Epoch 0520 | data loss=7.139e-04 | bc loss=5.979e-04 | valid MSE=8.951e+00 | valid rel L2=1.656e-02 | pressure=6.690e-03, u=7.409e-03, v=5.924e-02 | Time: 1:12:29.427085
2026-07-01 18:46:16 - pino - INFO - Epoch 0530 | data loss=7.634e-04 | bc loss=5.662e-04 | valid MSE=1.269e+01 | valid rel L2=2.010e-02 | pressure=7.752e-03, u=5.398e-03, v=6.157e-02 | Time: 1:13:52.389417
2026-07-01 18:47:42 - pino - INFO - Epoch 0540 | data loss=1.030e-03 | bc loss=8.059e-04 | valid MSE=1.213e+01 | valid rel L2=2.640e-02 | pressure=7.806e-03, u=5.321e-03, v=5.966e-02 | Time: 1:15:18.356046
2026-07-01 18:49:05 - pino - INFO - Epoch 0550 | data loss=7.040e-04 | bc loss=6.389e-04 | valid MSE=1.831e+01 | valid rel L2=3.877e-02 | pressure=1.058e-02, u=5.649e-03, v=6.245e-02 | Time: 1:16:40.894773
2026-07-01 18:50:28 - pino - INFO - Epoch 0560 | data loss=6.159e-04 | bc loss=4.906e-04 | valid MSE=1.468e+01 | valid rel L2=2.217e-02 | pressure=7.582e-03, u=5.680e-03, v=5.850e-02 | Time: 1:18:03.590012
2026-07-01 18:51:50 - pino - INFO - Epoch 0570 | data loss=7.062e-04 | bc loss=5.701e-04 | valid MSE=1.480e+01 | valid rel L2=2.886e-02 | pressure=7.901e-03, u=5.266e-03, v=5.623e-02 | Time: 1:19:26.130252
2026-07-01 18:53:13 - pino - INFO - Epoch 0580 | data loss=8.634e-04 | bc loss=6.275e-04 | valid MSE=1.593e+01 | valid rel L2=2.923e-02 | pressure=9.363e-03, u=7.023e-03, v=6.690e-02 | Time: 1:20:48.829524
2026-07-01 18:54:36 - pino - INFO - Epoch 0590 | data loss=6.422e-04 | bc loss=5.327e-04 | valid MSE=8.580e+00 | valid rel L2=1.879e-02 | pressure=6.783e-03, u=5.472e-03, v=5.579e-02 | Time: 1:22:11.627586
2026-07-01 18:55:58 - pino - INFO - Epoch 0600 | data loss=9.947e-04 | bc loss=7.560e-04 | valid MSE=1.804e+01 | valid rel L2=3.955e-02 | pressure=9.144e-03, u=7.772e-03, v=6.517e-02 | Time: 1:23:34.075932
2026-07-01 18:57:21 - pino - INFO - Epoch 0610 | data loss=5.722e-04 | bc loss=4.659e-04 | valid MSE=8.998e+00 | valid rel L2=1.832e-02 | pressure=7.216e-03, u=4.926e-03, v=5.402e-02 | Time: 1:24:57.031208
2026-07-01 18:58:43 - pino - INFO - Epoch 0620 | data loss=6.895e-04 | bc loss=6.119e-04 | valid MSE=1.255e+01 | valid rel L2=2.184e-02 | pressure=8.756e-03, u=5.046e-03, v=5.441e-02 | Time: 1:26:19.156249
2026-07-01 19:00:05 - pino - INFO - Epoch 0630 | data loss=5.727e-04 | bc loss=4.690e-04 | valid MSE=8.736e+00 | valid rel L2=1.945e-02 | pressure=6.154e-03, u=4.514e-03, v=5.184e-02 | Time: 1:27:41.283074
2026-07-01 19:01:27 - pino - INFO - Epoch 0640 | data loss=5.755e-04 | bc loss=5.582e-04 | valid MSE=7.504e+00 | valid rel L2=2.011e-02 | pressure=6.409e-03, u=4.932e-03, v=5.256e-02 | Time: 1:29:03.185815
2026-07-01 19:02:49 - pino - INFO - Epoch 0650 | data loss=4.902e-04 | bc loss=4.261e-04 | valid MSE=7.830e+00 | valid rel L2=1.586e-02 | pressure=6.048e-03, u=4.594e-03, v=5.196e-02 | Time: 1:30:25.313158
2026-07-01 19:04:12 - pino - INFO - Epoch 0660 | data loss=5.329e-04 | bc loss=4.536e-04 | valid MSE=1.065e+01 | valid rel L2=2.019e-02 | pressure=7.368e-03, u=4.820e-03, v=5.344e-02 | Time: 1:31:48.039066
2026-07-01 19:05:34 - pino - INFO - Epoch 0670 | data loss=4.679e-04 | bc loss=3.847e-04 | valid MSE=8.988e+00 | valid rel L2=2.172e-02 | pressure=6.779e-03, u=4.402e-03, v=5.106e-02 | Time: 1:33:09.909439
2026-07-01 19:06:55 - pino - INFO - Epoch 0680 | data loss=4.843e-04 | bc loss=4.132e-04 | valid MSE=7.471e+00 | valid rel L2=1.899e-02 | pressure=6.826e-03, u=4.461e-03, v=5.075e-02 | Time: 1:34:31.578015
2026-07-01 19:08:17 - pino - INFO - Epoch 0690 | data loss=4.728e-04 | bc loss=3.984e-04 | valid MSE=7.159e+00 | valid rel L2=1.882e-02 | pressure=6.082e-03, u=4.276e-03, v=4.976e-02 | Time: 1:35:53.477947
2026-07-01 19:09:39 - pino - INFO - Epoch 0700 | data loss=4.294e-04 | bc loss=3.582e-04 | valid MSE=5.802e+00 | valid rel L2=1.490e-02 | pressure=5.227e-03, u=4.238e-03, v=4.922e-02 | Time: 1:37:15.552684
2026-07-01 19:11:01 - pino - INFO - Epoch 0710 | data loss=4.258e-04 | bc loss=3.561e-04 | valid MSE=6.188e+00 | valid rel L2=1.484e-02 | pressure=5.579e-03, u=4.250e-03, v=4.953e-02 | Time: 1:38:37.547691
2026-07-01 19:12:24 - pino - INFO - Epoch 0720 | data loss=4.485e-04 | bc loss=3.722e-04 | valid MSE=5.901e+00 | valid rel L2=1.350e-02 | pressure=5.922e-03, u=4.320e-03, v=4.977e-02 | Time: 1:39:59.775264
2026-07-01 19:13:47 - pino - INFO - Epoch 0730 | data loss=4.372e-04 | bc loss=3.661e-04 | valid MSE=6.359e+00 | valid rel L2=1.814e-02 | pressure=5.647e-03, u=4.027e-03, v=4.865e-02 | Time: 1:41:22.961726
2026-07-01 19:15:10 - pino - INFO - Epoch 0740 | data loss=4.092e-04 | bc loss=3.438e-04 | valid MSE=5.989e+00 | valid rel L2=1.353e-02 | pressure=5.468e-03, u=4.131e-03, v=4.871e-02 | Time: 1:42:45.839308
2026-07-01 19:16:32 - pino - INFO - Epoch 0750 | data loss=4.305e-04 | bc loss=3.482e-04 | valid MSE=7.797e+00 | valid rel L2=1.847e-02 | pressure=5.982e-03, u=4.638e-03, v=4.947e-02 | Time: 1:44:07.977437
2026-07-01 19:17:54 - pino - INFO - Epoch 0760 | data loss=4.036e-04 | bc loss=3.361e-04 | valid MSE=5.692e+00 | valid rel L2=1.195e-02 | pressure=5.467e-03, u=3.981e-03, v=4.749e-02 | Time: 1:45:29.771587
2026-07-01 19:19:16 - pino - INFO - Epoch 0770 | data loss=3.867e-04 | bc loss=3.245e-04 | valid MSE=5.558e+00 | valid rel L2=1.301e-02 | pressure=5.436e-03, u=4.264e-03, v=4.784e-02 | Time: 1:46:51.832418
2026-07-01 19:20:38 - pino - INFO - Epoch 0780 | data loss=3.756e-04 | bc loss=3.190e-04 | valid MSE=5.818e+00 | valid rel L2=1.390e-02 | pressure=5.425e-03, u=4.127e-03, v=4.728e-02 | Time: 1:48:14.015879
2026-07-01 19:22:00 - pino - INFO - Epoch 0790 | data loss=3.773e-04 | bc loss=3.129e-04 | valid MSE=5.735e+00 | valid rel L2=1.342e-02 | pressure=5.355e-03, u=4.360e-03, v=4.717e-02 | Time: 1:49:36.107335
2026-07-01 19:23:22 - pino - INFO - Epoch 0800 | data loss=3.698e-04 | bc loss=3.087e-04 | valid MSE=5.709e+00 | valid rel L2=1.576e-02 | pressure=5.250e-03, u=3.873e-03, v=4.649e-02 | Time: 1:50:58.157454
2026-07-01 19:24:45 - pino - INFO - Epoch 0810 | data loss=3.622e-04 | bc loss=3.023e-04 | valid MSE=5.201e+00 | valid rel L2=1.423e-02 | pressure=4.900e-03, u=3.802e-03, v=4.632e-02 | Time: 1:52:20.625760
2026-07-01 19:26:06 - pino - INFO - Epoch 0820 | data loss=3.513e-04 | bc loss=2.917e-04 | valid MSE=4.864e+00 | valid rel L2=1.169e-02 | pressure=5.050e-03, u=3.856e-03, v=4.607e-02 | Time: 1:53:41.906659
2026-07-01 19:27:28 - pino - INFO - Epoch 0830 | data loss=3.471e-04 | bc loss=2.884e-04 | valid MSE=4.611e+00 | valid rel L2=1.155e-02 | pressure=4.697e-03, u=3.835e-03, v=4.621e-02 | Time: 1:55:03.594894
2026-07-01 19:28:49 - pino - INFO - Epoch 0840 | data loss=3.447e-04 | bc loss=2.859e-04 | valid MSE=4.732e+00 | valid rel L2=1.163e-02 | pressure=4.805e-03, u=3.828e-03, v=4.569e-02 | Time: 1:56:25.445133
2026-07-01 19:30:11 - pino - INFO - Epoch 0850 | data loss=3.390e-04 | bc loss=2.821e-04 | valid MSE=5.133e+00 | valid rel L2=1.179e-02 | pressure=5.087e-03, u=3.762e-03, v=4.565e-02 | Time: 1:57:47.302878
2026-07-01 19:31:33 - pino - INFO - Epoch 0860 | data loss=3.383e-04 | bc loss=2.800e-04 | valid MSE=4.497e+00 | valid rel L2=1.174e-02 | pressure=4.575e-03, u=3.756e-03, v=4.541e-02 | Time: 1:59:09.560063
2026-07-01 19:32:55 - pino - INFO - Epoch 0870 | data loss=3.345e-04 | bc loss=2.779e-04 | valid MSE=4.812e+00 | valid rel L2=1.178e-02 | pressure=4.695e-03, u=3.735e-03, v=4.540e-02 | Time: 2:00:31.177548
2026-07-01 19:34:17 - pino - INFO - Epoch 0880 | data loss=3.293e-04 | bc loss=2.743e-04 | valid MSE=4.581e+00 | valid rel L2=1.067e-02 | pressure=4.886e-03, u=3.675e-03, v=4.528e-02 | Time: 2:01:52.647705
2026-07-01 19:35:38 - pino - INFO - Epoch 0890 | data loss=3.276e-04 | bc loss=2.704e-04 | valid MSE=4.359e+00 | valid rel L2=1.094e-02 | pressure=4.511e-03, u=3.689e-03, v=4.524e-02 | Time: 2:03:14.030754
2026-07-01 19:36:59 - pino - INFO - Epoch 0900 | data loss=3.238e-04 | bc loss=2.680e-04 | valid MSE=4.531e+00 | valid rel L2=1.084e-02 | pressure=4.694e-03, u=3.683e-03, v=4.509e-02 | Time: 2:04:35.582041
2026-07-01 19:38:22 - pino - INFO - Epoch 0910 | data loss=3.231e-04 | bc loss=2.663e-04 | valid MSE=4.441e+00 | valid rel L2=1.163e-02 | pressure=4.578e-03, u=3.681e-03, v=4.487e-02 | Time: 2:05:57.778970
2026-07-01 19:39:43 - pino - INFO - Epoch 0920 | data loss=3.213e-04 | bc loss=2.649e-04 | valid MSE=4.469e+00 | valid rel L2=1.055e-02 | pressure=4.700e-03, u=3.679e-03, v=4.503e-02 | Time: 2:07:19.356475
2026-07-01 19:41:05 - pino - INFO - Epoch 0930 | data loss=3.184e-04 | bc loss=2.635e-04 | valid MSE=4.337e+00 | valid rel L2=1.060e-02 | pressure=4.508e-03, u=3.674e-03, v=4.485e-02 | Time: 2:08:41.383502
2026-07-01 19:42:27 - pino - INFO - Epoch 0940 | data loss=3.175e-04 | bc loss=2.616e-04 | valid MSE=4.349e+00 | valid rel L2=1.135e-02 | pressure=4.555e-03, u=3.648e-03, v=4.475e-02 | Time: 2:10:02.987720
2026-07-01 19:43:49 - pino - INFO - Epoch 0950 | data loss=3.162e-04 | bc loss=2.606e-04 | valid MSE=4.481e+00 | valid rel L2=1.074e-02 | pressure=4.716e-03, u=3.638e-03, v=4.475e-02 | Time: 2:11:25.215614
2026-07-01 19:45:12 - pino - INFO - Epoch 0960 | data loss=3.148e-04 | bc loss=2.597e-04 | valid MSE=4.329e+00 | valid rel L2=1.077e-02 | pressure=4.533e-03, u=3.642e-03, v=4.472e-02 | Time: 2:12:47.762028
2026-07-01 19:46:34 - pino - INFO - Epoch 0970 | data loss=3.143e-04 | bc loss=2.586e-04 | valid MSE=4.351e+00 | valid rel L2=1.059e-02 | pressure=4.541e-03, u=3.642e-03, v=4.473e-02 | Time: 2:14:10.389900
2026-07-01 19:47:56 - pino - INFO - Epoch 0980 | data loss=3.138e-04 | bc loss=2.581e-04 | valid MSE=4.329e+00 | valid rel L2=1.063e-02 | pressure=4.572e-03, u=3.629e-03, v=4.468e-02 | Time: 2:15:32.535161
2026-07-01 19:49:18 - pino - INFO - Epoch 0990 | data loss=3.133e-04 | bc loss=2.578e-04 | valid MSE=4.320e+00 | valid rel L2=1.060e-02 | pressure=4.558e-03, u=3.631e-03, v=4.468e-02 | Time: 2:16:54.340239
2026-07-01 19:50:40 - pino - INFO - Epoch 1000 | data loss=3.131e-04 | bc loss=2.576e-04 | valid MSE=4.318e+00 | valid rel L2=1.059e-02 | pressure=4.557e-03, u=3.632e-03, v=4.468e-02 | Time: 2:18:16.344113
2026-07-01 19:50:40 - pino - INFO - Best validation MSE: 4.275239482522011
2026-07-01 19:50:40 - pino - INFO - Saved: results/070126_1/checkpoint.pt
2026-07-01 19:50:42 - pino - INFO - Loaded: results/070126_1/checkpoint.pt
2026-07-01 19:50:42 - pino - INFO - Total plotted points: 226750
2026-07-01 19:50:42 - pino - INFO - x range: 0.00025889184 0.99974656
2026-07-01 19:50:42 - pino - INFO - y range: -0.0015256972 0.101524666
2026-07-01 19:51:28 - pino - INFO - Total plotted points: 237122
2026-07-01 19:51:28 - pino - INFO - x range: 0.00024595298 0.9997443
2026-07-01 19:51:28 - pino - INFO - y range: -0.004337299 0.104335144
2026-07-01 19:52:16 - pino - INFO - Total plotted points: 236006
2026-07-01 19:52:16 - pino - INFO - x range: 0.00027182326 0.99973553
2026-07-01 19:52:16 - pino - INFO - y range: -0.0045372355 0.10453957
2026-07-01 19:53:04 - pino - INFO - Total plotted points: 225984
2026-07-01 19:53:04 - pino - INFO - x range: 0.00026503435 0.99975854
2026-07-01 19:53:04 - pino - INFO - y range: -0.0038475022 0.10385096
2026-07-01 19:53:49 - pino - INFO - Total plotted points: 230250
2026-07-01 19:53:49 - pino - INFO - x range: 0.00024376356 0.9997537
2026-07-01 19:53:49 - pino - INFO - y range: -0.004373919 0.10438997
2026-07-01 19:54:36 - pino - INFO - Total plotted points: 229924
2026-07-01 19:54:36 - pino - INFO - x range: 0.0002514766 0.99975973
2026-07-01 19:54:36 - pino - INFO - y range: -0.0026080187 0.10260725
2026-07-01 19:55:22 - pino - INFO - Total plotted points: 228196
2026-07-01 19:55:22 - pino - INFO - x range: 0.0002625722 0.9997519
2026-07-01 19:55:22 - pino - INFO - y range: -0.0033480935 0.10334091
2026-07-01 19:56:09 - pino - INFO - Total plotted points: 228924
2026-07-01 19:56:09 - pino - INFO - x range: 0.00025796614 0.99974346
2026-07-01 19:56:09 - pino - INFO - y range: -0.003335104 0.10333891
2026-07-01 19:56:55 - pino - INFO - Total plotted points: 237284
2026-07-01 19:56:55 - pino - INFO - x range: 0.00025458346 0.9997377
2026-07-01 19:56:55 - pino - INFO - y range: -0.004519782 0.10453451
2026-07-01 19:57:43 - pino - INFO - Total plotted points: 229580
2026-07-01 19:57:43 - pino - INFO - x range: 0.00024909535 0.999739
2026-07-01 19:57:43 - pino - INFO - y range: -0.0045767454 0.10457782
2026-07-01 19:58:30 - pino - INFO - Total plotted points: 229976
2026-07-01 19:58:30 - pino - INFO - x range: 0.00026124623 0.9997454
2026-07-01 19:58:30 - pino - INFO - y range: -0.0031424041 0.103144
2026-07-01 19:59:17 - pino - INFO - Total plotted points: 231436
2026-07-01 19:59:17 - pino - INFO - x range: 0.000261162 0.99975514
2026-07-01 19:59:17 - pino - INFO - y range: -0.0046290876 0.10462575
2026-07-01 20:00:05 - pino - INFO - Total plotted points: 227778
2026-07-01 20:00:05 - pino - INFO - x range: 0.00025274197 0.99975055
2026-07-01 20:00:05 - pino - INFO - y range: -0.0033829268 0.10338141
2026-07-01 20:00:51 - pino - INFO - Total plotted points: 229860
2026-07-01 20:00:51 - pino - INFO - x range: 0.00025815194 0.9997631
2026-07-01 20:00:51 - pino - INFO - y range: -0.004454319 0.10445569
2026-07-01 20:01:38 - pino - INFO - Total plotted points: 224914
2026-07-01 20:01:38 - pino - INFO - x range: 0.00025246586 0.9997395
2026-07-01 20:01:38 - pino - INFO - y range: -0.0032574025 0.10326946
2026-07-01 20:02:24 - pino - INFO - Total plotted points: 238280
2026-07-01 20:02:24 - pino - INFO - x range: 0.00024911162 0.9997619
2026-07-01 20:02:24 - pino - INFO - y range: -0.0046638288 0.10461496
2026-07-01 20:03:12 - pino - INFO - Total plotted points: 229710
2026-07-01 20:03:12 - pino - INFO - x range: 0.0002617746 0.9997623
2026-07-01 20:03:12 - pino - INFO - y range: -0.0042969747 0.1042696
2026-07-01 20:03:59 - pino - INFO - Total plotted points: 231514
2026-07-01 20:03:59 - pino - INFO - x range: 0.00025571382 0.9997264
2026-07-01 20:03:59 - pino - INFO - y range: -0.004588969 0.1046042
2026-07-01 20:04:46 - pino - INFO - Total plotted points: 235566
2026-07-01 20:04:46 - pino - INFO - x range: 0.00025791017 0.99974144
2026-07-01 20:04:46 - pino - INFO - y range: -0.0032693085 0.103264764
2026-07-01 20:05:34 - pino - INFO - Total plotted points: 233642
2026-07-01 20:05:34 - pino - INFO - x range: 0.00024732194 0.99976164
2026-07-01 20:05:34 - pino - INFO - y range: -0.0032561577 0.10325931
2026-07-01 20:09:56 - pino - INFO - Test samples: 400
2026-07-01 20:09:56 - pino - INFO - Test cases: [18, 22, 28, 31, 33, 45, 51, 71, 81, 89, 90, 97, 111, 117, 118, 133, 151, 172, 193, 199]
2026-07-01 20:09:56 - pino - INFO - Total plotted points: 240746
2026-07-01 20:09:56 - pino - INFO - x range: 0.00026093746 0.9997381
2026-07-01 20:09:56 - pino - INFO - y range: -0.0032173737 0.103217304
2026-07-01 20:09:56 - pino - INFO - Test case channel_18 rel l2: [0.0189537  0.01241334 0.09598096]
2026-07-01 20:09:56 - pino - INFO - Test case channel_18 overall avg rel L2: 4.245e-02
2026-07-01 20:09:56 - pino - INFO - Test case channel_18 max field err: [1.4278979e+02 1.6479081e-01 4.8042953e-02]
2026-07-01 20:10:45 - pino - INFO - Total plotted points: 226940
2026-07-01 20:10:45 - pino - INFO - x range: 0.00024718881 0.99974114
2026-07-01 20:10:45 - pino - INFO - y range: -0.0022469538 0.10224442
2026-07-01 20:10:45 - pino - INFO - Test case channel_22 rel l2: [0.00261096 0.0022925  0.02481098]
2026-07-01 20:10:45 - pino - INFO - Test case channel_22 overall avg rel L2: 9.905e-03
2026-07-01 20:10:45 - pino - INFO - Test case channel_22 max field err: [2.2967188e+02 1.9037557e-01 4.3023765e-02]
2026-07-01 20:11:31 - pino - INFO - Total plotted points: 231186
2026-07-01 20:11:31 - pino - INFO - x range: 0.0002531517 0.9997418
2026-07-01 20:11:31 - pino - INFO - y range: -0.0042465804 0.10421724
2026-07-01 20:11:31 - pino - INFO - Test case channel_28 rel l2: [0.0077135  0.00741162 0.09902056]
2026-07-01 20:11:31 - pino - INFO - Test case channel_28 overall avg rel L2: 3.805e-02
2026-07-01 20:11:31 - pino - INFO - Test case channel_28 max field err: [6.6205493e+02 2.0900318e-01 1.1976595e-01]
2026-07-01 20:12:18 - pino - INFO - Total plotted points: 228072
2026-07-01 20:12:18 - pino - INFO - x range: 0.00025701115 0.9997439
2026-07-01 20:12:18 - pino - INFO - y range: -0.0015170992 0.1015051
2026-07-01 20:12:18 - pino - INFO - Test case channel_31 rel l2: [0.0027223  0.00237355 0.0231115 ]
2026-07-01 20:12:18 - pino - INFO - Test case channel_31 overall avg rel L2: 9.402e-03
2026-07-01 20:12:18 - pino - INFO - Test case channel_31 max field err: [2.0443555e+02 1.5881848e-01 7.5690418e-02]
2026-07-01 20:13:04 - pino - INFO - Total plotted points: 228508
2026-07-01 20:13:04 - pino - INFO - x range: 0.00027316585 0.9997598
2026-07-01 20:13:04 - pino - INFO - y range: -0.0026329514 0.102639794
2026-07-01 20:13:04 - pino - INFO - Test case channel_33 rel l2: [0.00312191 0.0024796  0.02832319]
2026-07-01 20:13:04 - pino - INFO - Test case channel_33 overall avg rel L2: 1.131e-02
2026-07-01 20:13:04 - pino - INFO - Test case channel_33 max field err: [2.2372900e+02 1.7263097e-01 6.0816020e-02]
2026-07-01 20:13:51 - pino - INFO - Total plotted points: 230606
2026-07-01 20:13:51 - pino - INFO - x range: 0.00025092397 0.99975616
2026-07-01 20:13:51 - pino - INFO - y range: -0.0021400684 0.102146626
2026-07-01 20:13:51 - pino - INFO - Test case channel_45 rel l2: [0.00246475 0.002794   0.0278807 ]
2026-07-01 20:13:51 - pino - INFO - Test case channel_45 overall avg rel L2: 1.105e-02
2026-07-01 20:13:51 - pino - INFO - Test case channel_45 max field err: [1.7898389e+02 1.2844914e-01 3.4759715e-02]
2026-07-01 20:14:38 - pino - INFO - Total plotted points: 237846
2026-07-01 20:14:38 - pino - INFO - x range: 0.00027120538 0.9997467
2026-07-01 20:14:38 - pino - INFO - y range: -0.0039959876 0.104003444
2026-07-01 20:14:38 - pino - INFO - Test case channel_51 rel l2: [0.002825   0.0023861  0.02965466]
2026-07-01 20:14:38 - pino - INFO - Test case channel_51 overall avg rel L2: 1.162e-02
2026-07-01 20:14:38 - pino - INFO - Test case channel_51 max field err: [2.0558154e+02 1.8334681e-01 3.3471778e-02]
2026-07-01 20:15:26 - pino - INFO - Total plotted points: 230524
2026-07-01 20:15:26 - pino - INFO - x range: 0.0002614303 0.9997509
2026-07-01 20:15:26 - pino - INFO - y range: -0.0041358327 0.10413611
2026-07-01 20:15:26 - pino - INFO - Test case channel_71 rel l2: [0.00808863 0.00573835 0.04940546]
2026-07-01 20:15:26 - pino - INFO - Test case channel_71 overall avg rel L2: 2.108e-02
2026-07-01 20:15:26 - pino - INFO - Test case channel_71 max field err: [1.3603076e+02 1.1969328e-01 3.4988642e-02]
2026-07-01 20:16:14 - pino - INFO - Total plotted points: 231878
2026-07-01 20:16:14 - pino - INFO - x range: 0.00024993607 0.99974436
2026-07-01 20:16:14 - pino - INFO - y range: -0.0026193045 0.10262053
2026-07-01 20:16:14 - pino - INFO - Test case channel_81 rel l2: [0.00904594 0.00527237 0.06138878]
2026-07-01 20:16:14 - pino - INFO - Test case channel_81 overall avg rel L2: 2.524e-02
2026-07-01 20:16:14 - pino - INFO - Test case channel_81 max field err: [6.4939990e+02 1.8092084e-01 1.0720362e-01]
2026-07-01 20:17:01 - pino - INFO - Total plotted points: 224802
2026-07-01 20:17:01 - pino - INFO - x range: 0.0002613183 0.999745
2026-07-01 20:17:01 - pino - INFO - y range: -0.0036525235 0.10365243
2026-07-01 20:17:01 - pino - INFO - Test case channel_89 rel l2: [0.00345965 0.00400419 0.04021329]
2026-07-01 20:17:01 - pino - INFO - Test case channel_89 overall avg rel L2: 1.589e-02
2026-07-01 20:17:01 - pino - INFO - Test case channel_89 max field err: [1.5486499e+02 1.3530648e-01 3.9040476e-02]
2026-07-01 20:17:48 - pino - INFO - Total plotted points: 234938
2026-07-01 20:17:48 - pino - INFO - x range: 0.00025784556 0.9997471
2026-07-01 20:17:48 - pino - INFO - y range: -0.004158475 0.10416145
2026-07-01 20:17:48 - pino - INFO - Test case channel_90 rel l2: [0.0039558  0.0038092  0.02793468]
2026-07-01 20:17:48 - pino - INFO - Test case channel_90 overall avg rel L2: 1.190e-02
2026-07-01 20:17:48 - pino - INFO - Test case channel_90 max field err: [2.4121826e+02 1.3303578e-01 5.3677291e-02]
2026-07-01 20:18:36 - pino - INFO - Total plotted points: 225946
2026-07-01 20:18:36 - pino - INFO - x range: 0.00025748738 0.99974716
2026-07-01 20:18:36 - pino - INFO - y range: -0.0038637233 0.10386954
2026-07-01 20:18:36 - pino - INFO - Test case channel_97 rel l2: [0.00256766 0.00234542 0.02530679]
2026-07-01 20:18:36 - pino - INFO - Test case channel_97 overall avg rel L2: 1.007e-02
2026-07-01 20:18:36 - pino - INFO - Test case channel_97 max field err: [2.0525708e+02 1.3195914e-01 3.7137907e-02]
2026-07-01 20:19:22 - pino - INFO - Total plotted points: 233510
2026-07-01 20:19:22 - pino - INFO - x range: 0.0002549838 0.99972945
2026-07-01 20:19:22 - pino - INFO - y range: -0.0042605735 0.10426219
2026-07-01 20:19:22 - pino - INFO - Test case channel_111 rel l2: [0.0038009  0.00322581 0.03846539]
2026-07-01 20:19:22 - pino - INFO - Test case channel_111 overall avg rel L2: 1.516e-02
2026-07-01 20:19:22 - pino - INFO - Test case channel_111 max field err: [6.8146729e+02 2.2099292e-01 1.4827332e-01]
2026-07-01 20:20:10 - pino - INFO - Total plotted points: 234538
2026-07-01 20:20:10 - pino - INFO - x range: 0.00026474 0.9997402
2026-07-01 20:20:10 - pino - INFO - y range: -0.004268221 0.10428132
2026-07-01 20:20:10 - pino - INFO - Test case channel_117 rel l2: [0.00368511 0.00298533 0.02437046]
2026-07-01 20:20:10 - pino - INFO - Test case channel_117 overall avg rel L2: 1.035e-02
2026-07-01 20:20:10 - pino - INFO - Test case channel_117 max field err: [1.6648486e+02 1.9961268e-01 4.0116429e-02]
2026-07-01 20:20:58 - pino - INFO - Total plotted points: 235826
2026-07-01 20:20:58 - pino - INFO - x range: 0.0002586868 0.9997418
2026-07-01 20:20:58 - pino - INFO - y range: -0.004024768 0.10401685
2026-07-01 20:20:58 - pino - INFO - Test case channel_118 rel l2: [0.00236693 0.00284047 0.02614543]
2026-07-01 20:20:58 - pino - INFO - Test case channel_118 overall avg rel L2: 1.045e-02
2026-07-01 20:20:58 - pino - INFO - Test case channel_118 max field err: [1.9712134e+02 1.6887617e-01 2.8956637e-02]
2026-07-01 20:21:47 - pino - INFO - Total plotted points: 233568
2026-07-01 20:21:47 - pino - INFO - x range: 0.00025344425 0.9997395
2026-07-01 20:21:47 - pino - INFO - y range: -0.003658202 0.1036609
2026-07-01 20:21:47 - pino - INFO - Test case channel_133 rel l2: [0.00648744 0.00413068 0.08573999]
2026-07-01 20:21:47 - pino - INFO - Test case channel_133 overall avg rel L2: 3.212e-02
2026-07-01 20:21:47 - pino - INFO - Test case channel_133 max field err: [1.0344663e+03 2.0767301e-01 1.8933435e-01]
2026-07-01 20:22:35 - pino - INFO - Total plotted points: 235468
2026-07-01 20:22:35 - pino - INFO - x range: 0.00024599387 0.99973375
2026-07-01 20:22:35 - pino - INFO - y range: -0.0039148796 0.10391728
2026-07-01 20:22:35 - pino - INFO - Test case channel_151 rel l2: [0.00323013 0.00258993 0.03106501]
2026-07-01 20:22:35 - pino - INFO - Test case channel_151 overall avg rel L2: 1.230e-02
2026-07-01 20:22:35 - pino - INFO - Test case channel_151 max field err: [1.7152905e+02 1.9203383e-01 4.2037576e-02]
2026-07-01 20:23:23 - pino - INFO - Total plotted points: 234412
2026-07-01 20:23:23 - pino - INFO - x range: 0.0002758262 0.9997393
2026-07-01 20:23:23 - pino - INFO - y range: -0.004425013 0.10442538
2026-07-01 20:23:23 - pino - INFO - Test case channel_172 rel l2: [0.00224957 0.00298963 0.0359307 ]
2026-07-01 20:23:23 - pino - INFO - Test case channel_172 overall avg rel L2: 1.372e-02
2026-07-01 20:23:23 - pino - INFO - Test case channel_172 max field err: [2.1309497e+02 1.6637498e-01 4.9677178e-02]
2026-07-01 20:24:11 - pino - INFO - Total plotted points: 235380
2026-07-01 20:24:11 - pino - INFO - x range: 0.00024300088 0.9997446
2026-07-01 20:24:11 - pino - INFO - y range: -0.0043047713 0.104306206
2026-07-01 20:24:11 - pino - INFO - Test case channel_193 rel l2: [0.00243932 0.00224586 0.02052996]
2026-07-01 20:24:11 - pino - INFO - Test case channel_193 overall avg rel L2: 8.405e-03
2026-07-01 20:24:11 - pino - INFO - Test case channel_193 max field err: [1.9887842e+02 1.5964860e-01 5.2737668e-02]
2026-07-01 20:24:59 - pino - INFO - Total plotted points: 230012
2026-07-01 20:24:59 - pino - INFO - x range: 0.0002561938 0.99974436
2026-07-01 20:24:59 - pino - INFO - y range: -0.0039856303 0.10399592
2026-07-01 20:24:59 - pino - INFO - Test case channel_199 rel l2: [0.00433818 0.00364269 0.03128929]
2026-07-01 20:24:59 - pino - INFO - Test case channel_199 overall avg rel L2: 1.309e-02
2026-07-01 20:24:59 - pino - INFO - Test case channel_199 max field err: [1.68885498e+02 1.18012846e-01 4.72283661e-02]
2026-07-06 17:32:03 - pino - INFO - e976ee50-99ed-4aba-9b6b-9dcd5634d07d:IPyWidgets:8.1.8
2026-07-06 17:32:03 - pino - INFO - ['/jupyter-matplotlib/extension.js', '/jupyter-js-widgets/extension.js']
2026-07-06 17:39:44 - pino - INFO - e976ee50-99ed-4aba-9b6b-9dcd5634d07d:IPyWidgets:8.1.8
2026-07-06 17:39:44 - pino - INFO - Device: cuda:0
2026-07-06 17:39:44 - pino - INFO - ['/jupyter-matplotlib/extension.js', '/jupyter-js-widgets/extension.js']
