2026-06-09 18:46:51 - pino - INFO - Training comment
2026-06-09 18:46:51 - pino - INFO - 200 cases 10 realizations 10k epochs
2026-06-09 18:46:51 - pino - INFO - Available cases (200):
2026-06-09 18:46:51 - pino - INFO - [0, 1, 2, 3, 4, 5, 6, 7, 8, 9, 10, 11, 12, 13, 14, 15, 16, 17, 18, 19, 20, 21, 22, 23, 24, 25, 26, 27, 28, 29, 30, 31, 32, 33, 34, 35, 36, 37, 38, 39, 40, 41, 42, 43, 44, 45, 46, 47, 48, 49, 50, 51, 52, 53, 54, 55, 56, 57, 58, 59, 60, 61, 62, 63, 64, 65, 66, 67, 68, 69, 70, 71, 72, 73, 74, 75, 76, 77, 78, 79, 80, 81, 82, 83, 84, 85, 86, 87, 88, 89, 90, 91, 92, 93, 94, 95, 96, 97, 98, 99, 100, 101, 102, 103, 104, 105, 106, 107, 108, 109, 110, 111, 112, 113, 114, 115, 116, 117, 118, 119, 120, 121, 122, 123, 124, 125, 126, 127, 128, 129, 130, 131, 132, 133, 134, 135, 136, 137, 138, 139, 140, 141, 142, 143, 144, 145, 146, 147, 148, 149, 150, 151, 152, 153, 154, 155, 156, 157, 158, 159, 160, 161, 162, 163, 164, 165, 166, 167, 168, 169, 170, 171, 172, 173, 174, 175, 176, 177, 178, 179, 180, 181, 182, 183, 184, 185, 186, 187, 188, 189, 190, 191, 192, 193, 194, 195, 196, 197, 198, 199]
2026-06-09 18:46:51 - pino - INFO - Train cases (160): ['channel_00', 'channel_01', 'channel_02', 'channel_03', 'channel_04', 'channel_05', 'channel_06', 'channel_07', 'channel_09', 'channel_10', 'channel_100', 'channel_101', 'channel_102', 'channel_103', 'channel_104', 'channel_105', 'channel_106', 'channel_107', 'channel_108', 'channel_109', 'channel_11', 'channel_110', 'channel_112', 'channel_113', 'channel_114', 'channel_115', 'channel_116', 'channel_119', 'channel_12', 'channel_120', 'channel_121', 'channel_122', 'channel_123', 'channel_124', 'channel_125', 'channel_126', 'channel_127', 'channel_128', 'channel_129', 'channel_13', 'channel_130', 'channel_131', 'channel_132', 'channel_134', 'channel_135', 'channel_136', 'channel_137', 'channel_138', 'channel_139', 'channel_14', 'channel_140', 'channel_143', 'channel_144', 'channel_145', 'channel_146', 'channel_147', 'channel_148', 'channel_149', 'channel_15', 'channel_150', 'channel_152', 'channel_153', 'channel_155', 'channel_156', 'channel_157', 'channel_158', 'channel_159', 'channel_16', 'channel_160', 'channel_161', 'channel_162', 'channel_165', 'channel_166', 'channel_167', 'channel_168', 'channel_169', 'channel_17', 'channel_170', 'channel_173', 'channel_174', 'channel_177', 'channel_178', 'channel_179', 'channel_180', 'channel_181', 'channel_182', 'channel_183', 'channel_184', 'channel_185', 'channel_186', 'channel_187', 'channel_188', 'channel_189', 'channel_19', 'channel_190', 'channel_192', 'channel_194', 'channel_195', 'channel_196', 'channel_197', 'channel_198', 'channel_20', 'channel_21', 'channel_23', 'channel_24', 'channel_25', 'channel_26', 'channel_27', 'channel_29', 'channel_30', 'channel_32', 'channel_36', 'channel_38', 'channel_39', 'channel_40', 'channel_41', 'channel_42', 'channel_43', 'channel_44', 'channel_46', 'channel_47', 'channel_49', 'channel_52', 'channel_54', 'channel_55', 'channel_56', 'channel_57', 'channel_58', 'channel_59', 'channel_60', 'channel_61', 'channel_63', 'channel_64', 'channel_65', 'channel_66', 'channel_67', 'channel_68', 'channel_69', 'channel_70', 'channel_72', 'channel_73', 'channel_74', 'channel_76', 'channel_77', 'channel_78', 'channel_79', 'channel_82', 'channel_83', 'channel_84', 'channel_85', 'channel_86', 'channel_88', 'channel_91', 'channel_92', 'channel_93', 'channel_94', 'channel_95', 'channel_96', 'channel_98', 'channel_99']
2026-06-09 18:46:51 - pino - INFO - Valid cases (20): ['channel_08', 'channel_141', 'channel_142', 'channel_154', 'channel_163', 'channel_164', 'channel_171', 'channel_175', 'channel_176', 'channel_191', 'channel_34', 'channel_35', 'channel_37', 'channel_48', 'channel_50', 'channel_53', 'channel_62', 'channel_75', 'channel_80', 'channel_87']
2026-06-09 18:46:51 - pino - INFO - Test  cases (20): ['channel_111', 'channel_117', 'channel_118', 'channel_133', 'channel_151', 'channel_172', 'channel_18', 'channel_193', 'channel_199', 'channel_22', 'channel_28', 'channel_31', 'channel_33', 'channel_45', 'channel_51', 'channel_71', 'channel_81', 'channel_89', 'channel_90', 'channel_97']
2026-06-10 00:31:03 - pino - INFO - Train samples: 16000
2026-06-10 00:31:03 - pino - INFO - Valid samples: 200
2026-06-10 00:31:03 - pino - INFO - Train branch channels: ['x_local', 'y_local', 'wall_mask', 'interface_mask', 'boundary_pressure', 'boundary_u', 'boundary_v', 'known_pressure', 'known_u', 'known_v', 'local_aspect_ratio']
2026-06-10 00:31:03 - pino - INFO - Train trunk channels: ['x_local', 'y_local']
2026-06-10 00:31:03 - pino - INFO - Output channels: ['pressure', 'u', 'v']
2026-06-10 00:31:03 - pino - INFO - Example train sample:
2026-06-10 00:31:03 - pino - INFO - branch: (1024, 11)
2026-06-10 00:31:03 - pino - INFO - query: (12268, 2)
2026-06-10 00:31:03 - pino - INFO - target: (12268, 3)
2026-06-10 00:31:03 - pino - INFO - Train cases: [0, 1, 2, 3, 4, 5, 6, 7, 9, 10, 11, 12, 13, 14, 15, 16, 17, 19, 20, 21, 23, 24, 25, 26, 27, 29, 30, 32, 36, 38, 39, 40, 41, 42, 43, 44, 46, 47, 49, 52, 54, 55, 56, 57, 58, 59, 60, 61, 63, 64, 65, 66, 67, 68, 69, 70, 72, 73, 74, 76, 77, 78, 79, 82, 83, 84, 85, 86, 88, 91, 92, 93, 94, 95, 96, 98, 99, 100, 101, 102, 103, 104, 105, 106, 107, 108, 109, 110, 112, 113, 114, 115, 116, 119, 120, 121, 122, 123, 124, 125, 126, 127, 128, 129, 130, 131, 132, 134, 135, 136, 137, 138, 139, 140, 143, 144, 145, 146, 147, 148, 149, 150, 152, 153, 155, 156, 157, 158, 159, 160, 161, 162, 165, 166, 167, 168, 169, 170, 173, 174, 177, 178, 179, 180, 181, 182, 183, 184, 185, 186, 187, 188, 189, 190, 192, 194, 195, 196, 197, 198]
2026-06-10 00:31:03 - pino - INFO - Valid cases: [8, 34, 35, 37, 48, 50, 53, 62, 75, 80, 87, 141, 142, 154, 163, 164, 171, 175, 176, 191]
2026-06-10 00:31:11 - pino - INFO - Y mean: tensor([ 6.4387e+02,  1.0012e+00, -7.9760e-06])
2026-06-10 00:31:11 - pino - INFO - Y std: tensor([4.1250e+02, 4.2776e-01, 2.2414e-02])
2026-06-10 00:31:11 - pino - INFO - local_aspect_mean: 1.0
2026-06-10 00:31:11 - pino - INFO - local_aspect_std: 0.8169518709182739
2026-06-10 00:31:12 - pino - INFO - branch batch: torch.Size([50, 1024, 11])
2026-06-10 00:31:12 - pino - INFO - query batch: torch.Size([1255788, 2])
2026-06-10 00:31:12 - pino - INFO - target batch: torch.Size([1255788, 3])
2026-06-10 00:31:12 - pino - INFO - query batch id: tensor(0) tensor(49)
2026-06-10 00:31:12 - pino - INFO - sample indices: tensor([15226, 15763, 13243, 10927, 14065,  2531, 15779,  1094,  3984, 14454,
        11761,  3971,  2998, 11939,  5311, 13208,  8947,  8640,    85, 10444,
         4368, 12084, 15247, 10388,  3699,  9559,  9082,  1820,  7215,  1854,
         1626,  4133, 13111, 12809,  7618,  1237,  8019, 13889, 12239,  4263,
        13951,  9728, 14140,  6046, 14471,  4748,  4180, 10095, 15320,  5662])
2026-06-10 00:31:13 - pino - INFO - {'branch_input_dim': 11, 'trunk_input_dim': 2, 'output_channels': 3, 'latent_dim': 128, 'branch_point_hidden_dim': 128, 'branch_point_depth': 3, 'branch_global_hidden_dim': 128, 'branch_global_depth': 3, 'trunk_hidden_dim': 128, 'trunk_depth': 4, 'aggregation': 'mean', 'activation': 'gelu', 'layer_norm': False}
2026-06-10 00:32:40 - pino - INFO - Epoch 0001 | data loss=4.592e-01 | bc loss=3.545e-01 | valid MSE=2.534e-01 | valid rel L2=3.435e-01 | pressure=8.738e-02, u=8.685e-02, v=7.039e-01 | Time: 0:01:26.701177
2026-06-10 00:45:24 - pino - INFO - Epoch 0010 | data loss=7.010e-02 | bc loss=3.857e-02 | valid MSE=5.614e-02 | valid rel L2=1.673e-01 | pressure=3.894e-02, u=3.641e-02, v=3.653e-01 | Time: 0:14:11.168131
2026-06-10 00:59:48 - pino - INFO - Epoch 0020 | data loss=3.689e-02 | bc loss=1.738e-02 | valid MSE=2.711e-02 | valid rel L2=1.247e-01 | pressure=3.886e-02, u=2.550e-02, v=2.661e-01 | Time: 0:28:35.050171
2026-06-10 01:14:11 - pino - INFO - Epoch 0030 | data loss=2.494e-02 | bc loss=1.115e-02 | valid MSE=1.779e-02 | valid rel L2=9.735e-02 | pressure=1.838e-02, u=2.380e-02, v=2.068e-01 | Time: 0:42:57.563174
2026-06-10 01:28:20 - pino - INFO - Epoch 0040 | data loss=1.959e-02 | bc loss=8.386e-03 | valid MSE=1.666e-02 | valid rel L2=9.830e-02 | pressure=2.510e-02, u=2.203e-02, v=1.922e-01 | Time: 0:57:06.545045
2026-06-10 01:42:27 - pino - INFO - Epoch 0050 | data loss=1.541e-02 | bc loss=6.378e-03 | valid MSE=1.314e-02 | valid rel L2=9.004e-02 | pressure=2.137e-02, u=1.879e-02, v=1.716e-01 | Time: 1:11:13.529393
2026-06-10 01:57:11 - pino - INFO - Epoch 0060 | data loss=1.174e-02 | bc loss=4.137e-03 | valid MSE=8.381e-03 | valid rel L2=7.650e-02 | pressure=1.448e-02, u=1.413e-02, v=1.558e-01 | Time: 1:25:58.042376
2026-06-10 02:11:32 - pino - INFO - Epoch 0070 | data loss=1.083e-02 | bc loss=4.550e-03 | valid MSE=8.576e-03 | valid rel L2=8.330e-02 | pressure=1.576e-02, u=1.453e-02, v=1.598e-01 | Time: 1:40:18.815856
2026-06-10 02:26:14 - pino - INFO - Epoch 0080 | data loss=1.105e-02 | bc loss=4.513e-03 | valid MSE=7.921e-03 | valid rel L2=7.477e-02 | pressure=2.003e-02, u=1.459e-02, v=1.466e-01 | Time: 1:55:00.681999
2026-06-10 02:39:41 - pino - INFO - Epoch 0090 | data loss=8.842e-03 | bc loss=3.229e-03 | valid MSE=6.075e-03 | valid rel L2=6.541e-02 | pressure=1.392e-02, u=1.214e-02, v=1.291e-01 | Time: 2:08:27.925567
2026-06-10 02:53:13 - pino - INFO - Epoch 0100 | data loss=7.551e-03 | bc loss=2.300e-03 | valid MSE=5.978e-03 | valid rel L2=6.396e-02 | pressure=2.202e-02, u=1.170e-02, v=1.203e-01 | Time: 2:21:59.907147
2026-06-10 03:06:59 - pino - INFO - Epoch 0110 | data loss=6.837e-03 | bc loss=2.198e-03 | valid MSE=5.407e-03 | valid rel L2=6.058e-02 | pressure=1.387e-02, u=1.272e-02, v=1.255e-01 | Time: 2:35:46.174430
2026-06-10 03:20:44 - pino - INFO - Epoch 0120 | data loss=6.155e-03 | bc loss=2.151e-03 | valid MSE=4.517e-03 | valid rel L2=5.725e-02 | pressure=1.497e-02, u=1.112e-02, v=1.131e-01 | Time: 2:49:31.132684
2026-06-10 03:34:38 - pino - INFO - Epoch 0130 | data loss=5.969e-03 | bc loss=2.276e-03 | valid MSE=5.330e-03 | valid rel L2=6.090e-02 | pressure=1.468e-02, u=1.188e-02, v=1.203e-01 | Time: 3:03:24.580552
2026-06-10 03:48:12 - pino - INFO - Epoch 0140 | data loss=5.215e-03 | bc loss=1.857e-03 | valid MSE=4.677e-03 | valid rel L2=6.172e-02 | pressure=1.583e-02, u=1.286e-02, v=1.216e-01 | Time: 3:16:58.830008
2026-06-10 04:02:27 - pino - INFO - Epoch 0150 | data loss=5.098e-03 | bc loss=1.850e-03 | valid MSE=3.623e-03 | valid rel L2=5.402e-02 | pressure=9.887e-03, u=1.079e-02, v=1.043e-01 | Time: 3:31:13.300783
2026-06-10 04:16:14 - pino - INFO - Epoch 0160 | data loss=5.435e-03 | bc loss=2.376e-03 | valid MSE=5.666e-03 | valid rel L2=6.601e-02 | pressure=2.214e-02, u=1.650e-02, v=1.294e-01 | Time: 3:45:00.377540
2026-06-10 04:30:07 - pino - INFO - Epoch 0170 | data loss=4.440e-03 | bc loss=1.745e-03 | valid MSE=3.664e-03 | valid rel L2=5.243e-02 | pressure=1.594e-02, u=8.689e-03, v=1.067e-01 | Time: 3:58:53.344535
2026-06-10 04:43:40 - pino - INFO - Epoch 0180 | data loss=3.868e-03 | bc loss=1.341e-03 | valid MSE=3.405e-03 | valid rel L2=4.821e-02 | pressure=9.986e-03, u=9.645e-03, v=1.018e-01 | Time: 4:12:26.749821
2026-06-10 04:57:18 - pino - INFO - Epoch 0190 | data loss=3.652e-03 | bc loss=1.346e-03 | valid MSE=2.656e-03 | valid rel L2=4.289e-02 | pressure=9.614e-03, u=8.311e-03, v=9.616e-02 | Time: 4:26:04.710761
2026-06-10 05:11:06 - pino - INFO - Epoch 0200 | data loss=3.635e-03 | bc loss=1.577e-03 | valid MSE=5.805e-03 | valid rel L2=6.091e-02 | pressure=1.616e-02, u=1.840e-02, v=1.131e-01 | Time: 4:39:52.652119
2026-06-10 05:24:46 - pino - INFO - Epoch 0210 | data loss=3.098e-03 | bc loss=1.109e-03 | valid MSE=2.655e-03 | valid rel L2=4.218e-02 | pressure=9.259e-03, u=9.711e-03, v=9.066e-02 | Time: 4:53:32.499613
2026-06-10 05:38:25 - pino - INFO - Epoch 0220 | data loss=3.069e-03 | bc loss=1.239e-03 | valid MSE=2.458e-03 | valid rel L2=4.043e-02 | pressure=8.581e-03, u=7.852e-03, v=8.225e-02 | Time: 5:07:11.512042
2026-06-10 05:52:20 - pino - INFO - Epoch 0230 | data loss=3.116e-03 | bc loss=1.438e-03 | valid MSE=2.098e-03 | valid rel L2=3.759e-02 | pressure=8.903e-03, u=7.624e-03, v=7.508e-02 | Time: 5:21:07.048524
2026-06-10 06:06:07 - pino - INFO - Epoch 0240 | data loss=2.915e-03 | bc loss=1.258e-03 | valid MSE=2.370e-03 | valid rel L2=4.122e-02 | pressure=8.772e-03, u=8.254e-03, v=8.284e-02 | Time: 5:34:54.000363
2026-06-10 06:20:02 - pino - INFO - Epoch 0250 | data loss=2.963e-03 | bc loss=1.340e-03 | valid MSE=2.104e-03 | valid rel L2=3.897e-02 | pressure=1.013e-02, u=7.445e-03, v=7.558e-02 | Time: 5:48:49.057317
2026-06-10 06:34:05 - pino - INFO - Epoch 0260 | data loss=2.804e-03 | bc loss=1.481e-03 | valid MSE=1.900e-03 | valid rel L2=3.507e-02 | pressure=9.582e-03, u=7.301e-03, v=6.754e-02 | Time: 6:02:51.398987
2026-06-10 06:48:11 - pino - INFO - Epoch 0270 | data loss=2.470e-03 | bc loss=1.158e-03 | valid MSE=2.278e-03 | valid rel L2=3.875e-02 | pressure=7.304e-03, u=8.644e-03, v=7.550e-02 | Time: 6:16:57.445899
2026-06-10 07:01:58 - pino - INFO - Epoch 0280 | data loss=3.212e-03 | bc loss=1.715e-03 | valid MSE=2.039e-03 | valid rel L2=3.600e-02 | pressure=9.522e-03, u=8.614e-03, v=7.335e-02 | Time: 6:30:44.446239
2026-06-10 07:16:36 - pino - INFO - Epoch 0290 | data loss=2.363e-03 | bc loss=1.197e-03 | valid MSE=2.276e-03 | valid rel L2=4.010e-02 | pressure=8.467e-03, u=6.831e-03, v=8.033e-02 | Time: 6:45:22.607960
2026-06-10 07:30:26 - pino - INFO - Epoch 0300 | data loss=2.050e-03 | bc loss=9.268e-04 | valid MSE=1.579e-03 | valid rel L2=3.257e-02 | pressure=7.091e-03, u=6.754e-03, v=6.175e-02 | Time: 6:59:13.249292
2026-06-10 07:44:26 - pino - INFO - Epoch 0310 | data loss=1.915e-03 | bc loss=7.848e-04 | valid MSE=2.028e-03 | valid rel L2=3.812e-02 | pressure=9.843e-03, u=8.199e-03, v=7.262e-02 | Time: 7:13:12.452563
2026-06-10 07:58:16 - pino - INFO - Epoch 0320 | data loss=1.746e-03 | bc loss=6.526e-04 | valid MSE=1.541e-03 | valid rel L2=3.144e-02 | pressure=6.981e-03, u=7.014e-03, v=6.028e-02 | Time: 7:27:03.153740
2026-06-10 08:12:32 - pino - INFO - Epoch 0330 | data loss=2.259e-03 | bc loss=1.102e-03 | valid MSE=1.897e-03 | valid rel L2=3.334e-02 | pressure=8.631e-03, u=8.067e-03, v=7.314e-02 | Time: 7:41:18.461986
2026-06-10 08:26:47 - pino - INFO - Epoch 0340 | data loss=1.993e-03 | bc loss=9.994e-04 | valid MSE=1.922e-03 | valid rel L2=3.841e-02 | pressure=8.532e-03, u=7.698e-03, v=7.095e-02 | Time: 7:55:33.523474
2026-06-10 08:40:41 - pino - INFO - Epoch 0350 | data loss=1.643e-03 | bc loss=6.901e-04 | valid MSE=2.944e-03 | valid rel L2=4.144e-02 | pressure=1.032e-02, u=1.278e-02, v=7.159e-02 | Time: 8:09:27.692910
2026-06-10 08:54:29 - pino - INFO - Epoch 0360 | data loss=1.642e-03 | bc loss=6.773e-04 | valid MSE=1.721e-03 | valid rel L2=3.498e-02 | pressure=7.214e-03, u=6.678e-03, v=6.694e-02 | Time: 8:23:15.908865
2026-06-10 09:08:17 - pino - INFO - Epoch 0370 | data loss=1.651e-03 | bc loss=7.205e-04 | valid MSE=2.003e-03 | valid rel L2=3.451e-02 | pressure=9.684e-03, u=7.740e-03, v=6.603e-02 | Time: 8:37:03.596401
2026-06-10 09:22:09 - pino - INFO - Epoch 0380 | data loss=1.477e-03 | bc loss=6.694e-04 | valid MSE=1.668e-03 | valid rel L2=3.290e-02 | pressure=6.370e-03, u=8.076e-03, v=6.346e-02 | Time: 8:50:56.051919
2026-06-10 09:36:14 - pino - INFO - Epoch 0390 | data loss=1.641e-03 | bc loss=8.201e-04 | valid MSE=1.827e-03 | valid rel L2=3.351e-02 | pressure=6.529e-03, u=8.755e-03, v=6.218e-02 | Time: 9:05:01.089882
2026-06-10 09:50:11 - pino - INFO - Epoch 0400 | data loss=1.507e-03 | bc loss=7.116e-04 | valid MSE=1.238e-03 | valid rel L2=2.810e-02 | pressure=6.914e-03, u=5.870e-03, v=5.358e-02 | Time: 9:18:57.476203
2026-06-10 10:04:19 - pino - INFO - Epoch 0410 | data loss=1.707e-03 | bc loss=8.831e-04 | valid MSE=1.401e-03 | valid rel L2=2.886e-02 | pressure=6.771e-03, u=6.399e-03, v=5.556e-02 | Time: 9:33:05.739410
2026-06-10 10:18:02 - pino - INFO - Epoch 0420 | data loss=1.508e-03 | bc loss=7.582e-04 | valid MSE=1.574e-03 | valid rel L2=3.380e-02 | pressure=1.037e-02, u=6.668e-03, v=5.814e-02 | Time: 9:46:48.929455
2026-06-10 10:32:22 - pino - INFO - Epoch 0430 | data loss=1.597e-03 | bc loss=8.419e-04 | valid MSE=1.423e-03 | valid rel L2=2.960e-02 | pressure=6.826e-03, u=5.942e-03, v=5.775e-02 | Time: 10:01:09.046526
2026-06-10 10:46:24 - pino - INFO - Epoch 0440 | data loss=1.624e-03 | bc loss=8.780e-04 | valid MSE=1.818e-03 | valid rel L2=3.311e-02 | pressure=1.162e-02, u=8.325e-03, v=6.187e-02 | Time: 10:15:11.066088
2026-06-10 11:00:16 - pino - INFO - Epoch 0450 | data loss=1.245e-03 | bc loss=5.745e-04 | valid MSE=2.384e-03 | valid rel L2=3.633e-02 | pressure=7.597e-03, u=9.970e-03, v=6.535e-02 | Time: 10:29:02.760849
2026-06-10 11:14:11 - pino - INFO - Epoch 0460 | data loss=1.624e-03 | bc loss=8.908e-04 | valid MSE=1.258e-03 | valid rel L2=2.873e-02 | pressure=8.578e-03, u=5.792e-03, v=5.409e-02 | Time: 10:42:58.248668
2026-06-10 11:28:07 - pino - INFO - Epoch 0470 | data loss=1.340e-03 | bc loss=5.886e-04 | valid MSE=9.940e-04 | valid rel L2=2.559e-02 | pressure=5.778e-03, u=4.843e-03, v=4.978e-02 | Time: 10:56:53.510170
2026-06-10 11:41:51 - pino - INFO - Epoch 0480 | data loss=1.138e-03 | bc loss=4.247e-04 | valid MSE=1.088e-03 | valid rel L2=2.604e-02 | pressure=6.352e-03, u=4.744e-03, v=4.995e-02 | Time: 11:10:37.347262
2026-06-10 11:55:36 - pino - INFO - Epoch 0490 | data loss=1.269e-03 | bc loss=6.125e-04 | valid MSE=1.166e-03 | valid rel L2=2.779e-02 | pressure=7.867e-03, u=6.301e-03, v=5.188e-02 | Time: 11:24:22.991720
2026-06-10 12:09:27 - pino - INFO - Epoch 0500 | data loss=1.266e-03 | bc loss=6.639e-04 | valid MSE=2.281e-03 | valid rel L2=3.708e-02 | pressure=7.403e-03, u=9.489e-03, v=6.770e-02 | Time: 11:38:13.620475
