2026-05-28 23:39:18 - pino - INFO - Training comment
2026-05-28 23:39:18 - pino - INFO - Random channels, fixed-location interfaces, adaptive n_sub, 70/10/20 split
2026-05-28 23:39:21 - pino - INFO - Available cases (44): [0, 2, 3, 4, 5, 6, 8, 9, 10, 11, 12, 13, 14, 15, 16, 17, 18, 19, 20, 21, 22, 23, 24, 25, 26, 27, 28, 29, 30, 31, 32, 33, 34, 35, 36, 37, 38, 39, 40, 41, 84, 88, 89, 92]
2026-05-28 23:41:47 - pino - INFO - Train cases (31): [0, 2, 3, 4, 5, 10, 11, 12, 13, 18, 19, 20, 21, 22, 23, 24, 25, 26, 27, 28, 29, 30, 32, 34, 36, 37, 40, 41, 84, 88, 89]
2026-05-28 23:41:47 - pino - INFO - Valid cases (4): [8, 15, 38, 39]
2026-05-28 23:41:47 - pino - INFO - Test  cases (9): [6, 9, 14, 16, 17, 31, 33, 35, 92]
2026-05-28 23:47:24 - pino - INFO - Train samples: 900
2026-05-28 23:47:24 - pino - INFO - Valid samples: 116
2026-05-28 23:47:24 - pino - INFO - Train branch channels: ['x_local', 'y_local', 'wall_mask', 'interface_mask', 'boundary_pressure', 'boundary_u', 'boundary_v', 'known_pressure', 'known_u', 'known_v', 'local_aspect_ratio']
2026-05-28 23:47:24 - pino - INFO - Train trunk channels: ['x_local', 'y_local']
2026-05-28 23:47:24 - pino - INFO - Output channels: ['pressure', 'u', 'v']
2026-05-28 23:47:24 - pino - INFO - Example train sample:
2026-05-28 23:47:24 - pino - INFO - branch: (1024, 11)
2026-05-28 23:47:24 - pino - INFO - query: (4461, 2)
2026-05-28 23:47:24 - pino - INFO - target: (4461, 3)
2026-05-29 10:42:32 - pino - INFO - e976ee50-99ed-4aba-9b6b-9dcd5634d07d:IPyWidgets:8.1.8
2026-05-29 10:42:33 - pino - INFO - ['/jupyter-matplotlib/extension.js', '/jupyter-js-widgets/extension.js']
2026-05-29 10:43:02 - pino - INFO - Train cases: [0, 2, 3, 4, 5, 10, 11, 12, 13, 18, 19, 20, 21, 22, 23, 24, 25, 26, 27, 28, 29, 30, 32, 34, 36, 37, 40, 41, 84, 88, 89]
2026-05-29 10:43:02 - pino - INFO - Valid cases: [8, 15, 38, 39]
2026-05-29 10:43:02 - pino - INFO - Train AR range: 10.0 - 50.0
2026-05-29 10:43:02 - pino - INFO - Valid AR range: 10.0 - 47.0
2026-05-29 10:43:13 - pino - INFO - Y mean: tensor([ 1.0678e+01,  2.9416e-01, -7.9277e-06])
2026-05-29 10:43:13 - pino - INFO - Y std: tensor([11.9579,  0.2728,  0.0347])
2026-05-29 10:43:13 - pino - INFO - local_aspect_mean: 1.0
2026-05-29 10:43:13 - pino - INFO - local_aspect_std: 9.999999974752427e-07
2026-05-29 10:43:30 - pino - INFO - branch batch: torch.Size([20, 1024, 11])
2026-05-29 10:43:30 - pino - INFO - query batch: torch.Size([68495, 2])
2026-05-29 10:43:30 - pino - INFO - target batch: torch.Size([68495, 3])
2026-05-29 10:43:30 - pino - INFO - query batch id: tensor(0) tensor(19)
2026-05-29 10:43:30 - pino - INFO - sample indices: tensor([426, 369, 229, 380, 425, 146, 267, 788, 852, 643, 621, 685, 434, 254,
        351, 258, 767, 817, 545, 105])
2026-05-29 10:43:35 - pino - INFO - {'branch_input_dim': 11, 'trunk_input_dim': 2, 'output_channels': 3, 'latent_dim': 128, 'branch_point_hidden_dim': 128, 'branch_point_depth': 3, 'branch_global_hidden_dim': 128, 'branch_global_depth': 3, 'trunk_hidden_dim': 128, 'trunk_depth': 4, 'aggregation': 'mean', 'activation': 'gelu', 'layer_norm': False}
2026-05-29 10:59:29 - pino - INFO - Device: cuda:0
2026-05-29 10:59:35 - pino - INFO - Epoch 0001 | data loss=8.389e-01 | bc loss=5.971e-01 | valid MSE=4.050e+00 | valid rel L2=6.686e-01 | pressure=1.389e-01, u=5.663e-01, v=9.995e-01 | Time: 0:00:01.766867
2026-05-29 10:59:47 - pino - INFO - Epoch 0010 | data loss=3.903e-01 | bc loss=1.586e-01 | valid MSE=1.187e+00 | valid rel L2=2.637e-01 | pressure=7.813e-02, u=1.970e-01, v=9.993e-01 | Time: 0:00:14.363537
2026-05-29 11:00:02 - pino - INFO - Epoch 0020 | data loss=3.924e-01 | bc loss=1.624e-01 | valid MSE=8.107e-01 | valid rel L2=3.123e-01 | pressure=6.653e-02, u=1.886e-01, v=9.987e-01 | Time: 0:00:28.774808
2026-05-29 11:00:15 - pino - INFO - Epoch 0030 | data loss=3.872e-01 | bc loss=1.621e-01 | valid MSE=6.243e-01 | valid rel L2=1.991e-01 | pressure=6.010e-02, u=1.952e-01, v=9.986e-01 | Time: 0:00:42.068157
2026-05-29 11:00:29 - pino - INFO - Epoch 0040 | data loss=3.450e-01 | bc loss=1.479e-01 | valid MSE=9.425e-01 | valid rel L2=5.404e-01 | pressure=7.035e-02, u=1.862e-01, v=8.816e-01 | Time: 0:00:56.093174
2026-05-29 11:00:43 - pino - INFO - Epoch 0050 | data loss=2.681e-01 | bc loss=1.227e-01 | valid MSE=4.869e-01 | valid rel L2=1.750e-01 | pressure=5.099e-02, u=1.904e-01, v=8.430e-01 | Time: 0:01:10.183460
2026-05-29 11:00:56 - pino - INFO - Epoch 0060 | data loss=2.252e-01 | bc loss=1.103e-01 | valid MSE=2.483e-01 | valid rel L2=2.526e-01 | pressure=3.604e-02, u=1.971e-01, v=7.526e-01 | Time: 0:01:23.346511
2026-05-29 11:01:10 - pino - INFO - Epoch 0070 | data loss=2.001e-01 | bc loss=7.749e-02 | valid MSE=3.831e-01 | valid rel L2=2.954e-01 | pressure=4.370e-02, u=1.805e-01, v=7.290e-01 | Time: 0:01:36.583880
2026-05-29 11:01:23 - pino - INFO - Epoch 0080 | data loss=1.710e-01 | bc loss=6.658e-02 | valid MSE=2.775e-01 | valid rel L2=1.784e-01 | pressure=3.898e-02, u=1.642e-01, v=7.007e-01 | Time: 0:01:50.145858
2026-05-29 11:01:36 - pino - INFO - Epoch 0090 | data loss=1.494e-01 | bc loss=4.360e-02 | valid MSE=2.456e-01 | valid rel L2=2.414e-01 | pressure=3.609e-02, u=1.569e-01, v=6.622e-01 | Time: 0:02:02.971620
2026-05-29 11:01:50 - pino - INFO - Epoch 0100 | data loss=1.388e-01 | bc loss=3.639e-02 | valid MSE=2.756e-01 | valid rel L2=1.990e-01 | pressure=3.670e-02, u=1.577e-01, v=6.267e-01 | Time: 0:02:17.311148
2026-05-29 11:02:03 - pino - INFO - Epoch 0110 | data loss=1.196e-01 | bc loss=3.503e-02 | valid MSE=2.906e-01 | valid rel L2=2.728e-01 | pressure=3.910e-02, u=1.567e-01, v=6.370e-01 | Time: 0:02:30.181589
2026-05-29 11:02:16 - pino - INFO - Epoch 0120 | data loss=1.187e-01 | bc loss=3.279e-02 | valid MSE=2.394e-01 | valid rel L2=2.368e-01 | pressure=3.885e-02, u=1.523e-01, v=6.097e-01 | Time: 0:02:42.877196
2026-05-29 11:02:29 - pino - INFO - Epoch 0130 | data loss=1.065e-01 | bc loss=2.873e-02 | valid MSE=2.142e-01 | valid rel L2=2.405e-01 | pressure=3.579e-02, u=1.509e-01, v=6.636e-01 | Time: 0:02:56.347457
2026-05-29 11:02:43 - pino - INFO - Epoch 0140 | data loss=1.011e-01 | bc loss=3.156e-02 | valid MSE=3.179e-01 | valid rel L2=2.406e-01 | pressure=4.520e-02, u=1.505e-01, v=6.879e-01 | Time: 0:03:10.155818
2026-05-29 11:02:56 - pino - INFO - Epoch 0150 | data loss=1.071e-01 | bc loss=2.622e-02 | valid MSE=1.880e-01 | valid rel L2=1.951e-01 | pressure=3.337e-02, u=1.407e-01, v=6.452e-01 | Time: 0:03:23.195668
2026-05-29 11:03:10 - pino - INFO - Epoch 0160 | data loss=9.810e-02 | bc loss=2.133e-02 | valid MSE=2.581e-01 | valid rel L2=2.662e-01 | pressure=3.657e-02, u=1.472e-01, v=6.380e-01 | Time: 0:03:36.824090
2026-05-29 11:03:22 - pino - INFO - Epoch 0170 | data loss=1.137e-01 | bc loss=1.712e-02 | valid MSE=3.183e-01 | valid rel L2=2.089e-01 | pressure=3.804e-02, u=1.400e-01, v=6.111e-01 | Time: 0:03:49.383353
2026-05-29 11:03:35 - pino - INFO - Epoch 0180 | data loss=8.191e-02 | bc loss=2.378e-02 | valid MSE=4.205e-01 | valid rel L2=1.487e-01 | pressure=4.351e-02, u=1.471e-01, v=6.087e-01 | Time: 0:04:01.880172
2026-05-29 11:03:48 - pino - INFO - Epoch 0190 | data loss=9.014e-02 | bc loss=2.436e-02 | valid MSE=4.235e-01 | valid rel L2=2.214e-01 | pressure=4.711e-02, u=1.392e-01, v=6.129e-01 | Time: 0:04:14.689984
2026-05-29 11:04:01 - pino - INFO - Epoch 0200 | data loss=7.462e-02 | bc loss=1.644e-02 | valid MSE=2.361e-01 | valid rel L2=1.170e-01 | pressure=3.132e-02, u=1.644e-01, v=5.926e-01 | Time: 0:04:27.688717
2026-05-29 11:04:14 - pino - INFO - Epoch 0210 | data loss=7.609e-02 | bc loss=1.662e-02 | valid MSE=3.844e-01 | valid rel L2=3.098e-01 | pressure=4.285e-02, u=1.441e-01, v=7.283e-01 | Time: 0:04:40.778865
2026-05-29 11:04:27 - pino - INFO - Epoch 0220 | data loss=8.372e-02 | bc loss=1.844e-02 | valid MSE=2.660e-01 | valid rel L2=2.208e-01 | pressure=4.274e-02, u=1.417e-01, v=6.009e-01 | Time: 0:04:54.435737
2026-05-29 11:04:42 - pino - INFO - Epoch 0230 | data loss=8.849e-02 | bc loss=3.759e-02 | valid MSE=3.403e-01 | valid rel L2=1.967e-01 | pressure=4.381e-02, u=1.494e-01, v=5.815e-01 | Time: 0:05:08.465857
2026-05-29 11:04:55 - pino - INFO - Epoch 0240 | data loss=6.580e-02 | bc loss=1.448e-02 | valid MSE=1.845e-01 | valid rel L2=1.423e-01 | pressure=3.022e-02, u=1.451e-01, v=5.970e-01 | Time: 0:05:21.648480
2026-05-29 11:05:08 - pino - INFO - Epoch 0250 | data loss=5.695e-02 | bc loss=1.199e-02 | valid MSE=2.149e-01 | valid rel L2=1.545e-01 | pressure=3.422e-02, u=1.426e-01, v=5.658e-01 | Time: 0:05:35.094772
2026-05-29 11:05:20 - pino - INFO - Epoch 0260 | data loss=7.881e-02 | bc loss=1.966e-02 | valid MSE=4.440e-01 | valid rel L2=2.350e-01 | pressure=5.107e-02, u=1.463e-01, v=6.291e-01 | Time: 0:05:47.260792
2026-05-29 11:05:34 - pino - INFO - Epoch 0270 | data loss=5.343e-02 | bc loss=1.210e-02 | valid MSE=1.835e-01 | valid rel L2=2.220e-01 | pressure=3.478e-02, u=1.391e-01, v=6.052e-01 | Time: 0:06:00.787135
2026-05-29 11:05:46 - pino - INFO - Epoch 0280 | data loss=4.971e-02 | bc loss=1.189e-02 | valid MSE=2.235e-01 | valid rel L2=1.385e-01 | pressure=3.372e-02, u=1.470e-01, v=5.910e-01 | Time: 0:06:12.594249
2026-05-29 11:05:58 - pino - INFO - Epoch 0290 | data loss=7.686e-02 | bc loss=1.922e-02 | valid MSE=3.418e-01 | valid rel L2=2.206e-01 | pressure=4.254e-02, u=1.438e-01, v=6.433e-01 | Time: 0:06:25.388006
2026-05-29 11:06:12 - pino - INFO - Epoch 0300 | data loss=5.282e-02 | bc loss=1.285e-02 | valid MSE=2.386e-01 | valid rel L2=1.574e-01 | pressure=4.350e-02, u=1.506e-01, v=5.924e-01 | Time: 0:06:38.949019
2026-05-29 11:06:26 - pino - INFO - Epoch 0310 | data loss=5.128e-02 | bc loss=1.045e-02 | valid MSE=2.408e-01 | valid rel L2=2.195e-01 | pressure=3.786e-02, u=1.449e-01, v=5.780e-01 | Time: 0:06:52.656162
2026-05-29 11:06:39 - pino - INFO - Epoch 0320 | data loss=5.065e-02 | bc loss=9.608e-03 | valid MSE=3.340e-01 | valid rel L2=1.981e-01 | pressure=3.907e-02, u=1.540e-01, v=6.278e-01 | Time: 0:07:06.138400
2026-05-29 11:06:52 - pino - INFO - Epoch 0330 | data loss=4.199e-02 | bc loss=8.073e-03 | valid MSE=2.427e-01 | valid rel L2=1.278e-01 | pressure=3.267e-02, u=1.474e-01, v=6.203e-01 | Time: 0:07:18.880251
2026-05-29 11:07:06 - pino - INFO - Epoch 0340 | data loss=4.275e-02 | bc loss=8.026e-03 | valid MSE=1.824e-01 | valid rel L2=1.361e-01 | pressure=2.937e-02, u=1.619e-01, v=6.297e-01 | Time: 0:07:32.567285
2026-05-29 11:07:19 - pino - INFO - Epoch 0350 | data loss=4.084e-02 | bc loss=1.197e-02 | valid MSE=3.271e-01 | valid rel L2=1.511e-01 | pressure=3.742e-02, u=1.597e-01, v=6.000e-01 | Time: 0:07:45.640436
2026-05-29 11:07:32 - pino - INFO - Epoch 0360 | data loss=4.964e-02 | bc loss=1.755e-02 | valid MSE=3.387e-01 | valid rel L2=1.503e-01 | pressure=4.176e-02, u=1.782e-01, v=5.939e-01 | Time: 0:07:59.389729
2026-05-29 11:07:46 - pino - INFO - Epoch 0370 | data loss=4.165e-02 | bc loss=1.622e-02 | valid MSE=3.121e-01 | valid rel L2=1.355e-01 | pressure=3.943e-02, u=1.552e-01, v=5.822e-01 | Time: 0:08:12.600234
2026-05-29 11:07:59 - pino - INFO - Epoch 0380 | data loss=3.614e-02 | bc loss=8.362e-03 | valid MSE=2.637e-01 | valid rel L2=1.333e-01 | pressure=3.328e-02, u=1.499e-01, v=5.834e-01 | Time: 0:08:25.864994
2026-05-29 11:08:12 - pino - INFO - Epoch 0390 | data loss=5.697e-02 | bc loss=2.178e-02 | valid MSE=2.956e-01 | valid rel L2=1.602e-01 | pressure=3.650e-02, u=1.510e-01, v=5.876e-01 | Time: 0:08:39.241803
2026-05-29 11:08:25 - pino - INFO - Epoch 0400 | data loss=3.222e-02 | bc loss=5.735e-03 | valid MSE=2.561e-01 | valid rel L2=1.751e-01 | pressure=3.711e-02, u=1.596e-01, v=6.124e-01 | Time: 0:08:52.030569
2026-05-29 11:08:38 - pino - INFO - Epoch 0410 | data loss=3.297e-02 | bc loss=6.559e-03 | valid MSE=2.083e-01 | valid rel L2=1.064e-01 | pressure=2.907e-02, u=1.478e-01, v=6.156e-01 | Time: 0:09:05.258701
2026-05-29 11:08:52 - pino - INFO - Epoch 0420 | data loss=3.794e-02 | bc loss=5.836e-03 | valid MSE=3.073e-01 | valid rel L2=1.763e-01 | pressure=3.640e-02, u=1.588e-01, v=6.349e-01 | Time: 0:09:18.600363
2026-05-29 11:09:04 - pino - INFO - Epoch 0430 | data loss=3.173e-02 | bc loss=6.432e-03 | valid MSE=2.079e-01 | valid rel L2=1.330e-01 | pressure=3.022e-02, u=1.608e-01, v=6.068e-01 | Time: 0:09:31.394699
2026-05-29 11:09:16 - pino - INFO - Epoch 0440 | data loss=2.889e-02 | bc loss=4.474e-03 | valid MSE=2.154e-01 | valid rel L2=1.167e-01 | pressure=3.117e-02, u=1.525e-01, v=6.402e-01 | Time: 0:09:43.111322
2026-05-29 11:09:30 - pino - INFO - Epoch 0450 | data loss=3.417e-02 | bc loss=8.278e-03 | valid MSE=1.954e-01 | valid rel L2=2.075e-01 | pressure=3.012e-02, u=1.474e-01, v=6.159e-01 | Time: 0:09:56.636122
2026-05-29 11:09:43 - pino - INFO - Epoch 0460 | data loss=2.720e-02 | bc loss=4.115e-03 | valid MSE=1.897e-01 | valid rel L2=1.000e-01 | pressure=3.208e-02, u=1.516e-01, v=6.527e-01 | Time: 0:10:09.711608
2026-05-29 11:09:56 - pino - INFO - Epoch 0470 | data loss=2.862e-02 | bc loss=7.125e-03 | valid MSE=2.098e-01 | valid rel L2=1.376e-01 | pressure=3.398e-02, u=1.512e-01, v=6.850e-01 | Time: 0:10:22.924816
2026-05-29 11:10:09 - pino - INFO - Epoch 0480 | data loss=2.634e-02 | bc loss=4.244e-03 | valid MSE=2.329e-01 | valid rel L2=1.198e-01 | pressure=3.514e-02, u=1.502e-01, v=6.426e-01 | Time: 0:10:35.738619
2026-05-29 11:10:22 - pino - INFO - Epoch 0490 | data loss=3.007e-02 | bc loss=7.757e-03 | valid MSE=1.867e-01 | valid rel L2=1.049e-01 | pressure=3.017e-02, u=1.524e-01, v=6.248e-01 | Time: 0:10:48.501812
2026-05-29 11:10:34 - pino - INFO - Epoch 0500 | data loss=2.575e-02 | bc loss=4.743e-03 | valid MSE=1.917e-01 | valid rel L2=1.353e-01 | pressure=3.294e-02, u=1.473e-01, v=6.632e-01 | Time: 0:11:01.272012
2026-05-29 11:10:47 - pino - INFO - Epoch 0510 | data loss=3.135e-02 | bc loss=1.467e-02 | valid MSE=2.566e-01 | valid rel L2=1.520e-01 | pressure=3.410e-02, u=1.465e-01, v=6.331e-01 | Time: 0:11:14.021850
2026-05-29 11:11:00 - pino - INFO - Epoch 0520 | data loss=2.356e-02 | bc loss=4.411e-03 | valid MSE=1.808e-01 | valid rel L2=1.394e-01 | pressure=3.059e-02, u=1.515e-01, v=6.467e-01 | Time: 0:11:26.793899
2026-05-29 11:11:13 - pino - INFO - Epoch 0530 | data loss=2.342e-02 | bc loss=4.419e-03 | valid MSE=1.936e-01 | valid rel L2=1.223e-01 | pressure=3.198e-02, u=1.524e-01, v=6.656e-01 | Time: 0:11:39.670183
2026-05-29 11:11:26 - pino - INFO - Epoch 0540 | data loss=2.572e-02 | bc loss=7.151e-03 | valid MSE=2.307e-01 | valid rel L2=1.195e-01 | pressure=3.542e-02, u=1.514e-01, v=6.227e-01 | Time: 0:11:53.024486
2026-05-29 11:11:39 - pino - INFO - Epoch 0550 | data loss=2.284e-02 | bc loss=7.437e-03 | valid MSE=1.758e-01 | valid rel L2=1.174e-01 | pressure=3.024e-02, u=1.538e-01, v=6.381e-01 | Time: 0:12:06.053920
2026-05-29 11:11:52 - pino - INFO - Epoch 0560 | data loss=2.157e-02 | bc loss=2.832e-03 | valid MSE=2.037e-01 | valid rel L2=1.446e-01 | pressure=3.083e-02, u=1.515e-01, v=6.658e-01 | Time: 0:12:19.207742
2026-05-29 11:12:06 - pino - INFO - Epoch 0570 | data loss=2.112e-02 | bc loss=3.404e-03 | valid MSE=1.873e-01 | valid rel L2=1.090e-01 | pressure=2.974e-02, u=1.486e-01, v=6.607e-01 | Time: 0:12:32.660805
2026-05-29 11:12:19 - pino - INFO - Epoch 0580 | data loss=2.188e-02 | bc loss=3.380e-03 | valid MSE=2.030e-01 | valid rel L2=1.073e-01 | pressure=3.147e-02, u=1.513e-01, v=6.187e-01 | Time: 0:12:45.759145
2026-05-29 11:12:32 - pino - INFO - Epoch 0590 | data loss=2.146e-02 | bc loss=3.548e-03 | valid MSE=2.578e-01 | valid rel L2=1.889e-01 | pressure=3.930e-02, u=1.484e-01, v=6.152e-01 | Time: 0:12:58.943054
2026-05-29 11:12:45 - pino - INFO - Epoch 0600 | data loss=1.992e-02 | bc loss=2.957e-03 | valid MSE=1.824e-01 | valid rel L2=9.210e-02 | pressure=2.933e-02, u=1.546e-01, v=6.376e-01 | Time: 0:13:11.766648
2026-05-29 11:12:58 - pino - INFO - Epoch 0610 | data loss=1.967e-02 | bc loss=3.270e-03 | valid MSE=1.945e-01 | valid rel L2=1.379e-01 | pressure=3.274e-02, u=1.482e-01, v=6.464e-01 | Time: 0:13:25.209632
2026-05-29 11:13:11 - pino - INFO - Epoch 0620 | data loss=1.968e-02 | bc loss=4.825e-03 | valid MSE=1.865e-01 | valid rel L2=1.063e-01 | pressure=3.057e-02, u=1.493e-01, v=6.427e-01 | Time: 0:13:38.157425
2026-05-29 11:13:23 - pino - INFO - Epoch 0630 | data loss=1.831e-02 | bc loss=2.526e-03 | valid MSE=2.081e-01 | valid rel L2=1.008e-01 | pressure=3.160e-02, u=1.504e-01, v=6.432e-01 | Time: 0:13:50.074471
2026-05-29 11:13:36 - pino - INFO - Epoch 0640 | data loss=2.029e-02 | bc loss=4.487e-03 | valid MSE=2.390e-01 | valid rel L2=1.559e-01 | pressure=3.726e-02, u=1.492e-01, v=6.256e-01 | Time: 0:14:02.907496
2026-05-29 11:13:49 - pino - INFO - Epoch 0650 | data loss=1.750e-02 | bc loss=2.430e-03 | valid MSE=2.061e-01 | valid rel L2=9.577e-02 | pressure=3.211e-02, u=1.543e-01, v=6.334e-01 | Time: 0:14:16.068265
2026-05-29 11:14:03 - pino - INFO - Epoch 0660 | data loss=1.772e-02 | bc loss=2.616e-03 | valid MSE=1.976e-01 | valid rel L2=1.000e-01 | pressure=3.025e-02, u=1.502e-01, v=6.291e-01 | Time: 0:14:29.520871
2026-05-29 11:14:15 - pino - INFO - Epoch 0670 | data loss=1.744e-02 | bc loss=2.978e-03 | valid MSE=2.071e-01 | valid rel L2=9.960e-02 | pressure=3.125e-02, u=1.498e-01, v=6.317e-01 | Time: 0:14:42.409983
2026-05-29 11:14:29 - pino - INFO - Epoch 0680 | data loss=1.692e-02 | bc loss=2.327e-03 | valid MSE=2.235e-01 | valid rel L2=9.961e-02 | pressure=3.255e-02, u=1.494e-01, v=6.310e-01 | Time: 0:14:55.606180
2026-05-29 11:14:42 - pino - INFO - Epoch 0690 | data loss=1.651e-02 | bc loss=2.428e-03 | valid MSE=2.063e-01 | valid rel L2=9.695e-02 | pressure=3.180e-02, u=1.487e-01, v=6.302e-01 | Time: 0:15:08.587413
2026-05-29 11:14:55 - pino - INFO - Epoch 0700 | data loss=1.645e-02 | bc loss=2.652e-03 | valid MSE=1.953e-01 | valid rel L2=1.013e-01 | pressure=3.155e-02, u=1.505e-01, v=6.408e-01 | Time: 0:15:21.921561
2026-05-29 11:15:09 - pino - INFO - Epoch 0710 | data loss=1.617e-02 | bc loss=2.471e-03 | valid MSE=2.270e-01 | valid rel L2=1.109e-01 | pressure=4.007e-02, u=1.490e-01, v=6.379e-01 | Time: 0:15:35.657766
2026-05-29 11:15:22 - pino - INFO - Epoch 0720 | data loss=1.595e-02 | bc loss=2.318e-03 | valid MSE=2.334e-01 | valid rel L2=1.229e-01 | pressure=3.903e-02, u=1.502e-01, v=6.305e-01 | Time: 0:15:48.782029
2026-05-29 11:15:35 - pino - INFO - Epoch 0730 | data loss=1.543e-02 | bc loss=2.113e-03 | valid MSE=2.279e-01 | valid rel L2=1.055e-01 | pressure=3.673e-02, u=1.518e-01, v=6.421e-01 | Time: 0:16:02.076729
2026-05-29 11:15:48 - pino - INFO - Epoch 0740 | data loss=1.517e-02 | bc loss=2.427e-03 | valid MSE=2.054e-01 | valid rel L2=1.129e-01 | pressure=3.527e-02, u=1.483e-01, v=6.396e-01 | Time: 0:16:15.165377
2026-05-29 11:16:02 - pino - INFO - Epoch 0750 | data loss=1.501e-02 | bc loss=1.927e-03 | valid MSE=2.121e-01 | valid rel L2=1.052e-01 | pressure=3.461e-02, u=1.512e-01, v=6.427e-01 | Time: 0:16:28.512091
2026-05-29 11:16:15 - pino - INFO - Epoch 0760 | data loss=1.473e-02 | bc loss=1.922e-03 | valid MSE=2.176e-01 | valid rel L2=9.731e-02 | pressure=3.536e-02, u=1.501e-01, v=6.380e-01 | Time: 0:16:42.051219
2026-05-29 11:16:26 - pino - INFO - Epoch 0770 | data loss=1.493e-02 | bc loss=2.385e-03 | valid MSE=2.143e-01 | valid rel L2=1.061e-01 | pressure=3.499e-02, u=1.484e-01, v=6.441e-01 | Time: 0:16:53.015217
2026-05-29 11:16:38 - pino - INFO - Epoch 0780 | data loss=1.434e-02 | bc loss=2.221e-03 | valid MSE=2.272e-01 | valid rel L2=1.003e-01 | pressure=3.507e-02, u=1.497e-01, v=6.422e-01 | Time: 0:17:05.038849
2026-05-29 11:16:51 - pino - INFO - Epoch 0790 | data loss=1.423e-02 | bc loss=1.869e-03 | valid MSE=2.283e-01 | valid rel L2=1.166e-01 | pressure=3.779e-02, u=1.528e-01, v=6.426e-01 | Time: 0:17:18.057525
2026-05-29 11:17:04 - pino - INFO - Epoch 0800 | data loss=1.398e-02 | bc loss=2.086e-03 | valid MSE=2.285e-01 | valid rel L2=1.112e-01 | pressure=3.615e-02, u=1.524e-01, v=6.563e-01 | Time: 0:17:30.960123
2026-05-29 11:17:17 - pino - INFO - Epoch 0810 | data loss=1.386e-02 | bc loss=1.787e-03 | valid MSE=2.208e-01 | valid rel L2=1.016e-01 | pressure=3.503e-02, u=1.521e-01, v=6.492e-01 | Time: 0:17:43.994257
2026-05-29 11:17:30 - pino - INFO - Epoch 0820 | data loss=1.370e-02 | bc loss=1.795e-03 | valid MSE=2.174e-01 | valid rel L2=9.975e-02 | pressure=3.523e-02, u=1.517e-01, v=6.512e-01 | Time: 0:17:57.092460
2026-05-29 11:17:44 - pino - INFO - Epoch 0830 | data loss=1.352e-02 | bc loss=1.814e-03 | valid MSE=2.216e-01 | valid rel L2=9.949e-02 | pressure=3.447e-02, u=1.521e-01, v=6.567e-01 | Time: 0:18:10.639513
2026-05-29 11:17:57 - pino - INFO - Epoch 0840 | data loss=1.336e-02 | bc loss=1.756e-03 | valid MSE=2.284e-01 | valid rel L2=1.008e-01 | pressure=3.655e-02, u=1.521e-01, v=6.511e-01 | Time: 0:18:24.191593
2026-05-29 11:18:10 - pino - INFO - Epoch 0850 | data loss=1.333e-02 | bc loss=1.751e-03 | valid MSE=2.266e-01 | valid rel L2=1.046e-01 | pressure=3.457e-02, u=1.526e-01, v=6.586e-01 | Time: 0:18:36.982055
2026-05-29 11:18:23 - pino - INFO - Epoch 0860 | data loss=1.319e-02 | bc loss=1.733e-03 | valid MSE=2.251e-01 | valid rel L2=9.447e-02 | pressure=3.557e-02, u=1.523e-01, v=6.539e-01 | Time: 0:18:49.823083
2026-05-29 11:18:36 - pino - INFO - Epoch 0870 | data loss=1.308e-02 | bc loss=1.734e-03 | valid MSE=2.248e-01 | valid rel L2=9.399e-02 | pressure=3.526e-02, u=1.528e-01, v=6.566e-01 | Time: 0:19:03.001510
2026-05-29 11:18:49 - pino - INFO - Epoch 0880 | data loss=1.301e-02 | bc loss=1.702e-03 | valid MSE=2.295e-01 | valid rel L2=9.573e-02 | pressure=3.557e-02, u=1.529e-01, v=6.586e-01 | Time: 0:19:15.584213
2026-05-29 11:19:02 - pino - INFO - Epoch 0890 | data loss=1.296e-02 | bc loss=1.691e-03 | valid MSE=2.250e-01 | valid rel L2=9.460e-02 | pressure=3.556e-02, u=1.532e-01, v=6.595e-01 | Time: 0:19:29.232013
2026-05-29 11:19:16 - pino - INFO - Epoch 0900 | data loss=1.288e-02 | bc loss=1.681e-03 | valid MSE=2.285e-01 | valid rel L2=9.283e-02 | pressure=3.548e-02, u=1.525e-01, v=6.615e-01 | Time: 0:19:42.728339
2026-05-29 11:19:30 - pino - INFO - Epoch 0910 | data loss=1.283e-02 | bc loss=1.663e-03 | valid MSE=2.274e-01 | valid rel L2=9.386e-02 | pressure=3.522e-02, u=1.529e-01, v=6.592e-01 | Time: 0:19:56.750271
2026-05-29 11:19:42 - pino - INFO - Epoch 0920 | data loss=1.276e-02 | bc loss=1.666e-03 | valid MSE=2.281e-01 | valid rel L2=9.409e-02 | pressure=3.522e-02, u=1.524e-01, v=6.623e-01 | Time: 0:20:09.385998
2026-05-29 11:19:56 - pino - INFO - Epoch 0930 | data loss=1.272e-02 | bc loss=1.656e-03 | valid MSE=2.288e-01 | valid rel L2=9.366e-02 | pressure=3.543e-02, u=1.528e-01, v=6.613e-01 | Time: 0:20:22.686098
2026-05-29 11:20:08 - pino - INFO - Epoch 0940 | data loss=1.267e-02 | bc loss=1.662e-03 | valid MSE=2.261e-01 | valid rel L2=9.430e-02 | pressure=3.539e-02, u=1.529e-01, v=6.617e-01 | Time: 0:20:35.228665
2026-05-29 11:20:21 - pino - INFO - Epoch 0950 | data loss=1.265e-02 | bc loss=1.653e-03 | valid MSE=2.264e-01 | valid rel L2=9.310e-02 | pressure=3.516e-02, u=1.531e-01, v=6.620e-01 | Time: 0:20:48.420903
2026-05-29 11:20:34 - pino - INFO - Epoch 0960 | data loss=1.262e-02 | bc loss=1.657e-03 | valid MSE=2.262e-01 | valid rel L2=9.352e-02 | pressure=3.531e-02, u=1.526e-01, v=6.630e-01 | Time: 0:21:01.012532
2026-05-29 11:20:47 - pino - INFO - Epoch 0970 | data loss=1.261e-02 | bc loss=1.649e-03 | valid MSE=2.265e-01 | valid rel L2=9.325e-02 | pressure=3.526e-02, u=1.528e-01, v=6.630e-01 | Time: 0:21:13.628431
2026-05-29 11:20:59 - pino - INFO - Epoch 0980 | data loss=1.260e-02 | bc loss=1.650e-03 | valid MSE=2.266e-01 | valid rel L2=9.330e-02 | pressure=3.527e-02, u=1.528e-01, v=6.628e-01 | Time: 0:21:26.238525
2026-05-29 11:21:12 - pino - INFO - Epoch 0990 | data loss=1.259e-02 | bc loss=1.651e-03 | valid MSE=2.266e-01 | valid rel L2=9.326e-02 | pressure=3.530e-02, u=1.528e-01, v=6.628e-01 | Time: 0:21:38.963959
2026-05-29 11:21:25 - pino - INFO - Epoch 1000 | data loss=1.259e-02 | bc loss=1.648e-03 | valid MSE=2.266e-01 | valid rel L2=9.325e-02 | pressure=3.530e-02, u=1.528e-01, v=6.628e-01 | Time: 0:21:51.533458
2026-05-29 11:21:25 - pino - INFO - Best validation relative L2: 0.08709777785657809
2026-05-29 11:21:25 - pino - INFO - Saved: results/052826_1/checkpoint.pt
