2026-06-24 23:24:49 - pino - INFO - Training comment
2026-06-24 23:24:49 - pino - INFO - No subdomain
2026-06-24 23:24:49 - pino - INFO - Available cases (200):
2026-06-24 23:24:49 - pino - INFO - [0, 1, 2, 3, 4, 5, 6, 7, 8, 9, 10, 11, 12, 13, 14, 15, 16, 17, 18, 19, 20, 21, 22, 23, 24, 25, 26, 27, 28, 29, 30, 31, 32, 33, 34, 35, 36, 37, 38, 39, 40, 41, 42, 43, 44, 45, 46, 47, 48, 49, 50, 51, 52, 53, 54, 55, 56, 57, 58, 59, 60, 61, 62, 63, 64, 65, 66, 67, 68, 69, 70, 71, 72, 73, 74, 75, 76, 77, 78, 79, 80, 81, 82, 83, 84, 85, 86, 87, 88, 89, 90, 91, 92, 93, 94, 95, 96, 97, 98, 99, 100, 101, 102, 103, 104, 105, 106, 107, 108, 109, 110, 111, 112, 113, 114, 115, 116, 117, 118, 119, 120, 121, 122, 123, 124, 125, 126, 127, 128, 129, 130, 131, 132, 133, 134, 135, 136, 137, 138, 139, 140, 141, 142, 143, 144, 145, 146, 147, 148, 149, 150, 151, 152, 153, 154, 155, 156, 157, 158, 159, 160, 161, 162, 163, 164, 165, 166, 167, 168, 169, 170, 171, 172, 173, 174, 175, 176, 177, 178, 179, 180, 181, 182, 183, 184, 185, 186, 187, 188, 189, 190, 191, 192, 193, 194, 195, 196, 197, 198, 199]
2026-06-24 23:24:49 - pino - INFO - Train cases (160): ['channel_00', 'channel_01', 'channel_02', 'channel_03', 'channel_04', 'channel_05', 'channel_06', 'channel_07', 'channel_09', 'channel_10', 'channel_100', 'channel_101', 'channel_102', 'channel_103', 'channel_104', 'channel_105', 'channel_106', 'channel_107', 'channel_108', 'channel_109', 'channel_11', 'channel_110', 'channel_112', 'channel_113', 'channel_114', 'channel_115', 'channel_116', 'channel_119', 'channel_12', 'channel_120', 'channel_121', 'channel_122', 'channel_123', 'channel_124', 'channel_125', 'channel_126', 'channel_127', 'channel_128', 'channel_129', 'channel_13', 'channel_130', 'channel_131', 'channel_132', 'channel_134', 'channel_135', 'channel_136', 'channel_137', 'channel_138', 'channel_139', 'channel_14', 'channel_140', 'channel_143', 'channel_144', 'channel_145', 'channel_146', 'channel_147', 'channel_148', 'channel_149', 'channel_15', 'channel_150', 'channel_152', 'channel_153', 'channel_155', 'channel_156', 'channel_157', 'channel_158', 'channel_159', 'channel_16', 'channel_160', 'channel_161', 'channel_162', 'channel_165', 'channel_166', 'channel_167', 'channel_168', 'channel_169', 'channel_17', 'channel_170', 'channel_173', 'channel_174', 'channel_177', 'channel_178', 'channel_179', 'channel_180', 'channel_181', 'channel_182', 'channel_183', 'channel_184', 'channel_185', 'channel_186', 'channel_187', 'channel_188', 'channel_189', 'channel_19', 'channel_190', 'channel_192', 'channel_194', 'channel_195', 'channel_196', 'channel_197', 'channel_198', 'channel_20', 'channel_21', 'channel_23', 'channel_24', 'channel_25', 'channel_26', 'channel_27', 'channel_29', 'channel_30', 'channel_32', 'channel_36', 'channel_38', 'channel_39', 'channel_40', 'channel_41', 'channel_42', 'channel_43', 'channel_44', 'channel_46', 'channel_47', 'channel_49', 'channel_52', 'channel_54', 'channel_55', 'channel_56', 'channel_57', 'channel_58', 'channel_59', 'channel_60', 'channel_61', 'channel_63', 'channel_64', 'channel_65', 'channel_66', 'channel_67', 'channel_68', 'channel_69', 'channel_70', 'channel_72', 'channel_73', 'channel_74', 'channel_76', 'channel_77', 'channel_78', 'channel_79', 'channel_82', 'channel_83', 'channel_84', 'channel_85', 'channel_86', 'channel_88', 'channel_91', 'channel_92', 'channel_93', 'channel_94', 'channel_95', 'channel_96', 'channel_98', 'channel_99']
2026-06-24 23:24:49 - pino - INFO - Valid cases (20): ['channel_08', 'channel_141', 'channel_142', 'channel_154', 'channel_163', 'channel_164', 'channel_171', 'channel_175', 'channel_176', 'channel_191', 'channel_34', 'channel_35', 'channel_37', 'channel_48', 'channel_50', 'channel_53', 'channel_62', 'channel_75', 'channel_80', 'channel_87']
2026-06-24 23:24:49 - pino - INFO - Test  cases (20): ['channel_111', 'channel_117', 'channel_118', 'channel_133', 'channel_151', 'channel_172', 'channel_18', 'channel_193', 'channel_199', 'channel_22', 'channel_28', 'channel_31', 'channel_33', 'channel_45', 'channel_51', 'channel_71', 'channel_81', 'channel_89', 'channel_90', 'channel_97']
2026-06-24 23:53:08 - pino - INFO - Train cases (160): ['channel_00', 'channel_01', 'channel_02', 'channel_03', 'channel_04', 'channel_05', 'channel_06', 'channel_07', 'channel_09', 'channel_10', 'channel_100', 'channel_101', 'channel_102', 'channel_103', 'channel_104', 'channel_105', 'channel_106', 'channel_107', 'channel_108', 'channel_109', 'channel_11', 'channel_110', 'channel_112', 'channel_113', 'channel_114', 'channel_115', 'channel_116', 'channel_119', 'channel_12', 'channel_120', 'channel_121', 'channel_122', 'channel_123', 'channel_124', 'channel_125', 'channel_126', 'channel_127', 'channel_128', 'channel_129', 'channel_13', 'channel_130', 'channel_131', 'channel_132', 'channel_134', 'channel_135', 'channel_136', 'channel_137', 'channel_138', 'channel_139', 'channel_14', 'channel_140', 'channel_143', 'channel_144', 'channel_145', 'channel_146', 'channel_147', 'channel_148', 'channel_149', 'channel_15', 'channel_150', 'channel_152', 'channel_153', 'channel_155', 'channel_156', 'channel_157', 'channel_158', 'channel_159', 'channel_16', 'channel_160', 'channel_161', 'channel_162', 'channel_165', 'channel_166', 'channel_167', 'channel_168', 'channel_169', 'channel_17', 'channel_170', 'channel_173', 'channel_174', 'channel_177', 'channel_178', 'channel_179', 'channel_180', 'channel_181', 'channel_182', 'channel_183', 'channel_184', 'channel_185', 'channel_186', 'channel_187', 'channel_188', 'channel_189', 'channel_19', 'channel_190', 'channel_192', 'channel_194', 'channel_195', 'channel_196', 'channel_197', 'channel_198', 'channel_20', 'channel_21', 'channel_23', 'channel_24', 'channel_25', 'channel_26', 'channel_27', 'channel_29', 'channel_30', 'channel_32', 'channel_36', 'channel_38', 'channel_39', 'channel_40', 'channel_41', 'channel_42', 'channel_43', 'channel_44', 'channel_46', 'channel_47', 'channel_49', 'channel_52', 'channel_54', 'channel_55', 'channel_56', 'channel_57', 'channel_58', 'channel_59', 'channel_60', 'channel_61', 'channel_63', 'channel_64', 'channel_65', 'channel_66', 'channel_67', 'channel_68', 'channel_69', 'channel_70', 'channel_72', 'channel_73', 'channel_74', 'channel_76', 'channel_77', 'channel_78', 'channel_79', 'channel_82', 'channel_83', 'channel_84', 'channel_85', 'channel_86', 'channel_88', 'channel_91', 'channel_92', 'channel_93', 'channel_94', 'channel_95', 'channel_96', 'channel_98', 'channel_99']
2026-06-24 23:53:08 - pino - INFO - Valid cases (20): ['channel_08', 'channel_141', 'channel_142', 'channel_154', 'channel_163', 'channel_164', 'channel_171', 'channel_175', 'channel_176', 'channel_191', 'channel_34', 'channel_35', 'channel_37', 'channel_48', 'channel_50', 'channel_53', 'channel_62', 'channel_75', 'channel_80', 'channel_87']
2026-06-24 23:53:08 - pino - INFO - Test  cases (20): ['channel_111', 'channel_117', 'channel_118', 'channel_133', 'channel_151', 'channel_172', 'channel_18', 'channel_193', 'channel_199', 'channel_22', 'channel_28', 'channel_31', 'channel_33', 'channel_45', 'channel_51', 'channel_71', 'channel_81', 'channel_89', 'channel_90', 'channel_97']
2026-06-25 10:15:01 - pino - INFO - Train samples: 160
2026-06-25 10:15:01 - pino - INFO - Valid samples: 20
2026-06-25 10:15:01 - pino - INFO - Train branch channels: ['x_local', 'y_local', 'wall_mask', 'interface_mask', 'boundary_pressure', 'boundary_u', 'boundary_v', 'known_pressure', 'known_u', 'known_v', 'local_aspect_ratio']
2026-06-25 10:15:01 - pino - INFO - Train trunk channels: ['x_local', 'y_local']
2026-06-25 10:15:01 - pino - INFO - Output channels: ['pressure', 'u', 'v']
2026-06-25 10:15:01 - pino - INFO - Example train sample:
2026-06-25 10:15:01 - pino - INFO - branch: (1024, 11)
2026-06-25 10:15:01 - pino - INFO - query: (233114, 2)
2026-06-25 10:15:01 - pino - INFO - target: (233114, 3)
2026-06-25 10:28:54 - pino - INFO - Train cases: [0, 1, 2, 3, 4, 5, 6, 7, 9, 10, 11, 12, 13, 14, 15, 16, 17, 19, 20, 21, 23, 24, 25, 26, 27, 29, 30, 32, 36, 38, 39, 40, 41, 42, 43, 44, 46, 47, 49, 52, 54, 55, 56, 57, 58, 59, 60, 61, 63, 64, 65, 66, 67, 68, 69, 70, 72, 73, 74, 76, 77, 78, 79, 82, 83, 84, 85, 86, 88, 91, 92, 93, 94, 95, 96, 98, 99, 100, 101, 102, 103, 104, 105, 106, 107, 108, 109, 110, 112, 113, 114, 115, 116, 119, 120, 121, 122, 123, 124, 125, 126, 127, 128, 129, 130, 131, 132, 134, 135, 136, 137, 138, 139, 140, 143, 144, 145, 146, 147, 148, 149, 150, 152, 153, 155, 156, 157, 158, 159, 160, 161, 162, 165, 166, 167, 168, 169, 170, 173, 174, 177, 178, 179, 180, 181, 182, 183, 184, 185, 186, 187, 188, 189, 190, 192, 194, 195, 196, 197, 198]
2026-06-25 10:28:54 - pino - INFO - Valid cases: [8, 34, 35, 37, 48, 50, 53, 62, 75, 80, 87, 141, 142, 154, 163, 164, 171, 175, 176, 191]
2026-06-25 10:28:55 - pino - INFO - Y mean: tensor([ 6.4387e+02,  1.0012e+00, -7.9760e-06])
2026-06-25 10:28:55 - pino - INFO - Y std: tensor([4.1250e+02, 4.2776e-01, 2.2414e-02])
2026-06-25 10:28:55 - pino - INFO - local_aspect_mean: 10.0
2026-06-25 10:28:55 - pino - INFO - local_aspect_std: 9.999999974752427e-07
2026-06-25 10:28:56 - pino - INFO - branch batch: torch.Size([50, 1024, 11])
2026-06-25 10:28:56 - pino - INFO - query batch: torch.Size([11574896, 2])
2026-06-25 10:28:56 - pino - INFO - target batch: torch.Size([11574896, 3])
2026-06-25 10:28:56 - pino - INFO - query batch id: tensor(0) tensor(49)
2026-06-25 10:28:56 - pino - INFO - sample indices: tensor([ 26,  88, 143,  33,  97, 151,  71, 104, 112,  30,   5, 141, 138, 125,
        101,  18,  19,  82,  61,  37, 128,  32,  49, 155,  67,  64,  98,  62,
         87,  95,  56, 152,  28, 132,  58, 102,   2,  41,  75,  72,  10,  83,
         78, 124, 147, 123, 148,  17,   9,  25])
2026-06-25 10:28:57 - pino - INFO - {'branch_input_dim': 11, 'trunk_input_dim': 2, 'output_channels': 3, 'latent_dim': 128, 'branch_point_hidden_dim': 128, 'branch_point_depth': 3, 'branch_global_hidden_dim': 128, 'branch_global_depth': 3, 'trunk_hidden_dim': 128, 'trunk_depth': 4, 'aggregation': 'mean', 'activation': 'gelu', 'layer_norm': False}
2026-06-25 10:29:57 - pino - INFO - Train cases (160): ['channel_00', 'channel_01', 'channel_02', 'channel_03', 'channel_04', 'channel_05', 'channel_06', 'channel_07', 'channel_09', 'channel_10', 'channel_100', 'channel_101', 'channel_102', 'channel_103', 'channel_104', 'channel_105', 'channel_106', 'channel_107', 'channel_108', 'channel_109', 'channel_11', 'channel_110', 'channel_112', 'channel_113', 'channel_114', 'channel_115', 'channel_116', 'channel_119', 'channel_12', 'channel_120', 'channel_121', 'channel_122', 'channel_123', 'channel_124', 'channel_125', 'channel_126', 'channel_127', 'channel_128', 'channel_129', 'channel_13', 'channel_130', 'channel_131', 'channel_132', 'channel_134', 'channel_135', 'channel_136', 'channel_137', 'channel_138', 'channel_139', 'channel_14', 'channel_140', 'channel_143', 'channel_144', 'channel_145', 'channel_146', 'channel_147', 'channel_148', 'channel_149', 'channel_15', 'channel_150', 'channel_152', 'channel_153', 'channel_155', 'channel_156', 'channel_157', 'channel_158', 'channel_159', 'channel_16', 'channel_160', 'channel_161', 'channel_162', 'channel_165', 'channel_166', 'channel_167', 'channel_168', 'channel_169', 'channel_17', 'channel_170', 'channel_173', 'channel_174', 'channel_177', 'channel_178', 'channel_179', 'channel_180', 'channel_181', 'channel_182', 'channel_183', 'channel_184', 'channel_185', 'channel_186', 'channel_187', 'channel_188', 'channel_189', 'channel_19', 'channel_190', 'channel_192', 'channel_194', 'channel_195', 'channel_196', 'channel_197', 'channel_198', 'channel_20', 'channel_21', 'channel_23', 'channel_24', 'channel_25', 'channel_26', 'channel_27', 'channel_29', 'channel_30', 'channel_32', 'channel_36', 'channel_38', 'channel_39', 'channel_40', 'channel_41', 'channel_42', 'channel_43', 'channel_44', 'channel_46', 'channel_47', 'channel_49', 'channel_52', 'channel_54', 'channel_55', 'channel_56', 'channel_57', 'channel_58', 'channel_59', 'channel_60', 'channel_61', 'channel_63', 'channel_64', 'channel_65', 'channel_66', 'channel_67', 'channel_68', 'channel_69', 'channel_70', 'channel_72', 'channel_73', 'channel_74', 'channel_76', 'channel_77', 'channel_78', 'channel_79', 'channel_82', 'channel_83', 'channel_84', 'channel_85', 'channel_86', 'channel_88', 'channel_91', 'channel_92', 'channel_93', 'channel_94', 'channel_95', 'channel_96', 'channel_98', 'channel_99']
2026-06-25 10:29:57 - pino - INFO - Valid cases (20): ['channel_08', 'channel_141', 'channel_142', 'channel_154', 'channel_163', 'channel_164', 'channel_171', 'channel_175', 'channel_176', 'channel_191', 'channel_34', 'channel_35', 'channel_37', 'channel_48', 'channel_50', 'channel_53', 'channel_62', 'channel_75', 'channel_80', 'channel_87']
2026-06-25 10:29:57 - pino - INFO - Test  cases (20): ['channel_111', 'channel_117', 'channel_118', 'channel_133', 'channel_151', 'channel_172', 'channel_18', 'channel_193', 'channel_199', 'channel_22', 'channel_28', 'channel_31', 'channel_33', 'channel_45', 'channel_51', 'channel_71', 'channel_81', 'channel_89', 'channel_90', 'channel_97']
2026-06-25 10:30:07 - pino - INFO - Y mean: tensor([ 6.4387e+02,  1.0012e+00, -7.9760e-06])
2026-06-25 10:30:07 - pino - INFO - Y std: tensor([4.1250e+02, 4.2776e-01, 2.2414e-02])
2026-06-25 10:30:07 - pino - INFO - local_aspect_mean: 10.0
2026-06-25 10:30:07 - pino - INFO - local_aspect_std: 9.999999974752427e-07
2026-06-25 10:30:10 - pino - INFO - branch batch: torch.Size([5, 1024, 11])
2026-06-25 10:30:10 - pino - INFO - query batch: torch.Size([1165636, 2])
2026-06-25 10:30:10 - pino - INFO - target batch: torch.Size([1165636, 3])
2026-06-25 10:30:10 - pino - INFO - query batch id: tensor(0) tensor(4)
2026-06-25 10:30:10 - pino - INFO - sample indices: tensor([134,  40,   8,  67,  34])
2026-06-25 10:30:10 - pino - INFO - {'branch_input_dim': 11, 'trunk_input_dim': 2, 'output_channels': 3, 'latent_dim': 128, 'branch_point_hidden_dim': 128, 'branch_point_depth': 3, 'branch_global_hidden_dim': 128, 'branch_global_depth': 3, 'trunk_hidden_dim': 128, 'trunk_depth': 4, 'aggregation': 'mean', 'activation': 'gelu', 'layer_norm': False}
2026-06-25 10:30:21 - pino - INFO - Epoch 0001 | data loss=1.148e+00 | bc loss=8.045e-01 | valid MSE=9.292e-01 | valid rel L2=9.704e-01 | pressure=1.569e-01, u=5.294e-01, v=9.884e-01 | Time: 0:00:11.077574
2026-06-25 10:31:59 - pino - INFO - Epoch 0010 | data loss=3.242e-01 | bc loss=1.218e-01 | valid MSE=2.886e-01 | valid rel L2=5.363e-01 | pressure=9.616e-02, u=1.045e-01, v=9.201e-01 | Time: 0:01:48.562329
2026-06-25 10:33:49 - pino - INFO - Epoch 0020 | data loss=2.771e-01 | bc loss=8.537e-02 | valid MSE=2.434e-01 | valid rel L2=4.908e-01 | pressure=9.315e-02, u=8.281e-02, v=8.533e-01 | Time: 0:03:39.116018
2026-06-25 10:35:42 - pino - INFO - Epoch 0030 | data loss=2.145e-01 | bc loss=6.830e-02 | valid MSE=1.947e-01 | valid rel L2=4.398e-01 | pressure=9.155e-02, u=1.097e-01, v=7.279e-01 | Time: 0:05:31.974989
2026-06-25 10:37:32 - pino - INFO - Epoch 0040 | data loss=1.849e-01 | bc loss=5.928e-02 | valid MSE=1.655e-01 | valid rel L2=4.063e-01 | pressure=8.954e-02, u=9.491e-02, v=6.752e-01 | Time: 0:07:21.616027
2026-06-25 10:39:21 - pino - INFO - Epoch 0050 | data loss=1.771e-01 | bc loss=5.531e-02 | valid MSE=1.598e-01 | valid rel L2=3.990e-01 | pressure=1.016e-01, u=8.198e-02, v=6.662e-01 | Time: 0:09:11.231994
2026-06-25 10:41:10 - pino - INFO - Epoch 0060 | data loss=1.701e-01 | bc loss=5.038e-02 | valid MSE=1.585e-01 | valid rel L2=3.979e-01 | pressure=9.983e-02, u=1.003e-01, v=6.459e-01 | Time: 0:11:00.048447
2026-06-25 10:43:00 - pino - INFO - Epoch 0070 | data loss=1.657e-01 | bc loss=4.946e-02 | valid MSE=1.500e-01 | valid rel L2=3.869e-01 | pressure=9.978e-02, u=8.251e-02, v=6.421e-01 | Time: 0:12:49.673434
2026-06-25 10:44:49 - pino - INFO - Epoch 0080 | data loss=1.634e-01 | bc loss=5.200e-02 | valid MSE=1.459e-01 | valid rel L2=3.816e-01 | pressure=9.661e-02, u=8.334e-02, v=6.324e-01 | Time: 0:14:39.099987
2026-06-25 10:46:39 - pino - INFO - Epoch 0090 | data loss=1.594e-01 | bc loss=4.798e-02 | valid MSE=1.479e-01 | valid rel L2=3.842e-01 | pressure=1.057e-01, u=8.315e-02, v=6.320e-01 | Time: 0:16:28.767717
2026-06-25 10:48:29 - pino - INFO - Epoch 0100 | data loss=1.561e-01 | bc loss=4.638e-02 | valid MSE=1.398e-01 | valid rel L2=3.738e-01 | pressure=9.018e-02, u=7.900e-02, v=6.242e-01 | Time: 0:18:19.031311
2026-06-25 10:50:19 - pino - INFO - Epoch 0110 | data loss=1.542e-01 | bc loss=4.558e-02 | valid MSE=1.419e-01 | valid rel L2=3.768e-01 | pressure=9.053e-02, u=8.469e-02, v=6.243e-01 | Time: 0:20:08.725186
2026-06-25 10:52:10 - pino - INFO - Epoch 0120 | data loss=1.508e-01 | bc loss=4.541e-02 | valid MSE=1.368e-01 | valid rel L2=3.695e-01 | pressure=9.274e-02, u=7.737e-02, v=6.159e-01 | Time: 0:21:59.819864
2026-06-25 10:54:00 - pino - INFO - Epoch 0130 | data loss=1.471e-01 | bc loss=4.256e-02 | valid MSE=1.341e-01 | valid rel L2=3.658e-01 | pressure=9.457e-02, u=7.806e-02, v=6.069e-01 | Time: 0:23:50.091113
2026-06-25 10:55:50 - pino - INFO - Epoch 0140 | data loss=1.433e-01 | bc loss=4.155e-02 | valid MSE=1.325e-01 | valid rel L2=3.637e-01 | pressure=9.013e-02, u=7.815e-02, v=6.051e-01 | Time: 0:25:39.521832
2026-06-25 10:57:40 - pino - INFO - Epoch 0150 | data loss=1.367e-01 | bc loss=3.891e-02 | valid MSE=1.255e-01 | valid rel L2=3.537e-01 | pressure=9.206e-02, u=7.491e-02, v=5.873e-01 | Time: 0:27:30.108998
2026-06-25 10:59:30 - pino - INFO - Epoch 0160 | data loss=1.309e-01 | bc loss=3.455e-02 | valid MSE=1.200e-01 | valid rel L2=3.459e-01 | pressure=9.027e-02, u=6.680e-02, v=5.799e-01 | Time: 0:29:20.015004
2026-06-25 11:01:19 - pino - INFO - Epoch 0170 | data loss=1.266e-01 | bc loss=2.981e-02 | valid MSE=1.172e-01 | valid rel L2=3.415e-01 | pressure=9.779e-02, u=6.643e-02, v=5.672e-01 | Time: 0:31:09.029029
2026-06-25 11:03:08 - pino - INFO - Epoch 0180 | data loss=1.240e-01 | bc loss=2.850e-02 | valid MSE=1.124e-01 | valid rel L2=3.342e-01 | pressure=8.952e-02, u=6.862e-02, v=5.566e-01 | Time: 0:32:58.317912
2026-06-25 11:04:58 - pino - INFO - Epoch 0190 | data loss=1.171e-01 | bc loss=2.875e-02 | valid MSE=1.094e-01 | valid rel L2=3.295e-01 | pressure=8.609e-02, u=6.638e-02, v=5.514e-01 | Time: 0:34:47.627052
2026-06-25 11:06:46 - pino - INFO - Epoch 0200 | data loss=1.136e-01 | bc loss=2.435e-02 | valid MSE=1.068e-01 | valid rel L2=3.256e-01 | pressure=8.482e-02, u=6.796e-02, v=5.428e-01 | Time: 0:36:36.434217
2026-06-25 11:08:35 - pino - INFO - Epoch 0210 | data loss=1.104e-01 | bc loss=2.262e-02 | valid MSE=1.036e-01 | valid rel L2=3.203e-01 | pressure=8.503e-02, u=6.179e-02, v=5.383e-01 | Time: 0:38:24.988105
2026-06-25 11:10:24 - pino - INFO - Epoch 0220 | data loss=1.093e-01 | bc loss=2.283e-02 | valid MSE=1.022e-01 | valid rel L2=3.179e-01 | pressure=8.689e-02, u=5.561e-02, v=5.376e-01 | Time: 0:40:14.476001
2026-06-25 11:12:16 - pino - INFO - Epoch 0230 | data loss=1.072e-01 | bc loss=1.964e-02 | valid MSE=1.039e-01 | valid rel L2=3.209e-01 | pressure=8.540e-02, u=6.728e-02, v=5.342e-01 | Time: 0:42:06.314406
2026-06-25 11:14:05 - pino - INFO - Epoch 0240 | data loss=1.059e-01 | bc loss=1.815e-02 | valid MSE=9.989e-02 | valid rel L2=3.143e-01 | pressure=8.567e-02, u=5.930e-02, v=5.282e-01 | Time: 0:43:55.460615
2026-06-25 11:15:55 - pino - INFO - Epoch 0250 | data loss=1.041e-01 | bc loss=1.762e-02 | valid MSE=9.839e-02 | valid rel L2=3.118e-01 | pressure=8.439e-02, u=6.046e-02, v=5.233e-01 | Time: 0:45:45.275944
2026-06-25 11:17:44 - pino - INFO - Epoch 0260 | data loss=1.029e-01 | bc loss=1.733e-02 | valid MSE=9.679e-02 | valid rel L2=3.087e-01 | pressure=8.953e-02, u=5.497e-02, v=5.193e-01 | Time: 0:47:33.887146
2026-06-25 11:19:33 - pino - INFO - Epoch 0270 | data loss=1.007e-01 | bc loss=1.646e-02 | valid MSE=9.950e-02 | valid rel L2=3.131e-01 | pressure=9.010e-02, u=5.678e-02, v=5.261e-01 | Time: 0:49:22.832441
2026-06-25 11:21:24 - pino - INFO - Epoch 0280 | data loss=1.009e-01 | bc loss=1.679e-02 | valid MSE=9.610e-02 | valid rel L2=3.080e-01 | pressure=8.349e-02, u=5.899e-02, v=5.178e-01 | Time: 0:51:14.195609
2026-06-25 11:23:14 - pino - INFO - Epoch 0290 | data loss=9.903e-02 | bc loss=1.576e-02 | valid MSE=9.336e-02 | valid rel L2=3.029e-01 | pressure=8.607e-02, u=5.390e-02, v=5.113e-01 | Time: 0:53:04.229887
2026-06-25 11:25:03 - pino - INFO - Epoch 0300 | data loss=9.808e-02 | bc loss=1.365e-02 | valid MSE=9.358e-02 | valid rel L2=3.033e-01 | pressure=8.401e-02, u=5.344e-02, v=5.136e-01 | Time: 0:54:52.889928
2026-06-25 11:26:52 - pino - INFO - Epoch 0310 | data loss=9.695e-02 | bc loss=1.349e-02 | valid MSE=9.396e-02 | valid rel L2=3.039e-01 | pressure=8.576e-02, u=5.561e-02, v=5.121e-01 | Time: 0:56:42.322523
2026-06-25 11:28:42 - pino - INFO - Epoch 0320 | data loss=9.619e-02 | bc loss=1.347e-02 | valid MSE=9.249e-02 | valid rel L2=3.014e-01 | pressure=8.430e-02, u=5.627e-02, v=5.077e-01 | Time: 0:58:31.744185
2026-06-25 11:30:32 - pino - INFO - Epoch 0330 | data loss=9.601e-02 | bc loss=1.356e-02 | valid MSE=9.414e-02 | valid rel L2=3.043e-01 | pressure=9.011e-02, u=5.516e-02, v=5.101e-01 | Time: 1:00:21.777897
2026-06-25 11:32:23 - pino - INFO - Epoch 0340 | data loss=9.534e-02 | bc loss=1.256e-02 | valid MSE=9.187e-02 | valid rel L2=3.003e-01 | pressure=8.382e-02, u=5.887e-02, v=5.039e-01 | Time: 1:02:12.838887
2026-06-25 11:34:13 - pino - INFO - Epoch 0350 | data loss=9.535e-02 | bc loss=1.281e-02 | valid MSE=9.198e-02 | valid rel L2=3.002e-01 | pressure=8.610e-02, u=5.194e-02, v=5.082e-01 | Time: 1:04:02.751301
2026-06-25 11:36:03 - pino - INFO - Epoch 0360 | data loss=9.377e-02 | bc loss=1.150e-02 | valid MSE=9.015e-02 | valid rel L2=2.973e-01 | pressure=8.402e-02, u=5.560e-02, v=5.008e-01 | Time: 1:05:52.521131
2026-06-25 11:37:53 - pino - INFO - Epoch 0370 | data loss=9.352e-02 | bc loss=1.142e-02 | valid MSE=9.168e-02 | valid rel L2=2.999e-01 | pressure=8.382e-02, u=5.935e-02, v=5.029e-01 | Time: 1:07:42.749829
2026-06-25 11:39:42 - pino - INFO - Epoch 0380 | data loss=9.276e-02 | bc loss=1.218e-02 | valid MSE=8.787e-02 | valid rel L2=2.932e-01 | pressure=8.387e-02, u=5.216e-02, v=4.959e-01 | Time: 1:09:31.913795
2026-06-25 11:41:31 - pino - INFO - Epoch 0390 | data loss=9.268e-02 | bc loss=1.058e-02 | valid MSE=8.926e-02 | valid rel L2=2.955e-01 | pressure=8.643e-02, u=5.238e-02, v=4.987e-01 | Time: 1:11:21.111526
2026-06-25 11:43:20 - pino - INFO - Epoch 0400 | data loss=9.220e-02 | bc loss=1.037e-02 | valid MSE=9.024e-02 | valid rel L2=2.975e-01 | pressure=9.085e-02, u=5.247e-02, v=4.987e-01 | Time: 1:13:09.783653
2026-06-25 11:45:08 - pino - INFO - Epoch 0410 | data loss=9.189e-02 | bc loss=1.202e-02 | valid MSE=8.867e-02 | valid rel L2=2.945e-01 | pressure=8.389e-02, u=5.230e-02, v=4.984e-01 | Time: 1:14:58.493318
2026-06-25 11:46:59 - pino - INFO - Epoch 0420 | data loss=9.118e-02 | bc loss=9.674e-03 | valid MSE=8.982e-02 | valid rel L2=2.961e-01 | pressure=9.174e-02, u=5.163e-02, v=4.974e-01 | Time: 1:16:48.927747
2026-06-25 11:48:50 - pino - INFO - Epoch 0430 | data loss=9.145e-02 | bc loss=1.031e-02 | valid MSE=8.693e-02 | valid rel L2=2.913e-01 | pressure=8.658e-02, u=5.064e-02, v=4.920e-01 | Time: 1:18:39.817174
2026-06-25 11:50:38 - pino - INFO - Epoch 0440 | data loss=9.075e-02 | bc loss=1.046e-02 | valid MSE=8.773e-02 | valid rel L2=2.928e-01 | pressure=8.336e-02, u=5.746e-02, v=4.916e-01 | Time: 1:20:28.088198
2026-06-25 11:52:27 - pino - INFO - Epoch 0450 | data loss=9.061e-02 | bc loss=1.042e-02 | valid MSE=8.740e-02 | valid rel L2=2.921e-01 | pressure=8.541e-02, u=5.232e-02, v=4.932e-01 | Time: 1:22:17.382023
2026-06-25 11:54:16 - pino - INFO - Epoch 0460 | data loss=9.022e-02 | bc loss=9.650e-03 | valid MSE=8.640e-02 | valid rel L2=2.903e-01 | pressure=8.362e-02, u=5.323e-02, v=4.903e-01 | Time: 1:24:06.443448
2026-06-25 11:56:06 - pino - INFO - Epoch 0470 | data loss=8.975e-02 | bc loss=9.783e-03 | valid MSE=9.103e-02 | valid rel L2=2.982e-01 | pressure=8.552e-02, u=5.751e-02, v=5.012e-01 | Time: 1:25:55.659318
2026-06-25 11:57:55 - pino - INFO - Epoch 0480 | data loss=9.027e-02 | bc loss=9.237e-03 | valid MSE=8.630e-02 | valid rel L2=2.901e-01 | pressure=8.408e-02, u=5.192e-02, v=4.907e-01 | Time: 1:27:45.318121
2026-06-25 11:59:44 - pino - INFO - Epoch 0490 | data loss=8.956e-02 | bc loss=9.333e-03 | valid MSE=8.924e-02 | valid rel L2=2.951e-01 | pressure=8.782e-02, u=5.464e-02, v=4.960e-01 | Time: 1:29:34.359064
2026-06-25 12:01:35 - pino - INFO - Epoch 0500 | data loss=8.899e-02 | bc loss=8.532e-03 | valid MSE=8.615e-02 | valid rel L2=2.901e-01 | pressure=8.447e-02, u=5.437e-02, v=4.880e-01 | Time: 1:31:25.219387
2026-06-25 12:03:24 - pino - INFO - Epoch 0510 | data loss=8.866e-02 | bc loss=8.358e-03 | valid MSE=8.747e-02 | valid rel L2=2.920e-01 | pressure=8.714e-02, u=5.238e-02, v=4.922e-01 | Time: 1:33:14.242664
2026-06-25 12:05:13 - pino - INFO - Epoch 0520 | data loss=8.859e-02 | bc loss=8.532e-03 | valid MSE=8.842e-02 | valid rel L2=2.942e-01 | pressure=8.213e-02, u=6.060e-02, v=4.920e-01 | Time: 1:35:03.450351
2026-06-25 12:07:05 - pino - INFO - Epoch 0530 | data loss=8.819e-02 | bc loss=8.365e-03 | valid MSE=8.766e-02 | valid rel L2=2.925e-01 | pressure=8.339e-02, u=5.585e-02, v=4.928e-01 | Time: 1:36:54.944176
2026-06-25 12:08:54 - pino - INFO - Epoch 0540 | data loss=8.765e-02 | bc loss=9.696e-03 | valid MSE=8.624e-02 | valid rel L2=2.901e-01 | pressure=8.112e-02, u=5.531e-02, v=4.898e-01 | Time: 1:38:44.358891
2026-06-25 12:10:44 - pino - INFO - Epoch 0550 | data loss=8.762e-02 | bc loss=8.360e-03 | valid MSE=8.632e-02 | valid rel L2=2.903e-01 | pressure=7.945e-02, u=5.589e-02, v=4.907e-01 | Time: 1:40:34.027510
2026-06-25 12:12:32 - pino - INFO - Epoch 0560 | data loss=8.613e-02 | bc loss=7.925e-03 | valid MSE=8.627e-02 | valid rel L2=2.903e-01 | pressure=7.603e-02, u=5.727e-02, v=4.916e-01 | Time: 1:42:21.801893
2026-06-25 12:14:21 - pino - INFO - Epoch 0570 | data loss=8.511e-02 | bc loss=7.989e-03 | valid MSE=8.309e-02 | valid rel L2=2.847e-01 | pressure=7.232e-02, u=5.151e-02, v=4.874e-01 | Time: 1:44:10.686215
2026-06-25 12:16:10 - pino - INFO - Epoch 0580 | data loss=8.371e-02 | bc loss=7.884e-03 | valid MSE=8.322e-02 | valid rel L2=2.847e-01 | pressure=6.924e-02, u=5.276e-02, v=4.887e-01 | Time: 1:46:00.447987
2026-06-25 12:18:01 - pino - INFO - Epoch 0590 | data loss=8.236e-02 | bc loss=8.311e-03 | valid MSE=8.078e-02 | valid rel L2=2.805e-01 | pressure=7.059e-02, u=4.956e-02, v=4.819e-01 | Time: 1:47:50.572164
2026-06-25 12:19:49 - pino - INFO - Epoch 0600 | data loss=8.115e-02 | bc loss=7.593e-03 | valid MSE=8.098e-02 | valid rel L2=2.805e-01 | pressure=6.623e-02, u=5.051e-02, v=4.843e-01 | Time: 1:49:39.126999
2026-06-25 12:21:37 - pino - INFO - Epoch 0610 | data loss=8.122e-02 | bc loss=8.072e-03 | valid MSE=8.187e-02 | valid rel L2=2.822e-01 | pressure=6.765e-02, u=5.300e-02, v=4.847e-01 | Time: 1:51:27.148232
2026-06-25 12:23:27 - pino - INFO - Epoch 0620 | data loss=8.188e-02 | bc loss=1.739e-02 | valid MSE=8.127e-02 | valid rel L2=2.813e-01 | pressure=7.128e-02, u=4.806e-02, v=4.843e-01 | Time: 1:53:16.609016
2026-06-25 12:25:16 - pino - INFO - Epoch 0630 | data loss=8.022e-02 | bc loss=7.348e-03 | valid MSE=8.082e-02 | valid rel L2=2.802e-01 | pressure=6.693e-02, u=4.997e-02, v=4.838e-01 | Time: 1:55:05.570548
2026-06-25 12:27:05 - pino - INFO - Epoch 0640 | data loss=8.018e-02 | bc loss=7.320e-03 | valid MSE=8.042e-02 | valid rel L2=2.798e-01 | pressure=7.166e-02, u=5.007e-02, v=4.796e-01 | Time: 1:56:55.174902
2026-06-25 12:28:54 - pino - INFO - Epoch 0650 | data loss=7.915e-02 | bc loss=7.025e-03 | valid MSE=7.979e-02 | valid rel L2=2.784e-01 | pressure=6.673e-02, u=4.869e-02, v=4.813e-01 | Time: 1:58:43.660765
2026-06-25 12:30:43 - pino - INFO - Epoch 0660 | data loss=7.939e-02 | bc loss=7.407e-03 | valid MSE=7.908e-02 | valid rel L2=2.771e-01 | pressure=6.665e-02, u=4.810e-02, v=4.793e-01 | Time: 2:00:32.840863
2026-06-25 12:32:33 - pino - INFO - Epoch 0670 | data loss=7.895e-02 | bc loss=7.024e-03 | valid MSE=8.029e-02 | valid rel L2=2.793e-01 | pressure=6.696e-02, u=5.129e-02, v=4.809e-01 | Time: 2:02:22.717082
2026-06-25 12:34:22 - pino - INFO - Epoch 0680 | data loss=7.891e-02 | bc loss=6.877e-03 | valid MSE=8.029e-02 | valid rel L2=2.793e-01 | pressure=6.711e-02, u=5.113e-02, v=4.810e-01 | Time: 2:04:11.704733
2026-06-25 12:36:12 - pino - INFO - Epoch 0690 | data loss=7.933e-02 | bc loss=7.016e-03 | valid MSE=7.914e-02 | valid rel L2=2.775e-01 | pressure=7.072e-02, u=4.795e-02, v=4.773e-01 | Time: 2:06:01.584361
2026-06-25 12:38:01 - pino - INFO - Epoch 0700 | data loss=7.822e-02 | bc loss=6.652e-03 | valid MSE=7.940e-02 | valid rel L2=2.777e-01 | pressure=6.667e-02, u=4.979e-02, v=4.791e-01 | Time: 2:07:50.719218
2026-06-25 12:39:50 - pino - INFO - Epoch 0710 | data loss=7.869e-02 | bc loss=6.791e-03 | valid MSE=7.890e-02 | valid rel L2=2.767e-01 | pressure=6.658e-02, u=4.873e-02, v=4.782e-01 | Time: 2:09:40.149525
2026-06-25 12:41:39 - pino - INFO - Epoch 0720 | data loss=7.827e-02 | bc loss=7.000e-03 | valid MSE=7.800e-02 | valid rel L2=2.752e-01 | pressure=6.645e-02, u=4.768e-02, v=4.759e-01 | Time: 2:11:29.340229
2026-06-25 12:43:28 - pino - INFO - Epoch 0730 | data loss=7.814e-02 | bc loss=6.633e-03 | valid MSE=7.844e-02 | valid rel L2=2.761e-01 | pressure=6.832e-02, u=4.900e-02, v=4.755e-01 | Time: 2:13:18.132484
2026-06-25 12:45:18 - pino - INFO - Epoch 0740 | data loss=7.775e-02 | bc loss=6.482e-03 | valid MSE=7.875e-02 | valid rel L2=2.764e-01 | pressure=6.635e-02, u=4.865e-02, v=4.779e-01 | Time: 2:15:07.540514
2026-06-25 12:47:07 - pino - INFO - Epoch 0750 | data loss=7.796e-02 | bc loss=6.702e-03 | valid MSE=7.919e-02 | valid rel L2=2.772e-01 | pressure=6.777e-02, u=4.880e-02, v=4.785e-01 | Time: 2:16:56.664189
2026-06-25 12:48:56 - pino - INFO - Epoch 0760 | data loss=7.776e-02 | bc loss=8.545e-03 | valid MSE=7.784e-02 | valid rel L2=2.749e-01 | pressure=6.667e-02, u=4.809e-02, v=4.749e-01 | Time: 2:18:46.376540
2026-06-25 12:50:46 - pino - INFO - Epoch 0770 | data loss=7.727e-02 | bc loss=6.338e-03 | valid MSE=7.856e-02 | valid rel L2=2.761e-01 | pressure=6.584e-02, u=4.920e-02, v=4.771e-01 | Time: 2:20:35.997864
2026-06-25 12:52:35 - pino - INFO - Epoch 0780 | data loss=7.719e-02 | bc loss=6.250e-03 | valid MSE=7.811e-02 | valid rel L2=2.753e-01 | pressure=6.672e-02, u=4.826e-02, v=4.757e-01 | Time: 2:22:25.198935
2026-06-25 12:54:24 - pino - INFO - Epoch 0790 | data loss=7.720e-02 | bc loss=6.291e-03 | valid MSE=7.849e-02 | valid rel L2=2.759e-01 | pressure=6.776e-02, u=4.852e-02, v=4.763e-01 | Time: 2:24:13.813158
2026-06-25 12:56:15 - pino - INFO - Epoch 0800 | data loss=7.722e-02 | bc loss=6.203e-03 | valid MSE=7.780e-02 | valid rel L2=2.747e-01 | pressure=6.714e-02, u=4.759e-02, v=4.749e-01 | Time: 2:26:05.252300
2026-06-25 12:58:04 - pino - INFO - Epoch 0810 | data loss=7.720e-02 | bc loss=6.256e-03 | valid MSE=7.806e-02 | valid rel L2=2.752e-01 | pressure=6.679e-02, u=4.845e-02, v=4.754e-01 | Time: 2:27:54.383145
2026-06-25 12:59:54 - pino - INFO - Epoch 0820 | data loss=7.694e-02 | bc loss=6.216e-03 | valid MSE=7.747e-02 | valid rel L2=2.741e-01 | pressure=6.665e-02, u=4.755e-02, v=4.740e-01 | Time: 2:29:43.779797
2026-06-25 13:01:43 - pino - INFO - Epoch 0830 | data loss=7.680e-02 | bc loss=6.113e-03 | valid MSE=7.788e-02 | valid rel L2=2.748e-01 | pressure=6.682e-02, u=4.799e-02, v=4.750e-01 | Time: 2:31:32.984864
2026-06-25 13:03:32 - pino - INFO - Epoch 0840 | data loss=7.694e-02 | bc loss=6.135e-03 | valid MSE=7.809e-02 | valid rel L2=2.754e-01 | pressure=6.935e-02, u=4.746e-02, v=4.748e-01 | Time: 2:33:21.621890
2026-06-25 13:05:26 - pino - INFO - Epoch 0850 | data loss=7.689e-02 | bc loss=6.083e-03 | valid MSE=7.750e-02 | valid rel L2=2.742e-01 | pressure=6.620e-02, u=4.727e-02, v=4.746e-01 | Time: 2:35:15.997025
2026-06-25 13:07:20 - pino - INFO - Epoch 0860 | data loss=7.670e-02 | bc loss=6.059e-03 | valid MSE=7.796e-02 | valid rel L2=2.749e-01 | pressure=6.662e-02, u=4.794e-02, v=4.755e-01 | Time: 2:37:09.656509
2026-06-25 13:09:09 - pino - INFO - Epoch 0870 | data loss=7.669e-02 | bc loss=6.106e-03 | valid MSE=7.797e-02 | valid rel L2=2.750e-01 | pressure=6.622e-02, u=4.837e-02, v=4.754e-01 | Time: 2:38:58.803356
2026-06-25 13:11:00 - pino - INFO - Epoch 0880 | data loss=7.651e-02 | bc loss=6.043e-03 | valid MSE=7.769e-02 | valid rel L2=2.746e-01 | pressure=6.789e-02, u=4.811e-02, v=4.737e-01 | Time: 2:40:50.463794
2026-06-25 13:12:50 - pino - INFO - Epoch 0890 | data loss=7.660e-02 | bc loss=5.992e-03 | valid MSE=7.758e-02 | valid rel L2=2.743e-01 | pressure=6.727e-02, u=4.817e-02, v=4.736e-01 | Time: 2:42:39.520895
2026-06-25 13:14:39 - pino - INFO - Epoch 0900 | data loss=7.649e-02 | bc loss=5.990e-03 | valid MSE=7.751e-02 | valid rel L2=2.742e-01 | pressure=6.743e-02, u=4.780e-02, v=4.736e-01 | Time: 2:44:28.861555
2026-06-25 13:16:27 - pino - INFO - Epoch 0910 | data loss=7.638e-02 | bc loss=5.999e-03 | valid MSE=7.756e-02 | valid rel L2=2.742e-01 | pressure=6.623e-02, u=4.772e-02, v=4.745e-01 | Time: 2:46:17.102290
2026-06-25 13:18:18 - pino - INFO - Epoch 0920 | data loss=7.643e-02 | bc loss=5.940e-03 | valid MSE=7.737e-02 | valid rel L2=2.739e-01 | pressure=6.683e-02, u=4.731e-02, v=4.738e-01 | Time: 2:48:07.885188
2026-06-25 13:20:10 - pino - INFO - Epoch 0930 | data loss=7.637e-02 | bc loss=5.926e-03 | valid MSE=7.733e-02 | valid rel L2=2.738e-01 | pressure=6.682e-02, u=4.731e-02, v=4.736e-01 | Time: 2:49:59.746414
2026-06-25 13:21:59 - pino - INFO - Epoch 0940 | data loss=7.635e-02 | bc loss=5.939e-03 | valid MSE=7.770e-02 | valid rel L2=2.745e-01 | pressure=6.636e-02, u=4.831e-02, v=4.744e-01 | Time: 2:51:48.708942
2026-06-25 13:23:48 - pino - INFO - Epoch 0950 | data loss=7.630e-02 | bc loss=5.944e-03 | valid MSE=7.739e-02 | valid rel L2=2.740e-01 | pressure=6.654e-02, u=4.786e-02, v=4.736e-01 | Time: 2:53:37.777593
2026-06-25 13:25:37 - pino - INFO - Epoch 0960 | data loss=7.633e-02 | bc loss=5.913e-03 | valid MSE=7.760e-02 | valid rel L2=2.743e-01 | pressure=6.646e-02, u=4.807e-02, v=4.742e-01 | Time: 2:55:26.947847
2026-06-25 13:27:26 - pino - INFO - Epoch 0970 | data loss=7.624e-02 | bc loss=5.929e-03 | valid MSE=7.754e-02 | valid rel L2=2.742e-01 | pressure=6.634e-02, u=4.791e-02, v=4.742e-01 | Time: 2:57:16.063941
2026-06-25 13:29:15 - pino - INFO - Epoch 0980 | data loss=7.627e-02 | bc loss=5.892e-03 | valid MSE=7.743e-02 | valid rel L2=2.740e-01 | pressure=6.647e-02, u=4.775e-02, v=4.738e-01 | Time: 2:59:05.368549
2026-06-25 13:31:04 - pino - INFO - Epoch 0990 | data loss=7.624e-02 | bc loss=5.910e-03 | valid MSE=7.747e-02 | valid rel L2=2.741e-01 | pressure=6.641e-02, u=4.782e-02, v=4.740e-01 | Time: 3:00:54.469570
2026-06-25 13:32:58 - pino - INFO - Epoch 1000 | data loss=7.624e-02 | bc loss=5.910e-03 | valid MSE=7.746e-02 | valid rel L2=2.740e-01 | pressure=6.642e-02, u=4.781e-02, v=4.739e-01 | Time: 3:02:47.877825
2026-06-25 13:32:58 - pino - INFO - Best validation MSE: 0.07722556963562965
2026-06-25 13:32:58 - pino - INFO - Saved: results/062426_1/checkpoint.pt
2026-06-25 13:32:59 - pino - INFO - Loaded: results/062426_1/checkpoint.pt
2026-06-25 13:32:59 - pino - INFO - Total plotted points: 226750
2026-06-25 13:32:59 - pino - INFO - x range: 0.00025889184 0.9997466
2026-06-25 13:32:59 - pino - INFO - y range: -0.0015256972 0.101524666
2026-06-25 13:33:46 - pino - INFO - Total plotted points: 231436
2026-06-25 13:33:46 - pino - INFO - x range: 0.000261162 0.99975514
2026-06-25 13:33:46 - pino - INFO - y range: -0.0046290876 0.104625754
2026-06-25 13:34:34 - pino - INFO - Total plotted points: 227778
2026-06-25 13:34:34 - pino - INFO - x range: 0.00025274197 0.99975055
2026-06-25 13:34:34 - pino - INFO - y range: -0.0033829268 0.10338141
2026-06-25 13:35:21 - pino - INFO - Total plotted points: 229860
2026-06-25 13:35:21 - pino - INFO - x range: 0.00025815194 0.9997631
2026-06-25 13:35:21 - pino - INFO - y range: -0.004454319 0.10445569
2026-06-25 13:36:08 - pino - INFO - Total plotted points: 224914
2026-06-25 13:36:08 - pino - INFO - x range: 0.00025246586 0.9997395
2026-06-25 13:36:08 - pino - INFO - y range: -0.0032574025 0.10326945
2026-06-25 13:36:54 - pino - INFO - Total plotted points: 238280
2026-06-25 13:36:54 - pino - INFO - x range: 0.0002491116 0.9997619
2026-06-25 13:36:54 - pino - INFO - y range: -0.0046638288 0.104614966
2026-06-25 13:37:43 - pino - INFO - Total plotted points: 229710
2026-06-25 13:37:43 - pino - INFO - x range: 0.0002617746 0.9997623
2026-06-25 13:37:43 - pino - INFO - y range: -0.0042969747 0.1042696
2026-06-25 13:38:31 - pino - INFO - Total plotted points: 231514
2026-06-25 13:38:31 - pino - INFO - x range: 0.00025571382 0.99972636
2026-06-25 13:38:31 - pino - INFO - y range: -0.004588969 0.1046042
2026-06-25 13:39:18 - pino - INFO - Total plotted points: 235566
2026-06-25 13:39:18 - pino - INFO - x range: 0.00025791017 0.99974144
2026-06-25 13:39:18 - pino - INFO - y range: -0.0032693085 0.10326477
2026-06-25 13:40:06 - pino - INFO - Total plotted points: 233642
2026-06-25 13:40:06 - pino - INFO - x range: 0.00024732196 0.99976164
2026-06-25 13:40:06 - pino - INFO - y range: -0.0032561577 0.10325932
2026-06-25 13:40:55 - pino - INFO - Total plotted points: 237122
2026-06-25 13:40:55 - pino - INFO - x range: 0.00024595298 0.99974436
2026-06-25 13:40:55 - pino - INFO - y range: -0.004337299 0.104335144
2026-06-25 13:41:44 - pino - INFO - Total plotted points: 236006
2026-06-25 13:41:44 - pino - INFO - x range: 0.00027182323 0.99973553
2026-06-25 13:41:44 - pino - INFO - y range: -0.0045372355 0.104539566
2026-06-25 13:42:32 - pino - INFO - Total plotted points: 225984
2026-06-25 13:42:32 - pino - INFO - x range: 0.00026503435 0.9997585
2026-06-25 13:42:32 - pino - INFO - y range: -0.0038475022 0.10385095
2026-06-25 13:43:20 - pino - INFO - Total plotted points: 230250
2026-06-25 13:43:20 - pino - INFO - x range: 0.00024376356 0.9997537
2026-06-25 13:43:20 - pino - INFO - y range: -0.004373919 0.104389966
2026-06-25 13:44:08 - pino - INFO - Total plotted points: 229924
2026-06-25 13:44:08 - pino - INFO - x range: 0.00025147657 0.99975973
2026-06-25 13:44:08 - pino - INFO - y range: -0.0026080187 0.10260725
2026-06-25 13:44:56 - pino - INFO - Total plotted points: 228196
2026-06-25 13:44:56 - pino - INFO - x range: 0.0002625722 0.9997519
2026-06-25 13:44:56 - pino - INFO - y range: -0.0033480935 0.1033409
2026-06-25 13:45:43 - pino - INFO - Total plotted points: 228924
2026-06-25 13:45:44 - pino - INFO - x range: 0.00025796614 0.9997434
2026-06-25 13:45:44 - pino - INFO - y range: -0.003335104 0.10333891
2026-06-25 13:46:30 - pino - INFO - Total plotted points: 237284
2026-06-25 13:46:30 - pino - INFO - x range: 0.00025458346 0.9997376
2026-06-25 13:46:30 - pino - INFO - y range: -0.004519782 0.10453451
2026-06-25 13:47:19 - pino - INFO - Total plotted points: 229580
2026-06-25 13:47:19 - pino - INFO - x range: 0.00024909535 0.999739
2026-06-25 13:47:19 - pino - INFO - y range: -0.0045767454 0.10457782
2026-06-25 13:48:08 - pino - INFO - Total plotted points: 229976
2026-06-25 13:48:08 - pino - INFO - x range: 0.00026124623 0.9997454
2026-06-25 13:48:08 - pino - INFO - y range: -0.0031424041 0.103144005
2026-06-25 13:50:56 - pino - INFO - Test samples: 20
2026-06-25 13:50:56 - pino - INFO - Test cases: [18, 22, 28, 31, 33, 45, 51, 71, 81, 89, 90, 97, 111, 117, 118, 133, 151, 172, 193, 199]
2026-06-25 13:50:56 - pino - INFO - Total plotted points: 233510
2026-06-25 13:50:56 - pino - INFO - x range: 0.00025498384 0.99972945
2026-06-25 13:50:56 - pino - INFO - y range: -0.0042605735 0.10426219
2026-06-25 13:51:45 - pino - INFO - Total plotted points: 234538
2026-06-25 13:51:45 - pino - INFO - x range: 0.00026474 0.9997402
2026-06-25 13:51:45 - pino - INFO - y range: -0.004268221 0.10428133
2026-06-25 13:52:35 - pino - INFO - Total plotted points: 235826
2026-06-25 13:52:35 - pino - INFO - x range: 0.0002586868 0.99974185
2026-06-25 13:52:35 - pino - INFO - y range: -0.004024768 0.104016855
2026-06-25 13:53:24 - pino - INFO - Total plotted points: 233568
2026-06-25 13:53:24 - pino - INFO - x range: 0.00025344425 0.99973947
2026-06-25 13:53:24 - pino - INFO - y range: -0.003658202 0.103660904
2026-06-25 13:54:14 - pino - INFO - Total plotted points: 235468
2026-06-25 13:54:14 - pino - INFO - x range: 0.00024599387 0.99973375
2026-06-25 13:54:14 - pino - INFO - y range: -0.0039148796 0.10391728
2026-06-25 13:55:03 - pino - INFO - Total plotted points: 234412
2026-06-25 13:55:03 - pino - INFO - x range: 0.0002758262 0.9997393
2026-06-25 13:55:03 - pino - INFO - y range: -0.004425013 0.104425386
2026-06-25 13:55:52 - pino - INFO - Total plotted points: 240746
2026-06-25 13:55:52 - pino - INFO - x range: 0.0002609375 0.9997381
2026-06-25 13:55:52 - pino - INFO - y range: -0.0032173737 0.103217304
2026-06-25 13:56:42 - pino - INFO - Total plotted points: 235380
2026-06-25 13:56:42 - pino - INFO - x range: 0.00024300089 0.9997446
2026-06-25 13:56:42 - pino - INFO - y range: -0.0043047713 0.10430621
2026-06-25 13:57:30 - pino - INFO - Total plotted points: 230012
2026-06-25 13:57:30 - pino - INFO - x range: 0.0002561938 0.99974436
2026-06-25 13:57:30 - pino - INFO - y range: -0.0039856303 0.10399591
2026-06-25 13:58:19 - pino - INFO - Total plotted points: 226940
2026-06-25 13:58:19 - pino - INFO - x range: 0.00024718884 0.99974114
2026-06-25 13:58:19 - pino - INFO - y range: -0.0022469538 0.10224443
2026-06-25 13:59:06 - pino - INFO - Total plotted points: 231186
2026-06-25 13:59:06 - pino - INFO - x range: 0.0002531517 0.9997418
2026-06-25 13:59:06 - pino - INFO - y range: -0.0042465804 0.104217246
2026-06-25 13:59:54 - pino - INFO - Total plotted points: 228072
2026-06-25 13:59:54 - pino - INFO - x range: 0.00025701115 0.9997439
2026-06-25 13:59:54 - pino - INFO - y range: -0.0015170992 0.1015051
2026-06-25 14:00:43 - pino - INFO - Total plotted points: 228508
2026-06-25 14:00:43 - pino - INFO - x range: 0.00027316585 0.99975973
2026-06-25 14:00:43 - pino - INFO - y range: -0.0026329514 0.102639794
2026-06-25 14:01:30 - pino - INFO - Total plotted points: 230606
2026-06-25 14:01:30 - pino - INFO - x range: 0.00025092397 0.99975616
2026-06-25 14:01:30 - pino - INFO - y range: -0.0021400684 0.102146626
2026-06-25 14:02:18 - pino - INFO - Total plotted points: 237846
2026-06-25 14:02:18 - pino - INFO - x range: 0.00027120538 0.9997467
2026-06-25 14:02:18 - pino - INFO - y range: -0.0039959876 0.104003444
2026-06-25 14:03:08 - pino - INFO - Total plotted points: 230524
2026-06-25 14:03:08 - pino - INFO - x range: 0.0002614303 0.999751
2026-06-25 14:03:08 - pino - INFO - y range: -0.0041358327 0.1041361
2026-06-25 14:03:56 - pino - INFO - Total plotted points: 231878
2026-06-25 14:03:56 - pino - INFO - x range: 0.00024993607 0.99974436
2026-06-25 14:03:56 - pino - INFO - y range: -0.0026193045 0.102620535
2026-06-25 14:04:45 - pino - INFO - Total plotted points: 224802
2026-06-25 14:04:45 - pino - INFO - x range: 0.0002613183 0.999745
2026-06-25 14:04:45 - pino - INFO - y range: -0.0036525235 0.10365243
2026-06-25 14:05:33 - pino - INFO - Total plotted points: 234938
2026-06-25 14:05:33 - pino - INFO - x range: 0.00025784556 0.9997471
2026-06-25 14:05:33 - pino - INFO - y range: -0.004158475 0.104161456
2026-06-25 14:06:23 - pino - INFO - Total plotted points: 225946
2026-06-25 14:06:23 - pino - INFO - x range: 0.0002574874 0.99974716
2026-06-25 14:06:23 - pino - INFO - y range: -0.0038637233 0.10386955
2026-06-26 13:14:09 - pino - INFO - e976ee50-99ed-4aba-9b6b-9dcd5634d07d:IPyWidgets:8.1.8
2026-06-26 13:14:09 - pino - INFO - ['/jupyter-matplotlib/extension.js', '/jupyter-js-widgets/extension.js']
