2026-06-08 19:13:24 - pino - INFO - Training comment
2026-06-08 19:13:24 - pino - INFO - Small smooth channels interface at control points
2026-06-08 19:13:24 - pino - INFO - Available cases (100):
2026-06-08 19:13:24 - pino - INFO - [0, 1, 2, 3, 4, 5, 6, 7, 8, 9, 10, 11, 12, 13, 14, 15, 16, 17, 18, 19, 20, 21, 22, 23, 24, 25, 26, 27, 28, 29, 30, 31, 32, 33, 34, 35, 36, 37, 38, 39, 40, 41, 42, 43, 44, 45, 46, 47, 48, 49, 50, 51, 52, 53, 54, 55, 56, 57, 58, 59, 60, 61, 62, 63, 64, 65, 66, 67, 68, 69, 70, 71, 72, 73, 74, 75, 76, 77, 78, 79, 80, 81, 82, 83, 84, 85, 86, 87, 88, 89, 90, 91, 92, 93, 94, 95, 96, 97, 98, 99]
2026-06-08 19:13:24 - pino - INFO - Train cases (80): ['channel_00', 'channel_01', 'channel_02', 'channel_04', 'channel_05', 'channel_06', 'channel_07', 'channel_08', 'channel_10', 'channel_12', 'channel_13', 'channel_15', 'channel_17', 'channel_19', 'channel_21', 'channel_22', 'channel_24', 'channel_26', 'channel_27', 'channel_28', 'channel_30', 'channel_31', 'channel_32', 'channel_33', 'channel_34', 'channel_36', 'channel_37', 'channel_38', 'channel_39', 'channel_40', 'channel_41', 'channel_42', 'channel_44', 'channel_45', 'channel_46', 'channel_47', 'channel_48', 'channel_50', 'channel_51', 'channel_53', 'channel_54', 'channel_56', 'channel_57', 'channel_59', 'channel_60', 'channel_61', 'channel_62', 'channel_63', 'channel_64', 'channel_65', 'channel_66', 'channel_67', 'channel_68', 'channel_70', 'channel_71', 'channel_72', 'channel_74', 'channel_75', 'channel_77', 'channel_78', 'channel_79', 'channel_80', 'channel_81', 'channel_82', 'channel_83', 'channel_84', 'channel_85', 'channel_86', 'channel_87', 'channel_88', 'channel_89', 'channel_90', 'channel_91', 'channel_92', 'channel_93', 'channel_94', 'channel_95', 'channel_96', 'channel_98', 'channel_99']
2026-06-08 19:13:24 - pino - INFO - Valid cases (10): ['channel_09', 'channel_11', 'channel_16', 'channel_18', 'channel_20', 'channel_23', 'channel_29', 'channel_35', 'channel_43', 'channel_76']
2026-06-08 19:13:24 - pino - INFO - Test  cases (10): ['channel_03', 'channel_14', 'channel_25', 'channel_49', 'channel_52', 'channel_55', 'channel_58', 'channel_69', 'channel_73', 'channel_97']
2026-06-08 19:32:26 - pino - INFO - Train samples: 800
2026-06-08 19:32:26 - pino - INFO - Valid samples: 100
2026-06-08 19:32:26 - pino - INFO - Train branch channels: ['x_local', 'y_local', 'wall_mask', 'interface_mask', 'boundary_pressure', 'boundary_u', 'boundary_v', 'known_pressure', 'known_u', 'known_v', 'local_aspect_ratio']
2026-06-08 19:32:26 - pino - INFO - Train trunk channels: ['x_local', 'y_local']
2026-06-08 19:32:26 - pino - INFO - Output channels: ['pressure', 'u', 'v']
2026-06-08 19:32:26 - pino - INFO - Example train sample:
2026-06-08 19:32:26 - pino - INFO - branch: (1024, 11)
2026-06-08 19:32:26 - pino - INFO - query: (28600, 2)
2026-06-08 19:32:26 - pino - INFO - target: (28600, 3)
2026-06-08 19:32:26 - pino - INFO - Train cases: [0, 1, 2, 4, 5, 6, 7, 8, 10, 12, 13, 15, 17, 19, 21, 22, 24, 26, 27, 28, 30, 31, 32, 33, 34, 36, 37, 38, 39, 40, 41, 42, 44, 45, 46, 47, 48, 50, 51, 53, 54, 56, 57, 59, 60, 61, 62, 63, 64, 65, 66, 67, 68, 70, 71, 72, 74, 75, 77, 78, 79, 80, 81, 82, 83, 84, 85, 86, 87, 88, 89, 90, 91, 92, 93, 94, 95, 96, 98, 99]
2026-06-08 19:32:26 - pino - INFO - Valid cases: [9, 11, 16, 18, 20, 23, 29, 35, 43, 76]
2026-06-08 19:32:26 - pino - INFO - Y mean: tensor([ 6.3925e+02,  1.0017e+00, -1.2696e-05])
2026-06-08 19:32:26 - pino - INFO - Y std: tensor([4.1504e+02, 4.2805e-01, 2.2184e-02])
2026-06-08 19:32:26 - pino - INFO - local_aspect_mean: 1.0
2026-06-08 19:32:26 - pino - INFO - local_aspect_std: 0.7332680821418762
2026-06-08 19:32:27 - pino - INFO - branch batch: torch.Size([50, 1024, 11])
2026-06-08 19:32:27 - pino - INFO - query batch: torch.Size([1242596, 2])
2026-06-08 19:32:27 - pino - INFO - target batch: torch.Size([1242596, 3])
2026-06-08 19:32:27 - pino - INFO - query batch id: tensor(0) tensor(49)
2026-06-08 19:32:27 - pino - INFO - sample indices: tensor([ 26,  17, 437, 146,  57, 476, 261, 771, 208, 492, 461, 723,  38, 287,
        343, 568, 419, 616, 273, 463,  28, 627, 307, 356,  11, 609, 266, 433,
        719, 618, 426, 348,  14, 796, 428,  77, 111, 149, 759,  94, 271, 670,
        268, 240, 283, 113,  88, 436, 232, 593])
2026-06-08 19:32:28 - pino - INFO - {'branch_input_dim': 11, 'trunk_input_dim': 2, 'output_channels': 3, 'latent_dim': 128, 'branch_point_hidden_dim': 128, 'branch_point_depth': 3, 'branch_global_hidden_dim': 128, 'branch_global_depth': 3, 'trunk_hidden_dim': 128, 'trunk_depth': 4, 'aggregation': 'mean', 'activation': 'gelu', 'layer_norm': False}
2026-06-08 19:32:37 - pino - INFO - Epoch 0001 | data loss=1.319e+00 | bc loss=1.298e+00 | valid MSE=1.074e+00 | valid rel L2=1.048e+00 | pressure=5.041e-01, u=4.498e-01, v=9.848e-01 | Time: 0:00:09.457137
2026-06-08 19:33:17 - pino - INFO - Epoch 0010 | data loss=3.688e-01 | bc loss=2.187e-01 | valid MSE=2.973e-01 | valid rel L2=4.016e-01 | pressure=9.179e-02, u=9.064e-02, v=8.420e-01 | Time: 0:00:48.599802
2026-06-08 19:33:59 - pino - INFO - Epoch 0020 | data loss=2.468e-01 | bc loss=1.494e-01 | valid MSE=2.141e-01 | valid rel L2=3.569e-01 | pressure=8.981e-02, u=9.176e-02, v=7.334e-01 | Time: 0:01:30.590390
2026-06-08 19:34:39 - pino - INFO - Epoch 0030 | data loss=2.083e-01 | bc loss=1.252e-01 | valid MSE=1.670e-01 | valid rel L2=2.875e-01 | pressure=6.110e-02, u=6.757e-02, v=6.807e-01 | Time: 0:02:11.197710
2026-06-08 19:35:21 - pino - INFO - Epoch 0040 | data loss=1.882e-01 | bc loss=1.120e-01 | valid MSE=1.499e-01 | valid rel L2=2.681e-01 | pressure=5.689e-02, u=5.652e-02, v=6.574e-01 | Time: 0:02:53.155204
2026-06-08 19:36:03 - pino - INFO - Epoch 0050 | data loss=1.645e-01 | bc loss=9.289e-02 | valid MSE=1.379e-01 | valid rel L2=2.559e-01 | pressure=5.490e-02, u=5.058e-02, v=6.296e-01 | Time: 0:03:34.596646
2026-06-08 19:36:45 - pino - INFO - Epoch 0060 | data loss=1.289e-01 | bc loss=7.767e-02 | valid MSE=1.191e-01 | valid rel L2=2.343e-01 | pressure=4.796e-02, u=4.590e-02, v=5.956e-01 | Time: 0:04:17.146809
2026-06-08 19:37:28 - pino - INFO - Epoch 0070 | data loss=1.144e-01 | bc loss=6.312e-02 | valid MSE=1.040e-01 | valid rel L2=2.150e-01 | pressure=4.466e-02, u=4.126e-02, v=5.697e-01 | Time: 0:05:00.034008
2026-06-08 19:38:09 - pino - INFO - Epoch 0080 | data loss=1.030e-01 | bc loss=6.323e-02 | valid MSE=9.467e-02 | valid rel L2=2.052e-01 | pressure=4.399e-02, u=4.093e-02, v=5.421e-01 | Time: 0:05:40.977027
2026-06-08 19:38:51 - pino - INFO - Epoch 0090 | data loss=9.535e-02 | bc loss=5.935e-02 | valid MSE=8.354e-02 | valid rel L2=1.968e-01 | pressure=4.420e-02, u=4.295e-02, v=5.035e-01 | Time: 0:06:22.858103
2026-06-08 19:39:33 - pino - INFO - Epoch 0100 | data loss=8.839e-02 | bc loss=6.231e-02 | valid MSE=7.998e-02 | valid rel L2=1.994e-01 | pressure=5.446e-02, u=5.323e-02, v=4.874e-01 | Time: 0:07:04.956693
2026-06-08 19:40:12 - pino - INFO - Epoch 0110 | data loss=7.430e-02 | bc loss=3.751e-02 | valid MSE=6.241e-02 | valid rel L2=1.613e-01 | pressure=3.705e-02, u=3.699e-02, v=4.404e-01 | Time: 0:07:44.001628
2026-06-08 19:40:52 - pino - INFO - Epoch 0120 | data loss=6.814e-02 | bc loss=3.270e-02 | valid MSE=5.970e-02 | valid rel L2=1.678e-01 | pressure=3.557e-02, u=3.462e-02, v=4.283e-01 | Time: 0:08:24.372369
2026-06-08 19:41:33 - pino - INFO - Epoch 0130 | data loss=6.526e-02 | bc loss=3.473e-02 | valid MSE=5.632e-02 | valid rel L2=1.577e-01 | pressure=3.453e-02, u=3.480e-02, v=4.181e-01 | Time: 0:09:05.076792
2026-06-08 19:42:13 - pino - INFO - Epoch 0140 | data loss=6.290e-02 | bc loss=3.089e-02 | valid MSE=5.247e-02 | valid rel L2=1.480e-01 | pressure=3.822e-02, u=3.455e-02, v=4.037e-01 | Time: 0:09:45.208673
2026-06-08 19:42:54 - pino - INFO - Epoch 0150 | data loss=5.305e-02 | bc loss=2.663e-02 | valid MSE=4.529e-02 | valid rel L2=1.372e-01 | pressure=3.153e-02, u=3.401e-02, v=3.747e-01 | Time: 0:10:25.954350
2026-06-08 19:43:34 - pino - INFO - Epoch 0160 | data loss=5.070e-02 | bc loss=2.522e-02 | valid MSE=4.355e-02 | valid rel L2=1.382e-01 | pressure=3.036e-02, u=3.059e-02, v=3.749e-01 | Time: 0:11:06.375728
2026-06-08 19:44:16 - pino - INFO - Epoch 0170 | data loss=4.474e-02 | bc loss=2.440e-02 | valid MSE=4.491e-02 | valid rel L2=1.366e-01 | pressure=3.041e-02, u=3.344e-02, v=3.795e-01 | Time: 0:11:47.657760
2026-06-08 19:44:57 - pino - INFO - Epoch 0180 | data loss=4.725e-02 | bc loss=2.845e-02 | valid MSE=5.149e-02 | valid rel L2=1.493e-01 | pressure=3.159e-02, u=3.938e-02, v=3.949e-01 | Time: 0:12:28.681015
2026-06-08 19:45:38 - pino - INFO - Epoch 0190 | data loss=3.989e-02 | bc loss=1.993e-02 | valid MSE=3.571e-02 | valid rel L2=1.214e-01 | pressure=3.020e-02, u=2.739e-02, v=3.460e-01 | Time: 0:13:09.681447
2026-06-08 19:46:18 - pino - INFO - Epoch 0200 | data loss=5.217e-02 | bc loss=3.016e-02 | valid MSE=4.102e-02 | valid rel L2=1.366e-01 | pressure=3.578e-02, u=3.004e-02, v=3.663e-01 | Time: 0:13:49.908359
2026-06-08 19:46:58 - pino - INFO - Epoch 0210 | data loss=3.921e-02 | bc loss=2.534e-02 | valid MSE=3.714e-02 | valid rel L2=1.262e-01 | pressure=2.972e-02, u=2.915e-02, v=3.453e-01 | Time: 0:14:30.185739
2026-06-08 19:47:38 - pino - INFO - Epoch 0220 | data loss=3.445e-02 | bc loss=1.937e-02 | valid MSE=3.056e-02 | valid rel L2=1.124e-01 | pressure=2.445e-02, u=2.501e-02, v=3.230e-01 | Time: 0:15:09.880708
2026-06-08 19:48:19 - pino - INFO - Epoch 0230 | data loss=3.327e-02 | bc loss=1.811e-02 | valid MSE=3.011e-02 | valid rel L2=1.202e-01 | pressure=3.021e-02, u=2.513e-02, v=3.191e-01 | Time: 0:15:50.871161
2026-06-08 19:49:00 - pino - INFO - Epoch 0240 | data loss=3.203e-02 | bc loss=1.724e-02 | valid MSE=3.025e-02 | valid rel L2=1.110e-01 | pressure=2.762e-02, u=2.356e-02, v=3.237e-01 | Time: 0:16:31.607154
2026-06-08 19:49:40 - pino - INFO - Epoch 0250 | data loss=3.111e-02 | bc loss=1.808e-02 | valid MSE=2.782e-02 | valid rel L2=1.060e-01 | pressure=2.586e-02, u=2.432e-02, v=3.159e-01 | Time: 0:17:12.065590
2026-06-08 19:50:22 - pino - INFO - Epoch 0260 | data loss=2.869e-02 | bc loss=1.744e-02 | valid MSE=3.152e-02 | valid rel L2=1.131e-01 | pressure=2.707e-02, u=2.340e-02, v=3.301e-01 | Time: 0:17:53.616375
2026-06-08 19:51:04 - pino - INFO - Epoch 0270 | data loss=2.731e-02 | bc loss=1.501e-02 | valid MSE=2.603e-02 | valid rel L2=1.071e-01 | pressure=2.469e-02, u=2.440e-02, v=3.025e-01 | Time: 0:18:35.645308
2026-06-08 19:51:43 - pino - INFO - Epoch 0280 | data loss=3.227e-02 | bc loss=1.894e-02 | valid MSE=2.856e-02 | valid rel L2=1.148e-01 | pressure=2.819e-02, u=2.254e-02, v=3.151e-01 | Time: 0:19:14.607745
2026-06-08 19:52:23 - pino - INFO - Epoch 0290 | data loss=3.071e-02 | bc loss=1.844e-02 | valid MSE=2.720e-02 | valid rel L2=1.193e-01 | pressure=3.105e-02, u=2.523e-02, v=2.993e-01 | Time: 0:19:55.237373
2026-06-08 19:53:03 - pino - INFO - Epoch 0300 | data loss=3.723e-02 | bc loss=2.872e-02 | valid MSE=3.337e-02 | valid rel L2=1.291e-01 | pressure=2.869e-02, u=3.812e-02, v=3.148e-01 | Time: 0:20:34.888649
2026-06-08 19:53:43 - pino - INFO - Epoch 0310 | data loss=2.726e-02 | bc loss=1.535e-02 | valid MSE=2.387e-02 | valid rel L2=1.039e-01 | pressure=2.772e-02, u=2.303e-02, v=2.879e-01 | Time: 0:21:15.301349
2026-06-08 19:54:23 - pino - INFO - Epoch 0320 | data loss=2.321e-02 | bc loss=1.415e-02 | valid MSE=2.204e-02 | valid rel L2=9.825e-02 | pressure=2.342e-02, u=2.220e-02, v=2.795e-01 | Time: 0:21:55.362463
2026-06-08 19:55:04 - pino - INFO - Epoch 0330 | data loss=2.185e-02 | bc loss=1.230e-02 | valid MSE=2.066e-02 | valid rel L2=9.896e-02 | pressure=2.510e-02, u=2.119e-02, v=2.684e-01 | Time: 0:22:35.566631
2026-06-08 19:55:44 - pino - INFO - Epoch 0340 | data loss=2.712e-02 | bc loss=1.857e-02 | valid MSE=2.234e-02 | valid rel L2=1.075e-01 | pressure=2.963e-02, u=2.455e-02, v=2.726e-01 | Time: 0:23:15.766979
2026-06-08 19:56:24 - pino - INFO - Epoch 0350 | data loss=2.049e-02 | bc loss=1.254e-02 | valid MSE=1.909e-02 | valid rel L2=9.417e-02 | pressure=2.221e-02, u=2.047e-02, v=2.577e-01 | Time: 0:23:56.384730
2026-06-08 19:57:04 - pino - INFO - Epoch 0360 | data loss=2.011e-02 | bc loss=1.775e-02 | valid MSE=2.335e-02 | valid rel L2=1.082e-01 | pressure=2.431e-02, u=2.122e-02, v=2.789e-01 | Time: 0:24:36.455916
2026-06-08 19:57:46 - pino - INFO - Epoch 0370 | data loss=2.441e-02 | bc loss=2.323e-02 | valid MSE=2.268e-02 | valid rel L2=1.154e-01 | pressure=3.223e-02, u=3.328e-02, v=2.712e-01 | Time: 0:25:17.937733
2026-06-08 19:58:26 - pino - INFO - Epoch 0380 | data loss=1.745e-02 | bc loss=1.109e-02 | valid MSE=1.669e-02 | valid rel L2=8.876e-02 | pressure=1.850e-02, u=1.862e-02, v=2.464e-01 | Time: 0:25:58.454920
2026-06-08 19:59:07 - pino - INFO - Epoch 0390 | data loss=1.920e-02 | bc loss=1.274e-02 | valid MSE=1.769e-02 | valid rel L2=9.393e-02 | pressure=3.300e-02, u=2.035e-02, v=2.493e-01 | Time: 0:26:38.925253
2026-06-08 19:59:48 - pino - INFO - Epoch 0400 | data loss=1.853e-02 | bc loss=1.180e-02 | valid MSE=1.660e-02 | valid rel L2=8.721e-02 | pressure=1.937e-02, u=1.866e-02, v=2.467e-01 | Time: 0:27:19.506616
2026-06-08 20:00:28 - pino - INFO - Epoch 0410 | data loss=2.366e-02 | bc loss=2.006e-02 | valid MSE=2.187e-02 | valid rel L2=1.199e-01 | pressure=3.269e-02, u=3.867e-02, v=2.552e-01 | Time: 0:27:59.685428
2026-06-08 20:01:09 - pino - INFO - Epoch 0420 | data loss=2.406e-02 | bc loss=1.686e-02 | valid MSE=2.193e-02 | valid rel L2=9.681e-02 | pressure=2.262e-02, u=2.405e-02, v=2.886e-01 | Time: 0:28:40.853196
2026-06-08 20:01:50 - pino - INFO - Epoch 0430 | data loss=1.561e-02 | bc loss=9.829e-03 | valid MSE=1.463e-02 | valid rel L2=8.379e-02 | pressure=1.936e-02, u=1.776e-02, v=2.308e-01 | Time: 0:29:22.006606
2026-06-08 20:02:31 - pino - INFO - Epoch 0440 | data loss=1.667e-02 | bc loss=1.297e-02 | valid MSE=1.485e-02 | valid rel L2=8.660e-02 | pressure=2.254e-02, u=1.836e-02, v=2.326e-01 | Time: 0:30:03.068187
2026-06-08 20:03:12 - pino - INFO - Epoch 0450 | data loss=1.638e-02 | bc loss=1.074e-02 | valid MSE=2.080e-02 | valid rel L2=9.363e-02 | pressure=2.405e-02, u=1.836e-02, v=2.662e-01 | Time: 0:30:44.208493
2026-06-08 20:03:53 - pino - INFO - Epoch 0460 | data loss=1.466e-02 | bc loss=8.522e-03 | valid MSE=1.394e-02 | valid rel L2=8.281e-02 | pressure=1.960e-02, u=1.621e-02, v=2.273e-01 | Time: 0:31:25.433815
2026-06-08 20:04:34 - pino - INFO - Epoch 0470 | data loss=1.400e-02 | bc loss=8.837e-03 | valid MSE=1.396e-02 | valid rel L2=8.226e-02 | pressure=1.677e-02, u=1.769e-02, v=2.264e-01 | Time: 0:32:05.581311
2026-06-08 20:05:15 - pino - INFO - Epoch 0480 | data loss=1.865e-02 | bc loss=1.549e-02 | valid MSE=1.797e-02 | valid rel L2=9.704e-02 | pressure=2.814e-02, u=2.493e-02, v=2.386e-01 | Time: 0:32:46.593333
2026-06-08 20:05:56 - pino - INFO - Epoch 0490 | data loss=1.302e-02 | bc loss=7.641e-03 | valid MSE=1.259e-02 | valid rel L2=7.818e-02 | pressure=1.843e-02, u=1.622e-02, v=2.143e-01 | Time: 0:33:27.871147
2026-06-08 20:06:36 - pino - INFO - Epoch 0500 | data loss=1.221e-02 | bc loss=6.914e-03 | valid MSE=1.241e-02 | valid rel L2=7.803e-02 | pressure=1.764e-02, u=1.561e-02, v=2.163e-01 | Time: 0:34:08.203013
2026-06-08 20:07:16 - pino - INFO - Epoch 0510 | data loss=1.261e-02 | bc loss=8.479e-03 | valid MSE=1.390e-02 | valid rel L2=8.299e-02 | pressure=2.551e-02, u=1.776e-02, v=2.183e-01 | Time: 0:34:48.026360
2026-06-08 20:07:56 - pino - INFO - Epoch 0520 | data loss=1.209e-02 | bc loss=7.660e-03 | valid MSE=1.169e-02 | valid rel L2=7.511e-02 | pressure=1.855e-02, u=1.713e-02, v=2.098e-01 | Time: 0:35:28.117992
2026-06-08 20:08:37 - pino - INFO - Epoch 0530 | data loss=1.402e-02 | bc loss=1.018e-02 | valid MSE=1.256e-02 | valid rel L2=7.963e-02 | pressure=2.670e-02, u=1.722e-02, v=2.098e-01 | Time: 0:36:08.994753
2026-06-08 20:09:18 - pino - INFO - Epoch 0540 | data loss=1.132e-02 | bc loss=6.230e-03 | valid MSE=1.115e-02 | valid rel L2=7.286e-02 | pressure=1.652e-02, u=1.552e-02, v=2.047e-01 | Time: 0:36:50.098763
2026-06-08 20:09:58 - pino - INFO - Epoch 0550 | data loss=1.106e-02 | bc loss=6.339e-03 | valid MSE=1.101e-02 | valid rel L2=7.361e-02 | pressure=1.713e-02, u=1.624e-02, v=2.033e-01 | Time: 0:37:30.403161
2026-06-08 20:10:39 - pino - INFO - Epoch 0560 | data loss=1.098e-02 | bc loss=6.238e-03 | valid MSE=1.138e-02 | valid rel L2=7.849e-02 | pressure=1.731e-02, u=1.551e-02, v=2.041e-01 | Time: 0:38:11.177119
2026-06-08 20:11:21 - pino - INFO - Epoch 0570 | data loss=1.076e-02 | bc loss=6.333e-03 | valid MSE=1.045e-02 | valid rel L2=7.114e-02 | pressure=1.611e-02, u=1.489e-02, v=1.972e-01 | Time: 0:38:52.819592
2026-06-08 20:12:02 - pino - INFO - Epoch 0580 | data loss=1.113e-02 | bc loss=6.952e-03 | valid MSE=1.063e-02 | valid rel L2=7.139e-02 | pressure=1.729e-02, u=1.568e-02, v=2.001e-01 | Time: 0:39:34.163170
2026-06-08 20:12:43 - pino - INFO - Epoch 0590 | data loss=1.011e-02 | bc loss=5.642e-03 | valid MSE=9.891e-03 | valid rel L2=6.816e-02 | pressure=1.678e-02, u=1.446e-02, v=1.918e-01 | Time: 0:40:14.927182
2026-06-08 20:13:22 - pino - INFO - Epoch 0600 | data loss=9.805e-03 | bc loss=5.782e-03 | valid MSE=1.026e-02 | valid rel L2=7.043e-02 | pressure=1.656e-02, u=1.466e-02, v=1.967e-01 | Time: 0:40:54.285296
2026-06-08 20:14:02 - pino - INFO - Epoch 0610 | data loss=1.050e-02 | bc loss=6.574e-03 | valid MSE=1.045e-02 | valid rel L2=7.126e-02 | pressure=1.680e-02, u=1.519e-02, v=1.941e-01 | Time: 0:41:34.085470
2026-06-08 20:14:42 - pino - INFO - Epoch 0620 | data loss=9.664e-03 | bc loss=5.246e-03 | valid MSE=9.821e-03 | valid rel L2=6.892e-02 | pressure=1.610e-02, u=1.441e-02, v=1.919e-01 | Time: 0:42:14.184165
2026-06-08 20:15:24 - pino - INFO - Epoch 0630 | data loss=9.188e-03 | bc loss=5.174e-03 | valid MSE=9.510e-03 | valid rel L2=6.652e-02 | pressure=1.515e-02, u=1.412e-02, v=1.890e-01 | Time: 0:42:55.693797
2026-06-08 20:16:06 - pino - INFO - Epoch 0640 | data loss=9.804e-03 | bc loss=5.820e-03 | valid MSE=9.913e-03 | valid rel L2=7.260e-02 | pressure=1.870e-02, u=1.452e-02, v=1.896e-01 | Time: 0:43:37.603596
2026-06-08 20:16:46 - pino - INFO - Epoch 0650 | data loss=1.043e-02 | bc loss=7.010e-03 | valid MSE=9.880e-03 | valid rel L2=6.892e-02 | pressure=1.744e-02, u=1.427e-02, v=1.895e-01 | Time: 0:44:17.947142
2026-06-08 20:17:27 - pino - INFO - Epoch 0660 | data loss=8.835e-03 | bc loss=4.801e-03 | valid MSE=9.261e-03 | valid rel L2=6.705e-02 | pressure=1.478e-02, u=1.402e-02, v=1.866e-01 | Time: 0:44:58.916680
2026-06-08 20:18:07 - pino - INFO - Epoch 0670 | data loss=8.865e-03 | bc loss=5.054e-03 | valid MSE=9.124e-03 | valid rel L2=6.709e-02 | pressure=1.529e-02, u=1.478e-02, v=1.835e-01 | Time: 0:45:39.158220
2026-06-08 20:18:48 - pino - INFO - Epoch 0680 | data loss=8.613e-03 | bc loss=4.759e-03 | valid MSE=8.834e-03 | valid rel L2=6.473e-02 | pressure=1.538e-02, u=1.442e-02, v=1.823e-01 | Time: 0:46:19.840248
2026-06-08 20:19:27 - pino - INFO - Epoch 0690 | data loss=8.444e-03 | bc loss=4.548e-03 | valid MSE=8.773e-03 | valid rel L2=6.402e-02 | pressure=1.459e-02, u=1.376e-02, v=1.797e-01 | Time: 0:46:59.364681
2026-06-08 20:20:08 - pino - INFO - Epoch 0700 | data loss=8.362e-03 | bc loss=4.691e-03 | valid MSE=8.724e-03 | valid rel L2=6.440e-02 | pressure=1.441e-02, u=1.381e-02, v=1.807e-01 | Time: 0:47:39.754153
2026-06-08 20:20:47 - pino - INFO - Epoch 0710 | data loss=8.448e-03 | bc loss=5.429e-03 | valid MSE=8.633e-03 | valid rel L2=6.417e-02 | pressure=1.455e-02, u=1.380e-02, v=1.772e-01 | Time: 0:48:19.259520
2026-06-08 20:21:28 - pino - INFO - Epoch 0720 | data loss=8.088e-03 | bc loss=4.483e-03 | valid MSE=8.283e-03 | valid rel L2=6.211e-02 | pressure=1.429e-02, u=1.380e-02, v=1.750e-01 | Time: 0:49:00.050899
2026-06-08 20:22:09 - pino - INFO - Epoch 0730 | data loss=8.300e-03 | bc loss=4.615e-03 | valid MSE=8.711e-03 | valid rel L2=6.346e-02 | pressure=1.594e-02, u=1.396e-02, v=1.786e-01 | Time: 0:49:40.794914
2026-06-08 20:22:49 - pino - INFO - Epoch 0740 | data loss=7.846e-03 | bc loss=4.218e-03 | valid MSE=8.170e-03 | valid rel L2=6.161e-02 | pressure=1.392e-02, u=1.340e-02, v=1.746e-01 | Time: 0:50:21.046599
2026-06-08 20:23:31 - pino - INFO - Epoch 0750 | data loss=7.713e-03 | bc loss=4.183e-03 | valid MSE=8.099e-03 | valid rel L2=6.118e-02 | pressure=1.396e-02, u=1.354e-02, v=1.739e-01 | Time: 0:51:02.913076
2026-06-08 20:24:10 - pino - INFO - Epoch 0760 | data loss=7.710e-03 | bc loss=4.235e-03 | valid MSE=8.333e-03 | valid rel L2=6.187e-02 | pressure=1.585e-02, u=1.335e-02, v=1.760e-01 | Time: 0:51:41.834878
2026-06-08 20:24:50 - pino - INFO - Epoch 0770 | data loss=7.648e-03 | bc loss=4.235e-03 | valid MSE=8.072e-03 | valid rel L2=6.091e-02 | pressure=1.357e-02, u=1.340e-02, v=1.734e-01 | Time: 0:52:21.634430
2026-06-08 20:25:30 - pino - INFO - Epoch 0780 | data loss=7.476e-03 | bc loss=4.057e-03 | valid MSE=7.881e-03 | valid rel L2=6.033e-02 | pressure=1.357e-02, u=1.347e-02, v=1.710e-01 | Time: 0:53:02.262719
2026-06-08 20:26:12 - pino - INFO - Epoch 0790 | data loss=7.407e-03 | bc loss=4.068e-03 | valid MSE=7.818e-03 | valid rel L2=6.059e-02 | pressure=1.368e-02, u=1.337e-02, v=1.707e-01 | Time: 0:53:43.983095
2026-06-08 20:26:52 - pino - INFO - Epoch 0800 | data loss=7.395e-03 | bc loss=3.977e-03 | valid MSE=7.723e-03 | valid rel L2=5.941e-02 | pressure=1.319e-02, u=1.324e-02, v=1.698e-01 | Time: 0:54:24.057642
2026-06-08 20:27:32 - pino - INFO - Epoch 0810 | data loss=7.296e-03 | bc loss=3.951e-03 | valid MSE=7.671e-03 | valid rel L2=5.969e-02 | pressure=1.324e-02, u=1.313e-02, v=1.690e-01 | Time: 0:55:04.040050
2026-06-08 20:28:12 - pino - INFO - Epoch 0820 | data loss=7.199e-03 | bc loss=3.870e-03 | valid MSE=7.619e-03 | valid rel L2=5.943e-02 | pressure=1.358e-02, u=1.307e-02, v=1.684e-01 | Time: 0:55:44.011431
2026-06-08 20:28:52 - pino - INFO - Epoch 0830 | data loss=7.126e-03 | bc loss=3.812e-03 | valid MSE=7.556e-03 | valid rel L2=5.919e-02 | pressure=1.306e-02, u=1.306e-02, v=1.684e-01 | Time: 0:56:24.180386
2026-06-08 20:29:32 - pino - INFO - Epoch 0840 | data loss=7.060e-03 | bc loss=3.787e-03 | valid MSE=7.454e-03 | valid rel L2=5.856e-02 | pressure=1.341e-02, u=1.298e-02, v=1.668e-01 | Time: 0:57:04.326640
2026-06-08 20:30:12 - pino - INFO - Epoch 0850 | data loss=7.011e-03 | bc loss=3.751e-03 | valid MSE=7.426e-03 | valid rel L2=5.842e-02 | pressure=1.303e-02, u=1.295e-02, v=1.660e-01 | Time: 0:57:43.652451
2026-06-08 20:30:52 - pino - INFO - Epoch 0860 | data loss=6.966e-03 | bc loss=3.730e-03 | valid MSE=7.368e-03 | valid rel L2=5.830e-02 | pressure=1.302e-02, u=1.295e-02, v=1.657e-01 | Time: 0:58:23.830785
2026-06-08 20:31:32 - pino - INFO - Epoch 0870 | data loss=6.918e-03 | bc loss=3.691e-03 | valid MSE=7.343e-03 | valid rel L2=5.832e-02 | pressure=1.313e-02, u=1.285e-02, v=1.652e-01 | Time: 0:59:03.622162
2026-06-08 20:32:11 - pino - INFO - Epoch 0880 | data loss=6.903e-03 | bc loss=3.678e-03 | valid MSE=7.300e-03 | valid rel L2=5.797e-02 | pressure=1.291e-02, u=1.287e-02, v=1.648e-01 | Time: 0:59:43.316711
2026-06-08 20:32:52 - pino - INFO - Epoch 0890 | data loss=6.846e-03 | bc loss=3.632e-03 | valid MSE=7.296e-03 | valid rel L2=5.793e-02 | pressure=1.275e-02, u=1.283e-02, v=1.652e-01 | Time: 1:00:23.957309
2026-06-08 20:33:31 - pino - INFO - Epoch 0900 | data loss=6.833e-03 | bc loss=3.622e-03 | valid MSE=7.220e-03 | valid rel L2=5.764e-02 | pressure=1.281e-02, u=1.279e-02, v=1.639e-01 | Time: 1:01:03.057350
2026-06-08 20:34:10 - pino - INFO - Epoch 0910 | data loss=6.790e-03 | bc loss=3.612e-03 | valid MSE=7.204e-03 | valid rel L2=5.758e-02 | pressure=1.277e-02, u=1.280e-02, v=1.636e-01 | Time: 1:01:41.703755
2026-06-08 20:34:50 - pino - INFO - Epoch 0920 | data loss=6.767e-03 | bc loss=3.598e-03 | valid MSE=7.212e-03 | valid rel L2=5.775e-02 | pressure=1.276e-02, u=1.275e-02, v=1.638e-01 | Time: 1:02:21.961778
2026-06-08 20:35:30 - pino - INFO - Epoch 0930 | data loss=6.750e-03 | bc loss=3.575e-03 | valid MSE=7.180e-03 | valid rel L2=5.749e-02 | pressure=1.276e-02, u=1.277e-02, v=1.635e-01 | Time: 1:03:02.154700
2026-06-08 20:36:10 - pino - INFO - Epoch 0940 | data loss=6.734e-03 | bc loss=3.568e-03 | valid MSE=7.159e-03 | valid rel L2=5.729e-02 | pressure=1.264e-02, u=1.273e-02, v=1.632e-01 | Time: 1:03:41.534627
2026-06-08 20:36:49 - pino - INFO - Epoch 0950 | data loss=6.722e-03 | bc loss=3.560e-03 | valid MSE=7.153e-03 | valid rel L2=5.731e-02 | pressure=1.268e-02, u=1.272e-02, v=1.631e-01 | Time: 1:04:21.238971
2026-06-08 20:37:28 - pino - INFO - Epoch 0960 | data loss=6.711e-03 | bc loss=3.559e-03 | valid MSE=7.147e-03 | valid rel L2=5.728e-02 | pressure=1.266e-02, u=1.272e-02, v=1.631e-01 | Time: 1:05:00.183330
2026-06-08 20:38:08 - pino - INFO - Epoch 0970 | data loss=6.708e-03 | bc loss=3.550e-03 | valid MSE=7.140e-03 | valid rel L2=5.726e-02 | pressure=1.265e-02, u=1.272e-02, v=1.630e-01 | Time: 1:05:40.067102
2026-06-08 20:38:47 - pino - INFO - Epoch 0980 | data loss=6.704e-03 | bc loss=3.551e-03 | valid MSE=7.141e-03 | valid rel L2=5.727e-02 | pressure=1.264e-02, u=1.272e-02, v=1.631e-01 | Time: 1:06:18.865600
2026-06-08 20:39:27 - pino - INFO - Epoch 0990 | data loss=6.701e-03 | bc loss=3.552e-03 | valid MSE=7.139e-03 | valid rel L2=5.726e-02 | pressure=1.265e-02, u=1.272e-02, v=1.630e-01 | Time: 1:06:59.195959
2026-06-08 20:40:07 - pino - INFO - Epoch 1000 | data loss=6.701e-03 | bc loss=3.551e-03 | valid MSE=7.139e-03 | valid rel L2=5.726e-02 | pressure=1.264e-02, u=1.272e-02, v=1.630e-01 | Time: 1:07:39.019441
2026-06-08 20:40:07 - pino - INFO - Best validation MSE: 0.007138485088944435
2026-06-08 20:40:07 - pino - INFO - Saved: results/060826_1/checkpoint.pt
2026-06-08 20:40:08 - pino - INFO - Loaded: results/060826_1/checkpoint.pt
2026-06-08 21:34:28 - pino - INFO - Total plotted points: 229742
2026-06-08 21:34:28 - pino - INFO - x range: 0.24552771 999.73535
2026-06-08 21:34:28 - pino - INFO - y range: -0.0036604528 0.10365726
2026-06-08 21:35:09 - pino - INFO - Total plotted points: 229742
2026-06-08 21:35:09 - pino - INFO - x range: 0.24552771 999.73535
2026-06-08 21:35:09 - pino - INFO - y range: -0.0036604528 0.10365726
2026-06-08 21:36:07 - pino - INFO - Total plotted points: 230324
2026-06-08 21:36:07 - pino - INFO - x range: 0.25333282 999.73694
2026-06-08 21:36:07 - pino - INFO - y range: -0.0030037095 0.10300137
2026-06-08 21:37:04 - pino - INFO - Total plotted points: 237170
2026-06-08 21:37:04 - pino - INFO - x range: 0.2426327 999.7479
2026-06-08 21:37:04 - pino - INFO - y range: -0.0035813448 0.103582375
2026-06-08 21:37:59 - pino - INFO - Total plotted points: 240746
2026-06-08 21:37:59 - pino - INFO - x range: 0.26093745 999.7381
2026-06-08 21:37:59 - pino - INFO - y range: -0.0032173737 0.103217304
2026-06-08 21:38:52 - pino - INFO - Total plotted points: 230220
2026-06-08 21:38:52 - pino - INFO - x range: 0.25114092 999.7413
2026-06-08 21:38:52 - pino - INFO - y range: -0.0032482685 0.10326389
2026-06-08 21:39:47 - pino - INFO - Total plotted points: 228410
2026-06-08 21:39:47 - pino - INFO - x range: 0.24404138 999.72955
2026-06-08 21:39:47 - pino - INFO - y range: -0.004046337 0.104062416
2026-06-08 21:40:40 - pino - INFO - Total plotted points: 237666
2026-06-08 21:40:40 - pino - INFO - x range: 0.25945842 999.7394
2026-06-08 21:40:40 - pino - INFO - y range: -0.0042511583 0.1042511
2026-06-08 21:41:36 - pino - INFO - Total plotted points: 236006
2026-06-08 21:41:36 - pino - INFO - x range: 0.27182323 999.73553
2026-06-08 21:41:36 - pino - INFO - y range: -0.0045372355 0.104539566
2026-06-08 21:42:32 - pino - INFO - Total plotted points: 227660
2026-06-08 21:42:32 - pino - INFO - x range: 0.24566363 999.75757
2026-06-08 21:42:32 - pino - INFO - y range: -0.004086913 0.10409428
2026-06-08 21:43:25 - pino - INFO - Total plotted points: 235384
2026-06-08 21:43:25 - pino - INFO - x range: 0.25291753 999.7389
2026-06-08 21:43:25 - pino - INFO - y range: -0.0044885958 0.10449617
2026-06-08 22:11:56 - pino - INFO - Device: cuda:0
2026-06-08 22:12:04 - pino - INFO - Total plotted points: 229742
2026-06-08 22:12:04 - pino - INFO - x range: 0.24552771 999.73535
2026-06-08 22:12:04 - pino - INFO - y range: -0.0036604528 0.10365726
2026-06-08 22:12:27 - pino - INFO - Device: cuda:0
2026-06-08 22:12:27 - pino - INFO - Device: cuda:0
2026-06-08 22:12:34 - pino - INFO - Total plotted points: 229742
2026-06-08 22:12:34 - pino - INFO - x range: 0.24552771 999.73535
2026-06-08 22:12:34 - pino - INFO - y range: -0.0036604528 0.10365726
2026-06-08 22:13:02 - pino - INFO - Total plotted points: 229742
2026-06-08 22:13:02 - pino - INFO - x range: 0.24552771 999.73535
2026-06-08 22:13:02 - pino - INFO - y range: -0.0036604528 0.10365726
2026-06-08 23:17:01 - pino - INFO - Total plotted points: 229742
2026-06-08 23:17:01 - pino - INFO - x range: 0.24552771 999.73535
2026-06-08 23:17:01 - pino - INFO - y range: -0.0036604528 0.10365726
2026-06-08 23:18:13 - pino - INFO - Total plotted points: 229742
2026-06-08 23:18:13 - pino - INFO - x range: 0.24552771 999.73535
2026-06-08 23:18:13 - pino - INFO - y range: -0.0036604528 0.10365726
2026-06-08 23:18:46 - pino - INFO - Total plotted points: 229742
2026-06-08 23:18:46 - pino - INFO - x range: 0.24552771 999.73535
2026-06-08 23:18:46 - pino - INFO - y range: -0.0036604528 0.10365726
2026-06-08 23:20:20 - pino - INFO - Total plotted points: 229742
2026-06-08 23:20:20 - pino - INFO - x range: 0.24552771 999.73535
2026-06-08 23:20:20 - pino - INFO - y range: -0.0036604528 0.10365726
2026-06-08 23:21:06 - pino - INFO - Total plotted points: 229742
2026-06-08 23:21:06 - pino - INFO - x range: 0.24552771 999.73535
2026-06-08 23:21:06 - pino - INFO - y range: -0.0036604528 0.10365726
2026-06-08 23:22:19 - pino - INFO - Total plotted points: 229742
2026-06-08 23:22:19 - pino - INFO - x range: 0.24552771 999.73535
2026-06-08 23:22:19 - pino - INFO - y range: -0.0036604528 0.10365726
2026-06-08 23:23:23 - pino - INFO - Total plotted points: 229742
2026-06-08 23:23:23 - pino - INFO - x range: 0.24552771 999.73535
2026-06-08 23:23:23 - pino - INFO - y range: -0.0036604528 0.10365726
2026-06-08 23:25:00 - pino - INFO - Total plotted points: 229742
2026-06-08 23:25:00 - pino - INFO - x range: 0.24552771 999.73535
2026-06-08 23:25:00 - pino - INFO - y range: -0.0036604528 0.10365726
2026-06-08 23:47:45 - pino - INFO - Train samples: 800
2026-06-08 23:47:45 - pino - INFO - Valid samples: 100
2026-06-08 23:47:45 - pino - INFO - Train branch channels: ['x_local', 'y_local', 'wall_mask', 'interface_mask', 'boundary_pressure', 'boundary_u', 'boundary_v', 'known_pressure', 'known_u', 'known_v', 'local_aspect_ratio']
2026-06-08 23:47:45 - pino - INFO - Train trunk channels: ['x_local', 'y_local']
2026-06-08 23:47:45 - pino - INFO - Output channels: ['pressure', 'u', 'v']
2026-06-08 23:47:45 - pino - INFO - Example train sample:
2026-06-08 23:47:45 - pino - INFO - branch: (1024, 11)
2026-06-08 23:47:45 - pino - INFO - query: (28600, 2)
2026-06-08 23:47:45 - pino - INFO - target: (28600, 3)
2026-06-08 23:47:59 - pino - INFO - Total plotted points: 229742
2026-06-08 23:47:59 - pino - INFO - x range: 0.0002455277 0.9997354
2026-06-08 23:47:59 - pino - INFO - y range: -0.0036604528 0.10365726
2026-06-08 23:50:05 - pino - INFO - Total plotted points: 229742
2026-06-08 23:50:05 - pino - INFO - x range: 0.0002455277 0.9997354
2026-06-08 23:50:05 - pino - INFO - y range: -0.0036604528 0.10365726
2026-06-08 23:54:05 - pino - INFO - Total plotted points: 229742
2026-06-08 23:54:05 - pino - INFO - x range: 0.0002455277 0.9997354
2026-06-08 23:54:05 - pino - INFO - y range: -0.0036604528 0.10365726
2026-06-08 23:54:23 - pino - INFO - Device: cuda:0
2026-06-08 23:54:31 - pino - INFO - Total plotted points: 229742
2026-06-08 23:54:31 - pino - INFO - x range: 0.0002455277 0.9997354
2026-06-08 23:54:31 - pino - INFO - y range: -0.0036604528 0.10365726
2026-06-08 23:55:56 - pino - INFO - Total plotted points: 229742
2026-06-08 23:55:56 - pino - INFO - x range: 0.0002455277 0.9997354
2026-06-08 23:55:56 - pino - INFO - y range: -0.0036604528 0.10365726
2026-06-08 23:56:53 - pino - INFO - Total plotted points: 230324
2026-06-08 23:56:53 - pino - INFO - x range: 0.00025333284 0.9997369
2026-06-08 23:56:53 - pino - INFO - y range: -0.0030037095 0.10300137
2026-06-08 23:57:49 - pino - INFO - Total plotted points: 237170
2026-06-08 23:57:49 - pino - INFO - x range: 0.0002426327 0.99974793
2026-06-08 23:57:49 - pino - INFO - y range: -0.0035813448 0.103582375
2026-06-08 23:58:43 - pino - INFO - Total plotted points: 240746
2026-06-08 23:58:43 - pino - INFO - x range: 0.00026093746 0.9997381
2026-06-08 23:58:43 - pino - INFO - y range: -0.0032173737 0.103217304
2026-06-08 23:59:40 - pino - INFO - Total plotted points: 230220
2026-06-08 23:59:40 - pino - INFO - x range: 0.0002511409 0.9997412
2026-06-08 23:59:40 - pino - INFO - y range: -0.0032482685 0.10326389
2026-06-09 00:00:31 - pino - INFO - Total plotted points: 228410
2026-06-09 00:00:31 - pino - INFO - x range: 0.00024404138 0.9997296
2026-06-09 00:00:31 - pino - INFO - y range: -0.004046337 0.104062416
2026-06-09 00:01:23 - pino - INFO - Total plotted points: 237666
2026-06-09 00:01:23 - pino - INFO - x range: 0.0002594584 0.9997394
2026-06-09 00:01:23 - pino - INFO - y range: -0.0042511583 0.1042511
2026-06-09 00:02:16 - pino - INFO - Total plotted points: 236006
2026-06-09 00:02:16 - pino - INFO - x range: 0.00027182326 0.99973553
2026-06-09 00:02:16 - pino - INFO - y range: -0.0045372355 0.104539566
2026-06-09 00:03:08 - pino - INFO - Total plotted points: 227660
2026-06-09 00:03:08 - pino - INFO - x range: 0.00024566363 0.9997575
2026-06-09 00:03:08 - pino - INFO - y range: -0.004086913 0.10409428
2026-06-09 00:03:59 - pino - INFO - Total plotted points: 235384
2026-06-09 00:03:59 - pino - INFO - x range: 0.0002529175 0.99973893
2026-06-09 00:03:59 - pino - INFO - y range: -0.0044885958 0.10449617
2026-06-09 00:06:57 - pino - INFO - Test samples: 100
2026-06-09 00:32:06 - pino - INFO - Total plotted points: 237274
2026-06-09 00:32:06 - pino - INFO - x range: 0.00024775745 0.999737
2026-06-09 00:32:06 - pino - INFO - y range: -0.0046734763 0.10467545
2026-06-09 00:32:20 - pino - INFO - Total plotted points: 237274
2026-06-09 00:32:20 - pino - INFO - x range: 0.00024775745 0.999737
2026-06-09 00:32:20 - pino - INFO - y range: -0.0046734763 0.10467545
2026-06-09 00:33:13 - pino - INFO - Total plotted points: 233642
2026-06-09 00:33:13 - pino - INFO - x range: 0.00026308117 0.99977
2026-06-09 00:33:13 - pino - INFO - y range: -0.00436419 0.10436236
2026-06-09 00:34:05 - pino - INFO - Total plotted points: 230652
2026-06-09 00:34:05 - pino - INFO - x range: 0.00025932895 0.99975175
2026-06-09 00:34:05 - pino - INFO - y range: -0.0038433005 0.10384845
2026-06-09 00:34:56 - pino - INFO - Total plotted points: 233712
2026-06-09 00:34:56 - pino - INFO - x range: 0.00025644194 0.9997555
2026-06-09 00:34:56 - pino - INFO - y range: -0.0032470438 0.103243925
2026-06-09 00:35:48 - pino - INFO - Total plotted points: 237198
2026-06-09 00:35:48 - pino - INFO - x range: 0.00025688665 0.99973845
2026-06-09 00:35:48 - pino - INFO - y range: -0.0039451937 0.10394325
2026-06-09 00:36:40 - pino - INFO - Total plotted points: 230740
2026-06-09 00:36:40 - pino - INFO - x range: 0.00026658783 0.9997444
2026-06-09 00:36:40 - pino - INFO - y range: -0.0035965291 0.1035983
2026-06-09 00:37:38 - pino - INFO - Total plotted points: 237088
2026-06-09 00:37:38 - pino - INFO - x range: 0.0002614005 0.9997458
2026-06-09 00:37:38 - pino - INFO - y range: -0.004525996 0.104525566
2026-06-09 00:38:30 - pino - INFO - Total plotted points: 229924
2026-06-09 00:38:30 - pino - INFO - x range: 0.00025835232 0.99974424
2026-06-09 00:38:30 - pino - INFO - y range: -0.0030023463 0.10301031
2026-06-09 00:39:22 - pino - INFO - Total plotted points: 229716
2026-06-09 00:39:22 - pino - INFO - x range: 0.00025992666 0.999732
2026-06-09 00:39:22 - pino - INFO - y range: -0.0027418374 0.10274269
2026-06-09 00:40:12 - pino - INFO - Total plotted points: 225946
2026-06-09 00:40:12 - pino - INFO - x range: 0.00025748738 0.99974716
2026-06-09 00:40:12 - pino - INFO - y range: -0.0038637233 0.10386955
2026-06-09 10:05:53 - pino - INFO - e976ee50-99ed-4aba-9b6b-9dcd5634d07d:IPyWidgets:8.1.8
2026-06-09 10:05:53 - pino - INFO - ['/jupyter-matplotlib/extension.js', '/jupyter-js-widgets/extension.js']
2026-06-09 10:49:32 - pino - INFO - Test samples: 100
2026-06-09 10:49:32 - pino - INFO - Test cases: [3, 14, 25, 49, 52, 55, 58, 69, 73, 97]
