2026-07-27 14:42:43 - pino - INFO - Training comment
2026-07-27 14:42:43 - pino - INFO - physics informed NO
2026-07-27 14:42:43 - pino - INFO - Available cases (200):
2026-07-27 14:42:43 - pino - INFO - [0, 1, 2, 3, 4, 5, 6, 7, 8, 9, 10, 11, 12, 13, 14, 15, 16, 17, 18, 19, 20, 21, 22, 23, 24, 25, 26, 27, 28, 29, 30, 31, 32, 33, 34, 35, 36, 37, 38, 39, 40, 41, 42, 43, 44, 45, 46, 47, 48, 49, 50, 51, 52, 53, 54, 55, 56, 57, 58, 59, 60, 61, 62, 63, 64, 65, 66, 67, 68, 69, 70, 71, 72, 73, 74, 75, 76, 77, 78, 79, 80, 81, 82, 83, 84, 85, 86, 87, 88, 89, 90, 91, 92, 93, 94, 95, 96, 97, 98, 99, 100, 101, 102, 103, 104, 105, 106, 107, 108, 109, 110, 111, 112, 113, 114, 115, 116, 117, 118, 119, 120, 121, 122, 123, 124, 125, 126, 127, 128, 129, 130, 131, 132, 133, 134, 135, 136, 137, 138, 139, 140, 141, 142, 143, 144, 145, 146, 147, 148, 149, 150, 151, 152, 153, 154, 155, 156, 157, 158, 159, 160, 161, 162, 163, 164, 165, 166, 167, 168, 169, 170, 171, 172, 173, 174, 175, 176, 177, 178, 179, 180, 181, 182, 183, 184, 185, 186, 187, 188, 189, 190, 191, 192, 193, 194, 195, 196, 197, 198, 199]
2026-07-27 14:42:43 - pino - INFO - Train cases (160): ['channel_00', 'channel_01', 'channel_02', 'channel_03', 'channel_04', 'channel_05', 'channel_06', 'channel_07', 'channel_09', 'channel_10', 'channel_11', 'channel_12', 'channel_13', 'channel_14', 'channel_15', 'channel_16', 'channel_17', 'channel_19', 'channel_20', 'channel_21', 'channel_23', 'channel_24', 'channel_25', 'channel_26', 'channel_27', 'channel_29', 'channel_30', 'channel_32', 'channel_36', 'channel_38', 'channel_39', 'channel_40', 'channel_41', 'channel_42', 'channel_43', 'channel_44', 'channel_46', 'channel_47', 'channel_49', 'channel_52', 'channel_54', 'channel_55', 'channel_56', 'channel_57', 'channel_58', 'channel_59', 'channel_60', 'channel_61', 'channel_63', 'channel_64', 'channel_65', 'channel_66', 'channel_67', 'channel_68', 'channel_69', 'channel_70', 'channel_72', 'channel_73', 'channel_74', 'channel_76', 'channel_77', 'channel_78', 'channel_79', 'channel_82', 'channel_83', 'channel_84', 'channel_85', 'channel_86', 'channel_88', 'channel_91', 'channel_92', 'channel_93', 'channel_94', 'channel_95', 'channel_96', 'channel_98', 'channel_99', 'channel_100', 'channel_101', 'channel_102', 'channel_103', 'channel_104', 'channel_105', 'channel_106', 'channel_107', 'channel_108', 'channel_109', 'channel_110', 'channel_112', 'channel_113', 'channel_114', 'channel_115', 'channel_116', 'channel_119', 'channel_120', 'channel_121', 'channel_122', 'channel_123', 'channel_124', 'channel_125', 'channel_126', 'channel_127', 'channel_128', 'channel_129', 'channel_130', 'channel_131', 'channel_132', 'channel_134', 'channel_135', 'channel_136', 'channel_137', 'channel_138', 'channel_139', 'channel_140', 'channel_143', 'channel_144', 'channel_145', 'channel_146', 'channel_147', 'channel_148', 'channel_149', 'channel_150', 'channel_152', 'channel_153', 'channel_155', 'channel_156', 'channel_157', 'channel_158', 'channel_159', 'channel_160', 'channel_161', 'channel_162', 'channel_165', 'channel_166', 'channel_167', 'channel_168', 'channel_169', 'channel_170', 'channel_173', 'channel_174', 'channel_177', 'channel_178', 'channel_179', 'channel_180', 'channel_181', 'channel_182', 'channel_183', 'channel_184', 'channel_185', 'channel_186', 'channel_187', 'channel_188', 'channel_189', 'channel_190', 'channel_192', 'channel_194', 'channel_195', 'channel_196', 'channel_197', 'channel_198']
2026-07-27 14:42:43 - pino - INFO - Valid cases (20): ['channel_08', 'channel_34', 'channel_35', 'channel_37', 'channel_48', 'channel_50', 'channel_53', 'channel_62', 'channel_75', 'channel_80', 'channel_87', 'channel_141', 'channel_142', 'channel_154', 'channel_163', 'channel_164', 'channel_171', 'channel_175', 'channel_176', 'channel_191']
2026-07-27 14:42:43 - pino - INFO - Test  cases (20): ['channel_18', 'channel_22', 'channel_28', 'channel_31', 'channel_33', 'channel_45', 'channel_51', 'channel_71', 'channel_81', 'channel_89', 'channel_90', 'channel_97', 'channel_111', 'channel_117', 'channel_118', 'channel_133', 'channel_151', 'channel_172', 'channel_193', 'channel_199']
2026-07-27 15:18:06 - pino - INFO - Train samples: 1600
2026-07-27 15:18:06 - pino - INFO - Valid samples: 200
2026-07-27 15:18:06 - pino - INFO - Train branch channels: ['x_local', 'y_local', 'wall_mask', 'interface_mask', 'boundary_pressure', 'boundary_u', 'boundary_v', 'known_pressure', 'known_u', 'known_v', 'local_aspect_ratio']
2026-07-27 15:18:06 - pino - INFO - Train trunk channels: ['x_local', 'y_local']
2026-07-27 15:18:06 - pino - INFO - Output channels: ['pressure', 'u', 'v']
2026-07-27 15:18:06 - pino - INFO - Example train sample:
2026-07-27 15:18:06 - pino - INFO - branch: (1024, 11)
2026-07-27 15:18:06 - pino - INFO - query: (23012, 2)
2026-07-27 15:18:06 - pino - INFO - target: (23012, 3)
2026-07-27 15:18:06 - pino - INFO - Train cases: [0, 1, 2, 3, 4, 5, 6, 7, 9, 10, 11, 12, 13, 14, 15, 16, 17, 19, 20, 21, 23, 24, 25, 26, 27, 29, 30, 32, 36, 38, 39, 40, 41, 42, 43, 44, 46, 47, 49, 52, 54, 55, 56, 57, 58, 59, 60, 61, 63, 64, 65, 66, 67, 68, 69, 70, 72, 73, 74, 76, 77, 78, 79, 82, 83, 84, 85, 86, 88, 91, 92, 93, 94, 95, 96, 98, 99, 100, 101, 102, 103, 104, 105, 106, 107, 108, 109, 110, 112, 113, 114, 115, 116, 119, 120, 121, 122, 123, 124, 125, 126, 127, 128, 129, 130, 131, 132, 134, 135, 136, 137, 138, 139, 140, 143, 144, 145, 146, 147, 148, 149, 150, 152, 153, 155, 156, 157, 158, 159, 160, 161, 162, 165, 166, 167, 168, 169, 170, 173, 174, 177, 178, 179, 180, 181, 182, 183, 184, 185, 186, 187, 188, 189, 190, 192, 194, 195, 196, 197, 198]
2026-07-27 15:18:06 - pino - INFO - Valid cases: [8, 34, 35, 37, 48, 50, 53, 62, 75, 80, 87, 141, 142, 154, 163, 164, 171, 175, 176, 191]
2026-07-27 15:18:07 - pino - INFO - Y mean: tensor([ 6.4387e+02,  1.0012e+00, -7.9760e-06])
2026-07-27 15:18:07 - pino - INFO - Y std: tensor([4.1250e+02, 4.2776e-01, 2.2414e-02])
2026-07-27 15:18:07 - pino - INFO - local_aspect_mean: 1.0
2026-07-27 15:18:07 - pino - INFO - local_aspect_std: 9.999999974752427e-07
2026-07-27 15:18:07 - pino - INFO - PDE Reynolds-number range: 99.52143859863281 99.52143859863281
2026-07-27 15:18:07 - pino - INFO - branch batch: torch.Size([50, 1024, 11])
2026-07-27 15:18:07 - pino - INFO - query batch: torch.Size([1160255, 2])
2026-07-27 15:18:07 - pino - INFO - target batch: torch.Size([1160255, 3])
2026-07-27 15:18:07 - pino - INFO - query batch id: tensor(0) tensor(49)
2026-07-27 15:18:07 - pino - INFO - sample indices: tensor([ 826,  346,  329,  816, 1153,  536,  785, 1472,   72,  271,  661,  111,
        1418, 1169, 1121, 1098,  883,  691,  279,  484, 1308,  931,  541,  617,
         419,  109, 1416,   16, 1335,  238, 1096, 1061, 1175,  604,  616, 1052,
         303, 1490,  217, 1143,  871, 1555,  928, 1537, 1559,  933,  856,  648,
          30, 1330])
2026-07-27 15:18:07 - pino - INFO - branch mask batch: torch.Size([50, 1024])
2026-07-27 15:18:08 - pino - INFO - {'branch_input_dim': 11, 'trunk_input_dim': 2, 'output_channels': 3, 'latent_dim': 128, 'branch_point_hidden_dim': 128, 'branch_point_depth': 3, 'branch_global_hidden_dim': 128, 'branch_global_depth': 3, 'trunk_hidden_dim': 128, 'trunk_depth': 4, 'aggregation': 'mean', 'activation': 'gelu', 'layer_norm': False}
2026-07-27 15:24:40 - pino - INFO - Epoch 0001 | data loss=3.703e-01 | bc loss=1.500e-01 | PDE loss=9.043e-03 | valid MSE=2.017e+03 | valid rel L2=1.197e-01 | pressure=1.002e-01, u=1.013e-01, v=9.368e-01 | Time: 0:00:09.207512
2026-07-27 15:26:00 - pino - INFO - Epoch 0010 | data loss=1.740e-01 | bc loss=9.402e-02 | PDE loss=3.122e-03 | valid MSE=4.691e+02 | valid rel L2=8.718e-02 | pressure=4.822e-02, u=7.671e-02, v=6.643e-01 | Time: 0:01:29.379558
2026-07-27 15:27:30 - pino - INFO - Epoch 0020 | data loss=1.334e-01 | bc loss=7.253e-02 | PDE loss=3.062e-03 | valid MSE=3.837e+02 | valid rel L2=7.158e-02 | pressure=4.384e-02, u=3.748e-02, v=6.042e-01 | Time: 0:02:59.059243
2026-07-27 15:29:00 - pino - INFO - Epoch 0030 | data loss=1.101e-01 | bc loss=5.562e-02 | PDE loss=3.819e-03 | valid MSE=3.208e+02 | valid rel L2=7.864e-02 | pressure=3.993e-02, u=3.745e-02, v=5.650e-01 | Time: 0:04:28.700519
2026-07-27 15:30:31 - pino - INFO - Epoch 0040 | data loss=8.988e-02 | bc loss=4.853e-02 | PDE loss=3.294e-03 | valid MSE=2.564e+02 | valid rel L2=6.520e-02 | pressure=3.573e-02, u=3.404e-02, v=5.104e-01 | Time: 0:06:00.392017
2026-07-27 15:32:04 - pino - INFO - Epoch 0050 | data loss=7.599e-02 | bc loss=4.623e-02 | PDE loss=3.780e-03 | valid MSE=3.471e+02 | valid rel L2=8.502e-02 | pressure=4.144e-02, u=3.372e-02, v=4.579e-01 | Time: 0:07:33.308867
2026-07-27 15:33:36 - pino - INFO - Epoch 0060 | data loss=5.831e-02 | bc loss=3.875e-02 | PDE loss=5.032e-03 | valid MSE=2.213e+02 | valid rel L2=5.945e-02 | pressure=3.316e-02, u=2.788e-02, v=4.231e-01 | Time: 0:09:05.359811
2026-07-27 15:35:05 - pino - INFO - Epoch 0070 | data loss=5.859e-02 | bc loss=3.998e-02 | PDE loss=4.567e-03 | valid MSE=2.165e+02 | valid rel L2=5.975e-02 | pressure=3.281e-02, u=3.750e-02, v=4.233e-01 | Time: 0:10:34.273658
2026-07-27 15:36:35 - pino - INFO - Epoch 0080 | data loss=4.671e-02 | bc loss=2.584e-02 | PDE loss=4.064e-03 | valid MSE=2.265e+02 | valid rel L2=6.077e-02 | pressure=3.357e-02, u=2.312e-02, v=3.868e-01 | Time: 0:12:03.748902
2026-07-27 15:38:03 - pino - INFO - Epoch 0090 | data loss=3.800e-02 | bc loss=2.161e-02 | PDE loss=9.662e-03 | valid MSE=3.663e+02 | valid rel L2=9.302e-02 | pressure=4.273e-02, u=3.203e-02, v=3.645e-01 | Time: 0:13:31.960985
2026-07-27 15:39:33 - pino - INFO - Epoch 0100 | data loss=3.388e-02 | bc loss=1.692e-02 | PDE loss=3.275e-03 | valid MSE=1.693e+02 | valid rel L2=6.875e-02 | pressure=2.906e-02, u=2.030e-02, v=3.317e-01 | Time: 0:15:01.839131
2026-07-27 15:41:04 - pino - INFO - Epoch 0110 | data loss=2.840e-02 | bc loss=1.444e-02 | PDE loss=3.273e-03 | valid MSE=1.412e+02 | valid rel L2=5.189e-02 | pressure=2.650e-02, u=1.857e-02, v=3.042e-01 | Time: 0:16:33.300654
2026-07-27 15:42:34 - pino - INFO - Epoch 0120 | data loss=2.626e-02 | bc loss=1.422e-02 | PDE loss=3.210e-03 | valid MSE=1.176e+02 | valid rel L2=4.851e-02 | pressure=2.421e-02, u=2.058e-02, v=2.915e-01 | Time: 0:18:02.931120
2026-07-27 15:44:02 - pino - INFO - Epoch 0130 | data loss=2.480e-02 | bc loss=1.380e-02 | PDE loss=5.266e-03 | valid MSE=1.322e+02 | valid rel L2=5.477e-02 | pressure=2.559e-02, u=1.809e-02, v=2.832e-01 | Time: 0:19:30.495792
2026-07-27 15:45:29 - pino - INFO - Epoch 0140 | data loss=2.166e-02 | bc loss=1.102e-02 | PDE loss=3.214e-03 | valid MSE=9.813e+01 | valid rel L2=4.198e-02 | pressure=2.205e-02, u=1.718e-02, v=2.705e-01 | Time: 0:20:57.701114
2026-07-27 15:47:00 - pino - INFO - Epoch 0150 | data loss=2.123e-02 | bc loss=1.085e-02 | PDE loss=3.834e-03 | valid MSE=1.140e+02 | valid rel L2=3.655e-02 | pressure=2.385e-02, u=1.612e-02, v=2.650e-01 | Time: 0:22:29.305320
2026-07-27 15:48:32 - pino - INFO - Epoch 0160 | data loss=2.006e-02 | bc loss=9.748e-03 | PDE loss=2.941e-03 | valid MSE=1.299e+02 | valid rel L2=4.162e-02 | pressure=2.544e-02, u=1.605e-02, v=2.621e-01 | Time: 0:24:01.117664
2026-07-27 15:50:04 - pino - INFO - Epoch 0170 | data loss=1.954e-02 | bc loss=1.087e-02 | PDE loss=3.688e-03 | valid MSE=9.211e+01 | valid rel L2=4.190e-02 | pressure=2.141e-02, u=1.605e-02, v=2.516e-01 | Time: 0:25:32.872059
2026-07-27 15:51:37 - pino - INFO - Epoch 0180 | data loss=1.896e-02 | bc loss=9.187e-03 | PDE loss=3.318e-03 | valid MSE=1.276e+02 | valid rel L2=4.320e-02 | pressure=2.510e-02, u=1.567e-02, v=2.695e-01 | Time: 0:27:05.726350
2026-07-27 15:53:09 - pino - INFO - Epoch 0190 | data loss=1.778e-02 | bc loss=9.318e-03 | PDE loss=4.044e-03 | valid MSE=8.873e+01 | valid rel L2=3.704e-02 | pressure=2.100e-02, u=1.495e-02, v=2.443e-01 | Time: 0:28:38.223237
2026-07-27 15:54:41 - pino - INFO - Epoch 0200 | data loss=1.696e-02 | bc loss=8.538e-03 | PDE loss=4.043e-03 | valid MSE=7.897e+01 | valid rel L2=3.757e-02 | pressure=1.981e-02, u=1.676e-02, v=2.472e-01 | Time: 0:30:09.460121
2026-07-27 15:56:11 - pino - INFO - Epoch 0210 | data loss=1.674e-02 | bc loss=1.012e-02 | PDE loss=3.418e-03 | valid MSE=8.982e+01 | valid rel L2=4.003e-02 | pressure=2.112e-02, u=1.472e-02, v=2.406e-01 | Time: 0:31:39.853975
2026-07-27 15:57:40 - pino - INFO - Epoch 0220 | data loss=1.569e-02 | bc loss=7.839e-03 | PDE loss=3.686e-03 | valid MSE=1.321e+02 | valid rel L2=7.150e-02 | pressure=2.570e-02, u=1.519e-02, v=2.475e-01 | Time: 0:33:09.444333
2026-07-27 15:59:11 - pino - INFO - Epoch 0230 | data loss=1.540e-02 | bc loss=7.791e-03 | PDE loss=3.751e-03 | valid MSE=7.897e+01 | valid rel L2=3.519e-02 | pressure=1.976e-02, u=1.404e-02, v=2.366e-01 | Time: 0:34:40.305141
2026-07-27 16:00:41 - pino - INFO - Epoch 0240 | data loss=1.488e-02 | bc loss=8.198e-03 | PDE loss=5.038e-03 | valid MSE=9.436e+01 | valid rel L2=4.114e-02 | pressure=2.170e-02, u=1.492e-02, v=2.355e-01 | Time: 0:36:10.206580
2026-07-27 16:02:10 - pino - INFO - Epoch 0250 | data loss=1.478e-02 | bc loss=7.377e-03 | PDE loss=4.289e-03 | valid MSE=7.031e+01 | valid rel L2=3.413e-02 | pressure=1.870e-02, u=1.435e-02, v=2.373e-01 | Time: 0:37:39.424318
2026-07-27 16:03:42 - pino - INFO - Epoch 0260 | data loss=1.445e-02 | bc loss=7.758e-03 | PDE loss=2.767e-03 | valid MSE=6.505e+01 | valid rel L2=2.987e-02 | pressure=1.798e-02, u=1.257e-02, v=2.262e-01 | Time: 0:39:10.683066
2026-07-27 16:05:13 - pino - INFO - Epoch 0270 | data loss=1.387e-02 | bc loss=8.356e-03 | PDE loss=2.943e-03 | valid MSE=1.203e+02 | valid rel L2=4.949e-02 | pressure=2.446e-02, u=1.206e-02, v=2.223e-01 | Time: 0:40:41.514779
2026-07-27 16:06:43 - pino - INFO - Epoch 0280 | data loss=1.300e-02 | bc loss=6.423e-03 | PDE loss=2.716e-03 | valid MSE=7.698e+01 | valid rel L2=3.786e-02 | pressure=1.953e-02, u=1.661e-02, v=2.285e-01 | Time: 0:42:12.084180
2026-07-27 16:08:17 - pino - INFO - Epoch 0290 | data loss=1.186e-02 | bc loss=5.718e-03 | PDE loss=2.643e-03 | valid MSE=6.123e+01 | valid rel L2=2.946e-02 | pressure=1.745e-02, u=1.177e-02, v=2.136e-01 | Time: 0:43:45.749521
2026-07-27 16:09:47 - pino - INFO - Epoch 0300 | data loss=1.215e-02 | bc loss=5.747e-03 | PDE loss=2.500e-03 | valid MSE=8.847e+01 | valid rel L2=4.114e-02 | pressure=2.101e-02, u=1.478e-02, v=2.158e-01 | Time: 0:45:15.930378
2026-07-27 16:11:17 - pino - INFO - Epoch 0310 | data loss=1.139e-02 | bc loss=5.816e-03 | PDE loss=2.468e-03 | valid MSE=5.426e+01 | valid rel L2=2.741e-02 | pressure=1.643e-02, u=1.378e-02, v=2.083e-01 | Time: 0:46:45.955373
2026-07-27 16:12:46 - pino - INFO - Epoch 0320 | data loss=1.202e-02 | bc loss=5.758e-03 | PDE loss=3.087e-03 | valid MSE=7.441e+01 | valid rel L2=4.283e-02 | pressure=1.924e-02, u=2.084e-02, v=2.459e-01 | Time: 0:48:15.310892
2026-07-27 16:14:18 - pino - INFO - Epoch 0330 | data loss=1.220e-02 | bc loss=6.391e-03 | PDE loss=2.714e-03 | valid MSE=1.020e+02 | valid rel L2=4.416e-02 | pressure=2.247e-02, u=1.293e-02, v=2.035e-01 | Time: 0:49:47.174668
2026-07-27 16:15:48 - pino - INFO - Epoch 0340 | data loss=1.112e-02 | bc loss=6.404e-03 | PDE loss=2.637e-03 | valid MSE=5.251e+01 | valid rel L2=2.564e-02 | pressure=1.615e-02, u=1.207e-02, v=2.173e-01 | Time: 0:51:16.697348
2026-07-27 16:17:16 - pino - INFO - Epoch 0350 | data loss=1.052e-02 | bc loss=5.216e-03 | PDE loss=2.373e-03 | valid MSE=5.833e+01 | valid rel L2=2.807e-02 | pressure=1.702e-02, u=1.141e-02, v=2.003e-01 | Time: 0:52:44.863385
2026-07-27 16:18:45 - pino - INFO - Epoch 0360 | data loss=1.010e-02 | bc loss=5.276e-03 | PDE loss=2.382e-03 | valid MSE=6.070e+01 | valid rel L2=2.744e-02 | pressure=1.735e-02, u=1.013e-02, v=1.933e-01 | Time: 0:54:14.258242
2026-07-27 16:20:16 - pino - INFO - Epoch 0370 | data loss=1.339e-02 | bc loss=8.877e-03 | PDE loss=3.575e-03 | valid MSE=1.125e+02 | valid rel L2=5.526e-02 | pressure=2.358e-02, u=1.198e-02, v=2.173e-01 | Time: 0:55:45.364925
2026-07-27 16:21:47 - pino - INFO - Epoch 0380 | data loss=9.044e-03 | bc loss=4.374e-03 | PDE loss=2.065e-03 | valid MSE=5.886e+01 | valid rel L2=2.952e-02 | pressure=1.709e-02, u=1.066e-02, v=2.008e-01 | Time: 0:57:15.699857
2026-07-27 16:23:15 - pino - INFO - Epoch 0390 | data loss=9.543e-03 | bc loss=4.827e-03 | PDE loss=2.580e-03 | valid MSE=5.771e+01 | valid rel L2=3.805e-02 | pressure=1.693e-02, u=1.096e-02, v=1.902e-01 | Time: 0:58:43.656265
2026-07-27 16:24:47 - pino - INFO - Epoch 0400 | data loss=8.448e-03 | bc loss=4.177e-03 | PDE loss=3.187e-03 | valid MSE=5.401e+01 | valid rel L2=2.949e-02 | pressure=1.637e-02, u=1.011e-02, v=1.893e-01 | Time: 1:00:15.655012
2026-07-27 16:26:17 - pino - INFO - Epoch 0410 | data loss=8.435e-03 | bc loss=4.088e-03 | PDE loss=2.148e-03 | valid MSE=4.750e+01 | valid rel L2=2.336e-02 | pressure=1.536e-02, u=9.476e-03, v=1.885e-01 | Time: 1:01:46.377079
2026-07-27 16:27:44 - pino - INFO - Epoch 0420 | data loss=1.041e-02 | bc loss=5.213e-03 | PDE loss=2.215e-03 | valid MSE=7.363e+01 | valid rel L2=5.119e-02 | pressure=1.912e-02, u=9.807e-03, v=1.922e-01 | Time: 1:03:12.832153
2026-07-27 16:29:10 - pino - INFO - Epoch 0430 | data loss=9.401e-03 | bc loss=5.054e-03 | PDE loss=4.368e-03 | valid MSE=5.006e+01 | valid rel L2=2.773e-02 | pressure=1.576e-02, u=1.016e-02, v=1.847e-01 | Time: 1:04:38.690303
2026-07-27 16:30:36 - pino - INFO - Epoch 0440 | data loss=8.286e-03 | bc loss=4.096e-03 | PDE loss=2.921e-03 | valid MSE=5.068e+01 | valid rel L2=3.428e-02 | pressure=1.585e-02, u=9.963e-03, v=1.824e-01 | Time: 1:06:05.403017
2026-07-27 16:32:05 - pino - INFO - Epoch 0450 | data loss=8.631e-03 | bc loss=4.505e-03 | PDE loss=2.819e-03 | valid MSE=4.249e+01 | valid rel L2=2.201e-02 | pressure=1.452e-02, u=1.312e-02, v=1.907e-01 | Time: 1:07:34.144319
2026-07-27 16:33:36 - pino - INFO - Epoch 0460 | data loss=7.352e-03 | bc loss=3.551e-03 | PDE loss=1.751e-03 | valid MSE=4.680e+01 | valid rel L2=2.478e-02 | pressure=1.521e-02, u=8.813e-03, v=1.784e-01 | Time: 1:09:05.173218
2026-07-27 16:35:09 - pino - INFO - Epoch 0470 | data loss=7.674e-03 | bc loss=3.936e-03 | PDE loss=2.345e-03 | valid MSE=5.249e+01 | valid rel L2=2.682e-02 | pressure=1.617e-02, u=9.268e-03, v=1.754e-01 | Time: 1:10:37.651707
2026-07-27 16:36:39 - pino - INFO - Epoch 0480 | data loss=7.565e-03 | bc loss=4.135e-03 | PDE loss=1.747e-03 | valid MSE=4.233e+01 | valid rel L2=2.223e-02 | pressure=1.451e-02, u=8.396e-03, v=1.808e-01 | Time: 1:12:07.778145
2026-07-27 16:38:09 - pino - INFO - Epoch 0490 | data loss=6.992e-03 | bc loss=3.385e-03 | PDE loss=1.635e-03 | valid MSE=4.332e+01 | valid rel L2=2.273e-02 | pressure=1.465e-02, u=8.276e-03, v=1.787e-01 | Time: 1:13:38.149066
2026-07-27 16:39:39 - pino - INFO - Epoch 0500 | data loss=7.282e-03 | bc loss=3.612e-03 | PDE loss=1.560e-03 | valid MSE=5.310e+01 | valid rel L2=3.471e-02 | pressure=1.622e-02, u=9.981e-03, v=1.912e-01 | Time: 1:15:08.425318
2026-07-27 16:41:10 - pino - INFO - Epoch 0510 | data loss=6.823e-03 | bc loss=3.460e-03 | PDE loss=2.039e-03 | valid MSE=3.826e+01 | valid rel L2=2.326e-02 | pressure=1.378e-02, u=1.144e-02, v=1.878e-01 | Time: 1:16:38.691679
2026-07-27 16:42:39 - pino - INFO - Epoch 0520 | data loss=7.466e-03 | bc loss=3.839e-03 | PDE loss=1.698e-03 | valid MSE=4.214e+01 | valid rel L2=2.649e-02 | pressure=1.446e-02, u=8.332e-03, v=1.751e-01 | Time: 1:18:07.967056
2026-07-27 16:44:09 - pino - INFO - Epoch 0530 | data loss=7.194e-03 | bc loss=3.538e-03 | PDE loss=1.701e-03 | valid MSE=4.117e+01 | valid rel L2=2.201e-02 | pressure=1.431e-02, u=8.132e-03, v=1.718e-01 | Time: 1:19:37.608490
2026-07-27 16:45:39 - pino - INFO - Epoch 0540 | data loss=6.569e-03 | bc loss=3.276e-03 | PDE loss=1.669e-03 | valid MSE=3.834e+01 | valid rel L2=2.046e-02 | pressure=1.379e-02, u=9.509e-03, v=1.770e-01 | Time: 1:21:08.315557
2026-07-27 16:47:10 - pino - INFO - Epoch 0550 | data loss=6.938e-03 | bc loss=3.471e-03 | PDE loss=1.568e-03 | valid MSE=4.902e+01 | valid rel L2=2.791e-02 | pressure=1.563e-02, u=9.285e-03, v=1.751e-01 | Time: 1:22:39.290228
2026-07-27 16:48:39 - pino - INFO - Epoch 0560 | data loss=6.627e-03 | bc loss=3.415e-03 | PDE loss=1.600e-03 | valid MSE=3.768e+01 | valid rel L2=2.942e-02 | pressure=1.368e-02, u=9.916e-03, v=1.781e-01 | Time: 1:24:08.159226
2026-07-27 16:50:10 - pino - INFO - Epoch 0570 | data loss=1.203e-02 | bc loss=6.683e-03 | PDE loss=2.639e-03 | valid MSE=5.399e+01 | valid rel L2=2.504e-02 | pressure=1.640e-02, u=1.106e-02, v=1.870e-01 | Time: 1:25:38.553329
2026-07-27 16:51:41 - pino - INFO - Epoch 0580 | data loss=6.233e-03 | bc loss=3.048e-03 | PDE loss=1.503e-03 | valid MSE=3.561e+01 | valid rel L2=1.993e-02 | pressure=1.330e-02, u=7.671e-03, v=1.664e-01 | Time: 1:27:10.210300
2026-07-27 16:53:14 - pino - INFO - Epoch 0590 | data loss=6.209e-03 | bc loss=3.151e-03 | PDE loss=1.714e-03 | valid MSE=3.554e+01 | valid rel L2=2.029e-02 | pressure=1.329e-02, u=8.339e-03, v=1.664e-01 | Time: 1:28:42.682864
2026-07-27 16:54:46 - pino - INFO - Epoch 0600 | data loss=5.819e-03 | bc loss=2.871e-03 | PDE loss=1.376e-03 | valid MSE=3.858e+01 | valid rel L2=3.167e-02 | pressure=1.384e-02, u=7.580e-03, v=1.634e-01 | Time: 1:30:15.051325
2026-07-27 16:56:18 - pino - INFO - Epoch 0610 | data loss=5.766e-03 | bc loss=2.844e-03 | PDE loss=1.613e-03 | valid MSE=3.135e+01 | valid rel L2=1.837e-02 | pressure=1.248e-02, u=7.657e-03, v=1.629e-01 | Time: 1:31:47.222586
2026-07-27 16:57:50 - pino - INFO - Epoch 0620 | data loss=5.730e-03 | bc loss=2.951e-03 | PDE loss=1.419e-03 | valid MSE=3.460e+01 | valid rel L2=2.026e-02 | pressure=1.311e-02, u=7.513e-03, v=1.636e-01 | Time: 1:33:19.104554
2026-07-27 16:59:23 - pino - INFO - Epoch 0630 | data loss=5.719e-03 | bc loss=2.904e-03 | PDE loss=1.351e-03 | valid MSE=3.324e+01 | valid rel L2=1.984e-02 | pressure=1.284e-02, u=7.555e-03, v=1.611e-01 | Time: 1:34:52.145469
2026-07-27 17:00:53 - pino - INFO - Epoch 0640 | data loss=5.886e-03 | bc loss=3.160e-03 | PDE loss=1.488e-03 | valid MSE=3.631e+01 | valid rel L2=2.066e-02 | pressure=1.343e-02, u=8.162e-03, v=1.830e-01 | Time: 1:36:21.913441
2026-07-27 17:02:25 - pino - INFO - Epoch 0650 | data loss=5.387e-03 | bc loss=2.664e-03 | PDE loss=1.302e-03 | valid MSE=3.530e+01 | valid rel L2=2.307e-02 | pressure=1.324e-02, u=7.477e-03, v=1.642e-01 | Time: 1:37:53.665058
2026-07-27 17:03:55 - pino - INFO - Epoch 0660 | data loss=5.158e-03 | bc loss=2.576e-03 | PDE loss=1.216e-03 | valid MSE=3.087e+01 | valid rel L2=1.785e-02 | pressure=1.238e-02, u=7.014e-03, v=1.575e-01 | Time: 1:39:24.386908
2026-07-27 17:05:27 - pino - INFO - Epoch 0670 | data loss=5.449e-03 | bc loss=2.732e-03 | PDE loss=1.237e-03 | valid MSE=3.155e+01 | valid rel L2=1.732e-02 | pressure=1.251e-02, u=7.337e-03, v=1.607e-01 | Time: 1:40:56.059695
2026-07-27 17:06:56 - pino - INFO - Epoch 0680 | data loss=5.094e-03 | bc loss=2.576e-03 | PDE loss=1.211e-03 | valid MSE=2.928e+01 | valid rel L2=1.690e-02 | pressure=1.206e-02, u=7.143e-03, v=1.574e-01 | Time: 1:42:25.050367
2026-07-27 17:08:26 - pino - INFO - Epoch 0690 | data loss=5.058e-03 | bc loss=2.553e-03 | PDE loss=1.211e-03 | valid MSE=2.884e+01 | valid rel L2=1.674e-02 | pressure=1.196e-02, u=7.537e-03, v=1.575e-01 | Time: 1:43:54.636299
2026-07-27 17:09:56 - pino - INFO - Epoch 0700 | data loss=5.225e-03 | bc loss=2.646e-03 | PDE loss=1.458e-03 | valid MSE=2.914e+01 | valid rel L2=1.803e-02 | pressure=1.203e-02, u=7.258e-03, v=1.602e-01 | Time: 1:45:24.715906
2026-07-27 17:11:28 - pino - INFO - Epoch 0710 | data loss=4.931e-03 | bc loss=2.493e-03 | PDE loss=1.160e-03 | valid MSE=2.860e+01 | valid rel L2=1.719e-02 | pressure=1.191e-02, u=7.143e-03, v=1.558e-01 | Time: 1:46:56.654881
2026-07-27 17:12:57 - pino - INFO - Epoch 0720 | data loss=4.917e-03 | bc loss=2.482e-03 | PDE loss=1.127e-03 | valid MSE=2.985e+01 | valid rel L2=1.964e-02 | pressure=1.217e-02, u=7.366e-03, v=1.576e-01 | Time: 1:48:26.202274
2026-07-27 17:14:26 - pino - INFO - Epoch 0730 | data loss=4.855e-03 | bc loss=2.539e-03 | PDE loss=1.208e-03 | valid MSE=2.722e+01 | valid rel L2=1.792e-02 | pressure=1.162e-02, u=7.196e-03, v=1.541e-01 | Time: 1:49:55.444331
2026-07-27 17:15:56 - pino - INFO - Epoch 0740 | data loss=5.057e-03 | bc loss=2.550e-03 | PDE loss=1.184e-03 | valid MSE=2.936e+01 | valid rel L2=1.799e-02 | pressure=1.207e-02, u=6.879e-03, v=1.540e-01 | Time: 1:51:24.691739
2026-07-27 17:17:24 - pino - INFO - Epoch 0750 | data loss=4.877e-03 | bc loss=2.748e-03 | PDE loss=1.199e-03 | valid MSE=2.759e+01 | valid rel L2=1.739e-02 | pressure=1.170e-02, u=7.505e-03, v=1.584e-01 | Time: 1:52:52.979599
2026-07-27 17:18:50 - pino - INFO - Epoch 0760 | data loss=4.663e-03 | bc loss=2.380e-03 | PDE loss=1.034e-03 | valid MSE=2.796e+01 | valid rel L2=1.692e-02 | pressure=1.178e-02, u=6.868e-03, v=1.539e-01 | Time: 1:54:18.903529
2026-07-27 17:20:15 - pino - INFO - Epoch 0770 | data loss=4.610e-03 | bc loss=2.381e-03 | PDE loss=1.048e-03 | valid MSE=2.706e+01 | valid rel L2=1.617e-02 | pressure=1.159e-02, u=6.815e-03, v=1.521e-01 | Time: 1:55:44.429263
2026-07-27 17:21:41 - pino - INFO - Epoch 0780 | data loss=4.566e-03 | bc loss=2.369e-03 | PDE loss=1.071e-03 | valid MSE=2.695e+01 | valid rel L2=1.554e-02 | pressure=1.156e-02, u=7.058e-03, v=1.538e-01 | Time: 1:57:09.716993
2026-07-27 17:23:07 - pino - INFO - Epoch 0790 | data loss=4.534e-03 | bc loss=2.314e-03 | PDE loss=1.094e-03 | valid MSE=3.142e+01 | valid rel L2=2.088e-02 | pressure=1.249e-02, u=7.074e-03, v=1.522e-01 | Time: 1:58:35.803899
2026-07-27 17:24:32 - pino - INFO - Epoch 0800 | data loss=4.475e-03 | bc loss=2.297e-03 | PDE loss=1.039e-03 | valid MSE=2.686e+01 | valid rel L2=1.673e-02 | pressure=1.154e-02, u=6.680e-03, v=1.531e-01 | Time: 2:00:01.448248
2026-07-27 17:25:58 - pino - INFO - Epoch 0810 | data loss=4.563e-03 | bc loss=2.372e-03 | PDE loss=1.092e-03 | valid MSE=2.785e+01 | valid rel L2=1.895e-02 | pressure=1.176e-02, u=7.563e-03, v=1.554e-01 | Time: 2:01:27.069484
2026-07-27 17:27:24 - pino - INFO - Epoch 0820 | data loss=4.470e-03 | bc loss=2.320e-03 | PDE loss=1.021e-03 | valid MSE=2.603e+01 | valid rel L2=1.672e-02 | pressure=1.137e-02, u=6.987e-03, v=1.519e-01 | Time: 2:02:53.392135
2026-07-27 17:28:50 - pino - INFO - Epoch 0830 | data loss=4.412e-03 | bc loss=2.290e-03 | PDE loss=1.008e-03 | valid MSE=2.646e+01 | valid rel L2=1.631e-02 | pressure=1.146e-02, u=6.804e-03, v=1.511e-01 | Time: 2:04:18.927949
2026-07-27 17:30:16 - pino - INFO - Epoch 0840 | data loss=4.339e-03 | bc loss=2.250e-03 | PDE loss=9.941e-04 | valid MSE=2.630e+01 | valid rel L2=1.577e-02 | pressure=1.142e-02, u=6.749e-03, v=1.515e-01 | Time: 2:05:44.646988
2026-07-27 17:31:46 - pino - INFO - Epoch 0850 | data loss=4.339e-03 | bc loss=2.244e-03 | PDE loss=9.416e-04 | valid MSE=2.703e+01 | valid rel L2=1.533e-02 | pressure=1.158e-02, u=6.865e-03, v=1.519e-01 | Time: 2:07:14.957047
2026-07-27 17:33:15 - pino - INFO - Epoch 0860 | data loss=4.337e-03 | bc loss=2.228e-03 | PDE loss=9.668e-04 | valid MSE=2.552e+01 | valid rel L2=1.542e-02 | pressure=1.125e-02, u=6.711e-03, v=1.502e-01 | Time: 2:08:43.673553
2026-07-27 17:34:41 - pino - INFO - Epoch 0870 | data loss=4.332e-03 | bc loss=2.232e-03 | PDE loss=9.728e-04 | valid MSE=2.601e+01 | valid rel L2=1.545e-02 | pressure=1.136e-02, u=6.793e-03, v=1.501e-01 | Time: 2:10:09.456579
2026-07-27 17:36:06 - pino - INFO - Epoch 0880 | data loss=4.378e-03 | bc loss=2.247e-03 | PDE loss=9.180e-04 | valid MSE=2.495e+01 | valid rel L2=1.499e-02 | pressure=1.112e-02, u=6.739e-03, v=1.505e-01 | Time: 2:11:34.983607
2026-07-27 17:37:33 - pino - INFO - Epoch 0890 | data loss=4.240e-03 | bc loss=2.201e-03 | PDE loss=9.431e-04 | valid MSE=2.513e+01 | valid rel L2=1.514e-02 | pressure=1.116e-02, u=6.690e-03, v=1.500e-01 | Time: 2:13:01.703969
2026-07-27 17:38:59 - pino - INFO - Epoch 0900 | data loss=4.296e-03 | bc loss=2.231e-03 | PDE loss=1.015e-03 | valid MSE=2.540e+01 | valid rel L2=1.499e-02 | pressure=1.123e-02, u=6.598e-03, v=1.496e-01 | Time: 2:14:28.442925
2026-07-27 17:40:28 - pino - INFO - Epoch 0910 | data loss=4.251e-03 | bc loss=2.187e-03 | PDE loss=9.132e-04 | valid MSE=2.528e+01 | valid rel L2=1.550e-02 | pressure=1.120e-02, u=6.573e-03, v=1.500e-01 | Time: 2:15:57.443899
2026-07-27 17:41:59 - pino - INFO - Epoch 0920 | data loss=4.204e-03 | bc loss=2.165e-03 | PDE loss=8.936e-04 | valid MSE=2.502e+01 | valid rel L2=1.520e-02 | pressure=1.114e-02, u=6.663e-03, v=1.500e-01 | Time: 2:17:28.157952
2026-07-27 17:43:30 - pino - INFO - Epoch 0930 | data loss=4.206e-03 | bc loss=2.173e-03 | PDE loss=9.102e-04 | valid MSE=2.492e+01 | valid rel L2=1.483e-02 | pressure=1.112e-02, u=6.612e-03, v=1.494e-01 | Time: 2:18:59.078550
2026-07-27 17:45:01 - pino - INFO - Epoch 0940 | data loss=4.194e-03 | bc loss=2.172e-03 | PDE loss=9.262e-04 | valid MSE=2.490e+01 | valid rel L2=1.481e-02 | pressure=1.111e-02, u=6.703e-03, v=1.500e-01 | Time: 2:20:30.455075
2026-07-27 17:46:34 - pino - INFO - Epoch 0950 | data loss=4.177e-03 | bc loss=2.154e-03 | PDE loss=9.207e-04 | valid MSE=2.497e+01 | valid rel L2=1.475e-02 | pressure=1.113e-02, u=6.621e-03, v=1.495e-01 | Time: 2:22:02.896482
2026-07-27 17:48:02 - pino - INFO - Epoch 0960 | data loss=4.175e-03 | bc loss=2.157e-03 | PDE loss=8.883e-04 | valid MSE=2.489e+01 | valid rel L2=1.470e-02 | pressure=1.111e-02, u=6.699e-03, v=1.501e-01 | Time: 2:23:31.205866
2026-07-27 17:49:32 - pino - INFO - Epoch 0970 | data loss=4.167e-03 | bc loss=2.158e-03 | PDE loss=9.199e-04 | valid MSE=2.487e+01 | valid rel L2=1.474e-02 | pressure=1.111e-02, u=6.577e-03, v=1.497e-01 | Time: 2:25:01.249478
2026-07-27 17:51:03 - pino - INFO - Epoch 0980 | data loss=4.164e-03 | bc loss=2.151e-03 | PDE loss=9.072e-04 | valid MSE=2.482e+01 | valid rel L2=1.471e-02 | pressure=1.110e-02, u=6.598e-03, v=1.496e-01 | Time: 2:26:31.909693
2026-07-27 17:52:34 - pino - INFO - Epoch 0990 | data loss=4.163e-03 | bc loss=2.155e-03 | PDE loss=9.174e-04 | valid MSE=2.485e+01 | valid rel L2=1.472e-02 | pressure=1.110e-02, u=6.602e-03, v=1.496e-01 | Time: 2:28:02.915445
2026-07-27 17:54:06 - pino - INFO - Epoch 1000 | data loss=4.162e-03 | bc loss=2.153e-03 | PDE loss=9.381e-04 | valid MSE=2.483e+01 | valid rel L2=1.471e-02 | pressure=1.110e-02, u=6.603e-03, v=1.496e-01 | Time: 2:29:35.244678
2026-07-27 17:54:06 - pino - INFO - Best validation MSE: 24.713752269744873
2026-07-27 17:54:06 - pino - INFO - Saved: /home/hantianl/Documents/PIDIF/DeepONet/results/072726_2/checkpoint.pt
