2026-07-06 17:39:45 - pino - INFO - Training comment
2026-07-06 17:39:45 - pino - INFO - METIS partition, 10 subdomains, 5 realizations for 160 cases
2026-07-06 17:39:45 - pino - INFO - Available cases (200):
2026-07-06 17:39:45 - pino - INFO - [0, 1, 2, 3, 4, 5, 6, 7, 8, 9, 10, 11, 12, 13, 14, 15, 16, 17, 18, 19, 20, 21, 22, 23, 24, 25, 26, 27, 28, 29, 30, 31, 32, 33, 34, 35, 36, 37, 38, 39, 40, 41, 42, 43, 44, 45, 46, 47, 48, 49, 50, 51, 52, 53, 54, 55, 56, 57, 58, 59, 60, 61, 62, 63, 64, 65, 66, 67, 68, 69, 70, 71, 72, 73, 74, 75, 76, 77, 78, 79, 80, 81, 82, 83, 84, 85, 86, 87, 88, 89, 90, 91, 92, 93, 94, 95, 96, 97, 98, 99, 100, 101, 102, 103, 104, 105, 106, 107, 108, 109, 110, 111, 112, 113, 114, 115, 116, 117, 118, 119, 120, 121, 122, 123, 124, 125, 126, 127, 128, 129, 130, 131, 132, 133, 134, 135, 136, 137, 138, 139, 140, 141, 142, 143, 144, 145, 146, 147, 148, 149, 150, 151, 152, 153, 154, 155, 156, 157, 158, 159, 160, 161, 162, 163, 164, 165, 166, 167, 168, 169, 170, 171, 172, 173, 174, 175, 176, 177, 178, 179, 180, 181, 182, 183, 184, 185, 186, 187, 188, 189, 190, 191, 192, 193, 194, 195, 196, 197, 198, 199]
2026-07-06 17:39:45 - pino - INFO - Train cases (160): ['channel_00', 'channel_01', 'channel_02', 'channel_03', 'channel_04', 'channel_05', 'channel_06', 'channel_07', 'channel_09', 'channel_10', 'channel_11', 'channel_12', 'channel_13', 'channel_14', 'channel_15', 'channel_16', 'channel_17', 'channel_19', 'channel_20', 'channel_21', 'channel_23', 'channel_24', 'channel_25', 'channel_26', 'channel_27', 'channel_29', 'channel_30', 'channel_32', 'channel_36', 'channel_38', 'channel_39', 'channel_40', 'channel_41', 'channel_42', 'channel_43', 'channel_44', 'channel_46', 'channel_47', 'channel_49', 'channel_52', 'channel_54', 'channel_55', 'channel_56', 'channel_57', 'channel_58', 'channel_59', 'channel_60', 'channel_61', 'channel_63', 'channel_64', 'channel_65', 'channel_66', 'channel_67', 'channel_68', 'channel_69', 'channel_70', 'channel_72', 'channel_73', 'channel_74', 'channel_76', 'channel_77', 'channel_78', 'channel_79', 'channel_82', 'channel_83', 'channel_84', 'channel_85', 'channel_86', 'channel_88', 'channel_91', 'channel_92', 'channel_93', 'channel_94', 'channel_95', 'channel_96', 'channel_98', 'channel_99', 'channel_100', 'channel_101', 'channel_102', 'channel_103', 'channel_104', 'channel_105', 'channel_106', 'channel_107', 'channel_108', 'channel_109', 'channel_110', 'channel_112', 'channel_113', 'channel_114', 'channel_115', 'channel_116', 'channel_119', 'channel_120', 'channel_121', 'channel_122', 'channel_123', 'channel_124', 'channel_125', 'channel_126', 'channel_127', 'channel_128', 'channel_129', 'channel_130', 'channel_131', 'channel_132', 'channel_134', 'channel_135', 'channel_136', 'channel_137', 'channel_138', 'channel_139', 'channel_140', 'channel_143', 'channel_144', 'channel_145', 'channel_146', 'channel_147', 'channel_148', 'channel_149', 'channel_150', 'channel_152', 'channel_153', 'channel_155', 'channel_156', 'channel_157', 'channel_158', 'channel_159', 'channel_160', 'channel_161', 'channel_162', 'channel_165', 'channel_166', 'channel_167', 'channel_168', 'channel_169', 'channel_170', 'channel_173', 'channel_174', 'channel_177', 'channel_178', 'channel_179', 'channel_180', 'channel_181', 'channel_182', 'channel_183', 'channel_184', 'channel_185', 'channel_186', 'channel_187', 'channel_188', 'channel_189', 'channel_190', 'channel_192', 'channel_194', 'channel_195', 'channel_196', 'channel_197', 'channel_198']
2026-07-06 17:39:45 - pino - INFO - Valid cases (20): ['channel_08', 'channel_34', 'channel_35', 'channel_37', 'channel_48', 'channel_50', 'channel_53', 'channel_62', 'channel_75', 'channel_80', 'channel_87', 'channel_141', 'channel_142', 'channel_154', 'channel_163', 'channel_164', 'channel_171', 'channel_175', 'channel_176', 'channel_191']
2026-07-06 17:39:45 - pino - INFO - Test  cases (20): ['channel_18', 'channel_22', 'channel_28', 'channel_31', 'channel_33', 'channel_45', 'channel_51', 'channel_71', 'channel_81', 'channel_89', 'channel_90', 'channel_97', 'channel_111', 'channel_117', 'channel_118', 'channel_133', 'channel_151', 'channel_172', 'channel_193', 'channel_199']
2026-07-06 17:40:07 - pino - INFO - Train cases (160): ['channel_00', 'channel_01', 'channel_02', 'channel_03', 'channel_04', 'channel_05', 'channel_06', 'channel_07', 'channel_09', 'channel_10', 'channel_11', 'channel_12', 'channel_13', 'channel_14', 'channel_15', 'channel_16', 'channel_17', 'channel_19', 'channel_20', 'channel_21', 'channel_23', 'channel_24', 'channel_25', 'channel_26', 'channel_27', 'channel_29', 'channel_30', 'channel_32', 'channel_36', 'channel_38', 'channel_39', 'channel_40', 'channel_41', 'channel_42', 'channel_43', 'channel_44', 'channel_46', 'channel_47', 'channel_49', 'channel_52', 'channel_54', 'channel_55', 'channel_56', 'channel_57', 'channel_58', 'channel_59', 'channel_60', 'channel_61', 'channel_63', 'channel_64', 'channel_65', 'channel_66', 'channel_67', 'channel_68', 'channel_69', 'channel_70', 'channel_72', 'channel_73', 'channel_74', 'channel_76', 'channel_77', 'channel_78', 'channel_79', 'channel_82', 'channel_83', 'channel_84', 'channel_85', 'channel_86', 'channel_88', 'channel_91', 'channel_92', 'channel_93', 'channel_94', 'channel_95', 'channel_96', 'channel_98', 'channel_99', 'channel_100', 'channel_101', 'channel_102', 'channel_103', 'channel_104', 'channel_105', 'channel_106', 'channel_107', 'channel_108', 'channel_109', 'channel_110', 'channel_112', 'channel_113', 'channel_114', 'channel_115', 'channel_116', 'channel_119', 'channel_120', 'channel_121', 'channel_122', 'channel_123', 'channel_124', 'channel_125', 'channel_126', 'channel_127', 'channel_128', 'channel_129', 'channel_130', 'channel_131', 'channel_132', 'channel_134', 'channel_135', 'channel_136', 'channel_137', 'channel_138', 'channel_139', 'channel_140', 'channel_143', 'channel_144', 'channel_145', 'channel_146', 'channel_147', 'channel_148', 'channel_149', 'channel_150', 'channel_152', 'channel_153', 'channel_155', 'channel_156', 'channel_157', 'channel_158', 'channel_159', 'channel_160', 'channel_161', 'channel_162', 'channel_165', 'channel_166', 'channel_167', 'channel_168', 'channel_169', 'channel_170', 'channel_173', 'channel_174', 'channel_177', 'channel_178', 'channel_179', 'channel_180', 'channel_181', 'channel_182', 'channel_183', 'channel_184', 'channel_185', 'channel_186', 'channel_187', 'channel_188', 'channel_189', 'channel_190', 'channel_192', 'channel_194', 'channel_195', 'channel_196', 'channel_197', 'channel_198']
2026-07-06 17:40:07 - pino - INFO - Valid cases (20): ['channel_08', 'channel_34', 'channel_35', 'channel_37', 'channel_48', 'channel_50', 'channel_53', 'channel_62', 'channel_75', 'channel_80', 'channel_87', 'channel_141', 'channel_142', 'channel_154', 'channel_163', 'channel_164', 'channel_171', 'channel_175', 'channel_176', 'channel_191']
2026-07-06 17:40:07 - pino - INFO - Test  cases (20): ['channel_18', 'channel_22', 'channel_28', 'channel_31', 'channel_33', 'channel_45', 'channel_51', 'channel_71', 'channel_81', 'channel_89', 'channel_90', 'channel_97', 'channel_111', 'channel_117', 'channel_118', 'channel_133', 'channel_151', 'channel_172', 'channel_193', 'channel_199']
2026-07-06 19:17:59 - pino - INFO - Train samples: 4800
2026-07-06 19:17:59 - pino - INFO - Valid samples: 200
2026-07-06 19:17:59 - pino - INFO - Train branch channels: ['x_local', 'y_local', 'wall_mask', 'interface_mask', 'boundary_pressure', 'boundary_u', 'boundary_v', 'known_pressure', 'known_u', 'known_v', 'local_aspect_ratio']
2026-07-06 19:17:59 - pino - INFO - Train trunk channels: ['x_local', 'y_local']
2026-07-06 19:17:59 - pino - INFO - Output channels: ['pressure', 'u', 'v']
2026-07-06 19:17:59 - pino - INFO - Example train sample:
2026-07-06 19:17:59 - pino - INFO - branch: (819, 11)
2026-07-06 19:17:59 - pino - INFO - query: (22104, 2)
2026-07-06 19:17:59 - pino - INFO - target: (22104, 3)
2026-07-07 09:47:39 - pino - INFO - e976ee50-99ed-4aba-9b6b-9dcd5634d07d:IPyWidgets:8.1.8
2026-07-07 09:47:40 - pino - INFO - ['/jupyter-matplotlib/extension.js', '/jupyter-js-widgets/extension.js']
2026-07-07 09:51:04 - pino - INFO - Train cases: [0, 1, 2, 3, 4, 5, 6, 7, 9, 10, 11, 12, 13, 14, 15, 16, 17, 19, 20, 21, 23, 24, 25, 26, 27, 29, 30, 32, 36, 38, 39, 40, 41, 42, 43, 44, 46, 47, 49, 52, 54, 55, 56, 57, 58, 59, 60, 61, 63, 64, 65, 66, 67, 68, 69, 70, 72, 73, 74, 76, 77, 78, 79, 82, 83, 84, 85, 86, 88, 91, 92, 93, 94, 95, 96, 98, 99, 100, 101, 102, 103, 104, 105, 106, 107, 108, 109, 110, 112, 113, 114, 115, 116, 119, 120, 121, 122, 123, 124, 125, 126, 127, 128, 129, 130, 131, 132, 134, 135, 136, 137, 138, 139, 140, 143, 144, 145, 146, 147, 148, 149, 150, 152, 153, 155, 156, 157, 158, 159, 160, 161, 162, 165, 166, 167, 168, 169, 170, 173, 174, 177, 178, 179, 180, 181, 182, 183, 184, 185, 186, 187, 188, 189, 190, 192, 194, 195, 196, 197, 198]
2026-07-07 09:51:04 - pino - INFO - Valid cases: [8, 34, 35, 37, 48, 50, 53, 62, 75, 80, 87, 141, 142, 154, 163, 164, 171, 175, 176, 191]
2026-07-07 09:51:13 - pino - INFO - Y mean: tensor([ 6.4387e+02,  1.0012e+00, -7.9760e-06])
2026-07-07 09:51:13 - pino - INFO - Y std: tensor([4.1250e+02, 4.2776e-01, 2.2414e-02])
2026-07-07 09:51:13 - pino - INFO - local_aspect_mean: 1.1607173681259155
2026-07-07 09:51:13 - pino - INFO - local_aspect_std: 0.13512569665908813
2026-07-07 09:52:22 - pino - INFO - branch batch: torch.Size([50, 1024, 11])
2026-07-07 09:52:22 - pino - INFO - query batch: torch.Size([512345, 2])
2026-07-07 09:52:22 - pino - INFO - target batch: torch.Size([512345, 3])
2026-07-07 09:52:22 - pino - INFO - query batch id: tensor(0) tensor(49)
2026-07-07 09:52:22 - pino - INFO - sample indices: tensor([2426, 1164, 1913, 2266,  493, 3116,  545, 1981, 1480, 2750, 1291,  150,
        2506, 1830, 2545, 2763, 2851, 1831, 2471, 1565, 3028, 2003,  497, 1313,
         211, 2459,  530,  803, 2195, 1419, 2346, 2093, 2935, 2445, 1322, 1937,
        1039, 1243, 2439, 1424, 2071,  418, 3024, 1224, 2239, 2868, 3074, 1273,
        2696, 3160])
2026-07-07 09:52:31 - pino - INFO - 7
2026-07-07 09:52:31 - pino - INFO - branch batch: torch.Size([50, 1024, 11])
2026-07-07 09:52:31 - pino - INFO - query batch: torch.Size([512345, 2])
2026-07-07 09:52:31 - pino - INFO - target batch: torch.Size([512345, 3])
2026-07-07 09:52:31 - pino - INFO - query batch id: tensor(0) tensor(49)
2026-07-07 09:52:31 - pino - INFO - sample indices: tensor([2426, 1164, 1913, 2266,  493, 3116,  545, 1981, 1480, 2750, 1291,  150,
        2506, 1830, 2545, 2763, 2851, 1831, 2471, 1565, 3028, 2003,  497, 1313,
         211, 2459,  530,  803, 2195, 1419, 2346, 2093, 2935, 2445, 1322, 1937,
        1039, 1243, 2439, 1424, 2071,  418, 3024, 1224, 2239, 2868, 3074, 1273,
        2696, 3160])
2026-07-07 09:53:01 - pino - INFO - branch batch: torch.Size([50, 867, 11])
2026-07-07 09:53:01 - pino - INFO - query batch: torch.Size([1158798, 2])
2026-07-07 09:53:01 - pino - INFO - target batch: torch.Size([1158798, 3])
2026-07-07 09:53:01 - pino - INFO - query batch id: tensor(0) tensor(49)
2026-07-07 09:53:01 - pino - INFO - sample indices: tensor([2701, 3496, 1162, 3241, 3299, 1967, 4399, 1444, 4009,  620, 3740, 2363,
        1175, 3500, 2900, 4210, 2318, 2955, 3663, 2607, 4527, 4312, 1274, 2296,
        2596, 3001, 4660, 4314, 1849, 1269,  702, 3215, 4099, 3566,  576, 2325,
           7, 3226, 2077,   86,  721,  476, 4301, 1887, 3944,  591,  778,  584,
         119,  247])
2026-07-07 09:53:01 - pino - INFO - branch mask batch: torch.Size([50, 867])
2026-07-07 09:53:16 - pino - INFO - {'branch_input_dim': 11, 'trunk_input_dim': 2, 'output_channels': 3, 'latent_dim': 128, 'branch_point_hidden_dim': 128, 'branch_point_depth': 3, 'branch_global_hidden_dim': 128, 'branch_global_depth': 3, 'trunk_hidden_dim': 128, 'trunk_depth': 4, 'aggregation': 'mean', 'activation': 'gelu', 'layer_norm': False}
2026-07-07 09:58:02 - pino - INFO - Epoch 0001 | data loss=7.577e-01 | bc loss=6.252e-01 | valid MSE=1.344e+03 | valid rel L2=1.777e-01 | pressure=8.212e-02, u=9.566e-02, v=9.276e-01 | Time: 0:00:19.166823
2026-07-07 10:00:53 - pino - INFO - Epoch 0010 | data loss=1.277e-01 | bc loss=5.444e-02 | valid MSE=4.059e+02 | valid rel L2=8.420e-02 | pressure=4.552e-02, u=5.317e-02, v=5.820e-01 | Time: 0:03:10.139465
2026-07-07 10:04:06 - pino - INFO - Epoch 0020 | data loss=9.187e-02 | bc loss=4.648e-02 | valid MSE=3.272e+02 | valid rel L2=7.942e-02 | pressure=4.059e-02, u=4.733e-02, v=5.080e-01 | Time: 0:06:23.700350
2026-07-07 10:07:17 - pino - INFO - Epoch 0030 | data loss=6.786e-02 | bc loss=3.360e-02 | valid MSE=4.680e+02 | valid rel L2=1.283e-01 | pressure=4.886e-02, u=4.366e-02, v=4.624e-01 | Time: 0:09:34.638996
2026-07-07 10:10:29 - pino - INFO - Epoch 0040 | data loss=5.168e-02 | bc loss=2.537e-02 | valid MSE=2.412e+02 | valid rel L2=8.029e-02 | pressure=3.503e-02, u=4.830e-02, v=3.999e-01 | Time: 0:12:46.605907
2026-07-07 10:13:41 - pino - INFO - Epoch 0050 | data loss=4.183e-02 | bc loss=2.083e-02 | valid MSE=1.859e+02 | valid rel L2=6.609e-02 | pressure=3.081e-02, u=4.284e-02, v=3.885e-01 | Time: 0:15:58.249104
2026-07-07 10:16:51 - pino - INFO - Epoch 0060 | data loss=3.537e-02 | bc loss=1.793e-02 | valid MSE=1.833e+02 | valid rel L2=5.632e-02 | pressure=3.013e-02, u=3.591e-02, v=3.347e-01 | Time: 0:19:08.259103
2026-07-07 10:20:00 - pino - INFO - Epoch 0070 | data loss=3.185e-02 | bc loss=1.656e-02 | valid MSE=1.989e+02 | valid rel L2=7.190e-02 | pressure=3.180e-02, u=3.596e-02, v=3.080e-01 | Time: 0:22:17.366521
2026-07-07 10:23:10 - pino - INFO - Epoch 0080 | data loss=2.672e-02 | bc loss=1.325e-02 | valid MSE=1.227e+02 | valid rel L2=6.261e-02 | pressure=2.519e-02, u=3.487e-02, v=3.003e-01 | Time: 0:25:27.352560
2026-07-07 10:26:20 - pino - INFO - Epoch 0090 | data loss=2.299e-02 | bc loss=1.236e-02 | valid MSE=1.119e+02 | valid rel L2=4.565e-02 | pressure=2.397e-02, u=2.923e-02, v=2.777e-01 | Time: 0:28:37.897987
2026-07-07 10:29:31 - pino - INFO - Epoch 0100 | data loss=1.994e-02 | bc loss=1.015e-02 | valid MSE=1.163e+02 | valid rel L2=7.207e-02 | pressure=2.424e-02, u=2.957e-02, v=2.664e-01 | Time: 0:31:48.223143
2026-07-07 10:32:41 - pino - INFO - Epoch 0110 | data loss=1.832e-02 | bc loss=9.124e-03 | valid MSE=6.374e+01 | valid rel L2=3.645e-02 | pressure=1.806e-02, u=2.427e-02, v=2.545e-01 | Time: 0:34:58.390189
2026-07-07 10:35:50 - pino - INFO - Epoch 0120 | data loss=1.726e-02 | bc loss=8.596e-03 | valid MSE=1.029e+02 | valid rel L2=5.844e-02 | pressure=2.297e-02, u=2.398e-02, v=2.504e-01 | Time: 0:38:07.766120
2026-07-07 10:38:59 - pino - INFO - Epoch 0130 | data loss=1.532e-02 | bc loss=7.527e-03 | valid MSE=6.828e+01 | valid rel L2=3.551e-02 | pressure=1.863e-02, u=2.053e-02, v=2.352e-01 | Time: 0:41:16.609717
2026-07-07 10:42:08 - pino - INFO - Epoch 0140 | data loss=1.502e-02 | bc loss=7.455e-03 | valid MSE=5.428e+01 | valid rel L2=3.307e-02 | pressure=1.672e-02, u=2.161e-02, v=2.376e-01 | Time: 0:44:25.656230
2026-07-07 10:45:18 - pino - INFO - Epoch 0150 | data loss=1.305e-02 | bc loss=6.456e-03 | valid MSE=6.449e+01 | valid rel L2=3.851e-02 | pressure=1.820e-02, u=2.291e-02, v=2.384e-01 | Time: 0:47:35.705993
2026-07-07 10:48:28 - pino - INFO - Epoch 0160 | data loss=1.395e-02 | bc loss=7.262e-03 | valid MSE=7.478e+01 | valid rel L2=5.921e-02 | pressure=1.939e-02, u=2.255e-02, v=2.270e-01 | Time: 0:50:45.681665
2026-07-07 10:51:38 - pino - INFO - Epoch 0170 | data loss=1.183e-02 | bc loss=6.134e-03 | valid MSE=7.454e+01 | valid rel L2=3.607e-02 | pressure=1.938e-02, u=2.061e-02, v=2.237e-01 | Time: 0:53:55.594996
2026-07-07 10:54:48 - pino - INFO - Epoch 0180 | data loss=1.177e-02 | bc loss=6.019e-03 | valid MSE=7.819e+01 | valid rel L2=5.279e-02 | pressure=1.992e-02, u=2.634e-02, v=2.234e-01 | Time: 0:57:05.892065
2026-07-07 10:57:59 - pino - INFO - Epoch 0190 | data loss=1.224e-02 | bc loss=6.296e-03 | valid MSE=7.817e+01 | valid rel L2=5.057e-02 | pressure=2.000e-02, u=1.903e-02, v=2.167e-01 | Time: 1:00:16.481153
2026-07-07 11:01:09 - pino - INFO - Epoch 0200 | data loss=9.901e-03 | bc loss=4.833e-03 | valid MSE=4.964e+01 | valid rel L2=3.617e-02 | pressure=1.592e-02, u=2.459e-02, v=2.198e-01 | Time: 1:03:26.308756
2026-07-07 11:04:18 - pino - INFO - Epoch 0210 | data loss=9.855e-03 | bc loss=4.961e-03 | valid MSE=5.211e+01 | valid rel L2=3.026e-02 | pressure=1.637e-02, u=2.247e-02, v=2.160e-01 | Time: 1:06:35.345490
2026-07-07 11:07:27 - pino - INFO - Epoch 0220 | data loss=9.575e-03 | bc loss=4.920e-03 | valid MSE=1.151e+02 | valid rel L2=6.219e-02 | pressure=2.391e-02, u=1.904e-02, v=2.174e-01 | Time: 1:09:44.194683
2026-07-07 11:10:35 - pino - INFO - Epoch 0230 | data loss=9.078e-03 | bc loss=4.641e-03 | valid MSE=6.914e+01 | valid rel L2=4.118e-02 | pressure=1.880e-02, u=2.234e-02, v=2.186e-01 | Time: 1:12:52.905214
2026-07-07 11:13:45 - pino - INFO - Epoch 0240 | data loss=8.692e-03 | bc loss=4.498e-03 | valid MSE=7.789e+01 | valid rel L2=3.773e-02 | pressure=2.005e-02, u=2.123e-02, v=2.155e-01 | Time: 1:16:02.204757
2026-07-07 11:16:57 - pino - INFO - Epoch 0250 | data loss=8.434e-03 | bc loss=4.043e-03 | valid MSE=6.755e+01 | valid rel L2=3.353e-02 | pressure=1.847e-02, u=1.729e-02, v=2.080e-01 | Time: 1:19:14.104055
2026-07-07 11:20:08 - pino - INFO - Epoch 0260 | data loss=8.073e-03 | bc loss=4.199e-03 | valid MSE=6.874e+01 | valid rel L2=5.282e-02 | pressure=1.859e-02, u=1.844e-02, v=2.051e-01 | Time: 1:22:25.550642
2026-07-07 11:23:19 - pino - INFO - Epoch 0270 | data loss=7.518e-03 | bc loss=4.077e-03 | valid MSE=4.239e+01 | valid rel L2=2.827e-02 | pressure=1.473e-02, u=2.092e-02, v=2.088e-01 | Time: 1:25:36.862405
2026-07-07 11:26:30 - pino - INFO - Epoch 0280 | data loss=7.091e-03 | bc loss=3.845e-03 | valid MSE=5.713e+01 | valid rel L2=3.480e-02 | pressure=1.710e-02, u=1.585e-02, v=1.927e-01 | Time: 1:28:47.566947
2026-07-07 11:29:41 - pino - INFO - Epoch 0290 | data loss=6.891e-03 | bc loss=3.346e-03 | valid MSE=6.508e+01 | valid rel L2=4.093e-02 | pressure=1.819e-02, u=2.291e-02, v=2.034e-01 | Time: 1:31:58.323269
2026-07-07 11:32:55 - pino - INFO - Epoch 0300 | data loss=6.575e-03 | bc loss=3.321e-03 | valid MSE=4.164e+01 | valid rel L2=2.664e-02 | pressure=1.463e-02, u=1.553e-02, v=1.922e-01 | Time: 1:35:12.480249
2026-07-07 11:36:13 - pino - INFO - Epoch 0310 | data loss=6.141e-03 | bc loss=2.948e-03 | valid MSE=6.552e+01 | valid rel L2=3.092e-02 | pressure=1.851e-02, u=1.541e-02, v=1.907e-01 | Time: 1:38:30.265236
2026-07-07 11:39:22 - pino - INFO - Epoch 0320 | data loss=6.453e-03 | bc loss=3.470e-03 | valid MSE=5.412e+01 | valid rel L2=2.895e-02 | pressure=1.666e-02, u=1.580e-02, v=1.908e-01 | Time: 1:41:39.658301
2026-07-07 11:42:31 - pino - INFO - Epoch 0330 | data loss=5.663e-03 | bc loss=2.847e-03 | valid MSE=5.919e+01 | valid rel L2=3.436e-02 | pressure=1.762e-02, u=1.848e-02, v=1.909e-01 | Time: 1:44:48.553547
2026-07-07 11:45:40 - pino - INFO - Epoch 0340 | data loss=5.612e-03 | bc loss=2.720e-03 | valid MSE=4.596e+01 | valid rel L2=2.633e-02 | pressure=1.532e-02, u=1.507e-02, v=1.940e-01 | Time: 1:47:57.691025
2026-07-07 11:48:50 - pino - INFO - Epoch 0350 | data loss=5.471e-03 | bc loss=2.728e-03 | valid MSE=3.340e+01 | valid rel L2=2.476e-02 | pressure=1.309e-02, u=1.480e-02, v=1.904e-01 | Time: 1:51:07.107596
2026-07-07 11:52:00 - pino - INFO - Epoch 0360 | data loss=5.366e-03 | bc loss=2.746e-03 | valid MSE=4.642e+01 | valid rel L2=3.117e-02 | pressure=1.546e-02, u=1.617e-02, v=1.863e-01 | Time: 1:54:17.806649
2026-07-07 11:55:10 - pino - INFO - Epoch 0370 | data loss=5.729e-03 | bc loss=2.996e-03 | valid MSE=4.905e+01 | valid rel L2=2.816e-02 | pressure=1.579e-02, u=1.875e-02, v=1.980e-01 | Time: 1:57:27.550360
2026-07-07 11:58:19 - pino - INFO - Epoch 0380 | data loss=5.584e-03 | bc loss=3.127e-03 | valid MSE=5.206e+01 | valid rel L2=3.195e-02 | pressure=1.630e-02, u=1.916e-02, v=1.959e-01 | Time: 2:00:36.694545
2026-07-07 12:01:29 - pino - INFO - Epoch 0390 | data loss=5.038e-03 | bc loss=2.642e-03 | valid MSE=4.098e+01 | valid rel L2=2.592e-02 | pressure=1.445e-02, u=1.544e-02, v=1.833e-01 | Time: 2:03:46.327379
2026-07-07 12:04:38 - pino - INFO - Epoch 0400 | data loss=4.858e-03 | bc loss=2.709e-03 | valid MSE=3.789e+01 | valid rel L2=2.406e-02 | pressure=1.401e-02, u=1.438e-02, v=1.853e-01 | Time: 2:06:55.995938
2026-07-07 12:07:50 - pino - INFO - Epoch 0410 | data loss=4.530e-03 | bc loss=2.166e-03 | valid MSE=4.342e+01 | valid rel L2=3.098e-02 | pressure=1.483e-02, u=1.566e-02, v=1.838e-01 | Time: 2:10:07.117807
2026-07-07 12:11:00 - pino - INFO - Epoch 0420 | data loss=4.617e-03 | bc loss=2.450e-03 | valid MSE=3.794e+01 | valid rel L2=2.542e-02 | pressure=1.399e-02, u=1.912e-02, v=1.920e-01 | Time: 2:13:17.371193
2026-07-07 12:14:10 - pino - INFO - Epoch 0430 | data loss=4.501e-03 | bc loss=2.356e-03 | valid MSE=4.419e+01 | valid rel L2=2.787e-02 | pressure=1.503e-02, u=1.911e-02, v=1.851e-01 | Time: 2:16:27.109671
2026-07-07 12:17:19 - pino - INFO - Epoch 0440 | data loss=4.096e-03 | bc loss=2.081e-03 | valid MSE=3.420e+01 | valid rel L2=2.484e-02 | pressure=1.319e-02, u=1.467e-02, v=1.817e-01 | Time: 2:19:36.445569
2026-07-07 12:20:32 - pino - INFO - Epoch 0450 | data loss=4.084e-03 | bc loss=2.040e-03 | valid MSE=3.356e+01 | valid rel L2=2.458e-02 | pressure=1.312e-02, u=1.371e-02, v=1.822e-01 | Time: 2:22:49.668384
2026-07-07 12:23:43 - pino - INFO - Epoch 0460 | data loss=4.433e-03 | bc loss=2.554e-03 | valid MSE=4.819e+01 | valid rel L2=3.092e-02 | pressure=1.574e-02, u=2.368e-02, v=1.929e-01 | Time: 2:26:00.131812
2026-07-07 12:26:53 - pino - INFO - Epoch 0470 | data loss=3.643e-03 | bc loss=1.818e-03 | valid MSE=3.100e+01 | valid rel L2=2.598e-02 | pressure=1.261e-02, u=1.432e-02, v=1.783e-01 | Time: 2:29:10.188905
2026-07-07 12:30:03 - pino - INFO - Epoch 0480 | data loss=3.689e-03 | bc loss=1.858e-03 | valid MSE=4.334e+01 | valid rel L2=3.104e-02 | pressure=1.500e-02, u=1.422e-02, v=1.815e-01 | Time: 2:32:21.016153
2026-07-07 12:33:13 - pino - INFO - Epoch 0490 | data loss=3.589e-03 | bc loss=1.813e-03 | valid MSE=3.081e+01 | valid rel L2=2.531e-02 | pressure=1.259e-02, u=1.619e-02, v=1.812e-01 | Time: 2:35:30.846596
2026-07-07 12:36:23 - pino - INFO - Epoch 0500 | data loss=3.793e-03 | bc loss=2.048e-03 | valid MSE=3.223e+01 | valid rel L2=2.736e-02 | pressure=1.287e-02, u=1.448e-02, v=1.785e-01 | Time: 2:38:40.241896
2026-07-07 12:39:33 - pino - INFO - Epoch 0510 | data loss=3.485e-03 | bc loss=1.816e-03 | valid MSE=3.143e+01 | valid rel L2=2.426e-02 | pressure=1.277e-02, u=1.661e-02, v=1.815e-01 | Time: 2:41:50.755185
2026-07-07 12:42:43 - pino - INFO - Epoch 0520 | data loss=3.715e-03 | bc loss=1.994e-03 | valid MSE=4.242e+01 | valid rel L2=3.149e-02 | pressure=1.477e-02, u=1.846e-02, v=1.865e-01 | Time: 2:45:00.798568
2026-07-07 12:45:53 - pino - INFO - Epoch 0530 | data loss=3.193e-03 | bc loss=1.606e-03 | valid MSE=3.274e+01 | valid rel L2=2.392e-02 | pressure=1.290e-02, u=1.337e-02, v=1.772e-01 | Time: 2:48:10.989732
2026-07-07 12:49:03 - pino - INFO - Epoch 0540 | data loss=3.176e-03 | bc loss=1.614e-03 | valid MSE=2.898e+01 | valid rel L2=2.857e-02 | pressure=1.217e-02, u=1.314e-02, v=1.765e-01 | Time: 2:51:20.598839
2026-07-07 12:52:15 - pino - INFO - Epoch 0550 | data loss=2.989e-03 | bc loss=1.460e-03 | valid MSE=3.564e+01 | valid rel L2=3.042e-02 | pressure=1.347e-02, u=1.249e-02, v=1.722e-01 | Time: 2:54:32.595464
2026-07-07 12:55:24 - pino - INFO - Epoch 0560 | data loss=3.041e-03 | bc loss=1.538e-03 | valid MSE=3.177e+01 | valid rel L2=2.520e-02 | pressure=1.275e-02, u=1.304e-02, v=1.763e-01 | Time: 2:57:41.989388
2026-07-07 12:58:37 - pino - INFO - Epoch 0570 | data loss=3.073e-03 | bc loss=1.688e-03 | valid MSE=2.663e+01 | valid rel L2=2.122e-02 | pressure=1.173e-02, u=1.411e-02, v=1.701e-01 | Time: 3:00:54.296839
2026-07-07 13:01:48 - pino - INFO - Epoch 0580 | data loss=2.854e-03 | bc loss=1.407e-03 | valid MSE=2.822e+01 | valid rel L2=2.412e-02 | pressure=1.202e-02, u=1.277e-02, v=1.755e-01 | Time: 3:04:05.471871
2026-07-07 13:05:02 - pino - INFO - Epoch 0590 | data loss=2.865e-03 | bc loss=1.458e-03 | valid MSE=2.869e+01 | valid rel L2=2.357e-02 | pressure=1.217e-02, u=1.298e-02, v=1.726e-01 | Time: 3:07:20.011595
2026-07-07 13:08:13 - pino - INFO - Epoch 0600 | data loss=2.809e-03 | bc loss=1.450e-03 | valid MSE=3.131e+01 | valid rel L2=2.466e-02 | pressure=1.267e-02, u=1.256e-02, v=1.769e-01 | Time: 3:10:30.736429
2026-07-07 13:11:23 - pino - INFO - Epoch 0610 | data loss=2.853e-03 | bc loss=1.539e-03 | valid MSE=2.814e+01 | valid rel L2=2.281e-02 | pressure=1.205e-02, u=1.349e-02, v=1.751e-01 | Time: 3:13:40.829396
2026-07-07 13:14:37 - pino - INFO - Epoch 0620 | data loss=2.665e-03 | bc loss=1.408e-03 | valid MSE=3.091e+01 | valid rel L2=2.606e-02 | pressure=1.260e-02, u=1.262e-02, v=1.740e-01 | Time: 3:16:54.269280
2026-07-07 13:17:48 - pino - INFO - Epoch 0630 | data loss=2.510e-03 | bc loss=1.225e-03 | valid MSE=2.860e+01 | valid rel L2=2.169e-02 | pressure=1.214e-02, u=1.243e-02, v=1.741e-01 | Time: 3:20:05.091765
2026-07-07 13:20:59 - pino - INFO - Epoch 0640 | data loss=2.612e-03 | bc loss=1.321e-03 | valid MSE=2.923e+01 | valid rel L2=2.188e-02 | pressure=1.221e-02, u=1.307e-02, v=1.749e-01 | Time: 3:23:16.453179
2026-07-07 13:24:10 - pino - INFO - Epoch 0650 | data loss=2.527e-03 | bc loss=1.347e-03 | valid MSE=2.771e+01 | valid rel L2=2.771e-02 | pressure=1.187e-02, u=1.232e-02, v=1.763e-01 | Time: 3:26:27.807162
2026-07-07 13:27:20 - pino - INFO - Epoch 0660 | data loss=2.426e-03 | bc loss=1.229e-03 | valid MSE=2.870e+01 | valid rel L2=2.369e-02 | pressure=1.209e-02, u=1.227e-02, v=1.734e-01 | Time: 3:29:37.854535
2026-07-07 13:30:32 - pino - INFO - Epoch 0670 | data loss=2.397e-03 | bc loss=1.186e-03 | valid MSE=2.777e+01 | valid rel L2=2.446e-02 | pressure=1.188e-02, u=1.202e-02, v=1.753e-01 | Time: 3:32:49.276248
2026-07-07 13:33:44 - pino - INFO - Epoch 0680 | data loss=2.358e-03 | bc loss=1.172e-03 | valid MSE=3.064e+01 | valid rel L2=2.221e-02 | pressure=1.247e-02, u=1.241e-02, v=1.728e-01 | Time: 3:36:01.381098
2026-07-07 13:37:19 - pino - INFO - Epoch 0690 | data loss=2.434e-03 | bc loss=1.309e-03 | valid MSE=2.729e+01 | valid rel L2=2.242e-02 | pressure=1.178e-02, u=1.296e-02, v=1.760e-01 | Time: 3:39:36.206248
2026-07-07 13:40:36 - pino - INFO - Epoch 0700 | data loss=2.284e-03 | bc loss=1.136e-03 | valid MSE=2.766e+01 | valid rel L2=2.167e-02 | pressure=1.185e-02, u=1.220e-02, v=1.769e-01 | Time: 3:42:53.225485
2026-07-07 13:43:50 - pino - INFO - Epoch 0710 | data loss=2.293e-03 | bc loss=1.233e-03 | valid MSE=2.711e+01 | valid rel L2=2.212e-02 | pressure=1.173e-02, u=1.208e-02, v=1.674e-01 | Time: 3:46:07.273138
2026-07-07 13:47:04 - pino - INFO - Epoch 0720 | data loss=2.254e-03 | bc loss=1.166e-03 | valid MSE=2.979e+01 | valid rel L2=2.195e-02 | pressure=1.231e-02, u=1.212e-02, v=1.741e-01 | Time: 3:49:21.627985
2026-07-07 13:50:19 - pino - INFO - Epoch 0730 | data loss=2.221e-03 | bc loss=1.142e-03 | valid MSE=2.869e+01 | valid rel L2=2.302e-02 | pressure=1.208e-02, u=1.210e-02, v=1.706e-01 | Time: 3:52:36.645801
2026-07-07 13:53:34 - pino - INFO - Epoch 0740 | data loss=2.175e-03 | bc loss=1.107e-03 | valid MSE=2.956e+01 | valid rel L2=2.111e-02 | pressure=1.225e-02, u=1.189e-02, v=1.731e-01 | Time: 3:55:51.156702
2026-07-07 13:56:48 - pino - INFO - Epoch 0750 | data loss=2.146e-03 | bc loss=1.102e-03 | valid MSE=3.081e+01 | valid rel L2=2.371e-02 | pressure=1.249e-02, u=1.198e-02, v=1.742e-01 | Time: 3:59:05.131650
2026-07-07 14:00:05 - pino - INFO - Epoch 0760 | data loss=2.126e-03 | bc loss=1.099e-03 | valid MSE=2.661e+01 | valid rel L2=2.075e-02 | pressure=1.163e-02, u=1.169e-02, v=1.738e-01 | Time: 4:02:22.740393
2026-07-07 14:03:22 - pino - INFO - Epoch 0770 | data loss=2.109e-03 | bc loss=1.081e-03 | valid MSE=3.162e+01 | valid rel L2=2.591e-02 | pressure=1.263e-02, u=1.168e-02, v=1.735e-01 | Time: 4:05:39.044912
2026-07-07 14:06:37 - pino - INFO - Epoch 0780 | data loss=2.070e-03 | bc loss=1.054e-03 | valid MSE=2.782e+01 | valid rel L2=2.143e-02 | pressure=1.189e-02, u=1.183e-02, v=1.758e-01 | Time: 4:08:54.530922
2026-07-07 14:09:53 - pino - INFO - Epoch 0790 | data loss=2.029e-03 | bc loss=1.019e-03 | valid MSE=2.745e+01 | valid rel L2=2.087e-02 | pressure=1.180e-02, u=1.210e-02, v=1.742e-01 | Time: 4:12:10.648555
2026-07-07 14:13:08 - pino - INFO - Epoch 0800 | data loss=2.012e-03 | bc loss=1.024e-03 | valid MSE=2.796e+01 | valid rel L2=2.040e-02 | pressure=1.193e-02, u=1.182e-02, v=1.746e-01 | Time: 4:15:25.756709
2026-07-07 14:16:24 - pino - INFO - Epoch 0810 | data loss=1.986e-03 | bc loss=9.915e-04 | valid MSE=2.933e+01 | valid rel L2=2.066e-02 | pressure=1.223e-02, u=1.167e-02, v=1.734e-01 | Time: 4:18:41.938071
2026-07-07 14:19:40 - pino - INFO - Epoch 0820 | data loss=1.963e-03 | bc loss=9.754e-04 | valid MSE=2.590e+01 | valid rel L2=2.026e-02 | pressure=1.147e-02, u=1.164e-02, v=1.740e-01 | Time: 4:21:57.995851
2026-07-07 14:22:55 - pino - INFO - Epoch 0830 | data loss=1.953e-03 | bc loss=9.629e-04 | valid MSE=2.628e+01 | valid rel L2=2.020e-02 | pressure=1.156e-02, u=1.159e-02, v=1.720e-01 | Time: 4:25:12.236641
2026-07-07 14:26:09 - pino - INFO - Epoch 0840 | data loss=1.937e-03 | bc loss=9.610e-04 | valid MSE=2.683e+01 | valid rel L2=2.017e-02 | pressure=1.167e-02, u=1.172e-02, v=1.747e-01 | Time: 4:28:26.614542
2026-07-07 14:29:25 - pino - INFO - Epoch 0850 | data loss=1.932e-03 | bc loss=9.513e-04 | valid MSE=2.667e+01 | valid rel L2=1.994e-02 | pressure=1.164e-02, u=1.162e-02, v=1.741e-01 | Time: 4:31:42.567830
2026-07-07 14:32:39 - pino - INFO - Epoch 0860 | data loss=1.909e-03 | bc loss=9.464e-04 | valid MSE=2.746e+01 | valid rel L2=1.960e-02 | pressure=1.179e-02, u=1.180e-02, v=1.732e-01 | Time: 4:34:56.999772
2026-07-07 14:35:54 - pino - INFO - Epoch 0870 | data loss=1.898e-03 | bc loss=9.363e-04 | valid MSE=2.667e+01 | valid rel L2=2.002e-02 | pressure=1.163e-02, u=1.152e-02, v=1.738e-01 | Time: 4:38:11.399190
2026-07-07 14:39:35 - pino - INFO - Epoch 0880 | data loss=1.889e-03 | bc loss=9.308e-04 | valid MSE=2.698e+01 | valid rel L2=1.993e-02 | pressure=1.170e-02, u=1.162e-02, v=1.734e-01 | Time: 4:41:52.959085
2026-07-07 14:42:56 - pino - INFO - Epoch 0890 | data loss=1.876e-03 | bc loss=9.230e-04 | valid MSE=2.632e+01 | valid rel L2=2.017e-02 | pressure=1.156e-02, u=1.154e-02, v=1.739e-01 | Time: 4:45:13.958392
2026-07-07 14:46:14 - pino - INFO - Epoch 0900 | data loss=1.868e-03 | bc loss=9.157e-04 | valid MSE=2.665e+01 | valid rel L2=1.975e-02 | pressure=1.163e-02, u=1.144e-02, v=1.739e-01 | Time: 4:48:31.167203
2026-07-07 14:49:31 - pino - INFO - Epoch 0910 | data loss=1.860e-03 | bc loss=9.152e-04 | valid MSE=2.633e+01 | valid rel L2=1.969e-02 | pressure=1.155e-02, u=1.164e-02, v=1.737e-01 | Time: 4:51:48.619792
2026-07-07 14:52:48 - pino - INFO - Epoch 0920 | data loss=1.850e-03 | bc loss=9.073e-04 | valid MSE=2.691e+01 | valid rel L2=2.004e-02 | pressure=1.168e-02, u=1.150e-02, v=1.742e-01 | Time: 4:55:05.867637
2026-07-07 14:56:06 - pino - INFO - Epoch 0930 | data loss=1.846e-03 | bc loss=9.017e-04 | valid MSE=2.663e+01 | valid rel L2=2.030e-02 | pressure=1.162e-02, u=1.149e-02, v=1.741e-01 | Time: 4:58:23.340193
2026-07-07 14:59:19 - pino - INFO - Epoch 0940 | data loss=1.840e-03 | bc loss=9.014e-04 | valid MSE=2.643e+01 | valid rel L2=1.972e-02 | pressure=1.158e-02, u=1.151e-02, v=1.739e-01 | Time: 5:01:36.908209
2026-07-07 15:02:37 - pino - INFO - Epoch 0950 | data loss=1.834e-03 | bc loss=8.986e-04 | valid MSE=2.639e+01 | valid rel L2=1.978e-02 | pressure=1.157e-02, u=1.151e-02, v=1.738e-01 | Time: 5:04:54.915247
2026-07-07 15:05:53 - pino - INFO - Epoch 0960 | data loss=1.832e-03 | bc loss=8.953e-04 | valid MSE=2.644e+01 | valid rel L2=1.979e-02 | pressure=1.158e-02, u=1.153e-02, v=1.742e-01 | Time: 5:08:10.168825
2026-07-07 15:09:14 - pino - INFO - Epoch 0970 | data loss=1.829e-03 | bc loss=8.954e-04 | valid MSE=2.637e+01 | valid rel L2=1.971e-02 | pressure=1.156e-02, u=1.150e-02, v=1.742e-01 | Time: 5:11:31.396308
2026-07-07 15:12:38 - pino - INFO - Epoch 0980 | data loss=1.828e-03 | bc loss=8.918e-04 | valid MSE=2.639e+01 | valid rel L2=1.972e-02 | pressure=1.157e-02, u=1.148e-02, v=1.742e-01 | Time: 5:14:55.247845
2026-07-07 15:16:01 - pino - INFO - Epoch 0990 | data loss=1.826e-03 | bc loss=8.918e-04 | valid MSE=2.639e+01 | valid rel L2=1.972e-02 | pressure=1.157e-02, u=1.150e-02, v=1.742e-01 | Time: 5:18:18.268873
2026-07-07 15:19:29 - pino - INFO - Epoch 1000 | data loss=1.825e-03 | bc loss=8.903e-04 | valid MSE=2.639e+01 | valid rel L2=1.972e-02 | pressure=1.157e-02, u=1.149e-02, v=1.742e-01 | Time: 5:21:46.447320
2026-07-07 15:19:29 - pino - INFO - Best validation MSE: 24.859114170074463
2026-07-07 15:19:29 - pino - INFO - Saved: results/070626_1/checkpoint.pt
2026-07-09 13:03:20 - pino - INFO - e976ee50-99ed-4aba-9b6b-9dcd5634d07d:IPyWidgets:8.1.8
2026-07-09 13:03:20 - pino - INFO - ['/jupyter-matplotlib/extension.js', '/jupyter-js-widgets/extension.js']
2026-07-09 13:03:51 - pino - INFO - Loaded: results/070626_1/checkpoint.pt
2026-07-09 13:03:51 - pino - INFO - Total plotted points: 226750
2026-07-09 13:03:51 - pino - INFO - x range: 0.00025889184 0.9997466
2026-07-09 13:03:51 - pino - INFO - y range: -0.0015256971 0.101524666
2026-07-09 14:03:27 - pino - INFO - Total plotted points: 226750
2026-07-09 14:03:27 - pino - INFO - x range: 0.00025889184 0.9997466
2026-07-09 14:03:27 - pino - INFO - y range: -0.0015256971 0.101524666
