2026-08-17 17:13:57 - deeponet - INFO - Training comment
2026-08-17 17:13:57 - deeponet - INFO - multi-scale geometry encoding: Re + SDF channels; 10 cases each at H=0.05/0.1/0.2 mm, 8/1/1 split per group, PDE loss enabled
2026-08-17 17:13:57 - deeponet - INFO - Output directory: /home/hantianl/Documents/PIDIF/DeepONet/results/081726_1
2026-08-17 17:13:57 - deeponet - INFO - Available cases (30):
2026-08-17 17:13:57 - deeponet - INFO -   channel_water: ['channel_00', 'channel_01', 'channel_02', 'channel_03', 'channel_04', 'channel_05', 'channel_06', 'channel_07', 'channel_08', 'channel_09']
2026-08-17 17:13:57 - deeponet - INFO -   channel_water_ablation: ['channel_020', 'channel_021', 'channel_022', 'channel_023', 'channel_024', 'channel_025', 'channel_026', 'channel_027', 'channel_028', 'channel_029', 'channel_030', 'channel_031', 'channel_032', 'channel_033', 'channel_034', 'channel_035', 'channel_036', 'channel_037', 'channel_038', 'channel_039']
2026-08-17 17:13:57 - deeponet - INFO - H0.05mm: train=['channel_030', 'channel_032', 'channel_033', 'channel_034', 'channel_035', 'channel_036', 'channel_037', 'channel_039']
2026-08-17 17:13:57 - deeponet - INFO - H0.05mm: valid=['channel_038'] test=['channel_031']
2026-08-17 17:13:57 - deeponet - INFO - H0.10mm: train=['channel_00', 'channel_02', 'channel_03', 'channel_04', 'channel_06', 'channel_07', 'channel_08', 'channel_09']
2026-08-17 17:13:57 - deeponet - INFO - H0.10mm: valid=['channel_05'] test=['channel_01']
2026-08-17 17:13:57 - deeponet - INFO - H0.20mm: train=['channel_020', 'channel_021', 'channel_022', 'channel_024', 'channel_025', 'channel_026', 'channel_028', 'channel_029']
2026-08-17 17:13:57 - deeponet - INFO - H0.20mm: valid=['channel_027'] test=['channel_023']
2026-08-17 17:13:57 - deeponet - INFO - 
Train cases (24): ['channel_00', 'channel_02', 'channel_020', 'channel_021', 'channel_022', 'channel_024', 'channel_025', 'channel_026', 'channel_028', 'channel_029', 'channel_03', 'channel_030', 'channel_032', 'channel_033', 'channel_034', 'channel_035', 'channel_036', 'channel_037', 'channel_039', 'channel_04', 'channel_06', 'channel_07', 'channel_08', 'channel_09']
2026-08-17 17:13:57 - deeponet - INFO - Valid cases (3): ['channel_027', 'channel_038', 'channel_05']
2026-08-17 17:13:57 - deeponet - INFO - Test  cases (3): ['channel_01', 'channel_023', 'channel_031']
2026-08-17 18:06:10 - deeponet - INFO - Train samples: 2800
2026-08-17 18:06:10 - deeponet - INFO - Valid samples: 35
2026-08-17 18:06:10 - deeponet - INFO - Train branch channels: ['x_local', 'y_local', 'wall_mask', 'interface_mask', 'boundary_pressure', 'boundary_u', 'boundary_v', 'known_pressure', 'known_u', 'known_v', 'local_aspect_ratio', 'log10_reynolds', 'sdf']
2026-08-17 18:06:10 - deeponet - INFO - Train trunk channels: ['x_local', 'y_local', 'sdf']
2026-08-17 18:06:10 - deeponet - INFO - Output channels: ['pressure', 'u', 'v']
2026-08-17 18:06:10 - deeponet - INFO - Train Reynolds numbers: [49.8, 99.5, 199.0]
2026-08-17 18:06:10 - deeponet - INFO - Example train sample:
2026-08-17 18:06:10 - deeponet - INFO - branch: (1024, 13)
2026-08-17 18:06:10 - deeponet - INFO - query: (3247, 3)
2026-08-17 18:06:10 - deeponet - INFO - target: (3247, 3)
2026-08-17 18:06:10 - deeponet - INFO - Train cases: [0, 2, 3, 4, 6, 7, 8, 9, 20, 21, 22, 24, 25, 26, 28, 29, 30, 32, 33, 34, 35, 36, 37, 39]
2026-08-17 18:06:10 - deeponet - INFO - Valid cases: [5, 27, 38]
2026-08-17 18:06:12 - deeponet - INFO - Y mean: tensor([ 7.0085e+02,  1.0003e+00, -3.1952e-06])
2026-08-17 18:06:12 - deeponet - INFO - Y std: tensor([1.0629e+03, 3.9634e-01, 2.2303e-02])
2026-08-17 18:06:12 - deeponet - INFO - local_aspect_mean: 1.0
2026-08-17 18:06:12 - deeponet - INFO - local_aspect_std: 0.7841476798057556
2026-08-17 18:06:12 - deeponet - INFO - train log10(Re) values: [1.6969000101089478, 1.9979000091552734, 2.2988998889923096]
2026-08-17 18:06:12 - deeponet - INFO - PDE Reynolds-number range: 9.968602180480957 826.3033447265625
2026-08-17 18:06:13 - deeponet - INFO - branch batch: torch.Size([30, 1024, 13])
2026-08-17 18:06:13 - deeponet - INFO - query batch: torch.Size([647772, 3])
2026-08-17 18:06:13 - deeponet - INFO - target batch: torch.Size([647772, 3])
2026-08-17 18:06:13 - deeponet - INFO - query batch id: tensor(0) tensor(29)
2026-08-17 18:06:13 - deeponet - INFO - sample indices: tensor([ 826, 1861,  739, 1174, 2041, 1301, 2095, 1415, 2568, 1869, 1591,  689,
        2570, 2681, 1371, 1868, 2371,  192, 2325, 2092, 1508, 2500, 1987,  599,
        1091, 1459, 1140, 1607,  351, 1273])
2026-08-17 18:06:13 - deeponet - INFO - branch mask batch: torch.Size([30, 1024])
2026-08-17 18:06:14 - deeponet - INFO - {'branch_input_dim': 13, 'trunk_input_dim': 3, 'output_channels': 3, 'latent_dim': 128, 'branch_point_hidden_dim': 128, 'branch_point_depth': 3, 'branch_global_hidden_dim': 128, 'branch_global_depth': 3, 'trunk_hidden_dim': 128, 'trunk_depth': 4, 'aggregation': 'mean', 'activation': 'gelu', 'layer_norm': False, 'trunk_activation': 'gelu', 'branch_trunk_mixing': False, 'siren_w0': 30.0}
2026-08-17 18:06:14 - deeponet - INFO - No checkpoint found; training from scratch.
2026-08-17 18:07:13 - deeponet - INFO - Epoch 0001 | data loss=1.030e+00 | bc loss=7.729e-01 | PDE loss=1.001e-02 | valid MSE=7.003e+04 | valid rel L2=2.832e+00 | pressure=2.979e-01, u=2.047e-01, v=9.692e-01 | Time: 0:00:59.148719
2026-08-17 18:15:50 - deeponet - INFO - Epoch 0010 | data loss=2.752e-01 | bc loss=1.521e-01 | PDE loss=4.268e-03 | valid MSE=6.725e+03 | valid rel L2=1.465e+00 | pressure=1.264e-01, u=8.021e-02, v=7.375e-01 | Time: 0:09:36.591278
2026-08-17 18:25:14 - deeponet - INFO - Epoch 0020 | data loss=2.117e-01 | bc loss=1.254e-01 | PDE loss=5.760e-03 | valid MSE=3.855e+03 | valid rel L2=2.985e-01 | pressure=9.239e-02, u=6.617e-02, v=6.610e-01 | Time: 0:19:00.776314
2026-08-17 18:34:44 - deeponet - INFO - Epoch 0030 | data loss=1.616e-01 | bc loss=7.736e-02 | PDE loss=1.501e-02 | valid MSE=4.734e+03 | valid rel L2=6.614e-01 | pressure=7.687e-02, u=5.905e-02, v=6.209e-01 | Time: 0:28:30.385099
2026-08-17 18:44:13 - deeponet - INFO - Epoch 0040 | data loss=1.119e-01 | bc loss=4.392e-02 | PDE loss=1.017e-02 | valid MSE=5.930e+03 | valid rel L2=7.171e-01 | pressure=1.394e-01, u=5.442e-02, v=5.214e-01 | Time: 0:37:59.117617
2026-08-17 18:53:39 - deeponet - INFO - Epoch 0050 | data loss=9.046e-02 | bc loss=3.083e-02 | PDE loss=5.801e-03 | valid MSE=3.284e+03 | valid rel L2=6.059e-01 | pressure=7.019e-02, u=5.108e-02, v=4.837e-01 | Time: 0:47:25.305570
2026-08-17 19:03:09 - deeponet - INFO - Epoch 0060 | data loss=7.944e-02 | bc loss=3.044e-02 | PDE loss=7.671e-03 | valid MSE=3.366e+03 | valid rel L2=2.131e-01 | pressure=7.597e-02, u=4.594e-02, v=4.412e-01 | Time: 0:56:55.050586
2026-08-17 19:12:37 - deeponet - INFO - Epoch 0070 | data loss=6.785e-02 | bc loss=2.249e-02 | PDE loss=5.356e-03 | valid MSE=3.391e+03 | valid rel L2=5.636e-01 | pressure=7.166e-02, u=4.479e-02, v=4.403e-01 | Time: 1:06:23.410040
2026-08-17 19:22:01 - deeponet - INFO - Epoch 0080 | data loss=5.828e-02 | bc loss=1.928e-02 | PDE loss=6.047e-03 | valid MSE=3.185e+03 | valid rel L2=3.702e-01 | pressure=7.120e-02, u=3.752e-02, v=3.822e-01 | Time: 1:15:46.967553
2026-08-17 19:31:20 - deeponet - INFO - Epoch 0090 | data loss=6.688e-02 | bc loss=2.633e-02 | PDE loss=7.947e-03 | valid MSE=5.557e+03 | valid rel L2=9.378e-01 | pressure=9.799e-02, u=3.895e-02, v=3.785e-01 | Time: 1:25:05.913098
2026-08-17 19:41:20 - deeponet - INFO - Epoch 0100 | data loss=5.020e-02 | bc loss=1.554e-02 | PDE loss=7.390e-03 | valid MSE=3.287e+03 | valid rel L2=7.001e-01 | pressure=6.401e-02, u=3.687e-02, v=3.674e-01 | Time: 1:35:06.124449
2026-08-17 19:50:56 - deeponet - INFO - Epoch 0110 | data loss=4.634e-02 | bc loss=1.526e-02 | PDE loss=8.196e-03 | valid MSE=3.875e+03 | valid rel L2=6.675e-01 | pressure=8.376e-02, u=3.816e-02, v=3.676e-01 | Time: 1:44:42.832464
2026-08-17 19:59:58 - deeponet - INFO - Epoch 0120 | data loss=4.174e-02 | bc loss=1.268e-02 | PDE loss=6.426e-03 | valid MSE=1.589e+03 | valid rel L2=1.222e-01 | pressure=5.648e-02, u=3.410e-02, v=3.742e-01 | Time: 1:53:44.322773
2026-08-17 20:08:51 - deeponet - INFO - Epoch 0130 | data loss=4.072e-02 | bc loss=1.211e-02 | PDE loss=8.379e-03 | valid MSE=1.789e+03 | valid rel L2=2.857e-01 | pressure=5.375e-02, u=3.427e-02, v=3.779e-01 | Time: 2:02:36.970565
2026-08-17 20:17:12 - deeponet - INFO - Epoch 0140 | data loss=3.691e-02 | bc loss=1.085e-02 | PDE loss=6.175e-03 | valid MSE=2.342e+03 | valid rel L2=4.240e-01 | pressure=8.574e-02, u=3.379e-02, v=3.452e-01 | Time: 2:10:58.627435
2026-08-18 10:44:32 - deeponet - INFO - Training comment
2026-08-18 10:44:32 - deeponet - INFO - multi-scale geometry encoding: Re + SDF channels; 10 cases each at H=0.05/0.1/0.2 mm, 8/1/1 split per group; PDE loss enabled
2026-08-18 10:44:32 - deeponet - INFO - Output directory: /home/hantianl/Documents/PIDIF/DeepONet/results/081726_1
2026-08-18 10:44:32 - deeponet - INFO - Resuming into existing directory: /home/hantianl/Documents/PIDIF/DeepONet/results/081726_1
2026-08-18 10:44:32 - deeponet - INFO - Available cases (30):
2026-08-18 10:44:32 - deeponet - INFO -   channel_water: ['channel_00', 'channel_01', 'channel_02', 'channel_03', 'channel_04', 'channel_05', 'channel_06', 'channel_07', 'channel_08', 'channel_09']
2026-08-18 10:44:32 - deeponet - INFO -   channel_water_ablation: ['channel_020', 'channel_021', 'channel_022', 'channel_023', 'channel_024', 'channel_025', 'channel_026', 'channel_027', 'channel_028', 'channel_029', 'channel_030', 'channel_031', 'channel_032', 'channel_033', 'channel_034', 'channel_035', 'channel_036', 'channel_037', 'channel_038', 'channel_039']
2026-08-18 10:44:32 - deeponet - INFO - H0.05mm: train=['channel_030', 'channel_032', 'channel_033', 'channel_034', 'channel_035', 'channel_036', 'channel_037', 'channel_039']
2026-08-18 10:44:32 - deeponet - INFO - H0.05mm: valid=['channel_038'] test=['channel_031']
2026-08-18 10:44:32 - deeponet - INFO - H0.10mm: train=['channel_00', 'channel_02', 'channel_03', 'channel_04', 'channel_06', 'channel_07', 'channel_08', 'channel_09']
2026-08-18 10:44:32 - deeponet - INFO - H0.10mm: valid=['channel_05'] test=['channel_01']
2026-08-18 10:44:32 - deeponet - INFO - H0.20mm: train=['channel_020', 'channel_021', 'channel_022', 'channel_024', 'channel_025', 'channel_026', 'channel_028', 'channel_029']
2026-08-18 10:44:32 - deeponet - INFO - H0.20mm: valid=['channel_027'] test=['channel_023']
2026-08-18 10:44:32 - deeponet - INFO - 
Train cases (24): ['channel_00', 'channel_02', 'channel_020', 'channel_021', 'channel_022', 'channel_024', 'channel_025', 'channel_026', 'channel_028', 'channel_029', 'channel_03', 'channel_030', 'channel_032', 'channel_033', 'channel_034', 'channel_035', 'channel_036', 'channel_037', 'channel_039', 'channel_04', 'channel_06', 'channel_07', 'channel_08', 'channel_09']
2026-08-18 10:44:32 - deeponet - INFO - Valid cases (3): ['channel_027', 'channel_038', 'channel_05']
2026-08-18 10:44:32 - deeponet - INFO - Test  cases (3): ['channel_01', 'channel_023', 'channel_031']
2026-08-18 11:29:57 - deeponet - INFO - WARNING: H0.05mm is missing solved cases: ['channel_170', 'channel_171', 'channel_172', 'channel_173', 'channel_174', 'channel_175', 'channel_176', 'channel_177', 'channel_178', 'channel_179']
2026-08-18 11:29:57 - deeponet - INFO - H0.05mm: train=[]
2026-08-18 11:29:57 - deeponet - INFO - H0.05mm: valid=[] test=[]
2026-08-18 11:29:57 - deeponet - INFO - H0.10mm: train=['channel_00', 'channel_02', 'channel_03', 'channel_04', 'channel_05', 'channel_06', 'channel_07', 'channel_09']
2026-08-18 11:29:57 - deeponet - INFO - H0.10mm: valid=['channel_08'] test=['channel_01']
2026-08-18 11:29:57 - deeponet - INFO - WARNING: H0.20mm is missing solved cases: ['channel_060', 'channel_061', 'channel_062', 'channel_063', 'channel_064', 'channel_065', 'channel_066', 'channel_067', 'channel_068', 'channel_069']
2026-08-18 11:29:57 - deeponet - INFO - H0.20mm: train=[]
2026-08-18 11:29:57 - deeponet - INFO - H0.20mm: valid=[] test=[]
2026-08-18 11:29:57 - deeponet - INFO - 
Train cases (8): ['channel_00', 'channel_02', 'channel_03', 'channel_04', 'channel_05', 'channel_06', 'channel_07', 'channel_09']
2026-08-18 11:29:57 - deeponet - INFO - Valid cases (1): ['channel_08']
2026-08-18 11:29:57 - deeponet - INFO - Test  cases (1): ['channel_01']
2026-08-18 11:43:39 - deeponet - INFO - Train samples: 800
2026-08-18 11:43:39 - deeponet - INFO - Valid samples: 10
2026-08-18 11:43:39 - deeponet - INFO - Train branch channels: ['x_local', 'y_local', 'wall_mask', 'interface_mask', 'boundary_pressure', 'boundary_u', 'boundary_v', 'known_pressure', 'known_u', 'known_v', 'local_aspect_ratio', 'log10_reynolds', 'sdf']
2026-08-18 11:43:39 - deeponet - INFO - Train trunk channels: ['x_local', 'y_local', 'sdf']
2026-08-18 11:43:39 - deeponet - INFO - Output channels: ['pressure', 'u', 'v']
2026-08-18 11:43:39 - deeponet - INFO - Train Reynolds numbers: [99.5]
2026-08-18 11:43:39 - deeponet - INFO - Example train sample:
2026-08-18 11:43:39 - deeponet - INFO - branch: (1024, 13)
2026-08-18 11:43:39 - deeponet - INFO - query: (28435, 3)
2026-08-18 11:43:39 - deeponet - INFO - target: (28435, 3)
2026-08-18 11:59:47 - deeponet - INFO - Train cases: [0, 2, 3, 4, 5, 6, 7, 9]
2026-08-18 11:59:47 - deeponet - INFO - Valid cases: [8]
2026-08-18 11:59:48 - deeponet - INFO - Y mean: tensor([ 6.4374e+02,  9.9017e-01, -5.9969e-06])
2026-08-18 11:59:48 - deeponet - INFO - Y std: tensor([4.0298e+02, 4.2148e-01, 2.0949e-02])
2026-08-18 11:59:48 - deeponet - INFO - local_aspect_mean: 1.0
2026-08-18 11:59:48 - deeponet - INFO - local_aspect_std: 0.8312395215034485
2026-08-18 11:59:48 - deeponet - INFO - train log10(Re) values: [1.9979000091552734]
2026-08-18 11:59:48 - deeponet - INFO - PDE Reynolds-number range: 10.004074096679688 505.7718811035156
2026-08-18 11:59:48 - deeponet - INFO - branch batch: torch.Size([30, 1024, 13])
2026-08-18 11:59:48 - deeponet - INFO - query batch: torch.Size([634572, 3])
2026-08-18 11:59:48 - deeponet - INFO - target batch: torch.Size([634572, 3])
2026-08-18 11:59:48 - deeponet - INFO - query batch id: tensor(0) tensor(29)
2026-08-18 11:59:48 - deeponet - INFO - sample indices: tensor([ 26,  17, 437, 146,  57, 476, 261, 771, 208, 492, 461, 723,  38, 287,
        343, 568, 419, 616, 273, 463,  28, 627, 307, 356,  11, 609, 266, 433,
        719, 618])
2026-08-18 11:59:48 - deeponet - INFO - branch mask batch: torch.Size([30, 1024])
2026-08-18 11:59:49 - deeponet - INFO - {'branch_input_dim': 13, 'trunk_input_dim': 3, 'output_channels': 3, 'latent_dim': 128, 'branch_point_hidden_dim': 128, 'branch_point_depth': 3, 'branch_global_hidden_dim': 128, 'branch_global_depth': 3, 'trunk_hidden_dim': 128, 'trunk_depth': 4, 'aggregation': 'mean', 'activation': 'gelu', 'layer_norm': False, 'trunk_activation': 'gelu', 'branch_trunk_mixing': False, 'siren_w0': 30.0}
2026-08-18 12:12:27 - deeponet - INFO - Loaded checkpoint from /home/hantianl/Documents/PIDIF/DeepONet/results/081726_1/checkpoint.pt (resume at epoch 141, best valid MSE=1.473e+03)
2026-08-18 12:12:43 - deeponet - INFO - Epoch 0141 | data loss=4.403e-02 | bc loss=2.508e-02 | PDE loss=1.043e-02 | valid MSE=1.296e+04 | valid rel L2=2.172e-01 | pressure=2.042e-01, u=2.479e-02, v=3.113e-01 | Time: 0:00:15.962300
2026-08-18 12:14:59 - deeponet - INFO - Epoch 0150 | data loss=2.780e-02 | bc loss=1.251e-02 | PDE loss=5.516e-03 | valid MSE=7.711e+03 | valid rel L2=1.562e-01 | pressure=1.407e-01, u=2.479e-02, v=2.678e-01 | Time: 0:02:32.191155
2026-08-18 12:17:32 - deeponet - INFO - Epoch 0160 | data loss=2.502e-02 | bc loss=8.678e-03 | PDE loss=4.320e-03 | valid MSE=5.798e+03 | valid rel L2=8.554e-02 | pressure=1.202e-01, u=2.537e-02, v=2.775e-01 | Time: 0:05:04.751683
2026-08-18 12:20:04 - deeponet - INFO - Epoch 0170 | data loss=2.452e-02 | bc loss=9.655e-03 | PDE loss=6.343e-03 | valid MSE=5.582e+03 | valid rel L2=8.416e-02 | pressure=1.111e-01, u=1.928e-02, v=2.662e-01 | Time: 0:07:36.507301
2026-08-18 13:44:46 - deeponet - INFO - Loaded checkpoint from /home/hantianl/Documents/PIDIF/DeepONet/results/081726_1/checkpoint.pt (resume at epoch 171, best valid MSE=1.473e+03)
2026-08-18 13:45:02 - deeponet - INFO - Epoch 0171 | data loss=4.071e-02 | bc loss=1.916e-02 | PDE loss=5.241e-03 | valid MSE=9.885e+03 | valid rel L2=1.738e-01 | pressure=1.798e-01, u=2.191e-02, v=3.004e-01 | Time: 0:00:15.144776
2026-08-18 13:47:19 - deeponet - INFO - Epoch 0180 | data loss=2.671e-02 | bc loss=1.085e-02 | PDE loss=4.471e-03 | valid MSE=6.646e+03 | valid rel L2=9.526e-02 | pressure=1.360e-01, u=2.772e-02, v=3.037e-01 | Time: 0:02:32.199738
2026-08-18 13:49:50 - deeponet - INFO - Epoch 0190 | data loss=2.611e-02 | bc loss=9.712e-03 | PDE loss=5.031e-03 | valid MSE=6.843e+03 | valid rel L2=1.027e-01 | pressure=1.401e-01, u=2.604e-02, v=2.589e-01 | Time: 0:05:03.651613
2026-08-18 13:52:22 - deeponet - INFO - Epoch 0200 | data loss=2.458e-02 | bc loss=1.052e-02 | PDE loss=5.543e-03 | valid MSE=5.486e+03 | valid rel L2=8.028e-02 | pressure=1.152e-01, u=2.567e-02, v=2.557e-01 | Time: 0:07:35.572403
2026-08-18 13:53:48 - deeponet - INFO - Loaded checkpoint from /home/hantianl/Documents/PIDIF/DeepONet/results/081726_1/checkpoint.pt (resume at epoch 201, best valid MSE=1.473e+03)
2026-08-18 13:54:03 - deeponet - INFO - Epoch 0201 | data loss=3.718e-02 | bc loss=1.748e-02 | PDE loss=4.853e-03 | valid MSE=1.094e+04 | valid rel L2=1.625e-01 | pressure=1.837e-01, u=2.051e-02, v=3.006e-01 | Time: 0:00:15.162530
2026-08-18 13:56:19 - deeponet - INFO - Epoch 0210 | data loss=2.752e-02 | bc loss=1.239e-02 | PDE loss=5.224e-03 | valid MSE=7.505e+03 | valid rel L2=1.162e-01 | pressure=1.433e-01, u=2.299e-02, v=2.535e-01 | Time: 0:02:30.798021
2026-08-18 13:58:50 - deeponet - INFO - Epoch 0220 | data loss=2.456e-02 | bc loss=8.663e-03 | PDE loss=4.025e-03 | valid MSE=6.116e+03 | valid rel L2=1.005e-01 | pressure=1.135e-01, u=2.707e-02, v=2.644e-01 | Time: 0:05:02.322015
2026-08-18 14:01:22 - deeponet - INFO - Epoch 0230 | data loss=2.329e-02 | bc loss=8.075e-03 | PDE loss=4.788e-03 | valid MSE=5.145e+03 | valid rel L2=7.928e-02 | pressure=1.047e-01, u=2.166e-02, v=2.588e-01 | Time: 0:07:34.128145
2026-08-18 14:03:55 - deeponet - INFO - Epoch 0240 | data loss=2.235e-02 | bc loss=7.459e-03 | PDE loss=4.110e-03 | valid MSE=4.866e+03 | valid rel L2=7.697e-02 | pressure=9.705e-02, u=2.168e-02, v=2.500e-01 | Time: 0:10:06.370522
2026-08-18 14:06:25 - deeponet - INFO - Epoch 0250 | data loss=2.203e-02 | bc loss=7.136e-03 | PDE loss=4.247e-03 | valid MSE=5.301e+03 | valid rel L2=7.864e-02 | pressure=9.858e-02, u=1.992e-02, v=2.546e-01 | Time: 0:12:37.334075
2026-08-18 14:08:56 - deeponet - INFO - Epoch 0260 | data loss=2.250e-02 | bc loss=7.164e-03 | PDE loss=3.636e-03 | valid MSE=4.438e+03 | valid rel L2=7.435e-02 | pressure=8.805e-02, u=1.969e-02, v=2.580e-01 | Time: 0:15:08.096705
2026-08-18 14:11:27 - deeponet - INFO - Epoch 0270 | data loss=2.155e-02 | bc loss=7.527e-03 | PDE loss=5.362e-03 | valid MSE=4.986e+03 | valid rel L2=7.864e-02 | pressure=1.001e-01, u=1.852e-02, v=2.485e-01 | Time: 0:17:39.250341
2026-08-18 14:13:59 - deeponet - INFO - Epoch 0280 | data loss=2.124e-02 | bc loss=6.636e-03 | PDE loss=4.555e-03 | valid MSE=4.511e+03 | valid rel L2=9.212e-02 | pressure=8.905e-02, u=1.731e-02, v=2.605e-01 | Time: 0:20:10.651057
2026-08-18 14:16:30 - deeponet - INFO - Epoch 0290 | data loss=2.005e-02 | bc loss=6.177e-03 | PDE loss=4.442e-03 | valid MSE=4.741e+03 | valid rel L2=7.816e-02 | pressure=9.041e-02, u=1.570e-02, v=2.550e-01 | Time: 0:22:42.037690
2026-08-18 14:19:02 - deeponet - INFO - Epoch 0300 | data loss=2.053e-02 | bc loss=6.682e-03 | PDE loss=5.009e-03 | valid MSE=4.639e+03 | valid rel L2=6.911e-02 | pressure=9.101e-02, u=1.804e-02, v=2.844e-01 | Time: 0:25:13.354416
2026-08-18 14:21:33 - deeponet - INFO - Epoch 0310 | data loss=2.053e-02 | bc loss=8.040e-03 | PDE loss=4.116e-03 | valid MSE=4.177e+03 | valid rel L2=7.037e-02 | pressure=8.638e-02, u=1.668e-02, v=2.630e-01 | Time: 0:27:44.512948
2026-08-18 14:24:04 - deeponet - INFO - Epoch 0320 | data loss=1.849e-02 | bc loss=5.333e-03 | PDE loss=3.486e-03 | valid MSE=4.041e+03 | valid rel L2=6.739e-02 | pressure=8.197e-02, u=1.723e-02, v=2.678e-01 | Time: 0:30:16.127033
2026-08-18 14:26:36 - deeponet - INFO - Epoch 0330 | data loss=1.913e-02 | bc loss=6.109e-03 | PDE loss=4.094e-03 | valid MSE=4.400e+03 | valid rel L2=7.007e-02 | pressure=8.612e-02, u=1.768e-02, v=2.592e-01 | Time: 0:32:47.823415
2026-08-18 14:29:09 - deeponet - INFO - Epoch 0340 | data loss=1.831e-02 | bc loss=5.314e-03 | PDE loss=4.252e-03 | valid MSE=4.065e+03 | valid rel L2=6.561e-02 | pressure=8.265e-02, u=1.540e-02, v=2.653e-01 | Time: 0:35:20.943796
2026-08-18 14:31:41 - deeponet - INFO - Epoch 0350 | data loss=1.874e-02 | bc loss=6.025e-03 | PDE loss=5.160e-03 | valid MSE=4.291e+03 | valid rel L2=8.159e-02 | pressure=8.319e-02, u=1.589e-02, v=2.699e-01 | Time: 0:37:52.779643
2026-08-18 14:34:12 - deeponet - INFO - Epoch 0360 | data loss=1.732e-02 | bc loss=4.992e-03 | PDE loss=4.048e-03 | valid MSE=4.298e+03 | valid rel L2=7.775e-02 | pressure=7.939e-02, u=1.598e-02, v=2.746e-01 | Time: 0:40:23.771108
2026-08-18 14:36:43 - deeponet - INFO - Epoch 0370 | data loss=1.948e-02 | bc loss=7.654e-03 | PDE loss=6.868e-03 | valid MSE=4.448e+03 | valid rel L2=6.816e-02 | pressure=9.078e-02, u=2.080e-02, v=2.528e-01 | Time: 0:42:54.869307
2026-08-18 14:39:14 - deeponet - INFO - Epoch 0380 | data loss=1.797e-02 | bc loss=5.691e-03 | PDE loss=3.425e-03 | valid MSE=4.150e+03 | valid rel L2=6.277e-02 | pressure=8.335e-02, u=1.690e-02, v=2.632e-01 | Time: 0:45:26.037244
2026-08-18 14:41:45 - deeponet - INFO - Epoch 0390 | data loss=1.694e-02 | bc loss=5.497e-03 | PDE loss=3.607e-03 | valid MSE=4.071e+03 | valid rel L2=7.529e-02 | pressure=8.185e-02, u=1.553e-02, v=2.499e-01 | Time: 0:47:56.924095
2026-08-18 14:44:16 - deeponet - INFO - Epoch 0400 | data loss=1.742e-02 | bc loss=7.047e-03 | PDE loss=7.764e-03 | valid MSE=5.027e+03 | valid rel L2=7.233e-02 | pressure=9.136e-02, u=1.480e-02, v=2.516e-01 | Time: 0:50:28.134479
2026-08-18 14:46:47 - deeponet - INFO - Epoch 0410 | data loss=1.575e-02 | bc loss=4.490e-03 | PDE loss=3.337e-03 | valid MSE=4.100e+03 | valid rel L2=6.075e-02 | pressure=7.949e-02, u=1.646e-02, v=2.478e-01 | Time: 0:52:59.189422
2026-08-18 14:49:18 - deeponet - INFO - Epoch 0420 | data loss=1.552e-02 | bc loss=4.420e-03 | PDE loss=3.362e-03 | valid MSE=3.839e+03 | valid rel L2=6.951e-02 | pressure=7.568e-02, u=1.533e-02, v=2.461e-01 | Time: 0:55:29.996283
2026-08-18 14:51:49 - deeponet - INFO - Epoch 0430 | data loss=1.518e-02 | bc loss=4.729e-03 | PDE loss=3.433e-03 | valid MSE=3.978e+03 | valid rel L2=6.837e-02 | pressure=7.814e-02, u=1.581e-02, v=2.445e-01 | Time: 0:58:00.740791
2026-08-18 14:54:20 - deeponet - INFO - Epoch 0440 | data loss=1.505e-02 | bc loss=4.785e-03 | PDE loss=3.584e-03 | valid MSE=3.980e+03 | valid rel L2=6.688e-02 | pressure=7.976e-02, u=1.520e-02, v=2.429e-01 | Time: 1:00:31.707500
2026-08-18 14:56:51 - deeponet - INFO - Epoch 0450 | data loss=1.503e-02 | bc loss=4.402e-03 | PDE loss=3.394e-03 | valid MSE=4.427e+03 | valid rel L2=7.594e-02 | pressure=8.182e-02, u=1.546e-02, v=2.492e-01 | Time: 1:03:02.861245
2026-08-18 14:59:22 - deeponet - INFO - Epoch 0460 | data loss=1.549e-02 | bc loss=5.107e-03 | PDE loss=4.035e-03 | valid MSE=4.021e+03 | valid rel L2=5.763e-02 | pressure=7.936e-02, u=1.476e-02, v=2.518e-01 | Time: 1:05:34.064480
2026-08-18 15:01:53 - deeponet - INFO - Epoch 0470 | data loss=1.417e-02 | bc loss=3.794e-03 | PDE loss=3.686e-03 | valid MSE=3.937e+03 | valid rel L2=5.926e-02 | pressure=7.987e-02, u=1.464e-02, v=2.382e-01 | Time: 1:08:05.030888
2026-08-18 15:04:24 - deeponet - INFO - Epoch 0480 | data loss=1.395e-02 | bc loss=3.783e-03 | PDE loss=3.311e-03 | valid MSE=3.757e+03 | valid rel L2=5.803e-02 | pressure=7.426e-02, u=1.544e-02, v=2.444e-01 | Time: 1:10:35.919505
2026-08-18 15:06:55 - deeponet - INFO - Epoch 0490 | data loss=1.437e-02 | bc loss=4.436e-03 | PDE loss=3.281e-03 | valid MSE=3.864e+03 | valid rel L2=6.345e-02 | pressure=7.675e-02, u=1.454e-02, v=2.484e-01 | Time: 1:13:06.901993
2026-08-18 15:09:26 - deeponet - INFO - Epoch 0500 | data loss=1.348e-02 | bc loss=3.968e-03 | PDE loss=3.653e-03 | valid MSE=3.745e+03 | valid rel L2=5.867e-02 | pressure=7.566e-02, u=1.446e-02, v=2.323e-01 | Time: 1:15:37.863562
2026-08-18 15:11:57 - deeponet - INFO - Epoch 0510 | data loss=1.482e-02 | bc loss=4.391e-03 | PDE loss=4.098e-03 | valid MSE=3.801e+03 | valid rel L2=6.010e-02 | pressure=7.698e-02, u=1.426e-02, v=2.534e-01 | Time: 1:18:08.868632
2026-08-18 15:14:28 - deeponet - INFO - Epoch 0520 | data loss=1.319e-02 | bc loss=3.493e-03 | PDE loss=3.065e-03 | valid MSE=3.684e+03 | valid rel L2=6.815e-02 | pressure=7.122e-02, u=1.651e-02, v=2.513e-01 | Time: 1:20:40.295589
2026-08-18 15:17:00 - deeponet - INFO - Epoch 0530 | data loss=1.336e-02 | bc loss=3.697e-03 | PDE loss=3.638e-03 | valid MSE=3.664e+03 | valid rel L2=5.902e-02 | pressure=7.427e-02, u=1.529e-02, v=2.357e-01 | Time: 1:23:12.288742
2026-08-18 15:19:32 - deeponet - INFO - Epoch 0540 | data loss=1.279e-02 | bc loss=3.246e-03 | PDE loss=2.851e-03 | valid MSE=3.631e+03 | valid rel L2=6.188e-02 | pressure=7.283e-02, u=1.611e-02, v=2.486e-01 | Time: 1:25:44.226372
2026-08-18 15:22:04 - deeponet - INFO - Epoch 0550 | data loss=1.342e-02 | bc loss=4.400e-03 | PDE loss=2.935e-03 | valid MSE=3.632e+03 | valid rel L2=5.392e-02 | pressure=7.363e-02, u=1.450e-02, v=2.418e-01 | Time: 1:28:15.385787
2026-08-18 15:24:35 - deeponet - INFO - Epoch 0560 | data loss=1.302e-02 | bc loss=3.368e-03 | PDE loss=5.988e-03 | valid MSE=3.941e+03 | valid rel L2=6.524e-02 | pressure=8.457e-02, u=1.495e-02, v=2.393e-01 | Time: 1:30:46.675567
2026-08-18 15:27:06 - deeponet - INFO - Epoch 0570 | data loss=1.249e-02 | bc loss=3.213e-03 | PDE loss=2.594e-03 | valid MSE=3.290e+03 | valid rel L2=5.776e-02 | pressure=6.582e-02, u=1.574e-02, v=2.586e-01 | Time: 1:33:18.066388
2026-08-18 15:29:39 - deeponet - INFO - Epoch 0580 | data loss=1.281e-02 | bc loss=3.826e-03 | PDE loss=3.163e-03 | valid MSE=3.417e+03 | valid rel L2=5.928e-02 | pressure=6.881e-02, u=1.643e-02, v=2.505e-01 | Time: 1:35:50.351381
2026-08-18 15:32:10 - deeponet - INFO - Epoch 0590 | data loss=1.200e-02 | bc loss=2.996e-03 | PDE loss=2.502e-03 | valid MSE=3.464e+03 | valid rel L2=5.678e-02 | pressure=7.042e-02, u=1.541e-02, v=2.444e-01 | Time: 1:38:21.453617
2026-08-18 15:34:41 - deeponet - INFO - Epoch 0600 | data loss=1.254e-02 | bc loss=3.184e-03 | PDE loss=2.993e-03 | valid MSE=3.561e+03 | valid rel L2=6.848e-02 | pressure=6.998e-02, u=1.617e-02, v=2.409e-01 | Time: 1:40:53.115499
2026-08-18 15:37:14 - deeponet - INFO - Epoch 0610 | data loss=1.192e-02 | bc loss=3.295e-03 | PDE loss=2.596e-03 | valid MSE=3.481e+03 | valid rel L2=5.458e-02 | pressure=7.127e-02, u=1.462e-02, v=2.428e-01 | Time: 1:43:25.814892
2026-08-18 15:39:46 - deeponet - INFO - Epoch 0620 | data loss=1.191e-02 | bc loss=3.052e-03 | PDE loss=2.525e-03 | valid MSE=3.322e+03 | valid rel L2=5.836e-02 | pressure=6.748e-02, u=1.486e-02, v=2.257e-01 | Time: 1:45:57.453335
2026-08-18 15:42:18 - deeponet - INFO - Epoch 0630 | data loss=1.177e-02 | bc loss=3.234e-03 | PDE loss=3.084e-03 | valid MSE=3.345e+03 | valid rel L2=5.540e-02 | pressure=6.781e-02, u=1.524e-02, v=2.361e-01 | Time: 1:48:29.453817
2026-08-18 15:44:50 - deeponet - INFO - Epoch 0640 | data loss=1.143e-02 | bc loss=2.886e-03 | PDE loss=2.636e-03 | valid MSE=3.330e+03 | valid rel L2=5.276e-02 | pressure=6.717e-02, u=1.493e-02, v=2.347e-01 | Time: 1:51:01.348195
2026-08-18 15:47:22 - deeponet - INFO - Epoch 0650 | data loss=1.127e-02 | bc loss=2.731e-03 | PDE loss=2.302e-03 | valid MSE=3.430e+03 | valid rel L2=5.689e-02 | pressure=6.768e-02, u=1.568e-02, v=2.398e-01 | Time: 1:53:33.674439
2026-08-18 15:49:54 - deeponet - INFO - Epoch 0660 | data loss=1.124e-02 | bc loss=2.713e-03 | PDE loss=2.426e-03 | valid MSE=3.271e+03 | valid rel L2=5.256e-02 | pressure=6.658e-02, u=1.622e-02, v=2.360e-01 | Time: 1:56:05.372716
2026-08-18 15:52:25 - deeponet - INFO - Epoch 0670 | data loss=1.124e-02 | bc loss=2.785e-03 | PDE loss=2.575e-03 | valid MSE=3.289e+03 | valid rel L2=5.513e-02 | pressure=6.693e-02, u=1.533e-02, v=2.394e-01 | Time: 1:58:36.483541
2026-08-18 15:54:56 - deeponet - INFO - Epoch 0680 | data loss=1.115e-02 | bc loss=2.779e-03 | PDE loss=2.529e-03 | valid MSE=3.258e+03 | valid rel L2=5.330e-02 | pressure=6.574e-02, u=1.598e-02, v=2.495e-01 | Time: 2:01:08.296330
2026-08-18 15:57:28 - deeponet - INFO - Epoch 0690 | data loss=1.124e-02 | bc loss=2.823e-03 | PDE loss=2.544e-03 | valid MSE=3.217e+03 | valid rel L2=5.517e-02 | pressure=6.486e-02, u=1.570e-02, v=2.365e-01 | Time: 2:03:39.981499
2026-08-18 16:00:01 - deeponet - INFO - Epoch 0700 | data loss=1.091e-02 | bc loss=2.637e-03 | PDE loss=2.594e-03 | valid MSE=3.180e+03 | valid rel L2=5.555e-02 | pressure=6.450e-02, u=1.672e-02, v=2.406e-01 | Time: 2:06:12.558066
2026-08-18 16:02:34 - deeponet - INFO - Epoch 0710 | data loss=1.123e-02 | bc loss=3.602e-03 | PDE loss=2.470e-03 | valid MSE=3.189e+03 | valid rel L2=5.113e-02 | pressure=6.543e-02, u=1.727e-02, v=2.398e-01 | Time: 2:08:45.368508
2026-08-18 16:05:06 - deeponet - INFO - Epoch 0720 | data loss=1.070e-02 | bc loss=2.502e-03 | PDE loss=2.163e-03 | valid MSE=3.146e+03 | valid rel L2=5.413e-02 | pressure=6.368e-02, u=1.740e-02, v=2.496e-01 | Time: 2:11:18.258590
2026-08-18 16:07:39 - deeponet - INFO - Epoch 0730 | data loss=1.070e-02 | bc loss=2.533e-03 | PDE loss=2.361e-03 | valid MSE=3.188e+03 | valid rel L2=5.254e-02 | pressure=6.666e-02, u=1.576e-02, v=2.383e-01 | Time: 2:13:51.107095
2026-08-18 16:10:11 - deeponet - INFO - Epoch 0740 | data loss=1.051e-02 | bc loss=2.462e-03 | PDE loss=2.200e-03 | valid MSE=3.096e+03 | valid rel L2=5.406e-02 | pressure=6.244e-02, u=1.619e-02, v=2.315e-01 | Time: 2:16:23.212749
2026-08-18 16:12:43 - deeponet - INFO - Epoch 0750 | data loss=1.041e-02 | bc loss=2.451e-03 | PDE loss=2.206e-03 | valid MSE=3.150e+03 | valid rel L2=5.247e-02 | pressure=6.366e-02, u=1.645e-02, v=2.402e-01 | Time: 2:18:55.335813
2026-08-18 16:15:16 - deeponet - INFO - Epoch 0760 | data loss=1.037e-02 | bc loss=2.463e-03 | PDE loss=2.336e-03 | valid MSE=3.085e+03 | valid rel L2=5.315e-02 | pressure=6.237e-02, u=1.648e-02, v=2.353e-01 | Time: 2:21:27.430688
2026-08-18 16:17:47 - deeponet - INFO - Epoch 0770 | data loss=1.032e-02 | bc loss=2.375e-03 | PDE loss=2.102e-03 | valid MSE=3.049e+03 | valid rel L2=5.456e-02 | pressure=6.252e-02, u=1.747e-02, v=2.534e-01 | Time: 2:23:59.152087
2026-08-18 16:20:19 - deeponet - INFO - Epoch 0780 | data loss=1.028e-02 | bc loss=2.446e-03 | PDE loss=2.129e-03 | valid MSE=3.031e+03 | valid rel L2=5.117e-02 | pressure=6.178e-02, u=1.685e-02, v=2.325e-01 | Time: 2:26:30.519721
2026-08-18 16:22:51 - deeponet - INFO - Epoch 0790 | data loss=1.019e-02 | bc loss=2.353e-03 | PDE loss=2.133e-03 | valid MSE=3.011e+03 | valid rel L2=5.137e-02 | pressure=6.318e-02, u=1.660e-02, v=2.363e-01 | Time: 2:29:03.134320
2026-08-18 16:25:24 - deeponet - INFO - Epoch 0800 | data loss=1.027e-02 | bc loss=2.383e-03 | PDE loss=2.288e-03 | valid MSE=3.018e+03 | valid rel L2=5.053e-02 | pressure=6.260e-02, u=1.688e-02, v=2.345e-01 | Time: 2:31:36.294488
2026-08-18 16:27:57 - deeponet - INFO - Epoch 0810 | data loss=1.008e-02 | bc loss=2.321e-03 | PDE loss=2.043e-03 | valid MSE=2.996e+03 | valid rel L2=5.297e-02 | pressure=6.196e-02, u=1.707e-02, v=2.401e-01 | Time: 2:34:08.675515
2026-08-18 16:30:29 - deeponet - INFO - Epoch 0820 | data loss=1.008e-02 | bc loss=2.303e-03 | PDE loss=2.065e-03 | valid MSE=2.945e+03 | valid rel L2=5.033e-02 | pressure=6.098e-02, u=1.717e-02, v=2.387e-01 | Time: 2:36:40.770734
2026-08-18 16:33:01 - deeponet - INFO - Epoch 0830 | data loss=1.005e-02 | bc loss=2.284e-03 | PDE loss=2.097e-03 | valid MSE=2.974e+03 | valid rel L2=5.082e-02 | pressure=6.215e-02, u=1.668e-02, v=2.412e-01 | Time: 2:39:13.320346
2026-08-18 16:35:34 - deeponet - INFO - Epoch 0840 | data loss=9.969e-03 | bc loss=2.258e-03 | PDE loss=2.029e-03 | valid MSE=2.945e+03 | valid rel L2=5.025e-02 | pressure=6.162e-02, u=1.667e-02, v=2.402e-01 | Time: 2:41:45.359083
2026-08-18 16:38:06 - deeponet - INFO - Epoch 0850 | data loss=9.907e-03 | bc loss=2.264e-03 | PDE loss=2.054e-03 | valid MSE=2.925e+03 | valid rel L2=5.078e-02 | pressure=6.069e-02, u=1.719e-02, v=2.479e-01 | Time: 2:44:17.542449
2026-08-18 16:40:38 - deeponet - INFO - Epoch 0860 | data loss=9.898e-03 | bc loss=2.243e-03 | PDE loss=2.010e-03 | valid MSE=2.916e+03 | valid rel L2=4.997e-02 | pressure=6.086e-02, u=1.719e-02, v=2.460e-01 | Time: 2:46:49.569622
2026-08-18 16:43:11 - deeponet - INFO - Epoch 0870 | data loss=9.859e-03 | bc loss=2.221e-03 | PDE loss=1.997e-03 | valid MSE=2.924e+03 | valid rel L2=5.033e-02 | pressure=6.113e-02, u=1.706e-02, v=2.443e-01 | Time: 2:49:22.530547
2026-08-18 16:45:43 - deeponet - INFO - Epoch 0880 | data loss=9.808e-03 | bc loss=2.209e-03 | PDE loss=1.989e-03 | valid MSE=2.906e+03 | valid rel L2=5.038e-02 | pressure=6.103e-02, u=1.743e-02, v=2.422e-01 | Time: 2:51:54.371507
2026-08-18 16:48:14 - deeponet - INFO - Epoch 0890 | data loss=9.792e-03 | bc loss=2.209e-03 | PDE loss=1.975e-03 | valid MSE=2.889e+03 | valid rel L2=5.004e-02 | pressure=6.084e-02, u=1.711e-02, v=2.455e-01 | Time: 2:54:25.578447
2026-08-18 16:50:45 - deeponet - INFO - Epoch 0900 | data loss=9.754e-03 | bc loss=2.203e-03 | PDE loss=1.979e-03 | valid MSE=2.891e+03 | valid rel L2=5.041e-02 | pressure=6.056e-02, u=1.700e-02, v=2.410e-01 | Time: 2:56:56.846712
2026-08-18 16:53:16 - deeponet - INFO - Epoch 0910 | data loss=9.755e-03 | bc loss=2.191e-03 | PDE loss=1.966e-03 | valid MSE=2.881e+03 | valid rel L2=5.045e-02 | pressure=6.020e-02, u=1.736e-02, v=2.441e-01 | Time: 2:59:28.275849
2026-08-18 16:55:48 - deeponet - INFO - Epoch 0920 | data loss=9.719e-03 | bc loss=2.187e-03 | PDE loss=1.955e-03 | valid MSE=2.885e+03 | valid rel L2=5.021e-02 | pressure=6.064e-02, u=1.701e-02, v=2.409e-01 | Time: 3:01:59.399600
2026-08-18 16:58:19 - deeponet - INFO - Epoch 0930 | data loss=9.704e-03 | bc loss=2.177e-03 | PDE loss=1.968e-03 | valid MSE=2.875e+03 | valid rel L2=5.025e-02 | pressure=6.036e-02, u=1.732e-02, v=2.433e-01 | Time: 3:04:30.450690
2026-08-18 17:00:50 - deeponet - INFO - Epoch 0940 | data loss=9.693e-03 | bc loss=2.173e-03 | PDE loss=1.954e-03 | valid MSE=2.872e+03 | valid rel L2=4.993e-02 | pressure=6.042e-02, u=1.718e-02, v=2.425e-01 | Time: 3:07:01.476328
2026-08-18 17:03:22 - deeponet - INFO - Epoch 0950 | data loss=9.686e-03 | bc loss=2.170e-03 | PDE loss=1.954e-03 | valid MSE=2.871e+03 | valid rel L2=4.999e-02 | pressure=6.044e-02, u=1.718e-02, v=2.418e-01 | Time: 3:09:33.378255
2026-08-18 17:05:53 - deeponet - INFO - Epoch 0960 | data loss=9.679e-03 | bc loss=2.168e-03 | PDE loss=1.943e-03 | valid MSE=2.868e+03 | valid rel L2=5.012e-02 | pressure=6.045e-02, u=1.724e-02, v=2.432e-01 | Time: 3:12:05.171144
2026-08-18 17:08:24 - deeponet - INFO - Epoch 0970 | data loss=9.669e-03 | bc loss=2.168e-03 | PDE loss=1.947e-03 | valid MSE=2.868e+03 | valid rel L2=5.021e-02 | pressure=6.040e-02, u=1.727e-02, v=2.442e-01 | Time: 3:14:36.238968
2026-08-18 17:10:56 - deeponet - INFO - Epoch 0980 | data loss=9.667e-03 | bc loss=2.166e-03 | PDE loss=1.950e-03 | valid MSE=2.867e+03 | valid rel L2=5.011e-02 | pressure=6.039e-02, u=1.722e-02, v=2.437e-01 | Time: 3:17:08.169273
2026-08-18 17:13:29 - deeponet - INFO - Epoch 0990 | data loss=9.664e-03 | bc loss=2.163e-03 | PDE loss=1.944e-03 | valid MSE=2.868e+03 | valid rel L2=5.013e-02 | pressure=6.040e-02, u=1.723e-02, v=2.438e-01 | Time: 3:19:40.625235
2026-08-18 17:16:00 - deeponet - INFO - Epoch 1000 | data loss=9.663e-03 | bc loss=2.163e-03 | PDE loss=1.944e-03 | valid MSE=2.868e+03 | valid rel L2=5.012e-02 | pressure=6.040e-02, u=1.722e-02, v=2.437e-01 | Time: 3:22:12.150443
2026-08-18 17:16:00 - deeponet - INFO - Best validation MSE: 1472.70166015625
2026-08-18 17:16:00 - deeponet - INFO - Saved: /home/hantianl/Documents/PIDIF/DeepONet/results/081726_1/checkpoint.pt
