2026-08-15 13:48:23 - deeponet - INFO - Training comment
2026-08-15 13:48:23 - deeponet - INFO - multi-scale geometry encoding: Re + SDF channels; 10 cases each at H=0.05/0.1/0.2 mm, 8/1/1 split per group
2026-08-15 13:48:23 - deeponet - INFO - Output directory: /home/hantianl/Documents/PIDIF/DeepONet/results/081526_1
2026-08-15 13:48:23 - deeponet - INFO - Available cases (30):
2026-08-15 13:48:23 - deeponet - INFO -   channel_water: ['channel_00', 'channel_01', 'channel_02', 'channel_03', 'channel_04', 'channel_05', 'channel_06', 'channel_07', 'channel_08', 'channel_09']
2026-08-15 13:48:23 - deeponet - INFO -   channel_water_ablation: ['channel_020', 'channel_021', 'channel_022', 'channel_023', 'channel_024', 'channel_025', 'channel_026', 'channel_027', 'channel_028', 'channel_029', 'channel_030', 'channel_031', 'channel_032', 'channel_033', 'channel_034', 'channel_035', 'channel_036', 'channel_037', 'channel_038', 'channel_039']
2026-08-15 13:48:23 - deeponet - INFO - H0.05mm: train=['channel_030', 'channel_032', 'channel_033', 'channel_034', 'channel_035', 'channel_036', 'channel_037', 'channel_039']
2026-08-15 13:48:23 - deeponet - INFO - H0.05mm: valid=['channel_038'] test=['channel_031']
2026-08-15 13:48:23 - deeponet - INFO - H0.10mm: train=['channel_00', 'channel_02', 'channel_03', 'channel_04', 'channel_06', 'channel_07', 'channel_08', 'channel_09']
2026-08-15 13:48:23 - deeponet - INFO - H0.10mm: valid=['channel_05'] test=['channel_01']
2026-08-15 13:48:23 - deeponet - INFO - H0.20mm: train=['channel_020', 'channel_021', 'channel_022', 'channel_024', 'channel_025', 'channel_026', 'channel_028', 'channel_029']
2026-08-15 13:48:23 - deeponet - INFO - H0.20mm: valid=['channel_027'] test=['channel_023']
2026-08-15 13:48:23 - deeponet - INFO - 
Train cases (24): ['channel_00', 'channel_02', 'channel_020', 'channel_021', 'channel_022', 'channel_024', 'channel_025', 'channel_026', 'channel_028', 'channel_029', 'channel_03', 'channel_030', 'channel_032', 'channel_033', 'channel_034', 'channel_035', 'channel_036', 'channel_037', 'channel_039', 'channel_04', 'channel_06', 'channel_07', 'channel_08', 'channel_09']
2026-08-15 13:48:23 - deeponet - INFO - Valid cases (3): ['channel_027', 'channel_038', 'channel_05']
2026-08-15 13:48:23 - deeponet - INFO - Test  cases (3): ['channel_01', 'channel_023', 'channel_031']
2026-08-15 15:01:34 - deeponet - INFO - Train samples: 2800
2026-08-15 15:01:34 - deeponet - INFO - Valid samples: 35
2026-08-15 15:01:34 - deeponet - INFO - Train branch channels: ['x_local', 'y_local', 'wall_mask', 'interface_mask', 'boundary_pressure', 'boundary_u', 'boundary_v', 'known_pressure', 'known_u', 'known_v', 'local_aspect_ratio', 'log10_reynolds', 'sdf']
2026-08-15 15:01:34 - deeponet - INFO - Train trunk channels: ['x_local', 'y_local', 'sdf']
2026-08-15 15:01:34 - deeponet - INFO - Output channels: ['pressure', 'u', 'v']
2026-08-15 15:01:34 - deeponet - INFO - Train Reynolds numbers: [49.8, 99.5, 199.0]
2026-08-15 15:01:34 - deeponet - INFO - Example train sample:
2026-08-15 15:01:34 - deeponet - INFO - branch: (1024, 13)
2026-08-15 15:01:34 - deeponet - INFO - query: (3247, 3)
2026-08-15 15:01:34 - deeponet - INFO - target: (3247, 3)
2026-08-15 15:01:34 - deeponet - INFO - Train cases: [0, 2, 3, 4, 6, 7, 8, 9, 20, 21, 22, 24, 25, 26, 28, 29, 30, 32, 33, 34, 35, 36, 37, 39]
2026-08-15 15:01:34 - deeponet - INFO - Valid cases: [5, 27, 38]
2026-08-15 15:01:36 - deeponet - INFO - Y mean: tensor([ 7.0085e+02,  1.0003e+00, -3.1952e-06])
2026-08-15 15:01:36 - deeponet - INFO - Y std: tensor([1.0629e+03, 3.9634e-01, 2.2303e-02])
2026-08-15 15:01:36 - deeponet - INFO - local_aspect_mean: 1.0
2026-08-15 15:01:36 - deeponet - INFO - local_aspect_std: 0.7841476798057556
2026-08-15 15:01:36 - deeponet - INFO - train log10(Re) values: [1.6969000101089478, 1.9979000091552734, 2.2988998889923096]
2026-08-15 15:01:36 - deeponet - INFO - PDE Reynolds-number range: 9.968602180480957 826.3033447265625
2026-08-15 15:01:37 - deeponet - INFO - branch batch: torch.Size([30, 1024, 13])
2026-08-15 15:01:37 - deeponet - INFO - query batch: torch.Size([647772, 3])
2026-08-15 15:01:37 - deeponet - INFO - target batch: torch.Size([647772, 3])
2026-08-15 15:01:37 - deeponet - INFO - query batch id: tensor(0) tensor(29)
2026-08-15 15:01:37 - deeponet - INFO - sample indices: tensor([ 826, 1861,  739, 1174, 2041, 1301, 2095, 1415, 2568, 1869, 1591,  689,
        2570, 2681, 1371, 1868, 2371,  192, 2325, 2092, 1508, 2500, 1987,  599,
        1091, 1459, 1140, 1607,  351, 1273])
2026-08-15 15:01:37 - deeponet - INFO - branch mask batch: torch.Size([30, 1024])
2026-08-15 15:01:38 - deeponet - INFO - {'branch_input_dim': 13, 'trunk_input_dim': 3, 'output_channels': 3, 'latent_dim': 128, 'branch_point_hidden_dim': 128, 'branch_point_depth': 3, 'branch_global_hidden_dim': 128, 'branch_global_depth': 3, 'trunk_hidden_dim': 128, 'trunk_depth': 4, 'aggregation': 'mean', 'activation': 'gelu', 'layer_norm': False, 'trunk_activation': 'gelu', 'branch_trunk_mixing': False, 'siren_w0': 30.0}
2026-08-15 15:01:38 - deeponet - INFO - No checkpoint found; training from scratch.
2026-08-15 15:02:24 - deeponet - INFO - Epoch 0001 | data loss=1.036e+00 | bc loss=7.782e-01 | PDE loss=0.000e+00 | valid MSE=4.299e+04 | valid rel L2=8.399e-01 | pressure=1.648e-01, u=1.961e-01, v=9.696e-01 | Time: 0:00:46.408898
2026-08-15 15:09:06 - deeponet - INFO - Epoch 0010 | data loss=2.552e-01 | bc loss=1.413e-01 | PDE loss=0.000e+00 | valid MSE=4.260e+03 | valid rel L2=5.207e-01 | pressure=7.423e-02, u=7.215e-02, v=7.175e-01 | Time: 0:07:27.790623
2026-08-15 15:16:27 - deeponet - INFO - Epoch 0020 | data loss=1.892e-01 | bc loss=1.047e-01 | PDE loss=0.000e+00 | valid MSE=4.141e+03 | valid rel L2=1.429e+00 | pressure=7.303e-02, u=5.548e-02, v=6.489e-01 | Time: 0:14:48.468742
2026-08-15 15:23:37 - deeponet - INFO - Epoch 0030 | data loss=1.326e-01 | bc loss=5.809e-02 | PDE loss=0.000e+00 | valid MSE=4.100e+03 | valid rel L2=1.038e+00 | pressure=8.529e-02, u=4.590e-02, v=5.518e-01 | Time: 0:21:58.925193
2026-08-15 15:30:53 - deeponet - INFO - Epoch 0040 | data loss=9.200e-02 | bc loss=3.578e-02 | PDE loss=0.000e+00 | valid MSE=3.224e+03 | valid rel L2=6.996e-01 | pressure=8.276e-02, u=3.656e-02, v=4.825e-01 | Time: 0:29:15.061826
2026-08-15 15:38:06 - deeponet - INFO - Epoch 0050 | data loss=7.691e-02 | bc loss=2.761e-02 | PDE loss=0.000e+00 | valid MSE=2.368e+03 | valid rel L2=2.395e-01 | pressure=7.224e-02, u=3.552e-02, v=4.454e-01 | Time: 0:36:28.272788
2026-08-15 15:45:22 - deeponet - INFO - Epoch 0060 | data loss=6.129e-02 | bc loss=2.163e-02 | PDE loss=0.000e+00 | valid MSE=8.337e+02 | valid rel L2=2.145e-01 | pressure=3.901e-02, u=2.664e-02, v=4.008e-01 | Time: 0:43:43.518760
2026-08-15 15:52:41 - deeponet - INFO - Epoch 0070 | data loss=5.046e-02 | bc loss=1.455e-02 | PDE loss=0.000e+00 | valid MSE=1.208e+03 | valid rel L2=3.479e-01 | pressure=4.121e-02, u=2.338e-02, v=3.684e-01 | Time: 0:51:02.955690
2026-08-15 15:59:50 - deeponet - INFO - Epoch 0080 | data loss=4.585e-02 | bc loss=1.311e-02 | PDE loss=0.000e+00 | valid MSE=2.591e+03 | valid rel L2=3.608e-01 | pressure=9.242e-02, u=2.355e-02, v=3.508e-01 | Time: 0:58:11.564727
2026-08-15 16:07:07 - deeponet - INFO - Epoch 0090 | data loss=4.617e-02 | bc loss=1.817e-02 | PDE loss=0.000e+00 | valid MSE=3.404e+03 | valid rel L2=4.030e-01 | pressure=5.861e-02, u=2.305e-02, v=3.359e-01 | Time: 1:05:29.383235
2026-08-15 16:14:02 - deeponet - INFO - Epoch 0100 | data loss=3.757e-02 | bc loss=1.243e-02 | PDE loss=0.000e+00 | valid MSE=9.787e+02 | valid rel L2=3.070e-01 | pressure=6.249e-02, u=2.137e-02, v=3.137e-01 | Time: 1:12:23.990697
2026-08-15 16:21:12 - deeponet - INFO - Epoch 0110 | data loss=3.419e-02 | bc loss=1.042e-02 | PDE loss=0.000e+00 | valid MSE=1.498e+03 | valid rel L2=6.802e-01 | pressure=6.409e-02, u=2.090e-02, v=3.090e-01 | Time: 1:19:34.028755
2026-08-15 16:28:34 - deeponet - INFO - Epoch 0120 | data loss=2.929e-02 | bc loss=8.243e-03 | PDE loss=0.000e+00 | valid MSE=7.775e+02 | valid rel L2=4.140e-01 | pressure=4.896e-02, u=2.691e-02, v=3.527e-01 | Time: 1:26:56.412461
2026-08-15 16:35:47 - deeponet - INFO - Epoch 0130 | data loss=3.076e-02 | bc loss=1.218e-02 | PDE loss=0.000e+00 | valid MSE=1.239e+03 | valid rel L2=1.860e-01 | pressure=4.852e-02, u=2.196e-02, v=3.026e-01 | Time: 1:34:08.897237
2026-08-15 16:43:02 - deeponet - INFO - Epoch 0140 | data loss=2.629e-02 | bc loss=8.706e-03 | PDE loss=0.000e+00 | valid MSE=1.705e+03 | valid rel L2=1.050e+00 | pressure=5.799e-02, u=2.278e-02, v=2.771e-01 | Time: 1:41:23.750746
2026-08-15 16:49:56 - deeponet - INFO - Epoch 0150 | data loss=2.720e-02 | bc loss=7.713e-03 | PDE loss=0.000e+00 | valid MSE=8.260e+02 | valid rel L2=3.714e-01 | pressure=3.760e-02, u=2.061e-02, v=2.708e-01 | Time: 1:48:18.303642
2026-08-15 16:57:21 - deeponet - INFO - Epoch 0160 | data loss=2.392e-02 | bc loss=7.908e-03 | PDE loss=0.000e+00 | valid MSE=5.346e+02 | valid rel L2=2.056e-01 | pressure=3.397e-02, u=1.722e-02, v=2.704e-01 | Time: 1:55:42.423586
2026-08-15 17:04:03 - deeponet - INFO - Epoch 0170 | data loss=2.352e-02 | bc loss=5.821e-03 | PDE loss=0.000e+00 | valid MSE=2.309e+03 | valid rel L2=2.983e-01 | pressure=4.079e-02, u=1.913e-02, v=2.581e-01 | Time: 2:02:24.831107
2026-08-15 17:07:23 - deeponet - INFO - Epoch 0180 | data loss=2.026e-02 | bc loss=5.034e-03 | PDE loss=0.000e+00 | valid MSE=2.115e+03 | valid rel L2=2.678e-01 | pressure=5.091e-02, u=1.849e-02, v=2.541e-01 | Time: 2:05:45.241584
2026-08-15 17:10:35 - deeponet - INFO - Epoch 0190 | data loss=1.989e-02 | bc loss=6.387e-03 | PDE loss=0.000e+00 | valid MSE=7.727e+02 | valid rel L2=2.863e-01 | pressure=3.697e-02, u=1.630e-02, v=2.505e-01 | Time: 2:08:56.676404
2026-08-15 17:13:46 - deeponet - INFO - Epoch 0200 | data loss=2.029e-02 | bc loss=6.642e-03 | PDE loss=0.000e+00 | valid MSE=6.468e+02 | valid rel L2=2.352e-01 | pressure=3.136e-02, u=3.028e-02, v=2.662e-01 | Time: 2:12:07.954633
2026-08-15 17:16:56 - deeponet - INFO - Epoch 0210 | data loss=1.861e-02 | bc loss=5.850e-03 | PDE loss=0.000e+00 | valid MSE=3.872e+02 | valid rel L2=3.816e-01 | pressure=2.176e-02, u=1.556e-02, v=2.446e-01 | Time: 2:15:17.778974
2026-08-15 17:20:06 - deeponet - INFO - Epoch 0220 | data loss=1.751e-02 | bc loss=5.386e-03 | PDE loss=0.000e+00 | valid MSE=3.546e+02 | valid rel L2=1.328e-01 | pressure=2.430e-02, u=1.755e-02, v=2.411e-01 | Time: 2:18:27.569601
2026-08-15 17:23:16 - deeponet - INFO - Epoch 0230 | data loss=1.784e-02 | bc loss=5.073e-03 | PDE loss=0.000e+00 | valid MSE=5.716e+02 | valid rel L2=4.025e-01 | pressure=2.820e-02, u=2.220e-02, v=2.477e-01 | Time: 2:21:37.646912
2026-08-15 17:26:25 - deeponet - INFO - Epoch 0240 | data loss=1.696e-02 | bc loss=4.744e-03 | PDE loss=0.000e+00 | valid MSE=5.729e+02 | valid rel L2=4.817e-01 | pressure=4.129e-02, u=1.648e-02, v=2.318e-01 | Time: 2:24:47.400153
2026-08-15 17:29:40 - deeponet - INFO - Epoch 0250 | data loss=1.774e-02 | bc loss=5.377e-03 | PDE loss=0.000e+00 | valid MSE=2.709e+03 | valid rel L2=1.390e+00 | pressure=5.875e-02, u=1.590e-02, v=2.341e-01 | Time: 2:28:02.285931
2026-08-15 17:32:53 - deeponet - INFO - Epoch 0260 | data loss=1.507e-02 | bc loss=3.824e-03 | PDE loss=0.000e+00 | valid MSE=3.994e+02 | valid rel L2=1.089e-01 | pressure=2.631e-02, u=1.490e-02, v=2.387e-01 | Time: 2:31:14.575751
2026-08-15 17:36:07 - deeponet - INFO - Epoch 0270 | data loss=1.989e-02 | bc loss=7.259e-03 | PDE loss=0.000e+00 | valid MSE=1.559e+03 | valid rel L2=7.874e-01 | pressure=6.279e-02, u=2.035e-02, v=2.608e-01 | Time: 2:34:28.678993
2026-08-15 17:39:19 - deeponet - INFO - Epoch 0280 | data loss=1.488e-02 | bc loss=4.817e-03 | PDE loss=0.000e+00 | valid MSE=7.889e+02 | valid rel L2=5.072e-01 | pressure=2.641e-02, u=1.539e-02, v=2.282e-01 | Time: 2:37:40.525898
2026-08-15 17:42:31 - deeponet - INFO - Epoch 0290 | data loss=1.624e-02 | bc loss=5.174e-03 | PDE loss=0.000e+00 | valid MSE=1.046e+03 | valid rel L2=2.422e-01 | pressure=4.429e-02, u=1.498e-02, v=2.474e-01 | Time: 2:40:52.930282
2026-08-15 17:45:50 - deeponet - INFO - Epoch 0300 | data loss=1.324e-02 | bc loss=3.196e-03 | PDE loss=0.000e+00 | valid MSE=4.713e+02 | valid rel L2=1.221e-01 | pressure=2.997e-02, u=1.415e-02, v=2.380e-01 | Time: 2:44:12.079686
2026-08-15 17:49:09 - deeponet - INFO - Epoch 0310 | data loss=1.214e-02 | bc loss=2.904e-03 | PDE loss=0.000e+00 | valid MSE=3.044e+02 | valid rel L2=1.230e-01 | pressure=3.631e-02, u=1.721e-02, v=2.221e-01 | Time: 2:47:31.051338
2026-08-15 17:52:23 - deeponet - INFO - Epoch 0320 | data loss=1.357e-02 | bc loss=3.467e-03 | PDE loss=0.000e+00 | valid MSE=8.428e+02 | valid rel L2=2.723e-01 | pressure=2.925e-02, u=1.842e-02, v=2.379e-01 | Time: 2:50:44.802218
2026-08-15 17:55:39 - deeponet - INFO - Epoch 0330 | data loss=1.197e-02 | bc loss=2.918e-03 | PDE loss=0.000e+00 | valid MSE=5.918e+02 | valid rel L2=1.360e-01 | pressure=2.586e-02, u=1.418e-02, v=2.303e-01 | Time: 2:54:00.846393
2026-08-15 17:58:50 - deeponet - INFO - Epoch 0340 | data loss=1.092e-02 | bc loss=2.543e-03 | PDE loss=0.000e+00 | valid MSE=3.273e+02 | valid rel L2=2.328e-01 | pressure=2.288e-02, u=1.463e-02, v=2.286e-01 | Time: 2:57:11.536876
2026-08-15 18:02:03 - deeponet - INFO - Epoch 0350 | data loss=1.261e-02 | bc loss=2.962e-03 | PDE loss=0.000e+00 | valid MSE=1.246e+03 | valid rel L2=3.171e-01 | pressure=3.026e-02, u=1.558e-02, v=2.324e-01 | Time: 3:00:25.041372
2026-08-15 18:05:17 - deeponet - INFO - Epoch 0360 | data loss=1.043e-02 | bc loss=2.680e-03 | PDE loss=0.000e+00 | valid MSE=5.933e+02 | valid rel L2=1.699e-01 | pressure=2.835e-02, u=1.333e-02, v=2.240e-01 | Time: 3:03:38.778038
2026-08-15 18:08:27 - deeponet - INFO - Epoch 0370 | data loss=1.184e-02 | bc loss=3.678e-03 | PDE loss=0.000e+00 | valid MSE=5.221e+02 | valid rel L2=1.225e-01 | pressure=2.675e-02, u=1.391e-02, v=2.279e-01 | Time: 3:06:48.598426
2026-08-15 18:11:38 - deeponet - INFO - Epoch 0380 | data loss=9.627e-03 | bc loss=2.009e-03 | PDE loss=0.000e+00 | valid MSE=4.810e+02 | valid rel L2=9.112e-02 | pressure=2.265e-02, u=1.391e-02, v=2.249e-01 | Time: 3:09:59.486899
2026-08-15 18:14:50 - deeponet - INFO - Epoch 0390 | data loss=9.291e-03 | bc loss=2.056e-03 | PDE loss=0.000e+00 | valid MSE=4.809e+02 | valid rel L2=3.066e-01 | pressure=2.295e-02, u=1.329e-02, v=2.274e-01 | Time: 3:13:11.835345
2026-08-15 18:18:11 - deeponet - INFO - Epoch 0400 | data loss=8.685e-03 | bc loss=2.410e-03 | PDE loss=0.000e+00 | valid MSE=3.800e+02 | valid rel L2=2.502e-01 | pressure=2.037e-02, u=1.280e-02, v=2.277e-01 | Time: 3:16:32.881898
2026-08-15 18:21:28 - deeponet - INFO - Epoch 0410 | data loss=9.256e-03 | bc loss=2.620e-03 | PDE loss=0.000e+00 | valid MSE=2.313e+02 | valid rel L2=1.546e-01 | pressure=1.897e-02, u=1.333e-02, v=2.206e-01 | Time: 3:19:49.813724
2026-08-15 18:24:40 - deeponet - INFO - Epoch 0420 | data loss=8.072e-03 | bc loss=1.658e-03 | PDE loss=0.000e+00 | valid MSE=2.762e+02 | valid rel L2=1.135e-01 | pressure=1.884e-02, u=1.297e-02, v=2.154e-01 | Time: 3:23:01.495279
2026-08-15 18:27:50 - deeponet - INFO - Epoch 0430 | data loss=7.847e-03 | bc loss=1.517e-03 | PDE loss=0.000e+00 | valid MSE=3.709e+02 | valid rel L2=1.260e-01 | pressure=2.912e-02, u=1.238e-02, v=2.241e-01 | Time: 3:26:12.070527
2026-08-15 18:31:01 - deeponet - INFO - Epoch 0440 | data loss=7.291e-03 | bc loss=1.429e-03 | PDE loss=0.000e+00 | valid MSE=2.249e+02 | valid rel L2=9.488e-02 | pressure=1.784e-02, u=1.198e-02, v=2.129e-01 | Time: 3:29:23.104113
2026-08-15 18:34:15 - deeponet - INFO - Epoch 0450 | data loss=7.191e-03 | bc loss=1.511e-03 | PDE loss=0.000e+00 | valid MSE=5.398e+02 | valid rel L2=2.072e-01 | pressure=3.398e-02, u=1.245e-02, v=2.182e-01 | Time: 3:32:36.989906
2026-08-15 18:37:34 - deeponet - INFO - Epoch 0460 | data loss=6.805e-03 | bc loss=1.329e-03 | PDE loss=0.000e+00 | valid MSE=3.687e+02 | valid rel L2=9.760e-02 | pressure=2.095e-02, u=1.183e-02, v=2.122e-01 | Time: 3:35:55.439473
2026-08-15 18:40:54 - deeponet - INFO - Epoch 0470 | data loss=7.138e-03 | bc loss=1.564e-03 | PDE loss=0.000e+00 | valid MSE=3.722e+02 | valid rel L2=2.744e-01 | pressure=2.307e-02, u=1.283e-02, v=2.128e-01 | Time: 3:39:16.364537
2026-08-15 18:44:04 - deeponet - INFO - Epoch 0480 | data loss=6.977e-03 | bc loss=1.623e-03 | PDE loss=0.000e+00 | valid MSE=1.795e+02 | valid rel L2=8.630e-02 | pressure=1.546e-02, u=1.206e-02, v=2.171e-01 | Time: 3:42:26.095719
2026-08-15 18:47:23 - deeponet - INFO - Epoch 0490 | data loss=6.492e-03 | bc loss=1.383e-03 | PDE loss=0.000e+00 | valid MSE=2.323e+02 | valid rel L2=1.200e-01 | pressure=1.805e-02, u=1.295e-02, v=2.192e-01 | Time: 3:45:44.545239
2026-08-15 18:50:34 - deeponet - INFO - Epoch 0500 | data loss=1.039e-02 | bc loss=3.347e-03 | PDE loss=0.000e+00 | valid MSE=4.018e+02 | valid rel L2=1.567e-01 | pressure=2.521e-02, u=1.196e-02, v=2.278e-01 | Time: 3:48:55.705002
2026-08-15 18:53:44 - deeponet - INFO - Epoch 0510 | data loss=6.094e-03 | bc loss=1.408e-03 | PDE loss=0.000e+00 | valid MSE=1.959e+02 | valid rel L2=9.592e-02 | pressure=1.708e-02, u=1.084e-02, v=2.084e-01 | Time: 3:52:05.794939
2026-08-15 18:56:54 - deeponet - INFO - Epoch 0520 | data loss=5.904e-03 | bc loss=1.174e-03 | PDE loss=0.000e+00 | valid MSE=2.481e+02 | valid rel L2=1.243e-01 | pressure=1.942e-02, u=1.180e-02, v=2.265e-01 | Time: 3:55:16.099150
2026-08-15 19:00:14 - deeponet - INFO - Epoch 0530 | data loss=5.618e-03 | bc loss=1.095e-03 | PDE loss=0.000e+00 | valid MSE=4.034e+02 | valid rel L2=9.979e-02 | pressure=2.390e-02, u=1.110e-02, v=2.058e-01 | Time: 3:58:36.303278
2026-08-15 19:03:29 - deeponet - INFO - Epoch 0540 | data loss=5.611e-03 | bc loss=1.373e-03 | PDE loss=0.000e+00 | valid MSE=2.388e+02 | valid rel L2=8.991e-02 | pressure=1.733e-02, u=1.102e-02, v=2.117e-01 | Time: 4:01:50.974112
2026-08-15 19:06:39 - deeponet - INFO - Epoch 0550 | data loss=5.180e-03 | bc loss=8.990e-04 | PDE loss=0.000e+00 | valid MSE=3.779e+02 | valid rel L2=2.437e-01 | pressure=2.133e-02, u=1.097e-02, v=2.239e-01 | Time: 4:05:00.624081
2026-08-15 19:09:50 - deeponet - INFO - Epoch 0560 | data loss=5.253e-03 | bc loss=1.092e-03 | PDE loss=0.000e+00 | valid MSE=1.694e+02 | valid rel L2=6.433e-02 | pressure=1.360e-02, u=1.067e-02, v=2.073e-01 | Time: 4:08:11.468914
2026-08-15 19:13:02 - deeponet - INFO - Epoch 0570 | data loss=5.364e-03 | bc loss=1.213e-03 | PDE loss=0.000e+00 | valid MSE=2.437e+02 | valid rel L2=1.438e-01 | pressure=1.787e-02, u=1.102e-02, v=2.081e-01 | Time: 4:11:24.172849
2026-08-15 19:16:20 - deeponet - INFO - Epoch 0580 | data loss=5.088e-03 | bc loss=9.910e-04 | PDE loss=0.000e+00 | valid MSE=1.895e+02 | valid rel L2=1.890e-01 | pressure=1.958e-02, u=1.076e-02, v=2.167e-01 | Time: 4:14:42.129308
2026-08-15 19:19:35 - deeponet - INFO - Epoch 0590 | data loss=4.659e-03 | bc loss=9.690e-04 | PDE loss=0.000e+00 | valid MSE=1.688e+02 | valid rel L2=1.376e-01 | pressure=1.861e-02, u=1.065e-02, v=2.048e-01 | Time: 4:17:56.622695
2026-08-15 19:22:53 - deeponet - INFO - Epoch 0600 | data loss=4.789e-03 | bc loss=9.104e-04 | PDE loss=0.000e+00 | valid MSE=2.158e+02 | valid rel L2=1.191e-01 | pressure=1.778e-02, u=1.078e-02, v=2.114e-01 | Time: 4:21:14.428455
2026-08-15 19:26:03 - deeponet - INFO - Epoch 0610 | data loss=4.597e-03 | bc loss=1.121e-03 | PDE loss=0.000e+00 | valid MSE=2.357e+02 | valid rel L2=7.643e-02 | pressure=1.605e-02, u=1.114e-02, v=2.129e-01 | Time: 4:24:25.405367
2026-08-15 19:29:21 - deeponet - INFO - Epoch 0620 | data loss=4.518e-03 | bc loss=8.276e-04 | PDE loss=0.000e+00 | valid MSE=1.881e+02 | valid rel L2=1.369e-01 | pressure=1.447e-02, u=1.124e-02, v=2.074e-01 | Time: 4:27:43.078334
2026-08-15 19:32:33 - deeponet - INFO - Epoch 0630 | data loss=4.251e-03 | bc loss=7.839e-04 | PDE loss=0.000e+00 | valid MSE=1.813e+02 | valid rel L2=7.204e-02 | pressure=1.855e-02, u=1.041e-02, v=2.099e-01 | Time: 4:30:54.802920
2026-08-15 19:35:45 - deeponet - INFO - Epoch 0640 | data loss=4.261e-03 | bc loss=7.636e-04 | PDE loss=0.000e+00 | valid MSE=2.556e+02 | valid rel L2=5.694e-02 | pressure=1.566e-02, u=9.989e-03, v=2.101e-01 | Time: 4:34:06.673487
2026-08-15 19:39:01 - deeponet - INFO - Epoch 0650 | data loss=4.166e-03 | bc loss=7.336e-04 | PDE loss=0.000e+00 | valid MSE=2.010e+02 | valid rel L2=8.843e-02 | pressure=1.459e-02, u=1.059e-02, v=2.233e-01 | Time: 4:37:23.151753
2026-08-15 19:42:19 - deeponet - INFO - Epoch 0660 | data loss=3.977e-03 | bc loss=7.104e-04 | PDE loss=0.000e+00 | valid MSE=1.677e+02 | valid rel L2=7.618e-02 | pressure=1.508e-02, u=1.043e-02, v=2.141e-01 | Time: 4:40:40.839961
2026-08-15 19:45:30 - deeponet - INFO - Epoch 0670 | data loss=3.897e-03 | bc loss=7.284e-04 | PDE loss=0.000e+00 | valid MSE=1.755e+02 | valid rel L2=5.789e-02 | pressure=1.769e-02, u=1.076e-02, v=2.178e-01 | Time: 4:43:51.954297
2026-08-15 19:48:42 - deeponet - INFO - Epoch 0680 | data loss=3.767e-03 | bc loss=6.801e-04 | PDE loss=0.000e+00 | valid MSE=1.975e+02 | valid rel L2=1.061e-01 | pressure=1.414e-02, u=1.036e-02, v=2.068e-01 | Time: 4:47:04.411976
2026-08-15 19:51:56 - deeponet - INFO - Epoch 0690 | data loss=3.749e-03 | bc loss=6.923e-04 | PDE loss=0.000e+00 | valid MSE=2.078e+02 | valid rel L2=7.847e-02 | pressure=1.728e-02, u=1.005e-02, v=2.062e-01 | Time: 4:50:18.000316
2026-08-15 19:55:11 - deeponet - INFO - Epoch 0700 | data loss=3.652e-03 | bc loss=6.730e-04 | PDE loss=0.000e+00 | valid MSE=1.679e+02 | valid rel L2=7.160e-02 | pressure=1.441e-02, u=1.015e-02, v=2.041e-01 | Time: 4:53:32.695965
2026-08-15 19:58:28 - deeponet - INFO - Epoch 0710 | data loss=3.513e-03 | bc loss=5.948e-04 | PDE loss=0.000e+00 | valid MSE=1.603e+02 | valid rel L2=6.340e-02 | pressure=1.408e-02, u=1.029e-02, v=2.095e-01 | Time: 4:56:50.118352
2026-08-15 20:01:48 - deeponet - INFO - Epoch 0720 | data loss=3.636e-03 | bc loss=6.807e-04 | PDE loss=0.000e+00 | valid MSE=2.056e+02 | valid rel L2=6.373e-02 | pressure=1.737e-02, u=1.000e-02, v=2.109e-01 | Time: 5:00:10.156811
2026-08-15 20:05:01 - deeponet - INFO - Epoch 0730 | data loss=3.334e-03 | bc loss=5.341e-04 | PDE loss=0.000e+00 | valid MSE=1.425e+02 | valid rel L2=5.498e-02 | pressure=1.292e-02, u=9.899e-03, v=2.059e-01 | Time: 5:03:22.826313
2026-08-15 20:08:16 - deeponet - INFO - Epoch 0740 | data loss=3.367e-03 | bc loss=5.773e-04 | PDE loss=0.000e+00 | valid MSE=1.719e+02 | valid rel L2=4.538e-02 | pressure=1.591e-02, u=9.879e-03, v=2.064e-01 | Time: 5:06:38.064856
2026-08-15 20:11:30 - deeponet - INFO - Epoch 0750 | data loss=3.282e-03 | bc loss=5.601e-04 | PDE loss=0.000e+00 | valid MSE=1.584e+02 | valid rel L2=5.318e-02 | pressure=1.415e-02, u=9.827e-03, v=2.078e-01 | Time: 5:09:51.679308
2026-08-15 20:14:39 - deeponet - INFO - Epoch 0760 | data loss=3.232e-03 | bc loss=5.459e-04 | PDE loss=0.000e+00 | valid MSE=1.576e+02 | valid rel L2=5.061e-02 | pressure=1.435e-02, u=9.948e-03, v=2.052e-01 | Time: 5:13:01.389296
2026-08-15 20:17:52 - deeponet - INFO - Epoch 0770 | data loss=3.126e-03 | bc loss=5.042e-04 | PDE loss=0.000e+00 | valid MSE=1.774e+02 | valid rel L2=8.496e-02 | pressure=1.451e-02, u=9.826e-03, v=2.079e-01 | Time: 5:16:13.513215
2026-08-15 20:21:06 - deeponet - INFO - Epoch 0780 | data loss=3.139e-03 | bc loss=5.496e-04 | PDE loss=0.000e+00 | valid MSE=1.577e+02 | valid rel L2=4.829e-02 | pressure=1.357e-02, u=9.965e-03, v=2.106e-01 | Time: 5:19:28.181319
2026-08-15 20:24:17 - deeponet - INFO - Epoch 0790 | data loss=3.062e-03 | bc loss=4.820e-04 | PDE loss=0.000e+00 | valid MSE=1.605e+02 | valid rel L2=5.056e-02 | pressure=1.438e-02, u=9.718e-03, v=2.079e-01 | Time: 5:22:38.693710
2026-08-15 20:27:27 - deeponet - INFO - Epoch 0800 | data loss=3.015e-03 | bc loss=4.923e-04 | PDE loss=0.000e+00 | valid MSE=1.490e+02 | valid rel L2=5.206e-02 | pressure=1.407e-02, u=9.812e-03, v=2.088e-01 | Time: 5:25:49.046806
2026-08-15 20:30:37 - deeponet - INFO - Epoch 0810 | data loss=2.985e-03 | bc loss=4.700e-04 | PDE loss=0.000e+00 | valid MSE=1.497e+02 | valid rel L2=5.520e-02 | pressure=1.302e-02, u=9.916e-03, v=2.084e-01 | Time: 5:28:58.657341
2026-08-15 20:33:46 - deeponet - INFO - Epoch 0820 | data loss=2.934e-03 | bc loss=4.764e-04 | PDE loss=0.000e+00 | valid MSE=1.431e+02 | valid rel L2=6.057e-02 | pressure=1.307e-02, u=9.836e-03, v=2.096e-01 | Time: 5:32:08.343229
2026-08-15 20:36:55 - deeponet - INFO - Epoch 0830 | data loss=2.896e-03 | bc loss=4.630e-04 | PDE loss=0.000e+00 | valid MSE=1.438e+02 | valid rel L2=5.490e-02 | pressure=1.317e-02, u=9.820e-03, v=2.073e-01 | Time: 5:35:16.905846
2026-08-15 20:40:04 - deeponet - INFO - Epoch 0840 | data loss=2.855e-03 | bc loss=4.398e-04 | PDE loss=0.000e+00 | valid MSE=1.398e+02 | valid rel L2=4.093e-02 | pressure=1.277e-02, u=9.955e-03, v=2.077e-01 | Time: 5:38:25.809986
2026-08-15 20:43:17 - deeponet - INFO - Epoch 0850 | data loss=2.843e-03 | bc loss=4.600e-04 | PDE loss=0.000e+00 | valid MSE=1.576e+02 | valid rel L2=4.508e-02 | pressure=1.351e-02, u=9.782e-03, v=2.092e-01 | Time: 5:41:39.406217
2026-08-15 20:46:30 - deeponet - INFO - Epoch 0860 | data loss=2.802e-03 | bc loss=4.267e-04 | PDE loss=0.000e+00 | valid MSE=1.434e+02 | valid rel L2=3.969e-02 | pressure=1.299e-02, u=9.760e-03, v=2.070e-01 | Time: 5:44:51.514921
2026-08-15 20:49:42 - deeponet - INFO - Epoch 0870 | data loss=2.773e-03 | bc loss=4.177e-04 | PDE loss=0.000e+00 | valid MSE=1.434e+02 | valid rel L2=4.113e-02 | pressure=1.280e-02, u=9.654e-03, v=2.060e-01 | Time: 5:48:03.840341
2026-08-15 20:52:52 - deeponet - INFO - Epoch 0880 | data loss=2.753e-03 | bc loss=4.168e-04 | PDE loss=0.000e+00 | valid MSE=1.404e+02 | valid rel L2=4.383e-02 | pressure=1.292e-02, u=9.655e-03, v=2.059e-01 | Time: 5:51:14.212743
2026-08-15 20:56:02 - deeponet - INFO - Epoch 0890 | data loss=2.731e-03 | bc loss=4.116e-04 | PDE loss=0.000e+00 | valid MSE=1.396e+02 | valid rel L2=4.700e-02 | pressure=1.291e-02, u=9.683e-03, v=2.067e-01 | Time: 5:54:23.773232
2026-08-15 20:59:12 - deeponet - INFO - Epoch 0900 | data loss=2.722e-03 | bc loss=4.071e-04 | PDE loss=0.000e+00 | valid MSE=1.429e+02 | valid rel L2=4.573e-02 | pressure=1.297e-02, u=9.682e-03, v=2.082e-01 | Time: 5:57:34.000992
2026-08-15 21:02:23 - deeponet - INFO - Epoch 0910 | data loss=2.700e-03 | bc loss=4.047e-04 | PDE loss=0.000e+00 | valid MSE=1.420e+02 | valid rel L2=4.694e-02 | pressure=1.300e-02, u=9.650e-03, v=2.059e-01 | Time: 6:00:44.464755
2026-08-15 21:05:32 - deeponet - INFO - Epoch 0920 | data loss=2.689e-03 | bc loss=4.016e-04 | PDE loss=0.000e+00 | valid MSE=1.444e+02 | valid rel L2=4.347e-02 | pressure=1.303e-02, u=9.614e-03, v=2.056e-01 | Time: 6:03:54.018733
2026-08-15 21:08:45 - deeponet - INFO - Epoch 0930 | data loss=2.677e-03 | bc loss=3.980e-04 | PDE loss=0.000e+00 | valid MSE=1.420e+02 | valid rel L2=4.113e-02 | pressure=1.294e-02, u=9.632e-03, v=2.068e-01 | Time: 6:07:07.126411
2026-08-15 21:11:55 - deeponet - INFO - Epoch 0940 | data loss=2.667e-03 | bc loss=3.960e-04 | PDE loss=0.000e+00 | valid MSE=1.441e+02 | valid rel L2=4.285e-02 | pressure=1.301e-02, u=9.604e-03, v=2.075e-01 | Time: 6:10:16.638430
2026-08-15 21:15:05 - deeponet - INFO - Epoch 0950 | data loss=2.659e-03 | bc loss=3.946e-04 | PDE loss=0.000e+00 | valid MSE=1.444e+02 | valid rel L2=4.088e-02 | pressure=1.303e-02, u=9.614e-03, v=2.071e-01 | Time: 6:13:27.164765
2026-08-15 21:18:14 - deeponet - INFO - Epoch 0960 | data loss=2.651e-03 | bc loss=3.928e-04 | PDE loss=0.000e+00 | valid MSE=1.450e+02 | valid rel L2=4.398e-02 | pressure=1.301e-02, u=9.613e-03, v=2.066e-01 | Time: 6:16:36.173446
2026-08-15 21:21:21 - deeponet - INFO - Epoch 0970 | data loss=2.647e-03 | bc loss=3.915e-04 | PDE loss=0.000e+00 | valid MSE=1.452e+02 | valid rel L2=4.228e-02 | pressure=1.301e-02, u=9.619e-03, v=2.069e-01 | Time: 6:19:43.180431
2026-08-15 21:24:29 - deeponet - INFO - Epoch 0980 | data loss=2.644e-03 | bc loss=3.906e-04 | PDE loss=0.000e+00 | valid MSE=1.437e+02 | valid rel L2=4.225e-02 | pressure=1.297e-02, u=9.615e-03, v=2.067e-01 | Time: 6:22:50.904620
2026-08-15 21:27:38 - deeponet - INFO - Epoch 0990 | data loss=2.641e-03 | bc loss=3.906e-04 | PDE loss=0.000e+00 | valid MSE=1.441e+02 | valid rel L2=4.215e-02 | pressure=1.297e-02, u=9.608e-03, v=2.067e-01 | Time: 6:25:59.803916
2026-08-15 21:30:48 - deeponet - INFO - Epoch 1000 | data loss=2.641e-03 | bc loss=3.900e-04 | PDE loss=0.000e+00 | valid MSE=1.439e+02 | valid rel L2=4.230e-02 | pressure=1.297e-02, u=9.607e-03, v=2.067e-01 | Time: 6:29:10.008923
2026-08-15 21:30:48 - deeponet - INFO - Best validation MSE: 129.91514083317347
2026-08-15 21:30:48 - deeponet - INFO - Saved: /home/hantianl/Documents/PIDIF/DeepONet/results/081526_1/checkpoint.pt
2026-08-17 14:33:06 - deeponet - INFO - e976ee50-99ed-4aba-9b6b-9dcd5634d07d:IPyWidgets:8.1.5
2026-08-17 14:33:06 - deeponet - INFO - ['/jupyter-js-widgets/extension.js']
2026-08-17 14:33:25 - deeponet - INFO - Loaded: /home/hantianl/Documents/PIDIF/DeepONet/results/081526_1/checkpoint.pt
2026-08-17 14:33:25 - deeponet - INFO - Total plotted points: 118374
2026-08-17 14:33:25 - deeponet - INFO - x range: 0.0002473225 0.99973655
2026-08-17 14:33:25 - deeponet - INFO - y range: -0.004464435 0.05446994
2026-08-17 14:34:04 - deeponet - INFO - Total plotted points: 233020
2026-08-17 14:34:04 - deeponet - INFO - x range: 0.0002554613 0.9997464
2026-08-17 14:34:04 - deeponet - INFO - y range: -0.0035673329 0.10356911
2026-08-17 14:35:00 - deeponet - INFO - Total plotted points: 452644
2026-08-17 14:35:00 - deeponet - INFO - x range: 0.00026367579 0.99973226
2026-08-17 14:35:00 - deeponet - INFO - y range: 0.00027718078 0.19971794
2026-08-17 14:37:34 - deeponet - INFO - Test samples: 35
2026-08-17 14:37:34 - deeponet - INFO - Test cases: ['channel_01', 'channel_023', 'channel_031']
2026-08-17 14:37:34 - deeponet - INFO - Total plotted points: 115214
2026-08-17 14:37:34 - deeponet - INFO - x range: 0.00024973397 0.9997233
2026-08-17 14:37:34 - deeponet - INFO - y range: -0.0037942554 0.05377388
2026-08-17 14:37:34 - deeponet - INFO - Test case channel_031 rel l2: [0.008713   0.00847232 0.1127061 ]
2026-08-17 14:37:34 - deeponet - INFO - Test case channel_031 overall avg rel L2: 4.330e-02
2026-08-17 14:37:34 - deeponet - INFO - Test case channel_031 max field err: [4.9662793e+02 1.8584478e-01 5.6963246e-02]
2026-08-17 14:38:12 - deeponet - INFO - Total plotted points: 231432
2026-08-17 14:38:12 - deeponet - INFO - x range: 0.0002676819 0.9997313
2026-08-17 14:38:12 - deeponet - INFO - y range: -0.003934203 0.10390258
2026-08-17 14:38:12 - deeponet - INFO - Test case channel_01 rel l2: [0.03368024 0.00622045 0.11985439]
2026-08-17 14:38:12 - deeponet - INFO - Test case channel_01 overall avg rel L2: 5.325e-02
2026-08-17 14:38:12 - deeponet - INFO - Test case channel_01 max field err: [5.8053662e+02 1.3075811e-01 1.0273363e-01]
2026-08-17 14:39:19 - deeponet - INFO - Total plotted points: 456018
2026-08-17 14:39:19 - deeponet - INFO - x range: 0.00025206534 0.99973655
2026-08-17 14:39:19 - deeponet - INFO - y range: 0.00028049323 0.19973642
2026-08-17 14:39:19 - deeponet - INFO - Test case channel_023 rel l2: [0.01978297 0.00428267 0.06194357]
2026-08-17 14:39:19 - deeponet - INFO - Test case channel_023 overall avg rel L2: 2.867e-02
2026-08-17 14:39:19 - deeponet - INFO - Test case channel_023 max field err: [1.0735920e+03 1.7604536e-01 2.1808197e-01]
2026-08-17 14:41:22 - deeponet - INFO - [0.0207254  0.00632515 0.09816802]
2026-08-17 14:41:22 - deeponet - INFO - [0.03368024 0.00847232 0.11985439]
2026-08-17 14:41:22 - deeponet - INFO - Ablation cases (30): ['channel_000', 'channel_001', 'channel_002', 'channel_003', 'channel_004', 'channel_005', 'channel_006', 'channel_007', 'channel_008', 'channel_009', 'channel_010', 'channel_011', 'channel_012', 'channel_013', 'channel_014', 'channel_015', 'channel_016', 'channel_017', 'channel_018', 'channel_019', 'channel_040', 'channel_041', 'channel_042', 'channel_043', 'channel_044', 'channel_045', 'channel_046', 'channel_047', 'channel_048', 'channel_049']
2026-08-17 14:47:53 - deeponet - INFO - Ablation test samples: 350
2026-08-17 14:47:53 - deeponet - INFO - Ablation test cases: ['channel_000', 'channel_001', 'channel_002', 'channel_003', 'channel_004', 'channel_005', 'channel_006', 'channel_007', 'channel_008', 'channel_009', 'channel_010', 'channel_011', 'channel_012', 'channel_013', 'channel_014', 'channel_015', 'channel_016', 'channel_017', 'channel_018', 'channel_019', 'channel_040', 'channel_041', 'channel_042', 'channel_043', 'channel_044', 'channel_045', 'channel_046', 'channel_047', 'channel_048', 'channel_049']
2026-08-17 14:47:53 - deeponet - INFO - Total plotted points: 121542
2026-08-17 14:47:53 - deeponet - INFO - x range: 0.000253387 0.49975085
2026-08-17 14:47:53 - deeponet - INFO - y range: -0.004461245 0.10446125
2026-08-17 14:47:53 - deeponet - INFO - Test case channel_000 rel l2: [0.04635457 0.00955319 0.20839484]
2026-08-17 14:47:53 - deeponet - INFO - Test case channel_000 overall avg rel L2: 8.810e-02
2026-08-17 14:47:53 - deeponet - INFO - Test case channel_000 max field err: [4.7075024e+02 1.5969926e-01 6.8878800e-02]
2026-08-17 14:48:26 - deeponet - INFO - Total plotted points: 112624
2026-08-17 14:48:26 - deeponet - INFO - x range: 0.000256185 0.49976388
2026-08-17 14:48:26 - deeponet - INFO - y range: -0.00024934742 0.10024885
2026-08-17 14:48:26 - deeponet - INFO - Test case channel_001 rel l2: [0.02201286 0.00811305 0.07787808]
2026-08-17 14:48:26 - deeponet - INFO - Test case channel_001 overall avg rel L2: 3.600e-02
2026-08-17 14:48:26 - deeponet - INFO - Test case channel_001 max field err: [4.9034058e+02 1.3187820e-01 8.2068250e-02]
2026-08-17 14:48:58 - deeponet - INFO - Total plotted points: 117134
2026-08-17 14:48:58 - deeponet - INFO - x range: 0.00025992218 0.4997359
2026-08-17 14:48:58 - deeponet - INFO - y range: -0.0036395767 0.103632234
2026-08-17 14:48:58 - deeponet - INFO - Test case channel_002 rel l2: [0.0324265  0.00850422 0.07873107]
2026-08-17 14:48:58 - deeponet - INFO - Test case channel_002 overall avg rel L2: 3.989e-02
2026-08-17 14:48:58 - deeponet - INFO - Test case channel_002 max field err: [5.5341797e+02 1.5722686e-01 7.2419092e-02]
2026-08-17 14:49:30 - deeponet - INFO - Total plotted points: 112578
2026-08-17 14:49:30 - deeponet - INFO - x range: 0.0002794724 0.49973118
2026-08-17 14:49:30 - deeponet - INFO - y range: 0.00028162193 0.09971426
2026-08-17 14:49:30 - deeponet - INFO - Test case channel_003 rel l2: [0.04916275 0.00822864 0.0682845 ]
2026-08-17 14:49:30 - deeponet - INFO - Test case channel_003 overall avg rel L2: 4.189e-02
2026-08-17 14:49:30 - deeponet - INFO - Test case channel_003 max field err: [5.2506519e+02 1.2788618e-01 8.9424908e-02]
2026-08-17 14:50:00 - deeponet - INFO - Total plotted points: 118686
2026-08-17 14:50:00 - deeponet - INFO - x range: 0.00024805617 0.4997573
2026-08-17 14:50:00 - deeponet - INFO - y range: -0.003030781 0.10303249
2026-08-17 14:50:00 - deeponet - INFO - Test case channel_004 rel l2: [0.03789536 0.0099809  0.08337744]
2026-08-17 14:50:00 - deeponet - INFO - Test case channel_004 overall avg rel L2: 4.375e-02
2026-08-17 14:50:00 - deeponet - INFO - Test case channel_004 max field err: [6.6258472e+02 1.4139631e-01 7.2936758e-02]
2026-08-17 14:50:31 - deeponet - INFO - Total plotted points: 112034
2026-08-17 14:50:31 - deeponet - INFO - x range: 0.00025516894 0.49972665
2026-08-17 14:50:31 - deeponet - INFO - y range: -0.0025692058 0.1025728
2026-08-17 14:50:31 - deeponet - INFO - Test case channel_005 rel l2: [0.02573396 0.00979656 0.06656604]
2026-08-17 14:50:31 - deeponet - INFO - Test case channel_005 overall avg rel L2: 3.403e-02
2026-08-17 14:50:31 - deeponet - INFO - Test case channel_005 max field err: [4.3623730e+02 1.3049009e-01 8.3214134e-02]
2026-08-17 14:51:02 - deeponet - INFO - Total plotted points: 113022
2026-08-17 14:51:02 - deeponet - INFO - x range: 0.00026630537 0.49975508
2026-08-17 14:51:02 - deeponet - INFO - y range: -0.0013682148 0.101372175
2026-08-17 14:51:02 - deeponet - INFO - Test case channel_006 rel l2: [0.02545844 0.00933067 0.07540206]
2026-08-17 14:51:02 - deeponet - INFO - Test case channel_006 overall avg rel L2: 3.673e-02
2026-08-17 14:51:02 - deeponet - INFO - Test case channel_006 max field err: [4.0437134e+02 1.4679015e-01 7.1402922e-02]
2026-08-17 14:51:33 - deeponet - INFO - Total plotted points: 110932
2026-08-17 14:51:33 - deeponet - INFO - x range: 0.0002658703 0.49973857
2026-08-17 14:51:33 - deeponet - INFO - y range: 0.00027391347 0.09971364
2026-08-17 14:51:33 - deeponet - INFO - Test case channel_007 rel l2: [0.02024578 0.00970989 0.06297629]
2026-08-17 14:51:33 - deeponet - INFO - Test case channel_007 overall avg rel L2: 3.098e-02
2026-08-17 14:51:33 - deeponet - INFO - Test case channel_007 max field err: [4.5217578e+02 1.3207883e-01 9.3807772e-02]
2026-08-17 14:52:03 - deeponet - INFO - Total plotted points: 118358
2026-08-17 14:52:03 - deeponet - INFO - x range: 0.0002709674 0.49974006
2026-08-17 14:52:03 - deeponet - INFO - y range: -0.00255133 0.10254594
2026-08-17 14:52:03 - deeponet - INFO - Test case channel_008 rel l2: [0.04411322 0.00897643 0.09260391]
2026-08-17 14:52:03 - deeponet - INFO - Test case channel_008 overall avg rel L2: 4.856e-02
2026-08-17 14:52:03 - deeponet - INFO - Test case channel_008 max field err: [4.4624341e+02 1.5855986e-01 7.4835077e-02]
2026-08-17 14:52:34 - deeponet - INFO - Total plotted points: 115582
2026-08-17 14:52:34 - deeponet - INFO - x range: 0.0002485589 0.49974287
2026-08-17 14:52:34 - deeponet - INFO - y range: -0.001928638 0.10192746
2026-08-17 14:52:34 - deeponet - INFO - Test case channel_009 rel l2: [0.03507074 0.008267   0.07918195]
2026-08-17 14:52:34 - deeponet - INFO - Test case channel_009 overall avg rel L2: 4.084e-02
2026-08-17 14:52:34 - deeponet - INFO - Test case channel_009 max field err: [6.778562e+02 1.498977e-01 8.713898e-02]
2026-08-17 14:53:02 - deeponet - INFO - Total plotted points: 454598
2026-08-17 14:53:02 - deeponet - INFO - x range: 0.0002600262 1.9997942
2026-08-17 14:53:02 - deeponet - INFO - y range: -0.003261111 0.1032591
2026-08-17 14:53:02 - deeponet - INFO - Test case channel_010 rel l2: [0.02634663 0.00765544 0.11875285]
2026-08-17 14:53:02 - deeponet - INFO - Test case channel_010 overall avg rel L2: 5.092e-02
2026-08-17 14:53:02 - deeponet - INFO - Test case channel_010 max field err: [4.1463672e+02 1.8435216e-01 1.2711303e-01]
2026-08-17 14:54:46 - deeponet - INFO - Total plotted points: 461464
2026-08-17 14:54:46 - deeponet - INFO - x range: 0.00025463788 1.9997588
2026-08-17 14:54:46 - deeponet - INFO - y range: -0.0038535034 0.10383343
2026-08-17 14:54:46 - deeponet - INFO - Test case channel_011 rel l2: [0.02351701 0.00707915 0.11989041]
2026-08-17 14:54:46 - deeponet - INFO - Test case channel_011 overall avg rel L2: 5.016e-02
2026-08-17 14:54:46 - deeponet - INFO - Test case channel_011 max field err: [4.9543286e+02 1.7248631e-01 1.2674020e-01]
2026-08-17 14:56:28 - deeponet - INFO - Total plotted points: 452032
2026-08-17 14:56:28 - deeponet - INFO - x range: 0.00025644343 1.9997628
2026-08-17 14:56:28 - deeponet - INFO - y range: -0.004429627 0.10442058
2026-08-17 14:56:29 - deeponet - INFO - Test case channel_012 rel l2: [0.01984927 0.00828893 0.15186875]
2026-08-17 14:56:29 - deeponet - INFO - Test case channel_012 overall avg rel L2: 6.000e-02
2026-08-17 14:56:29 - deeponet - INFO - Test case channel_012 max field err: [6.9226562e+02 2.5219476e-01 1.1409010e-01]
2026-08-17 14:58:12 - deeponet - INFO - Total plotted points: 464772
2026-08-17 14:58:12 - deeponet - INFO - x range: 0.00025487502 1.9997271
2026-08-17 14:58:12 - deeponet - INFO - y range: -0.0043600635 0.10436537
2026-08-17 14:58:12 - deeponet - INFO - Test case channel_013 rel l2: [0.02031502 0.00762367 0.11186903]
2026-08-17 14:58:12 - deeponet - INFO - Test case channel_013 overall avg rel L2: 4.660e-02
2026-08-17 14:58:12 - deeponet - INFO - Test case channel_013 max field err: [4.9777051e+02 1.6833937e-01 1.3753352e-01]
