2026-07-31 20:14:42 - pino - INFO - Training comment
2026-07-31 20:14:42 - pino - INFO - physics informed NO
2026-07-31 20:14:42 - pino - INFO - Available cases (200):
2026-07-31 20:14:42 - pino - INFO - [0, 1, 2, 3, 4, 5, 6, 7, 8, 9, 10, 11, 12, 13, 14, 15, 16, 17, 18, 19, 20, 21, 22, 23, 24, 25, 26, 27, 28, 29, 30, 31, 32, 33, 34, 35, 36, 37, 38, 39, 40, 41, 42, 43, 44, 45, 46, 47, 48, 49, 50, 51, 52, 53, 54, 55, 56, 57, 58, 59, 60, 61, 62, 63, 64, 65, 66, 67, 68, 69, 70, 71, 72, 73, 74, 75, 76, 77, 78, 79, 80, 81, 82, 83, 84, 85, 86, 87, 88, 89, 90, 91, 92, 93, 94, 95, 96, 97, 98, 99, 100, 101, 102, 103, 104, 105, 106, 107, 108, 109, 110, 111, 112, 113, 114, 115, 116, 117, 118, 119, 120, 121, 122, 123, 124, 125, 126, 127, 128, 129, 130, 131, 132, 133, 134, 135, 136, 137, 138, 139, 140, 141, 142, 143, 144, 145, 146, 147, 148, 149, 150, 151, 152, 153, 154, 155, 156, 157, 158, 159, 160, 161, 162, 163, 164, 165, 166, 167, 168, 169, 170, 171, 172, 173, 174, 175, 176, 177, 178, 179, 180, 181, 182, 183, 184, 185, 186, 187, 188, 189, 190, 191, 192, 193, 194, 195, 196, 197, 198, 199]
2026-07-31 20:14:42 - pino - INFO - Train cases (160): ['channel_00', 'channel_01', 'channel_02', 'channel_03', 'channel_04', 'channel_05', 'channel_06', 'channel_07', 'channel_09', 'channel_10', 'channel_11', 'channel_12', 'channel_13', 'channel_14', 'channel_15', 'channel_16', 'channel_17', 'channel_19', 'channel_20', 'channel_21', 'channel_23', 'channel_24', 'channel_25', 'channel_26', 'channel_27', 'channel_29', 'channel_30', 'channel_32', 'channel_36', 'channel_38', 'channel_39', 'channel_40', 'channel_41', 'channel_42', 'channel_43', 'channel_44', 'channel_46', 'channel_47', 'channel_49', 'channel_52', 'channel_54', 'channel_55', 'channel_56', 'channel_57', 'channel_58', 'channel_59', 'channel_60', 'channel_61', 'channel_63', 'channel_64', 'channel_65', 'channel_66', 'channel_67', 'channel_68', 'channel_69', 'channel_70', 'channel_72', 'channel_73', 'channel_74', 'channel_76', 'channel_77', 'channel_78', 'channel_79', 'channel_82', 'channel_83', 'channel_84', 'channel_85', 'channel_86', 'channel_88', 'channel_91', 'channel_92', 'channel_93', 'channel_94', 'channel_95', 'channel_96', 'channel_98', 'channel_99', 'channel_100', 'channel_101', 'channel_102', 'channel_103', 'channel_104', 'channel_105', 'channel_106', 'channel_107', 'channel_108', 'channel_109', 'channel_110', 'channel_112', 'channel_113', 'channel_114', 'channel_115', 'channel_116', 'channel_119', 'channel_120', 'channel_121', 'channel_122', 'channel_123', 'channel_124', 'channel_125', 'channel_126', 'channel_127', 'channel_128', 'channel_129', 'channel_130', 'channel_131', 'channel_132', 'channel_134', 'channel_135', 'channel_136', 'channel_137', 'channel_138', 'channel_139', 'channel_140', 'channel_143', 'channel_144', 'channel_145', 'channel_146', 'channel_147', 'channel_148', 'channel_149', 'channel_150', 'channel_152', 'channel_153', 'channel_155', 'channel_156', 'channel_157', 'channel_158', 'channel_159', 'channel_160', 'channel_161', 'channel_162', 'channel_165', 'channel_166', 'channel_167', 'channel_168', 'channel_169', 'channel_170', 'channel_173', 'channel_174', 'channel_177', 'channel_178', 'channel_179', 'channel_180', 'channel_181', 'channel_182', 'channel_183', 'channel_184', 'channel_185', 'channel_186', 'channel_187', 'channel_188', 'channel_189', 'channel_190', 'channel_192', 'channel_194', 'channel_195', 'channel_196', 'channel_197', 'channel_198']
2026-07-31 20:14:42 - pino - INFO - Valid cases (20): ['channel_08', 'channel_34', 'channel_35', 'channel_37', 'channel_48', 'channel_50', 'channel_53', 'channel_62', 'channel_75', 'channel_80', 'channel_87', 'channel_141', 'channel_142', 'channel_154', 'channel_163', 'channel_164', 'channel_171', 'channel_175', 'channel_176', 'channel_191']
2026-07-31 20:14:42 - pino - INFO - Test  cases (20): ['channel_18', 'channel_22', 'channel_28', 'channel_31', 'channel_33', 'channel_45', 'channel_51', 'channel_71', 'channel_81', 'channel_89', 'channel_90', 'channel_97', 'channel_111', 'channel_117', 'channel_118', 'channel_133', 'channel_151', 'channel_172', 'channel_193', 'channel_199']
2026-07-31 20:46:06 - pino - INFO - Train samples: 1600
2026-07-31 20:46:06 - pino - INFO - Valid samples: 200
2026-07-31 20:46:06 - pino - INFO - Train branch channels: ['x_local', 'y_local', 'wall_mask', 'interface_mask', 'boundary_pressure', 'boundary_u', 'boundary_v', 'known_pressure', 'known_u', 'known_v', 'local_aspect_ratio']
2026-07-31 20:46:06 - pino - INFO - Train trunk channels: ['x_local', 'y_local']
2026-07-31 20:46:06 - pino - INFO - Output channels: ['pressure', 'u', 'v']
2026-07-31 20:46:06 - pino - INFO - Example train sample:
2026-07-31 20:46:06 - pino - INFO - branch: (1024, 11)
2026-07-31 20:46:06 - pino - INFO - query: (23012, 2)
2026-07-31 20:46:06 - pino - INFO - target: (23012, 3)
2026-07-31 20:46:06 - pino - INFO - Train cases: [0, 1, 2, 3, 4, 5, 6, 7, 9, 10, 11, 12, 13, 14, 15, 16, 17, 19, 20, 21, 23, 24, 25, 26, 27, 29, 30, 32, 36, 38, 39, 40, 41, 42, 43, 44, 46, 47, 49, 52, 54, 55, 56, 57, 58, 59, 60, 61, 63, 64, 65, 66, 67, 68, 69, 70, 72, 73, 74, 76, 77, 78, 79, 82, 83, 84, 85, 86, 88, 91, 92, 93, 94, 95, 96, 98, 99, 100, 101, 102, 103, 104, 105, 106, 107, 108, 109, 110, 112, 113, 114, 115, 116, 119, 120, 121, 122, 123, 124, 125, 126, 127, 128, 129, 130, 131, 132, 134, 135, 136, 137, 138, 139, 140, 143, 144, 145, 146, 147, 148, 149, 150, 152, 153, 155, 156, 157, 158, 159, 160, 161, 162, 165, 166, 167, 168, 169, 170, 173, 174, 177, 178, 179, 180, 181, 182, 183, 184, 185, 186, 187, 188, 189, 190, 192, 194, 195, 196, 197, 198]
2026-07-31 20:46:06 - pino - INFO - Valid cases: [8, 34, 35, 37, 48, 50, 53, 62, 75, 80, 87, 141, 142, 154, 163, 164, 171, 175, 176, 191]
2026-07-31 20:46:07 - pino - INFO - Y mean: tensor([ 6.4387e+02,  1.0012e+00, -7.9760e-06])
2026-07-31 20:46:07 - pino - INFO - Y std: tensor([4.1250e+02, 4.2776e-01, 2.2414e-02])
2026-07-31 20:46:07 - pino - INFO - local_aspect_mean: 1.0
2026-07-31 20:46:07 - pino - INFO - local_aspect_std: 9.999999974752427e-07
2026-07-31 20:46:07 - pino - INFO - PDE Reynolds-number range: 99.52143859863281 99.52143859863281
2026-07-31 20:46:07 - pino - INFO - branch batch: torch.Size([50, 1024, 11])
2026-07-31 20:46:07 - pino - INFO - query batch: torch.Size([1160255, 2])
2026-07-31 20:46:07 - pino - INFO - target batch: torch.Size([1160255, 3])
2026-07-31 20:46:07 - pino - INFO - query batch id: tensor(0) tensor(49)
2026-07-31 20:46:07 - pino - INFO - sample indices: tensor([ 826,  346,  329,  816, 1153,  536,  785, 1472,   72,  271,  661,  111,
        1418, 1169, 1121, 1098,  883,  691,  279,  484, 1308,  931,  541,  617,
         419,  109, 1416,   16, 1335,  238, 1096, 1061, 1175,  604,  616, 1052,
         303, 1490,  217, 1143,  871, 1555,  928, 1537, 1559,  933,  856,  648,
          30, 1330])
2026-07-31 20:46:07 - pino - INFO - branch mask batch: torch.Size([50, 1024])
2026-07-31 20:46:08 - pino - INFO - {'branch_input_dim': 11, 'trunk_input_dim': 2, 'output_channels': 3, 'latent_dim': 128, 'branch_point_hidden_dim': 128, 'branch_point_depth': 3, 'branch_global_hidden_dim': 128, 'branch_global_depth': 3, 'trunk_hidden_dim': 128, 'trunk_depth': 4, 'aggregation': 'mean', 'activation': 'gelu', 'layer_norm': False}
2026-07-31 20:58:39 - pino - INFO - Epoch 0001 | data loss=7.683e-01 | bc loss=8.257e-01 | PDE loss=1.014e-02 | valid MSE=4.362e+03 | valid rel L2=2.413e-01 | pressure=1.475e-01, u=2.794e-01, v=9.382e-01 | Time: 0:00:21.892565
2026-07-31 21:01:57 - pino - INFO - Epoch 0010 | data loss=1.730e-01 | bc loss=9.548e-02 | PDE loss=3.273e-03 | valid MSE=4.793e+02 | valid rel L2=7.757e-02 | pressure=4.871e-02, u=7.066e-02, v=6.612e-01 | Time: 0:03:39.438857
2026-07-31 21:05:37 - pino - INFO - Epoch 0020 | data loss=1.355e-01 | bc loss=7.429e-02 | PDE loss=2.751e-03 | valid MSE=3.329e+02 | valid rel L2=6.871e-02 | pressure=4.074e-02, u=3.499e-02, v=6.067e-01 | Time: 0:07:19.554641
2026-07-31 21:09:17 - pino - INFO - Epoch 0030 | data loss=1.141e-01 | bc loss=5.752e-02 | PDE loss=3.744e-03 | valid MSE=3.628e+02 | valid rel L2=7.009e-02 | pressure=4.253e-02, u=3.754e-02, v=5.707e-01 | Time: 0:10:59.767517
2026-07-31 21:12:58 - pino - INFO - Epoch 0040 | data loss=9.363e-02 | bc loss=4.967e-02 | PDE loss=3.100e-03 | valid MSE=2.733e+02 | valid rel L2=6.764e-02 | pressure=3.687e-02, u=3.307e-02, v=5.216e-01 | Time: 0:14:40.458507
2026-07-31 21:16:39 - pino - INFO - Epoch 0050 | data loss=7.404e-02 | bc loss=4.475e-02 | PDE loss=4.254e-03 | valid MSE=2.638e+02 | valid rel L2=6.985e-02 | pressure=3.623e-02, u=3.762e-02, v=4.861e-01 | Time: 0:18:21.517106
2026-07-31 21:20:17 - pino - INFO - Epoch 0060 | data loss=6.374e-02 | bc loss=4.242e-02 | PDE loss=5.641e-03 | valid MSE=3.136e+02 | valid rel L2=7.183e-02 | pressure=3.958e-02, u=3.452e-02, v=4.509e-01 | Time: 0:21:59.871787
2026-07-31 21:23:58 - pino - INFO - Epoch 0070 | data loss=5.187e-02 | bc loss=3.332e-02 | PDE loss=4.994e-03 | valid MSE=2.158e+02 | valid rel L2=6.816e-02 | pressure=3.271e-02, u=2.987e-02, v=4.183e-01 | Time: 0:25:40.761710
2026-07-31 21:27:38 - pino - INFO - Epoch 0080 | data loss=4.486e-02 | bc loss=2.686e-02 | PDE loss=4.474e-03 | valid MSE=2.588e+02 | valid rel L2=7.909e-02 | pressure=3.579e-02, u=2.309e-02, v=3.824e-01 | Time: 0:29:20.612063
2026-07-31 21:31:18 - pino - INFO - Epoch 0090 | data loss=3.721e-02 | bc loss=2.060e-02 | PDE loss=3.543e-03 | valid MSE=1.708e+02 | valid rel L2=5.748e-02 | pressure=2.910e-02, u=2.348e-02, v=3.578e-01 | Time: 0:33:00.446040
2026-07-31 21:34:57 - pino - INFO - Epoch 0100 | data loss=3.306e-02 | bc loss=1.655e-02 | PDE loss=3.370e-03 | valid MSE=1.580e+02 | valid rel L2=4.868e-02 | pressure=2.802e-02, u=1.834e-02, v=3.207e-01 | Time: 0:36:39.557661
2026-07-31 21:38:36 - pino - INFO - Epoch 0110 | data loss=3.195e-02 | bc loss=1.651e-02 | PDE loss=5.923e-03 | valid MSE=1.679e+02 | valid rel L2=6.535e-02 | pressure=2.897e-02, u=2.084e-02, v=3.115e-01 | Time: 0:40:18.761954
2026-07-31 21:42:15 - pino - INFO - Epoch 0120 | data loss=2.574e-02 | bc loss=1.343e-02 | PDE loss=3.604e-03 | valid MSE=1.459e+02 | valid rel L2=5.263e-02 | pressure=2.684e-02, u=1.773e-02, v=2.922e-01 | Time: 0:43:58.022519
2026-07-31 21:45:54 - pino - INFO - Epoch 0130 | data loss=2.455e-02 | bc loss=1.332e-02 | PDE loss=6.936e-03 | valid MSE=9.662e+01 | valid rel L2=3.978e-02 | pressure=2.192e-02, u=1.901e-02, v=2.759e-01 | Time: 0:47:37.260671
2026-07-31 21:49:34 - pino - INFO - Epoch 0140 | data loss=2.317e-02 | bc loss=1.251e-02 | PDE loss=3.397e-03 | valid MSE=1.207e+02 | valid rel L2=4.837e-02 | pressure=2.449e-02, u=1.673e-02, v=2.707e-01 | Time: 0:51:16.578466
2026-07-31 21:53:13 - pino - INFO - Epoch 0150 | data loss=2.122e-02 | bc loss=1.031e-02 | PDE loss=4.298e-03 | valid MSE=1.199e+02 | valid rel L2=5.729e-02 | pressure=2.438e-02, u=1.615e-02, v=2.661e-01 | Time: 0:54:55.864823
2026-07-31 21:56:52 - pino - INFO - Epoch 0160 | data loss=2.089e-02 | bc loss=9.995e-03 | PDE loss=3.068e-03 | valid MSE=8.460e+01 | valid rel L2=3.929e-02 | pressure=2.048e-02, u=1.582e-02, v=2.604e-01 | Time: 0:58:34.920640
2026-07-31 22:00:33 - pino - INFO - Epoch 0170 | data loss=1.974e-02 | bc loss=1.106e-02 | PDE loss=4.108e-03 | valid MSE=1.231e+02 | valid rel L2=5.785e-02 | pressure=2.472e-02, u=2.109e-02, v=2.569e-01 | Time: 1:02:15.803655
2026-07-31 22:04:14 - pino - INFO - Epoch 0180 | data loss=1.858e-02 | bc loss=9.656e-03 | PDE loss=3.609e-03 | valid MSE=1.080e+02 | valid rel L2=4.345e-02 | pressure=2.316e-02, u=1.700e-02, v=2.624e-01 | Time: 1:05:56.669116
2026-07-31 22:07:54 - pino - INFO - Epoch 0190 | data loss=1.758e-02 | bc loss=8.837e-03 | PDE loss=2.996e-03 | valid MSE=8.365e+01 | valid rel L2=4.021e-02 | pressure=2.035e-02, u=1.591e-02, v=2.510e-01 | Time: 1:09:36.494990
2026-07-31 22:11:34 - pino - INFO - Epoch 0200 | data loss=1.765e-02 | bc loss=8.740e-03 | PDE loss=2.921e-03 | valid MSE=8.181e+01 | valid rel L2=3.969e-02 | pressure=2.014e-02, u=1.534e-02, v=2.517e-01 | Time: 1:13:16.772363
2026-07-31 22:15:14 - pino - INFO - Epoch 0210 | data loss=1.665e-02 | bc loss=8.470e-03 | PDE loss=3.348e-03 | valid MSE=1.286e+02 | valid rel L2=4.070e-02 | pressure=2.544e-02, u=1.436e-02, v=2.411e-01 | Time: 1:16:56.837332
2026-07-31 22:18:54 - pino - INFO - Epoch 0220 | data loss=1.559e-02 | bc loss=8.082e-03 | PDE loss=3.919e-03 | valid MSE=7.913e+01 | valid rel L2=3.724e-02 | pressure=1.982e-02, u=1.518e-02, v=2.462e-01 | Time: 1:20:37.213432
2026-07-31 22:22:34 - pino - INFO - Epoch 0230 | data loss=1.637e-02 | bc loss=8.377e-03 | PDE loss=3.611e-03 | valid MSE=9.127e+01 | valid rel L2=4.569e-02 | pressure=2.129e-02, u=1.397e-02, v=2.347e-01 | Time: 1:24:16.924770
2026-07-31 22:26:14 - pino - INFO - Epoch 0240 | data loss=1.613e-02 | bc loss=8.295e-03 | PDE loss=5.485e-03 | valid MSE=7.523e+01 | valid rel L2=3.812e-02 | pressure=1.934e-02, u=1.574e-02, v=2.391e-01 | Time: 1:27:56.779158
2026-07-31 22:29:53 - pino - INFO - Epoch 0250 | data loss=1.418e-02 | bc loss=7.015e-03 | PDE loss=2.985e-03 | valid MSE=8.116e+01 | valid rel L2=3.991e-02 | pressure=2.005e-02, u=1.344e-02, v=2.250e-01 | Time: 1:31:36.064657
2026-07-31 22:33:32 - pino - INFO - Epoch 0260 | data loss=1.352e-02 | bc loss=7.097e-03 | PDE loss=3.717e-03 | valid MSE=8.586e+01 | valid rel L2=4.113e-02 | pressure=2.068e-02, u=1.312e-02, v=2.234e-01 | Time: 1:35:14.953235
2026-07-31 22:37:11 - pino - INFO - Epoch 0270 | data loss=1.311e-02 | bc loss=7.063e-03 | PDE loss=2.593e-03 | valid MSE=1.260e+02 | valid rel L2=5.124e-02 | pressure=2.502e-02, u=1.380e-02, v=2.273e-01 | Time: 1:38:53.899136
2026-07-31 22:40:50 - pino - INFO - Epoch 0280 | data loss=1.310e-02 | bc loss=6.227e-03 | PDE loss=2.958e-03 | valid MSE=8.408e+01 | valid rel L2=4.327e-02 | pressure=2.044e-02, u=1.514e-02, v=2.207e-01 | Time: 1:42:33.020886
2026-07-31 22:44:30 - pino - INFO - Epoch 0290 | data loss=1.157e-02 | bc loss=5.390e-03 | PDE loss=2.594e-03 | valid MSE=6.925e+01 | valid rel L2=3.606e-02 | pressure=1.853e-02, u=1.118e-02, v=2.090e-01 | Time: 1:46:13.120021
2026-07-31 22:48:09 - pino - INFO - Epoch 0300 | data loss=1.352e-02 | bc loss=6.975e-03 | PDE loss=2.676e-03 | valid MSE=1.793e+02 | valid rel L2=8.260e-02 | pressure=2.980e-02, u=1.289e-02, v=2.180e-01 | Time: 1:49:51.754540
2026-07-31 22:51:48 - pino - INFO - Epoch 0310 | data loss=1.284e-02 | bc loss=7.411e-03 | PDE loss=3.487e-03 | valid MSE=7.940e+01 | valid rel L2=3.360e-02 | pressure=1.995e-02, u=1.365e-02, v=2.121e-01 | Time: 1:53:30.488099
2026-07-31 22:55:27 - pino - INFO - Epoch 0320 | data loss=1.239e-02 | bc loss=6.832e-03 | PDE loss=2.282e-03 | valid MSE=5.482e+01 | valid rel L2=2.606e-02 | pressure=1.650e-02, u=1.123e-02, v=2.120e-01 | Time: 1:57:09.462428
2026-07-31 22:59:05 - pino - INFO - Epoch 0330 | data loss=1.101e-02 | bc loss=5.942e-03 | PDE loss=4.426e-03 | valid MSE=8.200e+01 | valid rel L2=5.045e-02 | pressure=2.022e-02, u=1.150e-02, v=2.096e-01 | Time: 2:00:48.173536
2026-07-31 23:02:45 - pino - INFO - Epoch 0340 | data loss=1.349e-02 | bc loss=7.208e-03 | PDE loss=3.241e-03 | valid MSE=9.348e+01 | valid rel L2=3.723e-02 | pressure=2.156e-02, u=1.145e-02, v=2.122e-01 | Time: 2:04:27.742149
2026-07-31 23:06:25 - pino - INFO - Epoch 0350 | data loss=1.052e-02 | bc loss=5.397e-03 | PDE loss=2.238e-03 | valid MSE=6.899e+01 | valid rel L2=3.907e-02 | pressure=1.850e-02, u=1.189e-02, v=2.183e-01 | Time: 2:08:07.636599
2026-07-31 23:10:05 - pino - INFO - Epoch 0360 | data loss=9.577e-03 | bc loss=4.664e-03 | PDE loss=2.155e-03 | valid MSE=5.513e+01 | valid rel L2=2.955e-02 | pressure=1.654e-02, u=1.282e-02, v=2.017e-01 | Time: 2:11:47.665377
2026-07-31 23:13:45 - pino - INFO - Epoch 0370 | data loss=1.041e-02 | bc loss=6.173e-03 | PDE loss=3.137e-03 | valid MSE=8.366e+01 | valid rel L2=3.547e-02 | pressure=2.036e-02, u=1.897e-02, v=2.096e-01 | Time: 2:15:27.482240
2026-07-31 23:17:25 - pino - INFO - Epoch 0380 | data loss=8.913e-03 | bc loss=4.420e-03 | PDE loss=2.433e-03 | valid MSE=5.253e+01 | valid rel L2=2.787e-02 | pressure=1.613e-02, u=9.675e-03, v=1.912e-01 | Time: 2:19:07.599104
2026-07-31 23:21:04 - pino - INFO - Epoch 0390 | data loss=9.459e-03 | bc loss=4.641e-03 | PDE loss=1.925e-03 | valid MSE=5.078e+01 | valid rel L2=2.773e-02 | pressure=1.588e-02, u=9.936e-03, v=1.897e-01 | Time: 2:22:46.650055
2026-07-31 23:24:43 - pino - INFO - Epoch 0400 | data loss=8.538e-03 | bc loss=4.284e-03 | PDE loss=1.827e-03 | valid MSE=4.574e+01 | valid rel L2=2.974e-02 | pressure=1.506e-02, u=1.075e-02, v=1.905e-01 | Time: 2:26:25.805114
2026-07-31 23:28:22 - pino - INFO - Epoch 0410 | data loss=1.190e-02 | bc loss=6.644e-03 | PDE loss=2.877e-03 | valid MSE=5.015e+01 | valid rel L2=3.387e-02 | pressure=1.580e-02, u=1.036e-02, v=1.928e-01 | Time: 2:30:04.629810
2026-07-31 23:32:01 - pino - INFO - Epoch 0420 | data loss=8.819e-03 | bc loss=4.593e-03 | PDE loss=1.905e-03 | valid MSE=6.312e+01 | valid rel L2=4.369e-02 | pressure=1.772e-02, u=1.592e-02, v=2.157e-01 | Time: 2:33:43.566886
2026-07-31 23:35:40 - pino - INFO - Epoch 0430 | data loss=7.952e-03 | bc loss=3.956e-03 | PDE loss=1.628e-03 | valid MSE=4.212e+01 | valid rel L2=2.097e-02 | pressure=1.446e-02, u=9.812e-03, v=1.802e-01 | Time: 2:37:22.639037
2026-07-31 23:39:18 - pino - INFO - Epoch 0440 | data loss=1.116e-02 | bc loss=7.746e-03 | PDE loss=6.547e-03 | valid MSE=6.568e+01 | valid rel L2=2.809e-02 | pressure=1.809e-02, u=1.748e-02, v=2.034e-01 | Time: 2:41:01.270217
2026-07-31 23:42:57 - pino - INFO - Epoch 0450 | data loss=9.457e-03 | bc loss=5.511e-03 | PDE loss=2.784e-03 | valid MSE=5.763e+01 | valid rel L2=2.876e-02 | pressure=1.692e-02, u=1.442e-02, v=1.952e-01 | Time: 2:44:39.906394
2026-07-31 23:46:36 - pino - INFO - Epoch 0460 | data loss=7.170e-03 | bc loss=3.589e-03 | PDE loss=1.556e-03 | valid MSE=4.056e+01 | valid rel L2=2.121e-02 | pressure=1.418e-02, u=8.221e-03, v=1.745e-01 | Time: 2:48:18.473355
2026-07-31 23:50:14 - pino - INFO - Epoch 0470 | data loss=7.223e-03 | bc loss=3.590e-03 | PDE loss=1.582e-03 | valid MSE=4.149e+01 | valid rel L2=2.824e-02 | pressure=1.435e-02, u=8.165e-03, v=1.750e-01 | Time: 2:51:57.059853
2026-07-31 23:53:53 - pino - INFO - Epoch 0480 | data loss=7.363e-03 | bc loss=3.756e-03 | PDE loss=2.615e-03 | valid MSE=3.991e+01 | valid rel L2=2.610e-02 | pressure=1.407e-02, u=8.947e-03, v=1.756e-01 | Time: 2:55:35.580149
2026-07-31 23:57:31 - pino - INFO - Epoch 0490 | data loss=7.454e-03 | bc loss=4.004e-03 | PDE loss=1.792e-03 | valid MSE=3.722e+01 | valid rel L2=2.183e-02 | pressure=1.358e-02, u=9.541e-03, v=1.753e-01 | Time: 2:59:14.093972
2026-08-01 00:01:10 - pino - INFO - Epoch 0500 | data loss=7.092e-03 | bc loss=3.406e-03 | PDE loss=1.515e-03 | valid MSE=3.857e+01 | valid rel L2=2.062e-02 | pressure=1.381e-02, u=9.981e-03, v=1.834e-01 | Time: 3:02:52.652822
2026-08-01 00:04:49 - pino - INFO - Epoch 0510 | data loss=6.622e-03 | bc loss=3.358e-03 | PDE loss=1.390e-03 | valid MSE=3.667e+01 | valid rel L2=2.018e-02 | pressure=1.349e-02, u=8.206e-03, v=1.684e-01 | Time: 3:06:31.418161
2026-08-01 00:08:27 - pino - INFO - Epoch 0520 | data loss=6.780e-03 | bc loss=3.818e-03 | PDE loss=1.506e-03 | valid MSE=4.144e+01 | valid rel L2=2.857e-02 | pressure=1.434e-02, u=8.155e-03, v=1.734e-01 | Time: 3:10:10.125260
2026-08-01 00:12:06 - pino - INFO - Epoch 0530 | data loss=6.407e-03 | bc loss=3.235e-03 | PDE loss=1.356e-03 | valid MSE=3.711e+01 | valid rel L2=2.067e-02 | pressure=1.357e-02, u=8.141e-03, v=1.743e-01 | Time: 3:13:48.667757
2026-08-01 00:15:44 - pino - INFO - Epoch 0540 | data loss=7.237e-03 | bc loss=4.806e-03 | PDE loss=1.349e-03 | valid MSE=4.221e+01 | valid rel L2=2.429e-02 | pressure=1.447e-02, u=9.425e-03, v=1.795e-01 | Time: 3:17:27.207196
2026-08-01 00:19:23 - pino - INFO - Epoch 0550 | data loss=7.617e-03 | bc loss=4.117e-03 | PDE loss=1.648e-03 | valid MSE=5.017e+01 | valid rel L2=2.947e-02 | pressure=1.580e-02, u=9.440e-03, v=1.760e-01 | Time: 3:21:05.937232
2026-08-01 00:23:02 - pino - INFO - Epoch 0560 | data loss=7.006e-03 | bc loss=3.729e-03 | PDE loss=1.547e-03 | valid MSE=4.068e+01 | valid rel L2=2.261e-02 | pressure=1.421e-02, u=1.215e-02, v=2.003e-01 | Time: 3:24:44.592581
2026-08-01 00:26:41 - pino - INFO - Epoch 0570 | data loss=9.593e-03 | bc loss=5.454e-03 | PDE loss=1.327e-02 | valid MSE=9.024e+01 | valid rel L2=4.445e-02 | pressure=2.124e-02, u=1.909e-02, v=1.911e-01 | Time: 3:28:23.304124
2026-08-01 00:30:19 - pino - INFO - Epoch 0580 | data loss=5.976e-03 | bc loss=2.949e-03 | PDE loss=1.209e-03 | valid MSE=3.520e+01 | valid rel L2=1.980e-02 | pressure=1.322e-02, u=7.789e-03, v=1.659e-01 | Time: 3:32:01.793279
2026-08-01 00:33:57 - pino - INFO - Epoch 0590 | data loss=5.559e-03 | bc loss=2.901e-03 | PDE loss=1.245e-03 | valid MSE=3.297e+01 | valid rel L2=1.928e-02 | pressure=1.279e-02, u=7.938e-03, v=1.705e-01 | Time: 3:35:40.082027
2026-08-01 00:37:36 - pino - INFO - Epoch 0600 | data loss=5.509e-03 | bc loss=2.802e-03 | PDE loss=1.183e-03 | valid MSE=3.364e+01 | valid rel L2=1.982e-02 | pressure=1.292e-02, u=8.123e-03, v=1.695e-01 | Time: 3:39:18.810749
2026-08-01 00:41:15 - pino - INFO - Epoch 0610 | data loss=5.453e-03 | bc loss=2.753e-03 | PDE loss=1.149e-03 | valid MSE=3.223e+01 | valid rel L2=1.903e-02 | pressure=1.265e-02, u=7.920e-03, v=1.659e-01 | Time: 3:42:57.696132
2026-08-01 00:44:54 - pino - INFO - Epoch 0620 | data loss=5.902e-03 | bc loss=2.978e-03 | PDE loss=1.938e-03 | valid MSE=3.502e+01 | valid rel L2=2.493e-02 | pressure=1.319e-02, u=8.652e-03, v=1.680e-01 | Time: 3:46:36.441379
2026-08-01 00:48:33 - pino - INFO - Epoch 0630 | data loss=5.892e-03 | bc loss=2.921e-03 | PDE loss=1.164e-03 | valid MSE=3.322e+01 | valid rel L2=2.171e-02 | pressure=1.284e-02, u=8.424e-03, v=1.622e-01 | Time: 3:50:15.993340
2026-08-01 00:52:12 - pino - INFO - Epoch 0640 | data loss=5.499e-03 | bc loss=2.768e-03 | PDE loss=1.146e-03 | valid MSE=3.596e+01 | valid rel L2=2.897e-02 | pressure=1.333e-02, u=8.884e-03, v=1.734e-01 | Time: 3:53:54.965376
2026-08-01 00:55:51 - pino - INFO - Epoch 0650 | data loss=5.246e-03 | bc loss=2.699e-03 | PDE loss=1.110e-03 | valid MSE=3.258e+01 | valid rel L2=2.162e-02 | pressure=1.270e-02, u=7.533e-03, v=1.600e-01 | Time: 3:57:33.602306
2026-08-01 00:59:29 - pino - INFO - Epoch 0660 | data loss=5.338e-03 | bc loss=2.762e-03 | PDE loss=1.143e-03 | valid MSE=2.971e+01 | valid rel L2=1.857e-02 | pressure=1.213e-02, u=7.387e-03, v=1.577e-01 | Time: 4:01:12.234065
2026-08-01 01:03:08 - pino - INFO - Epoch 0670 | data loss=4.998e-03 | bc loss=2.581e-03 | PDE loss=1.233e-03 | valid MSE=3.029e+01 | valid rel L2=1.825e-02 | pressure=1.226e-02, u=7.611e-03, v=1.604e-01 | Time: 4:04:51.113994
2026-08-01 01:06:48 - pino - INFO - Epoch 0680 | data loss=6.337e-03 | bc loss=4.366e-03 | PDE loss=1.394e-03 | valid MSE=3.223e+01 | valid rel L2=2.435e-02 | pressure=1.265e-02, u=7.842e-03, v=1.656e-01 | Time: 4:08:30.872473
2026-08-01 01:10:28 - pino - INFO - Epoch 0690 | data loss=5.130e-03 | bc loss=2.584e-03 | PDE loss=1.059e-03 | valid MSE=2.755e+01 | valid rel L2=1.741e-02 | pressure=1.169e-02, u=7.953e-03, v=1.604e-01 | Time: 4:12:10.479290
2026-08-01 01:14:07 - pino - INFO - Epoch 0700 | data loss=4.795e-03 | bc loss=2.432e-03 | PDE loss=1.011e-03 | valid MSE=2.849e+01 | valid rel L2=1.918e-02 | pressure=1.188e-02, u=8.019e-03, v=1.604e-01 | Time: 4:15:49.925309
2026-08-01 01:17:46 - pino - INFO - Epoch 0710 | data loss=5.309e-03 | bc loss=3.249e-03 | PDE loss=1.133e-03 | valid MSE=2.747e+01 | valid rel L2=1.662e-02 | pressure=1.167e-02, u=7.131e-03, v=1.591e-01 | Time: 4:19:28.692534
2026-08-01 01:21:25 - pino - INFO - Epoch 0720 | data loss=4.644e-03 | bc loss=2.386e-03 | PDE loss=9.897e-04 | valid MSE=2.666e+01 | valid rel L2=1.649e-02 | pressure=1.149e-02, u=7.184e-03, v=1.556e-01 | Time: 4:23:07.635480
2026-08-01 01:25:04 - pino - INFO - Epoch 0730 | data loss=4.533e-03 | bc loss=2.325e-03 | PDE loss=9.700e-04 | valid MSE=2.844e+01 | valid rel L2=1.637e-02 | pressure=1.188e-02, u=8.041e-03, v=1.655e-01 | Time: 4:26:47.220260
2026-08-01 01:28:44 - pino - INFO - Epoch 0740 | data loss=4.847e-03 | bc loss=2.471e-03 | PDE loss=9.910e-04 | valid MSE=2.669e+01 | valid rel L2=2.129e-02 | pressure=1.151e-02, u=7.986e-03, v=1.627e-01 | Time: 4:30:27.004583
2026-08-01 01:32:25 - pino - INFO - Epoch 0750 | data loss=4.621e-03 | bc loss=2.428e-03 | PDE loss=1.083e-03 | valid MSE=2.542e+01 | valid rel L2=1.669e-02 | pressure=1.123e-02, u=8.312e-03, v=1.584e-01 | Time: 4:34:07.491077
2026-08-01 01:36:04 - pino - INFO - Epoch 0760 | data loss=4.528e-03 | bc loss=2.328e-03 | PDE loss=9.351e-04 | valid MSE=2.515e+01 | valid rel L2=1.580e-02 | pressure=1.117e-02, u=7.161e-03, v=1.544e-01 | Time: 4:37:47.264973
2026-08-01 01:39:44 - pino - INFO - Epoch 0770 | data loss=4.363e-03 | bc loss=2.260e-03 | PDE loss=9.247e-04 | valid MSE=2.536e+01 | valid rel L2=1.687e-02 | pressure=1.121e-02, u=7.256e-03, v=1.563e-01 | Time: 4:41:26.990772
2026-08-01 01:43:24 - pino - INFO - Epoch 0780 | data loss=4.288e-03 | bc loss=2.230e-03 | PDE loss=9.438e-04 | valid MSE=2.496e+01 | valid rel L2=1.653e-02 | pressure=1.112e-02, u=6.872e-03, v=1.529e-01 | Time: 4:45:06.847910
2026-08-01 01:47:03 - pino - INFO - Epoch 0790 | data loss=4.314e-03 | bc loss=2.243e-03 | PDE loss=9.241e-04 | valid MSE=2.505e+01 | valid rel L2=1.645e-02 | pressure=1.114e-02, u=6.893e-03, v=1.524e-01 | Time: 4:48:45.507034
2026-08-01 01:50:42 - pino - INFO - Epoch 0800 | data loss=4.551e-03 | bc loss=2.897e-03 | PDE loss=9.293e-04 | valid MSE=2.502e+01 | valid rel L2=1.628e-02 | pressure=1.114e-02, u=6.911e-03, v=1.560e-01 | Time: 4:52:24.709886
2026-08-01 01:54:25 - pino - INFO - Epoch 0810 | data loss=4.192e-03 | bc loss=2.199e-03 | PDE loss=9.931e-04 | valid MSE=2.545e+01 | valid rel L2=1.647e-02 | pressure=1.123e-02, u=6.673e-03, v=1.504e-01 | Time: 4:56:07.951087
2026-08-01 01:58:04 - pino - INFO - Epoch 0820 | data loss=4.302e-03 | bc loss=2.222e-03 | PDE loss=9.004e-04 | valid MSE=2.429e+01 | valid rel L2=1.578e-02 | pressure=1.097e-02, u=6.659e-03, v=1.509e-01 | Time: 4:59:47.088292
2026-08-01 02:01:43 - pino - INFO - Epoch 0830 | data loss=4.164e-03 | bc loss=2.179e-03 | PDE loss=8.766e-04 | valid MSE=2.406e+01 | valid rel L2=1.571e-02 | pressure=1.092e-02, u=6.697e-03, v=1.504e-01 | Time: 5:03:26.051735
2026-08-01 02:05:22 - pino - INFO - Epoch 0840 | data loss=4.129e-03 | bc loss=2.144e-03 | PDE loss=8.627e-04 | valid MSE=2.399e+01 | valid rel L2=1.628e-02 | pressure=1.090e-02, u=6.691e-03, v=1.500e-01 | Time: 5:07:05.010067
2026-08-01 02:09:01 - pino - INFO - Epoch 0850 | data loss=4.161e-03 | bc loss=2.170e-03 | PDE loss=8.555e-04 | valid MSE=2.312e+01 | valid rel L2=1.505e-02 | pressure=1.071e-02, u=6.644e-03, v=1.500e-01 | Time: 5:10:43.754985
2026-08-01 02:12:40 - pino - INFO - Epoch 0860 | data loss=4.093e-03 | bc loss=2.137e-03 | PDE loss=8.804e-04 | valid MSE=2.311e+01 | valid rel L2=1.626e-02 | pressure=1.070e-02, u=6.605e-03, v=1.493e-01 | Time: 5:14:22.402016
2026-08-01 02:16:18 - pino - INFO - Epoch 0870 | data loss=4.061e-03 | bc loss=2.130e-03 | PDE loss=8.490e-04 | valid MSE=2.326e+01 | valid rel L2=1.526e-02 | pressure=1.074e-02, u=6.580e-03, v=1.486e-01 | Time: 5:18:00.908172
2026-08-01 02:19:57 - pino - INFO - Epoch 0880 | data loss=4.055e-03 | bc loss=2.116e-03 | PDE loss=8.367e-04 | valid MSE=2.300e+01 | valid rel L2=1.521e-02 | pressure=1.068e-02, u=6.712e-03, v=1.510e-01 | Time: 5:21:39.391737
2026-08-01 02:23:35 - pino - INFO - Epoch 0890 | data loss=4.031e-03 | bc loss=2.094e-03 | PDE loss=8.290e-04 | valid MSE=2.276e+01 | valid rel L2=1.509e-02 | pressure=1.062e-02, u=6.625e-03, v=1.491e-01 | Time: 5:25:18.099682
2026-08-01 02:27:14 - pino - INFO - Epoch 0900 | data loss=4.012e-03 | bc loss=2.089e-03 | PDE loss=8.283e-04 | valid MSE=2.284e+01 | valid rel L2=1.494e-02 | pressure=1.064e-02, u=6.797e-03, v=1.501e-01 | Time: 5:28:56.893456
2026-08-01 02:30:53 - pino - INFO - Epoch 0910 | data loss=4.007e-03 | bc loss=2.089e-03 | PDE loss=8.273e-04 | valid MSE=2.303e+01 | valid rel L2=1.516e-02 | pressure=1.068e-02, u=6.488e-03, v=1.482e-01 | Time: 5:32:35.743857
2026-08-01 02:34:32 - pino - INFO - Epoch 0920 | data loss=3.979e-03 | bc loss=2.068e-03 | PDE loss=8.195e-04 | valid MSE=2.282e+01 | valid rel L2=1.483e-02 | pressure=1.064e-02, u=6.558e-03, v=1.490e-01 | Time: 5:36:14.377585
2026-08-01 02:38:10 - pino - INFO - Epoch 0930 | data loss=3.958e-03 | bc loss=2.065e-03 | PDE loss=8.241e-04 | valid MSE=2.276e+01 | valid rel L2=1.468e-02 | pressure=1.062e-02, u=6.670e-03, v=1.497e-01 | Time: 5:39:53.143853
2026-08-01 02:41:49 - pino - INFO - Epoch 0940 | data loss=3.956e-03 | bc loss=2.063e-03 | PDE loss=8.226e-04 | valid MSE=2.278e+01 | valid rel L2=1.484e-02 | pressure=1.063e-02, u=6.556e-03, v=1.488e-01 | Time: 5:43:31.991061
2026-08-01 02:45:28 - pino - INFO - Epoch 0950 | data loss=3.946e-03 | bc loss=2.054e-03 | PDE loss=8.118e-04 | valid MSE=2.273e+01 | valid rel L2=1.478e-02 | pressure=1.061e-02, u=6.562e-03, v=1.487e-01 | Time: 5:47:10.375365
2026-08-01 02:49:06 - pino - INFO - Epoch 0960 | data loss=3.948e-03 | bc loss=2.052e-03 | PDE loss=8.194e-04 | valid MSE=2.280e+01 | valid rel L2=1.473e-02 | pressure=1.063e-02, u=6.655e-03, v=1.493e-01 | Time: 5:50:49.110824
2026-08-01 02:52:46 - pino - INFO - Epoch 0970 | data loss=3.941e-03 | bc loss=2.050e-03 | PDE loss=8.186e-04 | valid MSE=2.273e+01 | valid rel L2=1.471e-02 | pressure=1.061e-02, u=6.559e-03, v=1.487e-01 | Time: 5:54:28.779446
2026-08-01 02:56:26 - pino - INFO - Epoch 0980 | data loss=3.935e-03 | bc loss=2.051e-03 | PDE loss=8.184e-04 | valid MSE=2.271e+01 | valid rel L2=1.471e-02 | pressure=1.061e-02, u=6.538e-03, v=1.487e-01 | Time: 5:58:08.361868
2026-08-01 03:00:05 - pino - INFO - Epoch 0990 | data loss=3.933e-03 | bc loss=2.047e-03 | PDE loss=8.194e-04 | valid MSE=2.270e+01 | valid rel L2=1.471e-02 | pressure=1.061e-02, u=6.538e-03, v=1.486e-01 | Time: 6:01:47.716625
2026-08-01 03:03:44 - pino - INFO - Epoch 1000 | data loss=3.933e-03 | bc loss=2.046e-03 | PDE loss=8.130e-04 | valid MSE=2.271e+01 | valid rel L2=1.471e-02 | pressure=1.061e-02, u=6.540e-03, v=1.487e-01 | Time: 6:05:27.233169
2026-08-01 03:03:44 - pino - INFO - Best validation MSE: 22.63147497177124
2026-08-01 03:03:44 - pino - INFO - Saved: /home/hantianl/Documents/PIDIF/DeepONet/results/073126_1/checkpoint.pt
