2026-08-05 16:44:41 - transient_deeponet - INFO - Training comment
2026-08-05 16:44:41 - transient_deeponet - INFO - Cylinder transient data; complete 100-step trajectory per x-strip sample, 5 realizations, 5k epochs, split at center of cylinder
2026-08-05 16:44:41 - transient_deeponet - INFO - Output directory: /home/hantianl/Documents/PIDIF/DeepONet/results/transient_080526_2
2026-08-05 16:44:41 - transient_deeponet - INFO - Available complete cases (20):
2026-08-05 16:44:41 - transient_deeponet - INFO - ['channel_000', 'channel_001', 'channel_002', 'channel_003', 'channel_004', 'channel_005', 'channel_006', 'channel_007', 'channel_008', 'channel_009', 'channel_010', 'channel_011', 'channel_012', 'channel_013', 'channel_014', 'channel_015', 'channel_016', 'channel_017', 'channel_018', 'channel_019']
2026-08-05 16:44:41 - transient_deeponet - INFO - Train cases (16): ['channel_000', 'channel_002', 'channel_003', 'channel_004', 'channel_005', 'channel_006', 'channel_007', 'channel_008', 'channel_010', 'channel_011', 'channel_012', 'channel_013', 'channel_016', 'channel_017', 'channel_018', 'channel_019']
2026-08-05 16:44:41 - transient_deeponet - INFO - Valid cases (2): ['channel_009', 'channel_014']
2026-08-05 16:44:41 - transient_deeponet - INFO - Test  cases (2): ['channel_001', 'channel_015']
2026-08-05 17:23:43 - transient_deeponet - INFO - Train samples: 800
2026-08-05 17:23:43 - transient_deeponet - INFO - Valid samples: 100
2026-08-05 17:23:43 - transient_deeponet - INFO - Windows per train case: {'channel_000': 1, 'channel_002': 1, 'channel_003': 1, 'channel_004': 1, 'channel_005': 1, 'channel_006': 1, 'channel_007': 1, 'channel_008': 1, 'channel_010': 1, 'channel_011': 1, 'channel_012': 1, 'channel_013': 1, 'channel_016': 1, 'channel_017': 1, 'channel_018': 1, 'channel_019': 1}
2026-08-05 17:23:43 - transient_deeponet - INFO - Branch channels: ['x_local', 'y_local', 'time_local', 'boundary_mask', 'wall_mask', 'interface_mask', 'initial_mask', 'cylinder_mask', 'sensor_pressure', 'sensor_u', 'sensor_v', 'known_pressure', 'known_u', 'known_v', 'local_aspect_ratio']
2026-08-05 17:23:43 - transient_deeponet - INFO - Trunk channels: ['x_local', 'y_local', 'time_local']
2026-08-05 17:23:43 - transient_deeponet - INFO - Output channels: ['pressure', 'u', 'v']
2026-08-05 17:23:43 - transient_deeponet - INFO - Example branch: (53248, 15)
2026-08-05 17:23:43 - transient_deeponet - INFO - Example spatial query: (62702, 2)
2026-08-05 17:23:43 - transient_deeponet - INFO - Example time query: (100,)
2026-08-05 17:23:43 - transient_deeponet - INFO - Example target: (100, 62702, 3)
2026-08-05 17:23:43 - transient_deeponet - INFO - Train cases: ['channel_000', 'channel_002', 'channel_003', 'channel_004', 'channel_005', 'channel_006', 'channel_007', 'channel_008', 'channel_010', 'channel_011', 'channel_012', 'channel_013', 'channel_016', 'channel_017', 'channel_018', 'channel_019']
2026-08-05 17:23:43 - transient_deeponet - INFO - Valid cases: ['channel_009', 'channel_014']
2026-08-05 17:23:43 - transient_deeponet - INFO - Train time steps per sample: [100]
2026-08-05 17:23:43 - transient_deeponet - INFO - Train subdomains per case: {'channel_000': 50, 'channel_002': 50, 'channel_003': 50, 'channel_004': 50, 'channel_005': 50, 'channel_006': 50, 'channel_007': 50, 'channel_008': 50, 'channel_010': 50, 'channel_011': 50, 'channel_012': 50, 'channel_013': 50, 'channel_016': 50, 'channel_017': 50, 'channel_018': 50, 'channel_019': 50}
2026-08-05 17:26:02 - transient_deeponet - INFO - Y mean: tensor([ 1.0487e+03,  1.0047e+00, -1.8899e-05])
2026-08-05 17:26:02 - transient_deeponet - INFO - Y std: tensor([7.9842e+02, 4.0944e-01, 7.0321e-02])
2026-08-05 17:26:02 - transient_deeponet - INFO - local_aspect_mean: 1.0
2026-08-05 17:26:02 - transient_deeponet - INFO - local_aspect_std: 0.7103230953216553
2026-08-05 17:26:02 - transient_deeponet - INFO - branch batch: torch.Size([2, 53248, 15])
2026-08-05 17:26:02 - transient_deeponet - INFO - query batch: torch.Size([16384, 3])
2026-08-05 17:26:02 - transient_deeponet - INFO - target batch: torch.Size([16384, 3])
2026-08-05 17:26:02 - transient_deeponet - INFO - query batch id: tensor(0) tensor(1)
2026-08-05 17:26:02 - transient_deeponet - INFO - sample indices: tensor([26, 17])
2026-08-05 17:26:02 - transient_deeponet - INFO - branch mask batch: torch.Size([2, 53248])
2026-08-05 17:26:03 - transient_deeponet - INFO - {'branch_input_dim': 15, 'trunk_input_dim': 3, 'output_channels': 3, 'latent_dim': 128, 'branch_point_hidden_dim': 128, 'branch_point_depth': 3, 'branch_global_hidden_dim': 128, 'branch_global_depth': 3, 'trunk_hidden_dim': 128, 'trunk_depth': 4, 'aggregation': 'mean', 'activation': 'gelu', 'layer_norm': False}
2026-08-05 17:27:33 - transient_deeponet - INFO - Epoch 0001 | data loss=1.081e+00 | bc loss=5.344e-01 | ic loss=8.380e-01 | valid MSE=3.931e+04 | valid rel L2=4.697e-01 | pressure=3.084e-01, u=3.233e-01, v=1.000e+00 | Time: 0:01:29.651838
2026-08-05 17:44:48 - transient_deeponet - INFO - Epoch 0010 | data loss=4.421e-01 | bc loss=1.317e-01 | ic loss=3.623e-01 | valid MSE=6.898e+03 | valid rel L2=2.992e-01 | pressure=1.292e-01, u=2.085e-01, v=8.199e-01 | Time: 0:18:44.261878
2026-08-05 18:02:42 - transient_deeponet - INFO - Epoch 0020 | data loss=2.735e-01 | bc loss=1.118e-01 | ic loss=2.164e-01 | valid MSE=6.521e+03 | valid rel L2=3.103e-01 | pressure=1.256e-01, u=1.662e-01, v=5.588e-01 | Time: 0:36:38.317286
2026-08-05 18:20:58 - transient_deeponet - INFO - Epoch 0030 | data loss=1.975e-01 | bc loss=8.340e-02 | ic loss=1.245e-01 | valid MSE=2.560e+03 | valid rel L2=1.488e-01 | pressure=7.871e-02, u=1.107e-01, v=5.511e-01 | Time: 0:54:54.302232
2026-08-05 18:40:57 - transient_deeponet - INFO - Epoch 0040 | data loss=1.871e-01 | bc loss=7.552e-02 | ic loss=1.199e-01 | valid MSE=3.104e+03 | valid rel L2=1.867e-01 | pressure=8.667e-02, u=1.023e-01, v=5.606e-01 | Time: 1:14:53.661039
2026-08-05 19:01:42 - transient_deeponet - INFO - Epoch 0050 | data loss=1.645e-01 | bc loss=7.964e-02 | ic loss=9.544e-02 | valid MSE=2.844e+03 | valid rel L2=1.091e-01 | pressure=8.297e-02, u=9.214e-02, v=4.747e-01 | Time: 1:35:38.924431
2026-08-05 19:20:53 - transient_deeponet - INFO - Epoch 0060 | data loss=1.575e-01 | bc loss=7.275e-02 | ic loss=9.275e-02 | valid MSE=3.151e+03 | valid rel L2=1.854e-01 | pressure=8.733e-02, u=1.054e-01, v=5.180e-01 | Time: 1:54:49.898872
2026-08-05 19:39:21 - transient_deeponet - INFO - Epoch 0070 | data loss=1.382e-01 | bc loss=5.899e-02 | ic loss=8.108e-02 | valid MSE=3.072e+03 | valid rel L2=1.536e-01 | pressure=8.623e-02, u=8.954e-02, v=4.382e-01 | Time: 2:13:17.959256
2026-08-05 19:58:06 - transient_deeponet - INFO - Epoch 0080 | data loss=1.347e-01 | bc loss=6.722e-02 | ic loss=7.700e-02 | valid MSE=2.646e+03 | valid rel L2=1.623e-01 | pressure=8.002e-02, u=9.669e-02, v=4.350e-01 | Time: 2:32:02.240550
2026-08-05 20:16:02 - transient_deeponet - INFO - Epoch 0090 | data loss=1.274e-01 | bc loss=6.496e-02 | ic loss=6.853e-02 | valid MSE=3.437e+03 | valid rel L2=1.312e-01 | pressure=9.121e-02, u=1.199e-01, v=4.784e-01 | Time: 2:49:58.566093
2026-08-05 20:34:59 - transient_deeponet - INFO - Epoch 0100 | data loss=1.324e-01 | bc loss=7.245e-02 | ic loss=7.746e-02 | valid MSE=3.187e+03 | valid rel L2=1.224e-01 | pressure=8.783e-02, u=9.144e-02, v=4.039e-01 | Time: 3:08:55.452383
2026-08-05 20:52:38 - transient_deeponet - INFO - Epoch 0110 | data loss=1.220e-01 | bc loss=6.222e-02 | ic loss=6.566e-02 | valid MSE=3.485e+03 | valid rel L2=2.307e-01 | pressure=9.184e-02, u=8.670e-02, v=3.938e-01 | Time: 3:26:34.622907
2026-08-05 21:10:09 - transient_deeponet - INFO - Epoch 0120 | data loss=1.260e-01 | bc loss=6.520e-02 | ic loss=7.494e-02 | valid MSE=2.731e+03 | valid rel L2=1.265e-01 | pressure=8.131e-02, u=8.887e-02, v=4.177e-01 | Time: 3:44:05.537319
2026-08-05 21:27:41 - transient_deeponet - INFO - Epoch 0130 | data loss=1.071e-01 | bc loss=5.690e-02 | ic loss=5.527e-02 | valid MSE=1.917e+03 | valid rel L2=1.379e-01 | pressure=6.812e-02, u=9.232e-02, v=4.824e-01 | Time: 4:01:37.477453
2026-08-05 21:45:28 - transient_deeponet - INFO - Epoch 0140 | data loss=1.114e-01 | bc loss=6.031e-02 | ic loss=5.966e-02 | valid MSE=3.668e+03 | valid rel L2=1.301e-01 | pressure=9.423e-02, u=8.786e-02, v=4.069e-01 | Time: 4:19:24.635075
2026-08-05 22:02:54 - transient_deeponet - INFO - Epoch 0150 | data loss=9.580e-02 | bc loss=4.485e-02 | ic loss=4.787e-02 | valid MSE=1.750e+03 | valid rel L2=9.823e-02 | pressure=6.508e-02, u=7.870e-02, v=3.544e-01 | Time: 4:36:50.549265
2026-08-05 22:20:39 - transient_deeponet - INFO - Epoch 0160 | data loss=9.973e-02 | bc loss=4.658e-02 | ic loss=5.505e-02 | valid MSE=1.271e+03 | valid rel L2=1.152e-01 | pressure=5.547e-02, u=6.877e-02, v=3.308e-01 | Time: 4:54:35.859957
2026-08-05 22:38:23 - transient_deeponet - INFO - Epoch 0170 | data loss=9.129e-02 | bc loss=4.482e-02 | ic loss=4.800e-02 | valid MSE=1.344e+03 | valid rel L2=1.178e-01 | pressure=5.705e-02, u=7.064e-02, v=3.497e-01 | Time: 5:12:19.681026
2026-08-05 22:56:22 - transient_deeponet - INFO - Epoch 0180 | data loss=9.916e-02 | bc loss=5.625e-02 | ic loss=5.440e-02 | valid MSE=2.669e+03 | valid rel L2=2.474e-01 | pressure=8.038e-02, u=8.525e-02, v=3.814e-01 | Time: 5:30:18.462740
2026-08-05 23:14:42 - transient_deeponet - INFO - Epoch 0190 | data loss=1.478e-01 | bc loss=8.683e-02 | ic loss=1.003e-01 | valid MSE=2.297e+03 | valid rel L2=1.361e-01 | pressure=7.456e-02, u=9.154e-02, v=3.894e-01 | Time: 5:48:38.647330
2026-08-05 23:32:21 - transient_deeponet - INFO - Epoch 0200 | data loss=1.035e-01 | bc loss=5.891e-02 | ic loss=5.730e-02 | valid MSE=1.540e+03 | valid rel L2=9.925e-02 | pressure=6.105e-02, u=7.040e-02, v=3.120e-01 | Time: 6:06:17.623719
2026-08-05 23:50:06 - transient_deeponet - INFO - Epoch 0210 | data loss=9.255e-02 | bc loss=4.413e-02 | ic loss=5.230e-02 | valid MSE=1.364e+03 | valid rel L2=9.701e-02 | pressure=5.746e-02, u=7.340e-02, v=3.685e-01 | Time: 6:24:02.938441
2026-08-06 00:07:43 - transient_deeponet - INFO - Epoch 0220 | data loss=8.173e-02 | bc loss=4.200e-02 | ic loss=4.285e-02 | valid MSE=1.826e+03 | valid rel L2=1.413e-01 | pressure=6.648e-02, u=6.858e-02, v=3.265e-01 | Time: 6:41:39.775109
2026-08-06 00:25:58 - transient_deeponet - INFO - Epoch 0230 | data loss=9.005e-02 | bc loss=5.458e-02 | ic loss=4.933e-02 | valid MSE=2.864e+03 | valid rel L2=2.344e-01 | pressure=8.326e-02, u=8.927e-02, v=3.997e-01 | Time: 6:59:54.470805
2026-08-06 00:43:52 - transient_deeponet - INFO - Epoch 0240 | data loss=8.015e-02 | bc loss=4.741e-02 | ic loss=4.282e-02 | valid MSE=1.495e+03 | valid rel L2=1.459e-01 | pressure=6.016e-02, u=6.449e-02, v=3.324e-01 | Time: 7:17:48.619300
2026-08-06 01:01:32 - transient_deeponet - INFO - Epoch 0250 | data loss=8.437e-02 | bc loss=4.955e-02 | ic loss=4.654e-02 | valid MSE=1.755e+03 | valid rel L2=1.705e-01 | pressure=6.518e-02, u=7.110e-02, v=3.730e-01 | Time: 7:35:28.917072
2026-08-06 01:18:56 - transient_deeponet - INFO - Epoch 0260 | data loss=7.364e-02 | bc loss=3.852e-02 | ic loss=3.823e-02 | valid MSE=1.448e+03 | valid rel L2=1.391e-01 | pressure=5.921e-02, u=6.684e-02, v=3.288e-01 | Time: 7:52:52.253592
2026-08-06 01:36:44 - transient_deeponet - INFO - Epoch 0270 | data loss=7.343e-02 | bc loss=3.563e-02 | ic loss=3.711e-02 | valid MSE=1.421e+03 | valid rel L2=1.439e-01 | pressure=5.865e-02, u=6.980e-02, v=3.121e-01 | Time: 8:10:40.260779
2026-08-06 01:54:20 - transient_deeponet - INFO - Epoch 0280 | data loss=7.739e-02 | bc loss=4.468e-02 | ic loss=3.761e-02 | valid MSE=1.051e+03 | valid rel L2=8.245e-02 | pressure=5.045e-02, u=6.039e-02, v=2.902e-01 | Time: 8:28:16.600936
2026-08-06 02:12:01 - transient_deeponet - INFO - Epoch 0290 | data loss=7.284e-02 | bc loss=4.555e-02 | ic loss=3.644e-02 | valid MSE=1.685e+03 | valid rel L2=1.560e-01 | pressure=6.386e-02, u=6.260e-02, v=3.273e-01 | Time: 8:45:58.097275
2026-08-06 02:29:36 - transient_deeponet - INFO - Epoch 0300 | data loss=7.169e-02 | bc loss=4.343e-02 | ic loss=3.689e-02 | valid MSE=1.271e+03 | valid rel L2=9.560e-02 | pressure=5.547e-02, u=6.801e-02, v=3.050e-01 | Time: 9:03:32.683647
2026-08-06 02:47:48 - transient_deeponet - INFO - Epoch 0310 | data loss=6.905e-02 | bc loss=3.723e-02 | ic loss=3.625e-02 | valid MSE=1.097e+03 | valid rel L2=1.024e-01 | pressure=5.153e-02, u=6.042e-02, v=3.133e-01 | Time: 9:21:44.374826
2026-08-06 03:05:12 - transient_deeponet - INFO - Epoch 0320 | data loss=7.296e-02 | bc loss=3.999e-02 | ic loss=3.836e-02 | valid MSE=1.162e+03 | valid rel L2=8.660e-02 | pressure=5.303e-02, u=6.246e-02, v=2.986e-01 | Time: 9:39:08.473642
2026-08-06 03:22:52 - transient_deeponet - INFO - Epoch 0330 | data loss=7.068e-02 | bc loss=4.071e-02 | ic loss=3.562e-02 | valid MSE=1.411e+03 | valid rel L2=1.277e-01 | pressure=5.844e-02, u=7.425e-02, v=3.069e-01 | Time: 9:56:48.208941
2026-08-06 03:40:37 - transient_deeponet - INFO - Epoch 0340 | data loss=7.830e-02 | bc loss=4.778e-02 | ic loss=4.157e-02 | valid MSE=1.287e+03 | valid rel L2=1.010e-01 | pressure=5.582e-02, u=5.854e-02, v=2.910e-01 | Time: 10:14:33.222990
2026-08-06 03:57:59 - transient_deeponet - INFO - Epoch 0350 | data loss=6.936e-02 | bc loss=3.840e-02 | ic loss=3.537e-02 | valid MSE=1.779e+03 | valid rel L2=1.173e-01 | pressure=6.561e-02, u=6.466e-02, v=3.016e-01 | Time: 10:31:56.048640
2026-08-06 04:15:30 - transient_deeponet - INFO - Epoch 0360 | data loss=7.094e-02 | bc loss=3.879e-02 | ic loss=3.667e-02 | valid MSE=1.479e+03 | valid rel L2=1.066e-01 | pressure=5.983e-02, u=7.093e-02, v=3.657e-01 | Time: 10:49:27.068459
2026-08-06 04:33:21 - transient_deeponet - INFO - Epoch 0370 | data loss=7.014e-02 | bc loss=4.289e-02 | ic loss=3.254e-02 | valid MSE=1.730e+03 | valid rel L2=1.302e-01 | pressure=6.471e-02, u=7.135e-02, v=3.003e-01 | Time: 11:07:17.398262
2026-08-06 04:51:13 - transient_deeponet - INFO - Epoch 0380 | data loss=6.359e-02 | bc loss=3.279e-02 | ic loss=3.170e-02 | valid MSE=1.362e+03 | valid rel L2=1.170e-01 | pressure=5.741e-02, u=5.753e-02, v=3.133e-01 | Time: 11:25:09.336689
2026-08-06 05:09:01 - transient_deeponet - INFO - Epoch 0390 | data loss=6.249e-02 | bc loss=3.468e-02 | ic loss=2.987e-02 | valid MSE=1.523e+03 | valid rel L2=1.368e-01 | pressure=6.072e-02, u=5.857e-02, v=2.882e-01 | Time: 11:42:57.154437
2026-08-06 05:26:14 - transient_deeponet - INFO - Epoch 0400 | data loss=6.837e-02 | bc loss=3.997e-02 | ic loss=3.538e-02 | valid MSE=2.582e+03 | valid rel L2=3.415e-01 | pressure=7.906e-02, u=6.687e-02, v=3.256e-01 | Time: 12:00:10.466930
2026-08-06 05:44:11 - transient_deeponet - INFO - Epoch 0410 | data loss=5.935e-02 | bc loss=3.191e-02 | ic loss=2.762e-02 | valid MSE=1.147e+03 | valid rel L2=8.515e-02 | pressure=5.269e-02, u=5.599e-02, v=2.762e-01 | Time: 12:18:07.565377
2026-08-06 06:02:24 - transient_deeponet - INFO - Epoch 0420 | data loss=6.002e-02 | bc loss=3.784e-02 | ic loss=2.930e-02 | valid MSE=1.832e+03 | valid rel L2=1.553e-01 | pressure=6.658e-02, u=6.636e-02, v=3.191e-01 | Time: 12:36:20.688721
2026-08-06 06:19:41 - transient_deeponet - INFO - Epoch 0430 | data loss=6.333e-02 | bc loss=3.753e-02 | ic loss=3.413e-02 | valid MSE=1.273e+03 | valid rel L2=1.718e-01 | pressure=5.551e-02, u=5.694e-02, v=2.818e-01 | Time: 12:53:37.289009
2026-08-06 06:37:21 - transient_deeponet - INFO - Epoch 0440 | data loss=5.585e-02 | bc loss=3.006e-02 | ic loss=2.617e-02 | valid MSE=1.019e+03 | valid rel L2=8.338e-02 | pressure=4.967e-02, u=5.862e-02, v=2.547e-01 | Time: 13:11:17.186197
2026-08-06 06:54:26 - transient_deeponet - INFO - Epoch 0450 | data loss=6.481e-02 | bc loss=3.723e-02 | ic loss=3.575e-02 | valid MSE=9.159e+02 | valid rel L2=8.319e-02 | pressure=4.708e-02, u=5.273e-02, v=2.766e-01 | Time: 13:28:22.728750
2026-08-06 07:12:29 - transient_deeponet - INFO - Epoch 0460 | data loss=6.295e-02 | bc loss=3.935e-02 | ic loss=3.353e-02 | valid MSE=1.173e+03 | valid rel L2=9.286e-02 | pressure=5.328e-02, u=5.940e-02, v=2.877e-01 | Time: 13:46:25.992658
2026-08-06 07:30:14 - transient_deeponet - INFO - Epoch 0470 | data loss=5.709e-02 | bc loss=3.151e-02 | ic loss=2.900e-02 | valid MSE=1.515e+03 | valid rel L2=1.219e-01 | pressure=6.056e-02, u=5.698e-02, v=2.899e-01 | Time: 14:04:10.285644
2026-08-06 07:47:42 - transient_deeponet - INFO - Epoch 0480 | data loss=8.605e-02 | bc loss=5.796e-02 | ic loss=4.892e-02 | valid MSE=1.274e+03 | valid rel L2=8.913e-02 | pressure=5.554e-02, u=6.680e-02, v=2.800e-01 | Time: 14:21:39.109812
2026-08-06 08:05:29 - transient_deeponet - INFO - Epoch 0490 | data loss=6.178e-02 | bc loss=4.157e-02 | ic loss=3.011e-02 | valid MSE=1.921e+03 | valid rel L2=1.306e-01 | pressure=6.820e-02, u=8.025e-02, v=3.595e-01 | Time: 14:39:25.971164
2026-08-06 08:23:32 - transient_deeponet - INFO - Epoch 0500 | data loss=6.313e-02 | bc loss=4.483e-02 | ic loss=3.096e-02 | valid MSE=1.079e+03 | valid rel L2=7.092e-02 | pressure=5.111e-02, u=5.839e-02, v=2.551e-01 | Time: 14:57:28.823143
2026-08-06 08:41:18 - transient_deeponet - INFO - Epoch 0510 | data loss=5.324e-02 | bc loss=2.456e-02 | ic loss=2.438e-02 | valid MSE=1.303e+03 | valid rel L2=8.946e-02 | pressure=5.615e-02, u=5.355e-02, v=2.670e-01 | Time: 15:15:14.807835
2026-08-06 08:58:12 - transient_deeponet - INFO - Epoch 0520 | data loss=6.407e-02 | bc loss=3.884e-02 | ic loss=3.172e-02 | valid MSE=1.193e+03 | valid rel L2=1.506e-01 | pressure=5.374e-02, u=5.673e-02, v=2.418e-01 | Time: 15:32:08.815882
2026-08-06 09:15:20 - transient_deeponet - INFO - Epoch 0530 | data loss=6.719e-02 | bc loss=4.283e-02 | ic loss=3.517e-02 | valid MSE=1.394e+03 | valid rel L2=1.012e-01 | pressure=5.808e-02, u=6.263e-02, v=2.831e-01 | Time: 15:49:16.643568
2026-08-06 09:32:30 - transient_deeponet - INFO - Epoch 0540 | data loss=5.056e-02 | bc loss=2.489e-02 | ic loss=2.396e-02 | valid MSE=1.261e+03 | valid rel L2=1.125e-01 | pressure=5.524e-02, u=7.214e-02, v=3.032e-01 | Time: 16:06:26.223286
2026-08-06 09:50:03 - transient_deeponet - INFO - Epoch 0550 | data loss=5.627e-02 | bc loss=3.139e-02 | ic loss=2.841e-02 | valid MSE=1.036e+03 | valid rel L2=7.937e-02 | pressure=5.008e-02, u=6.420e-02, v=2.820e-01 | Time: 16:23:59.727556
2026-08-06 10:07:35 - transient_deeponet - INFO - Epoch 0560 | data loss=5.248e-02 | bc loss=2.853e-02 | ic loss=2.614e-02 | valid MSE=1.281e+03 | valid rel L2=1.089e-01 | pressure=5.569e-02, u=5.808e-02, v=3.212e-01 | Time: 16:41:31.569695
2026-08-06 10:25:00 - transient_deeponet - INFO - Epoch 0570 | data loss=5.024e-02 | bc loss=2.997e-02 | ic loss=2.486e-02 | valid MSE=1.316e+03 | valid rel L2=1.213e-01 | pressure=5.643e-02, u=5.627e-02, v=3.037e-01 | Time: 16:58:56.821315
2026-08-06 10:42:30 - transient_deeponet - INFO - Epoch 0580 | data loss=5.337e-02 | bc loss=2.683e-02 | ic loss=2.440e-02 | valid MSE=1.410e+03 | valid rel L2=1.052e-01 | pressure=5.842e-02, u=5.456e-02, v=2.817e-01 | Time: 17:16:26.599471
2026-08-06 10:59:56 - transient_deeponet - INFO - Epoch 0590 | data loss=5.117e-02 | bc loss=2.615e-02 | ic loss=2.350e-02 | valid MSE=1.153e+03 | valid rel L2=8.300e-02 | pressure=5.284e-02, u=5.816e-02, v=3.444e-01 | Time: 17:33:52.972989
2026-08-06 11:17:03 - transient_deeponet - INFO - Epoch 0600 | data loss=5.717e-02 | bc loss=3.535e-02 | ic loss=2.885e-02 | valid MSE=1.450e+03 | valid rel L2=1.351e-01 | pressure=5.925e-02, u=5.956e-02, v=2.593e-01 | Time: 17:51:00.022778
