2026-07-28 15:41:01 - transient_deeponet - INFO - Training comment
2026-07-28 15:41:01 - transient_deeponet - INFO - Cylinder transient data; complete 100-step trajectory per x-strip sample, 5 realizations, 5k epochs
2026-07-28 15:41:01 - transient_deeponet - INFO - Output directory: /home/hantianl/Documents/PIDIF/DeepONet/results/transient_072826_1
2026-07-28 15:41:01 - transient_deeponet - INFO - Available complete cases (20):
2026-07-28 15:41:01 - transient_deeponet - INFO - ['channel_000', 'channel_001', 'channel_002', 'channel_003', 'channel_004', 'channel_005', 'channel_006', 'channel_007', 'channel_008', 'channel_009', 'channel_010', 'channel_011', 'channel_012', 'channel_013', 'channel_014', 'channel_015', 'channel_016', 'channel_017', 'channel_018', 'channel_019']
2026-07-28 15:41:01 - transient_deeponet - INFO - Train cases (16): ['channel_000', 'channel_002', 'channel_003', 'channel_004', 'channel_005', 'channel_006', 'channel_007', 'channel_008', 'channel_010', 'channel_011', 'channel_012', 'channel_013', 'channel_016', 'channel_017', 'channel_018', 'channel_019']
2026-07-28 15:41:01 - transient_deeponet - INFO - Valid cases (2): ['channel_009', 'channel_014']
2026-07-28 15:41:01 - transient_deeponet - INFO - Test  cases (2): ['channel_001', 'channel_015']
2026-07-28 19:54:01 - transient_deeponet - INFO - Train samples: 800
2026-07-28 19:54:01 - transient_deeponet - INFO - Valid samples: 100
2026-07-28 19:54:01 - transient_deeponet - INFO - Windows per train case: {'channel_000': 1, 'channel_002': 1, 'channel_003': 1, 'channel_004': 1, 'channel_005': 1, 'channel_006': 1, 'channel_007': 1, 'channel_008': 1, 'channel_010': 1, 'channel_011': 1, 'channel_012': 1, 'channel_013': 1, 'channel_016': 1, 'channel_017': 1, 'channel_018': 1, 'channel_019': 1}
2026-07-28 19:54:01 - transient_deeponet - INFO - Branch channels: ['x_local', 'y_local', 'time_local', 'boundary_mask', 'wall_mask', 'interface_mask', 'initial_mask', 'cylinder_mask', 'sensor_pressure', 'sensor_u', 'sensor_v', 'known_pressure', 'known_u', 'known_v', 'local_aspect_ratio']
2026-07-28 19:54:01 - transient_deeponet - INFO - Trunk channels: ['x_local', 'y_local', 'time_local']
2026-07-28 19:54:01 - transient_deeponet - INFO - Output channels: ['pressure', 'u', 'v']
2026-07-28 19:54:01 - transient_deeponet - INFO - Example branch: (53248, 15)
2026-07-28 19:54:01 - transient_deeponet - INFO - Example spatial query: (56919, 2)
2026-07-28 19:54:01 - transient_deeponet - INFO - Example time query: (100,)
2026-07-28 19:54:01 - transient_deeponet - INFO - Example target: (100, 56919, 3)
2026-07-29 12:12:50 - transient_deeponet - INFO - Training comment
2026-07-29 12:12:50 - transient_deeponet - INFO - Cylinder transient data; complete 100-step trajectory per x-strip sample, 5 realizations, 5k epochs
2026-07-29 12:12:50 - transient_deeponet - INFO - Output directory: /home/hantianl/Documents/PIDIF/DeepONet/results/transient_072826_1
2026-07-29 12:22:22 - transient_deeponet - INFO - Available complete cases (20):
2026-07-29 12:22:22 - transient_deeponet - INFO - ['channel_000', 'channel_001', 'channel_002', 'channel_003', 'channel_004', 'channel_005', 'channel_006', 'channel_007', 'channel_008', 'channel_009', 'channel_010', 'channel_011', 'channel_012', 'channel_013', 'channel_014', 'channel_015', 'channel_016', 'channel_017', 'channel_018', 'channel_019']
2026-07-29 12:22:22 - transient_deeponet - INFO - Train cases (16): ['channel_000', 'channel_002', 'channel_003', 'channel_004', 'channel_005', 'channel_006', 'channel_007', 'channel_008', 'channel_010', 'channel_011', 'channel_012', 'channel_013', 'channel_016', 'channel_017', 'channel_018', 'channel_019']
2026-07-29 12:22:22 - transient_deeponet - INFO - Valid cases (2): ['channel_009', 'channel_014']
2026-07-29 12:22:22 - transient_deeponet - INFO - Test  cases (2): ['channel_001', 'channel_015']
2026-07-29 12:51:57 - transient_deeponet - INFO - Train samples: 800
2026-07-29 12:51:57 - transient_deeponet - INFO - Valid samples: 100
2026-07-29 12:51:57 - transient_deeponet - INFO - Windows per train case: {'channel_000': 1, 'channel_002': 1, 'channel_003': 1, 'channel_004': 1, 'channel_005': 1, 'channel_006': 1, 'channel_007': 1, 'channel_008': 1, 'channel_010': 1, 'channel_011': 1, 'channel_012': 1, 'channel_013': 1, 'channel_016': 1, 'channel_017': 1, 'channel_018': 1, 'channel_019': 1}
2026-07-29 12:51:57 - transient_deeponet - INFO - Branch channels: ['x_local', 'y_local', 'time_local', 'boundary_mask', 'wall_mask', 'interface_mask', 'initial_mask', 'cylinder_mask', 'sensor_pressure', 'sensor_u', 'sensor_v', 'known_pressure', 'known_u', 'known_v', 'local_aspect_ratio']
2026-07-29 12:51:57 - transient_deeponet - INFO - Trunk channels: ['x_local', 'y_local', 'time_local']
2026-07-29 12:51:57 - transient_deeponet - INFO - Output channels: ['pressure', 'u', 'v']
2026-07-29 12:51:57 - transient_deeponet - INFO - Example branch: (53248, 15)
2026-07-29 12:51:57 - transient_deeponet - INFO - Example spatial query: (56919, 2)
2026-07-29 12:51:57 - transient_deeponet - INFO - Example time query: (100,)
2026-07-29 12:51:57 - transient_deeponet - INFO - Example target: (100, 56919, 3)
2026-07-29 12:51:57 - transient_deeponet - INFO - Train cases: ['channel_000', 'channel_002', 'channel_003', 'channel_004', 'channel_005', 'channel_006', 'channel_007', 'channel_008', 'channel_010', 'channel_011', 'channel_012', 'channel_013', 'channel_016', 'channel_017', 'channel_018', 'channel_019']
2026-07-29 12:51:57 - transient_deeponet - INFO - Valid cases: ['channel_009', 'channel_014']
2026-07-29 12:51:57 - transient_deeponet - INFO - Train time steps per sample: [100]
2026-07-29 12:51:57 - transient_deeponet - INFO - Train subdomains per case: {'channel_000': 50, 'channel_002': 50, 'channel_003': 50, 'channel_004': 50, 'channel_005': 50, 'channel_006': 50, 'channel_007': 50, 'channel_008': 50, 'channel_010': 50, 'channel_011': 50, 'channel_012': 50, 'channel_013': 50, 'channel_016': 50, 'channel_017': 50, 'channel_018': 50, 'channel_019': 50}
2026-07-29 12:54:22 - transient_deeponet - INFO - Y mean: tensor([ 1.0487e+03,  1.0047e+00, -1.8899e-05])
2026-07-29 12:54:22 - transient_deeponet - INFO - Y std: tensor([7.9842e+02, 4.0944e-01, 7.0321e-02])
2026-07-29 12:54:22 - transient_deeponet - INFO - local_aspect_mean: 1.0
2026-07-29 12:54:22 - transient_deeponet - INFO - local_aspect_std: 0.7136246562004089
2026-07-29 12:54:23 - transient_deeponet - INFO - branch batch: torch.Size([2, 53248, 15])
2026-07-29 12:54:23 - transient_deeponet - INFO - query batch: torch.Size([16384, 3])
2026-07-29 12:54:23 - transient_deeponet - INFO - target batch: torch.Size([16384, 3])
2026-07-29 12:54:23 - transient_deeponet - INFO - query batch id: tensor(0) tensor(1)
2026-07-29 12:54:23 - transient_deeponet - INFO - sample indices: tensor([26, 17])
2026-07-29 12:54:23 - transient_deeponet - INFO - branch mask batch: torch.Size([2, 53248])
2026-07-29 12:54:24 - transient_deeponet - INFO - {'branch_input_dim': 15, 'trunk_input_dim': 3, 'output_channels': 3, 'latent_dim': 128, 'branch_point_hidden_dim': 128, 'branch_point_depth': 3, 'branch_global_hidden_dim': 128, 'branch_global_depth': 3, 'trunk_hidden_dim': 128, 'trunk_depth': 4, 'aggregation': 'mean', 'activation': 'gelu', 'layer_norm': False}
2026-07-29 12:55:59 - transient_deeponet - INFO - Epoch 0001 | data loss=9.265e-01 | bc loss=4.817e-01 | ic loss=7.080e-01 | valid MSE=4.318e+04 | valid rel L2=1.292e+00 | pressure=3.003e-01, u=2.780e-01, v=9.981e-01 | Time: 0:01:34.675702
2026-07-29 13:10:05 - transient_deeponet - INFO - Epoch 0010 | data loss=2.395e-01 | bc loss=9.326e-02 | ic loss=1.738e-01 | valid MSE=7.241e+03 | valid rel L2=6.976e-01 | pressure=1.230e-01, u=1.546e-01, v=7.036e-01 | Time: 0:15:41.131400
2026-07-29 13:25:14 - transient_deeponet - INFO - Epoch 0020 | data loss=1.283e-01 | bc loss=5.471e-02 | ic loss=6.966e-02 | valid MSE=2.145e+03 | valid rel L2=1.661e-01 | pressure=6.694e-02, u=8.902e-02, v=4.313e-01 | Time: 0:30:50.097574
2026-07-29 13:39:46 - transient_deeponet - INFO - Epoch 0030 | data loss=9.497e-02 | bc loss=5.237e-02 | ic loss=4.572e-02 | valid MSE=2.225e+03 | valid rel L2=4.439e-01 | pressure=6.817e-02, u=6.812e-02, v=3.641e-01 | Time: 0:45:21.820655
2026-07-29 13:53:33 - transient_deeponet - INFO - Epoch 0040 | data loss=9.106e-02 | bc loss=5.317e-02 | ic loss=4.688e-02 | valid MSE=1.219e+03 | valid rel L2=2.093e-01 | pressure=5.045e-02, u=6.038e-02, v=3.155e-01 | Time: 0:59:08.656339
2026-07-29 14:06:59 - transient_deeponet - INFO - Epoch 0050 | data loss=6.512e-02 | bc loss=3.473e-02 | ic loss=3.257e-02 | valid MSE=2.813e+03 | valid rel L2=5.935e-01 | pressure=7.665e-02, u=6.052e-02, v=2.972e-01 | Time: 1:12:35.326475
2026-07-29 14:20:35 - transient_deeponet - INFO - Epoch 0060 | data loss=6.744e-02 | bc loss=3.791e-02 | ic loss=3.320e-02 | valid MSE=1.072e+03 | valid rel L2=1.127e-01 | pressure=4.732e-02, u=5.721e-02, v=2.775e-01 | Time: 1:26:10.767250
2026-07-29 14:27:56 - transient_deeponet - INFO - Training comment
2026-07-29 14:27:56 - transient_deeponet - INFO - Cylinder transient data; complete 100-step trajectory per x-strip sample, 5 realizations, 5k epochs, split at center of cylinder
2026-07-29 14:27:56 - transient_deeponet - INFO - Output directory: /home/hantianl/Documents/PIDIF/DeepONet/results/transient_072826_1
2026-07-29 14:27:56 - transient_deeponet - INFO - Available complete cases (20):
2026-07-29 14:27:56 - transient_deeponet - INFO - ['channel_000', 'channel_001', 'channel_002', 'channel_003', 'channel_004', 'channel_005', 'channel_006', 'channel_007', 'channel_008', 'channel_009', 'channel_010', 'channel_011', 'channel_012', 'channel_013', 'channel_014', 'channel_015', 'channel_016', 'channel_017', 'channel_018', 'channel_019']
2026-07-29 14:27:56 - transient_deeponet - INFO - Train cases (16): ['channel_000', 'channel_002', 'channel_003', 'channel_004', 'channel_005', 'channel_006', 'channel_007', 'channel_008', 'channel_010', 'channel_011', 'channel_012', 'channel_013', 'channel_016', 'channel_017', 'channel_018', 'channel_019']
2026-07-29 14:27:56 - transient_deeponet - INFO - Valid cases (2): ['channel_009', 'channel_014']
2026-07-29 14:27:56 - transient_deeponet - INFO - Test  cases (2): ['channel_001', 'channel_015']
2026-07-29 14:34:34 - transient_deeponet - INFO - Epoch 0070 | data loss=5.394e-02 | bc loss=3.243e-02 | ic loss=2.614e-02 | valid MSE=8.487e+03 | valid rel L2=7.168e-01 | pressure=1.331e-01, u=6.222e-02, v=2.766e-01 | Time: 1:40:09.979853
2026-07-29 14:47:59 - transient_deeponet - INFO - Epoch 0080 | data loss=5.571e-02 | bc loss=3.460e-02 | ic loss=2.545e-02 | valid MSE=1.976e+03 | valid rel L2=1.894e-01 | pressure=6.423e-02, u=5.156e-02, v=2.722e-01 | Time: 1:53:34.884524
2026-07-29 14:58:24 - transient_deeponet - INFO - Train samples: 800
2026-07-29 14:58:24 - transient_deeponet - INFO - Valid samples: 100
2026-07-29 14:58:24 - transient_deeponet - INFO - Windows per train case: {'channel_000': 1, 'channel_002': 1, 'channel_003': 1, 'channel_004': 1, 'channel_005': 1, 'channel_006': 1, 'channel_007': 1, 'channel_008': 1, 'channel_010': 1, 'channel_011': 1, 'channel_012': 1, 'channel_013': 1, 'channel_016': 1, 'channel_017': 1, 'channel_018': 1, 'channel_019': 1}
2026-07-29 14:58:24 - transient_deeponet - INFO - Branch channels: ['x_local', 'y_local', 'time_local', 'boundary_mask', 'wall_mask', 'interface_mask', 'initial_mask', 'cylinder_mask', 'sensor_pressure', 'sensor_u', 'sensor_v', 'known_pressure', 'known_u', 'known_v', 'local_aspect_ratio']
2026-07-29 14:58:24 - transient_deeponet - INFO - Trunk channels: ['x_local', 'y_local', 'time_local']
2026-07-29 14:58:24 - transient_deeponet - INFO - Output channels: ['pressure', 'u', 'v']
2026-07-29 14:58:24 - transient_deeponet - INFO - Example branch: (53248, 15)
2026-07-29 14:58:24 - transient_deeponet - INFO - Example spatial query: (62702, 2)
2026-07-29 14:58:24 - transient_deeponet - INFO - Example time query: (100,)
2026-07-29 14:58:24 - transient_deeponet - INFO - Example target: (100, 62702, 3)
2026-07-29 14:58:24 - transient_deeponet - INFO - Train cases: ['channel_000', 'channel_002', 'channel_003', 'channel_004', 'channel_005', 'channel_006', 'channel_007', 'channel_008', 'channel_010', 'channel_011', 'channel_012', 'channel_013', 'channel_016', 'channel_017', 'channel_018', 'channel_019']
2026-07-29 14:58:24 - transient_deeponet - INFO - Valid cases: ['channel_009', 'channel_014']
2026-07-29 14:58:24 - transient_deeponet - INFO - Train time steps per sample: [100]
2026-07-29 14:58:24 - transient_deeponet - INFO - Train subdomains per case: {'channel_000': 50, 'channel_002': 50, 'channel_003': 50, 'channel_004': 50, 'channel_005': 50, 'channel_006': 50, 'channel_007': 50, 'channel_008': 50, 'channel_010': 50, 'channel_011': 50, 'channel_012': 50, 'channel_013': 50, 'channel_016': 50, 'channel_017': 50, 'channel_018': 50, 'channel_019': 50}
2026-07-29 15:00:44 - transient_deeponet - INFO - Y mean: tensor([ 1.0487e+03,  1.0047e+00, -1.8899e-05])
2026-07-29 15:00:44 - transient_deeponet - INFO - Y std: tensor([7.9842e+02, 4.0944e-01, 7.0321e-02])
2026-07-29 15:00:44 - transient_deeponet - INFO - local_aspect_mean: 1.0
2026-07-29 15:00:44 - transient_deeponet - INFO - local_aspect_std: 0.7103230953216553
2026-07-29 15:00:44 - transient_deeponet - INFO - branch batch: torch.Size([2, 53248, 15])
2026-07-29 15:00:44 - transient_deeponet - INFO - query batch: torch.Size([16384, 3])
2026-07-29 15:00:44 - transient_deeponet - INFO - target batch: torch.Size([16384, 3])
2026-07-29 15:00:44 - transient_deeponet - INFO - query batch id: tensor(0) tensor(1)
2026-07-29 15:00:44 - transient_deeponet - INFO - sample indices: tensor([26, 17])
2026-07-29 15:00:44 - transient_deeponet - INFO - branch mask batch: torch.Size([2, 53248])
2026-07-29 15:00:45 - transient_deeponet - INFO - {'branch_input_dim': 15, 'trunk_input_dim': 3, 'output_channels': 3, 'latent_dim': 128, 'branch_point_hidden_dim': 128, 'branch_point_depth': 3, 'branch_global_hidden_dim': 128, 'branch_global_depth': 3, 'trunk_hidden_dim': 128, 'trunk_depth': 4, 'aggregation': 'mean', 'activation': 'gelu', 'layer_norm': False}
2026-07-29 15:01:42 - transient_deeponet - INFO - Epoch 0090 | data loss=4.442e-02 | bc loss=2.525e-02 | ic loss=1.768e-02 | valid MSE=6.601e+02 | valid rel L2=1.075e-01 | pressure=3.713e-02, u=4.419e-02, v=2.312e-01 | Time: 2:07:18.301966
2026-07-29 15:02:30 - transient_deeponet - INFO - Epoch 0001 | data loss=1.081e+00 | bc loss=5.344e-01 | ic loss=8.380e-01 | valid MSE=3.931e+04 | valid rel L2=4.697e-01 | pressure=3.084e-01, u=3.233e-01, v=1.000e+00 | Time: 0:01:44.263655
2026-07-29 15:18:00 - transient_deeponet - INFO - Epoch 0010 | data loss=4.421e-01 | bc loss=1.317e-01 | ic loss=3.623e-01 | valid MSE=6.898e+03 | valid rel L2=2.992e-01 | pressure=1.292e-01, u=2.085e-01, v=8.199e-01 | Time: 0:17:14.633069
2026-07-29 15:18:30 - transient_deeponet - INFO - Epoch 0100 | data loss=5.026e-02 | bc loss=2.985e-02 | ic loss=2.477e-02 | valid MSE=2.045e+03 | valid rel L2=1.980e-01 | pressure=6.536e-02, u=7.278e-02, v=2.741e-01 | Time: 2:24:06.201941
2026-07-29 15:35:54 - transient_deeponet - INFO - Epoch 0020 | data loss=2.735e-01 | bc loss=1.118e-01 | ic loss=2.164e-01 | valid MSE=6.521e+03 | valid rel L2=3.103e-01 | pressure=1.256e-01, u=1.662e-01, v=5.588e-01 | Time: 0:35:08.952493
2026-07-29 15:35:59 - transient_deeponet - INFO - Epoch 0110 | data loss=4.155e-02 | bc loss=2.540e-02 | ic loss=1.692e-02 | valid MSE=8.188e+02 | valid rel L2=8.687e-02 | pressure=4.135e-02, u=4.146e-02, v=2.122e-01 | Time: 2:41:34.614455
2026-07-29 15:52:32 - transient_deeponet - INFO - Epoch 0030 | data loss=1.975e-01 | bc loss=8.340e-02 | ic loss=1.245e-01 | valid MSE=2.560e+03 | valid rel L2=1.488e-01 | pressure=7.871e-02, u=1.107e-01, v=5.511e-01 | Time: 0:51:46.211071
2026-07-29 15:54:04 - transient_deeponet - INFO - Epoch 0120 | data loss=4.148e-02 | bc loss=2.595e-02 | ic loss=1.784e-02 | valid MSE=9.055e+02 | valid rel L2=1.039e-01 | pressure=4.349e-02, u=4.350e-02, v=2.415e-01 | Time: 2:59:39.564335
2026-07-29 16:09:19 - transient_deeponet - INFO - Epoch 0040 | data loss=1.871e-01 | bc loss=7.552e-02 | ic loss=1.199e-01 | valid MSE=3.104e+03 | valid rel L2=1.867e-01 | pressure=8.667e-02, u=1.023e-01, v=5.606e-01 | Time: 1:08:33.540718
2026-07-29 16:11:29 - transient_deeponet - INFO - Epoch 0130 | data loss=3.866e-02 | bc loss=2.224e-02 | ic loss=1.804e-02 | valid MSE=8.804e+02 | valid rel L2=9.516e-02 | pressure=4.288e-02, u=4.923e-02, v=2.354e-01 | Time: 3:17:04.662613
2026-07-29 16:26:19 - transient_deeponet - INFO - Epoch 0050 | data loss=1.645e-01 | bc loss=7.964e-02 | ic loss=9.544e-02 | valid MSE=2.844e+03 | valid rel L2=1.091e-01 | pressure=8.297e-02, u=9.214e-02, v=4.747e-01 | Time: 1:25:33.742562
2026-07-29 16:29:49 - transient_deeponet - INFO - Epoch 0140 | data loss=3.434e-02 | bc loss=1.994e-02 | ic loss=1.408e-02 | valid MSE=7.823e+02 | valid rel L2=1.136e-01 | pressure=4.042e-02, u=4.192e-02, v=2.222e-01 | Time: 3:35:25.465767
2026-07-29 16:43:16 - transient_deeponet - INFO - Epoch 0060 | data loss=1.575e-01 | bc loss=7.275e-02 | ic loss=9.275e-02 | valid MSE=3.151e+03 | valid rel L2=1.854e-01 | pressure=8.733e-02, u=1.054e-01, v=5.180e-01 | Time: 1:42:30.208610
2026-07-29 16:48:09 - transient_deeponet - INFO - Epoch 0150 | data loss=5.349e-02 | bc loss=3.685e-02 | ic loss=2.580e-02 | valid MSE=1.149e+03 | valid rel L2=2.210e-01 | pressure=4.899e-02, u=5.352e-02, v=2.563e-01 | Time: 3:53:45.395902
2026-07-29 17:00:27 - transient_deeponet - INFO - Epoch 0070 | data loss=1.382e-01 | bc loss=5.899e-02 | ic loss=8.108e-02 | valid MSE=3.072e+03 | valid rel L2=1.536e-01 | pressure=8.623e-02, u=8.954e-02, v=4.382e-01 | Time: 1:59:41.353486
2026-07-29 17:05:36 - transient_deeponet - INFO - Epoch 0160 | data loss=3.750e-02 | bc loss=2.322e-02 | ic loss=1.778e-02 | valid MSE=9.360e+02 | valid rel L2=1.092e-01 | pressure=4.421e-02, u=4.183e-02, v=2.013e-01 | Time: 4:11:12.299051
2026-07-29 17:17:12 - transient_deeponet - INFO - Epoch 0080 | data loss=1.347e-01 | bc loss=6.722e-02 | ic loss=7.700e-02 | valid MSE=2.646e+03 | valid rel L2=1.623e-01 | pressure=8.002e-02, u=9.669e-02, v=4.350e-01 | Time: 2:16:26.501307
2026-07-29 17:22:51 - transient_deeponet - INFO - Epoch 0170 | data loss=3.187e-02 | bc loss=1.974e-02 | ic loss=1.380e-02 | valid MSE=5.256e+02 | valid rel L2=9.021e-02 | pressure=3.313e-02, u=4.466e-02, v=2.136e-01 | Time: 4:28:27.020637
2026-07-29 17:33:54 - transient_deeponet - INFO - Epoch 0090 | data loss=1.274e-01 | bc loss=6.496e-02 | ic loss=6.853e-02 | valid MSE=3.437e+03 | valid rel L2=1.312e-01 | pressure=9.121e-02, u=1.199e-01, v=4.784e-01 | Time: 2:33:08.990208
2026-07-29 17:40:00 - transient_deeponet - INFO - Epoch 0180 | data loss=4.378e-02 | bc loss=3.100e-02 | ic loss=2.321e-02 | valid MSE=8.502e+02 | valid rel L2=9.478e-02 | pressure=4.214e-02, u=4.165e-02, v=2.017e-01 | Time: 4:45:36.461026
2026-07-29 17:50:51 - transient_deeponet - INFO - Epoch 0100 | data loss=1.324e-01 | bc loss=7.245e-02 | ic loss=7.746e-02 | valid MSE=3.187e+03 | valid rel L2=1.224e-01 | pressure=8.783e-02, u=9.144e-02, v=4.039e-01 | Time: 2:50:05.925279
2026-07-29 17:57:36 - transient_deeponet - INFO - Epoch 0190 | data loss=3.662e-02 | bc loss=2.244e-02 | ic loss=1.757e-02 | valid MSE=7.355e+02 | valid rel L2=8.664e-02 | pressure=3.919e-02, u=4.350e-02, v=2.072e-01 | Time: 5:03:12.265733
2026-07-29 18:07:52 - transient_deeponet - INFO - Epoch 0110 | data loss=1.220e-01 | bc loss=6.222e-02 | ic loss=6.566e-02 | valid MSE=3.485e+03 | valid rel L2=2.307e-01 | pressure=9.184e-02, u=8.670e-02, v=3.938e-01 | Time: 3:07:06.039126
2026-07-29 18:15:04 - transient_deeponet - INFO - Epoch 0200 | data loss=2.580e-02 | bc loss=1.180e-02 | ic loss=9.420e-03 | valid MSE=6.180e+02 | valid rel L2=1.062e-01 | pressure=3.593e-02, u=3.945e-02, v=1.951e-01 | Time: 5:20:40.494200
2026-07-29 18:24:32 - transient_deeponet - INFO - Epoch 0120 | data loss=1.260e-01 | bc loss=6.520e-02 | ic loss=7.494e-02 | valid MSE=2.731e+03 | valid rel L2=1.265e-01 | pressure=8.131e-02, u=8.887e-02, v=4.177e-01 | Time: 3:23:46.727078
2026-07-29 18:31:59 - transient_deeponet - INFO - Epoch 0210 | data loss=2.603e-02 | bc loss=1.545e-02 | ic loss=1.100e-02 | valid MSE=5.208e+02 | valid rel L2=1.223e-01 | pressure=3.298e-02, u=4.052e-02, v=1.788e-01 | Time: 5:37:35.121723
2026-07-29 18:41:14 - transient_deeponet - INFO - Epoch 0130 | data loss=1.071e-01 | bc loss=5.690e-02 | ic loss=5.527e-02 | valid MSE=1.917e+03 | valid rel L2=1.379e-01 | pressure=6.812e-02, u=9.232e-02, v=4.824e-01 | Time: 3:40:28.879939
2026-07-29 18:49:13 - transient_deeponet - INFO - Epoch 0220 | data loss=3.025e-02 | bc loss=1.944e-02 | ic loss=1.390e-02 | valid MSE=1.309e+03 | valid rel L2=1.368e-01 | pressure=5.229e-02, u=4.347e-02, v=2.061e-01 | Time: 5:54:48.526592
2026-07-29 18:58:13 - transient_deeponet - INFO - Epoch 0140 | data loss=1.114e-01 | bc loss=6.031e-02 | ic loss=5.966e-02 | valid MSE=3.668e+03 | valid rel L2=1.301e-01 | pressure=9.423e-02, u=8.786e-02, v=4.069e-01 | Time: 3:57:27.308848
2026-07-29 19:06:21 - transient_deeponet - INFO - Epoch 0230 | data loss=2.730e-02 | bc loss=1.625e-02 | ic loss=1.146e-02 | valid MSE=1.064e+03 | valid rel L2=1.973e-01 | pressure=4.714e-02, u=3.448e-02, v=1.754e-01 | Time: 6:11:56.987238
2026-07-29 19:15:26 - transient_deeponet - INFO - Epoch 0150 | data loss=9.580e-02 | bc loss=4.485e-02 | ic loss=4.787e-02 | valid MSE=1.750e+03 | valid rel L2=9.823e-02 | pressure=6.508e-02, u=7.870e-02, v=3.544e-01 | Time: 4:14:40.366566
2026-07-29 19:23:24 - transient_deeponet - INFO - Epoch 0240 | data loss=2.473e-02 | bc loss=1.455e-02 | ic loss=1.069e-02 | valid MSE=1.500e+03 | valid rel L2=2.003e-01 | pressure=5.598e-02, u=4.211e-02, v=1.758e-01 | Time: 6:29:00.395045
2026-07-29 19:32:08 - transient_deeponet - INFO - Epoch 0160 | data loss=9.973e-02 | bc loss=4.658e-02 | ic loss=5.505e-02 | valid MSE=1.271e+03 | valid rel L2=1.152e-01 | pressure=5.547e-02, u=6.877e-02, v=3.308e-01 | Time: 4:31:22.918458
2026-07-29 19:40:56 - transient_deeponet - INFO - Epoch 0250 | data loss=2.942e-02 | bc loss=2.071e-02 | ic loss=1.385e-02 | valid MSE=6.334e+02 | valid rel L2=1.184e-01 | pressure=3.637e-02, u=3.749e-02, v=1.932e-01 | Time: 6:46:31.761359
2026-07-29 19:49:07 - transient_deeponet - INFO - Epoch 0170 | data loss=9.129e-02 | bc loss=4.482e-02 | ic loss=4.800e-02 | valid MSE=1.344e+03 | valid rel L2=1.178e-01 | pressure=5.705e-02, u=7.064e-02, v=3.497e-01 | Time: 4:48:21.220908
2026-07-29 19:58:31 - transient_deeponet - INFO - Epoch 0260 | data loss=2.735e-02 | bc loss=1.909e-02 | ic loss=1.272e-02 | valid MSE=1.119e+03 | valid rel L2=1.474e-01 | pressure=4.835e-02, u=5.513e-02, v=2.797e-01 | Time: 7:04:07.113732
2026-07-29 20:05:34 - transient_deeponet - INFO - Epoch 0180 | data loss=9.916e-02 | bc loss=5.625e-02 | ic loss=5.440e-02 | valid MSE=2.669e+03 | valid rel L2=2.474e-01 | pressure=8.038e-02, u=8.525e-02, v=3.814e-01 | Time: 5:04:48.529978
2026-07-29 20:15:48 - transient_deeponet - INFO - Epoch 0270 | data loss=2.385e-02 | bc loss=1.388e-02 | ic loss=1.076e-02 | valid MSE=8.504e+02 | valid rel L2=1.773e-01 | pressure=4.214e-02, u=3.763e-02, v=1.876e-01 | Time: 7:21:24.320169
2026-07-29 20:22:14 - transient_deeponet - INFO - Epoch 0190 | data loss=1.478e-01 | bc loss=8.683e-02 | ic loss=1.003e-01 | valid MSE=2.297e+03 | valid rel L2=1.361e-01 | pressure=7.456e-02, u=9.154e-02, v=3.894e-01 | Time: 5:21:28.836866
2026-07-29 20:33:27 - transient_deeponet - INFO - Epoch 0280 | data loss=4.101e-02 | bc loss=3.230e-02 | ic loss=2.174e-02 | valid MSE=8.157e+02 | valid rel L2=1.519e-01 | pressure=4.127e-02, u=4.701e-02, v=2.281e-01 | Time: 7:39:03.197219
2026-07-29 20:38:54 - transient_deeponet - INFO - Epoch 0200 | data loss=1.035e-01 | bc loss=5.891e-02 | ic loss=5.730e-02 | valid MSE=1.540e+03 | valid rel L2=9.925e-02 | pressure=6.105e-02, u=7.040e-02, v=3.120e-01 | Time: 5:38:08.496852
2026-07-29 20:50:37 - transient_deeponet - INFO - Epoch 0290 | data loss=2.477e-02 | bc loss=1.681e-02 | ic loss=1.112e-02 | valid MSE=2.092e+03 | valid rel L2=1.319e-01 | pressure=6.611e-02, u=4.184e-02, v=1.869e-01 | Time: 7:56:12.978891
2026-07-29 20:55:31 - transient_deeponet - INFO - Epoch 0210 | data loss=9.255e-02 | bc loss=4.413e-02 | ic loss=5.230e-02 | valid MSE=1.364e+03 | valid rel L2=9.701e-02 | pressure=5.746e-02, u=7.340e-02, v=3.685e-01 | Time: 5:54:45.321270
2026-07-29 21:08:41 - transient_deeponet - INFO - Epoch 0300 | data loss=2.804e-02 | bc loss=2.153e-02 | ic loss=1.335e-02 | valid MSE=1.469e+03 | valid rel L2=1.826e-01 | pressure=5.538e-02, u=3.733e-02, v=1.766e-01 | Time: 8:14:17.134471
2026-07-29 21:12:24 - transient_deeponet - INFO - Epoch 0220 | data loss=8.173e-02 | bc loss=4.200e-02 | ic loss=4.285e-02 | valid MSE=1.826e+03 | valid rel L2=1.413e-01 | pressure=6.648e-02, u=6.858e-02, v=3.265e-01 | Time: 6:11:38.315611
2026-07-29 21:25:57 - transient_deeponet - INFO - Epoch 0310 | data loss=2.332e-02 | bc loss=1.584e-02 | ic loss=1.063e-02 | valid MSE=5.652e+02 | valid rel L2=2.226e-01 | pressure=3.436e-02, u=4.499e-02, v=2.292e-01 | Time: 8:31:32.943725
2026-07-29 21:28:49 - transient_deeponet - INFO - Epoch 0230 | data loss=9.005e-02 | bc loss=5.458e-02 | ic loss=4.933e-02 | valid MSE=2.864e+03 | valid rel L2=2.344e-01 | pressure=8.326e-02, u=8.927e-02, v=3.997e-01 | Time: 6:28:03.679188
2026-07-29 21:43:31 - transient_deeponet - INFO - Epoch 0320 | data loss=1.976e-02 | bc loss=1.106e-02 | ic loss=9.721e-03 | valid MSE=6.881e+02 | valid rel L2=1.178e-01 | pressure=3.791e-02, u=3.899e-02, v=1.809e-01 | Time: 8:49:06.713425
2026-07-29 21:46:10 - transient_deeponet - INFO - Epoch 0240 | data loss=8.015e-02 | bc loss=4.741e-02 | ic loss=4.282e-02 | valid MSE=1.495e+03 | valid rel L2=1.459e-01 | pressure=6.016e-02, u=6.449e-02, v=3.324e-01 | Time: 6:45:24.183545
2026-07-29 22:00:48 - transient_deeponet - INFO - Epoch 0330 | data loss=2.774e-02 | bc loss=1.654e-02 | ic loss=1.541e-02 | valid MSE=5.620e+02 | valid rel L2=8.718e-02 | pressure=3.426e-02, u=3.314e-02, v=1.753e-01 | Time: 9:06:24.062689
2026-07-29 22:02:50 - transient_deeponet - INFO - Epoch 0250 | data loss=8.437e-02 | bc loss=4.955e-02 | ic loss=4.654e-02 | valid MSE=1.755e+03 | valid rel L2=1.705e-01 | pressure=6.518e-02, u=7.110e-02, v=3.730e-01 | Time: 7:02:04.937838
2026-07-29 22:17:57 - transient_deeponet - INFO - Epoch 0340 | data loss=2.027e-02 | bc loss=1.220e-02 | ic loss=8.671e-03 | valid MSE=7.599e+02 | valid rel L2=9.749e-02 | pressure=3.984e-02, u=4.439e-02, v=1.959e-01 | Time: 9:23:32.591276
2026-07-29 22:19:49 - transient_deeponet - INFO - Epoch 0260 | data loss=7.364e-02 | bc loss=3.852e-02 | ic loss=3.823e-02 | valid MSE=1.448e+03 | valid rel L2=1.391e-01 | pressure=5.921e-02, u=6.684e-02, v=3.288e-01 | Time: 7:19:03.289768
2026-07-29 22:35:36 - transient_deeponet - INFO - Epoch 0350 | data loss=2.005e-02 | bc loss=1.276e-02 | ic loss=8.988e-03 | valid MSE=1.008e+03 | valid rel L2=1.299e-01 | pressure=4.587e-02, u=4.331e-02, v=1.875e-01 | Time: 9:41:11.854973
2026-07-29 22:36:35 - transient_deeponet - INFO - Epoch 0270 | data loss=7.343e-02 | bc loss=3.563e-02 | ic loss=3.711e-02 | valid MSE=1.421e+03 | valid rel L2=1.439e-01 | pressure=5.865e-02, u=6.980e-02, v=3.121e-01 | Time: 7:35:49.147665
2026-07-29 22:52:52 - transient_deeponet - INFO - Epoch 0360 | data loss=2.183e-02 | bc loss=1.592e-02 | ic loss=1.017e-02 | valid MSE=1.586e+03 | valid rel L2=1.397e-01 | pressure=5.755e-02, u=3.509e-02, v=1.718e-01 | Time: 9:58:28.100653
2026-07-29 22:53:23 - transient_deeponet - INFO - Epoch 0280 | data loss=7.739e-02 | bc loss=4.468e-02 | ic loss=3.761e-02 | valid MSE=1.051e+03 | valid rel L2=8.245e-02 | pressure=5.045e-02, u=6.039e-02, v=2.902e-01 | Time: 7:52:37.042773
2026-07-29 23:09:44 - transient_deeponet - INFO - Epoch 0370 | data loss=1.872e-02 | bc loss=1.128e-02 | ic loss=8.097e-03 | valid MSE=3.538e+02 | valid rel L2=8.708e-02 | pressure=2.718e-02, u=3.494e-02, v=1.722e-01 | Time: 10:15:19.575565
2026-07-29 23:09:53 - transient_deeponet - INFO - Epoch 0290 | data loss=7.284e-02 | bc loss=4.555e-02 | ic loss=3.644e-02 | valid MSE=1.685e+03 | valid rel L2=1.560e-01 | pressure=6.386e-02, u=6.260e-02, v=3.273e-01 | Time: 8:09:07.405400
2026-07-29 23:26:05 - transient_deeponet - INFO - Epoch 0380 | data loss=2.088e-02 | bc loss=1.517e-02 | ic loss=8.734e-03 | valid MSE=1.193e+03 | valid rel L2=1.424e-01 | pressure=4.992e-02, u=4.194e-02, v=1.774e-01 | Time: 10:31:41.111673
2026-07-29 23:26:31 - transient_deeponet - INFO - Epoch 0300 | data loss=7.169e-02 | bc loss=4.343e-02 | ic loss=3.689e-02 | valid MSE=1.271e+03 | valid rel L2=9.560e-02 | pressure=5.547e-02, u=6.801e-02, v=3.050e-01 | Time: 8:25:45.190220
2026-07-29 23:43:19 - transient_deeponet - INFO - Epoch 0310 | data loss=6.905e-02 | bc loss=3.723e-02 | ic loss=3.625e-02 | valid MSE=1.097e+03 | valid rel L2=1.024e-01 | pressure=5.153e-02, u=6.042e-02, v=3.133e-01 | Time: 8:42:33.081088
2026-07-29 23:43:44 - transient_deeponet - INFO - Epoch 0390 | data loss=3.403e-02 | bc loss=2.676e-02 | ic loss=2.041e-02 | valid MSE=6.150e+02 | valid rel L2=8.678e-02 | pressure=3.584e-02, u=3.746e-02, v=1.890e-01 | Time: 10:49:20.227874
2026-07-29 23:59:45 - transient_deeponet - INFO - Epoch 0320 | data loss=7.296e-02 | bc loss=3.999e-02 | ic loss=3.836e-02 | valid MSE=1.162e+03 | valid rel L2=8.660e-02 | pressure=5.303e-02, u=6.246e-02, v=2.986e-01 | Time: 8:58:59.939900
2026-07-30 00:00:33 - transient_deeponet - INFO - Epoch 0400 | data loss=1.703e-02 | bc loss=9.817e-03 | ic loss=7.929e-03 | valid MSE=7.570e+02 | valid rel L2=1.566e-01 | pressure=3.976e-02, u=3.664e-02, v=1.720e-01 | Time: 11:06:08.660574
2026-07-30 00:16:36 - transient_deeponet - INFO - Epoch 0330 | data loss=7.068e-02 | bc loss=4.071e-02 | ic loss=3.562e-02 | valid MSE=1.411e+03 | valid rel L2=1.277e-01 | pressure=5.844e-02, u=7.425e-02, v=3.069e-01 | Time: 9:15:50.812247
2026-07-30 00:18:00 - transient_deeponet - INFO - Epoch 0410 | data loss=2.195e-02 | bc loss=1.725e-02 | ic loss=1.033e-02 | valid MSE=7.984e+02 | valid rel L2=1.550e-01 | pressure=4.083e-02, u=3.601e-02, v=1.842e-01 | Time: 11:23:35.898841
2026-07-30 00:33:21 - transient_deeponet - INFO - Epoch 0340 | data loss=7.830e-02 | bc loss=4.778e-02 | ic loss=4.157e-02 | valid MSE=1.287e+03 | valid rel L2=1.010e-01 | pressure=5.582e-02, u=5.854e-02, v=2.910e-01 | Time: 9:32:35.258308
2026-07-30 00:34:49 - transient_deeponet - INFO - Epoch 0420 | data loss=1.687e-02 | bc loss=1.051e-02 | ic loss=7.605e-03 | valid MSE=4.395e+02 | valid rel L2=1.482e-01 | pressure=3.030e-02, u=3.227e-02, v=1.602e-01 | Time: 11:40:25.511870
2026-07-30 00:50:26 - transient_deeponet - INFO - Epoch 0350 | data loss=6.936e-02 | bc loss=3.840e-02 | ic loss=3.537e-02 | valid MSE=1.779e+03 | valid rel L2=1.173e-01 | pressure=6.561e-02, u=6.466e-02, v=3.016e-01 | Time: 9:49:40.933317
2026-07-30 00:51:53 - transient_deeponet - INFO - Epoch 0430 | data loss=1.747e-02 | bc loss=1.262e-02 | ic loss=8.079e-03 | valid MSE=5.986e+02 | valid rel L2=2.351e-01 | pressure=3.536e-02, u=4.021e-02, v=1.763e-01 | Time: 11:57:28.576999
2026-07-30 01:07:19 - transient_deeponet - INFO - Epoch 0360 | data loss=7.094e-02 | bc loss=3.879e-02 | ic loss=3.667e-02 | valid MSE=1.479e+03 | valid rel L2=1.066e-01 | pressure=5.983e-02, u=7.093e-02, v=3.657e-01 | Time: 10:06:33.819231
2026-07-30 01:09:29 - transient_deeponet - INFO - Epoch 0440 | data loss=2.245e-02 | bc loss=1.701e-02 | ic loss=1.057e-02 | valid MSE=3.861e+02 | valid rel L2=7.991e-02 | pressure=2.840e-02, u=3.331e-02, v=1.642e-01 | Time: 12:15:04.788917
2026-07-30 01:24:10 - transient_deeponet - INFO - Epoch 0370 | data loss=7.014e-02 | bc loss=4.289e-02 | ic loss=3.254e-02 | valid MSE=1.730e+03 | valid rel L2=1.302e-01 | pressure=6.471e-02, u=7.135e-02, v=3.003e-01 | Time: 10:23:24.719511
2026-07-30 01:27:19 - transient_deeponet - INFO - Epoch 0450 | data loss=1.592e-02 | bc loss=9.319e-03 | ic loss=6.706e-03 | valid MSE=5.088e+02 | valid rel L2=1.760e-01 | pressure=3.260e-02, u=3.643e-02, v=1.781e-01 | Time: 12:32:55.204735
2026-07-30 01:40:51 - transient_deeponet - INFO - Epoch 0380 | data loss=6.359e-02 | bc loss=3.279e-02 | ic loss=3.170e-02 | valid MSE=1.362e+03 | valid rel L2=1.170e-01 | pressure=5.741e-02, u=5.753e-02, v=3.133e-01 | Time: 10:40:05.662402
2026-07-30 01:44:51 - transient_deeponet - INFO - Epoch 0460 | data loss=2.098e-02 | bc loss=1.069e-02 | ic loss=9.062e-03 | valid MSE=3.523e+02 | valid rel L2=7.651e-02 | pressure=2.713e-02, u=3.461e-02, v=1.719e-01 | Time: 12:50:27.129460
2026-07-30 01:57:44 - transient_deeponet - INFO - Epoch 0390 | data loss=6.249e-02 | bc loss=3.468e-02 | ic loss=2.987e-02 | valid MSE=1.523e+03 | valid rel L2=1.368e-01 | pressure=6.072e-02, u=5.857e-02, v=2.882e-01 | Time: 10:56:58.040284
2026-07-30 02:02:16 - transient_deeponet - INFO - Epoch 0470 | data loss=1.778e-02 | bc loss=1.325e-02 | ic loss=9.084e-03 | valid MSE=6.639e+02 | valid rel L2=1.280e-01 | pressure=3.724e-02, u=3.539e-02, v=1.913e-01 | Time: 13:07:51.995504
2026-07-30 02:14:55 - transient_deeponet - INFO - Epoch 0400 | data loss=6.837e-02 | bc loss=3.997e-02 | ic loss=3.538e-02 | valid MSE=2.582e+03 | valid rel L2=3.415e-01 | pressure=7.906e-02, u=6.687e-02, v=3.256e-01 | Time: 11:14:09.030139
2026-07-30 02:19:55 - transient_deeponet - INFO - Epoch 0480 | data loss=1.871e-02 | bc loss=1.431e-02 | ic loss=9.207e-03 | valid MSE=5.056e+02 | valid rel L2=1.089e-01 | pressure=3.249e-02, u=3.530e-02, v=1.726e-01 | Time: 13:25:31.382441
2026-07-30 02:31:37 - transient_deeponet - INFO - Epoch 0410 | data loss=5.935e-02 | bc loss=3.191e-02 | ic loss=2.762e-02 | valid MSE=1.147e+03 | valid rel L2=8.515e-02 | pressure=5.269e-02, u=5.599e-02, v=2.762e-01 | Time: 11:30:51.337213
2026-07-30 02:37:25 - transient_deeponet - INFO - Epoch 0490 | data loss=2.015e-02 | bc loss=1.542e-02 | ic loss=1.035e-02 | valid MSE=6.763e+02 | valid rel L2=1.906e-01 | pressure=3.758e-02, u=4.121e-02, v=1.813e-01 | Time: 13:43:01.307266
2026-07-30 02:48:22 - transient_deeponet - INFO - Epoch 0420 | data loss=6.002e-02 | bc loss=3.784e-02 | ic loss=2.930e-02 | valid MSE=1.832e+03 | valid rel L2=1.553e-01 | pressure=6.658e-02, u=6.636e-02, v=3.191e-01 | Time: 11:47:36.512423
2026-07-30 02:54:36 - transient_deeponet - INFO - Epoch 0500 | data loss=1.613e-02 | bc loss=1.081e-02 | ic loss=7.119e-03 | valid MSE=4.056e+02 | valid rel L2=9.025e-02 | pressure=2.911e-02, u=3.446e-02, v=1.593e-01 | Time: 14:00:11.569449
