2026-08-05 16:44:24 - transient_deeponet - INFO - Training comment
2026-08-05 16:44:24 - transient_deeponet - INFO - Cylinder transient data; complete 100-step trajectory per x-strip sample, 5 realizations, 5k epochs
2026-08-05 16:44:24 - transient_deeponet - INFO - Output directory: /home/hantianl/Documents/PIDIF/DeepONet/results/transient_080526_1
2026-08-05 16:44:24 - transient_deeponet - INFO - Available complete cases (20):
2026-08-05 16:44:24 - transient_deeponet - INFO - ['channel_000', 'channel_001', 'channel_002', 'channel_003', 'channel_004', 'channel_005', 'channel_006', 'channel_007', 'channel_008', 'channel_009', 'channel_010', 'channel_011', 'channel_012', 'channel_013', 'channel_014', 'channel_015', 'channel_016', 'channel_017', 'channel_018', 'channel_019']
2026-08-05 16:44:24 - transient_deeponet - INFO - Train cases (16): ['channel_000', 'channel_002', 'channel_003', 'channel_004', 'channel_005', 'channel_006', 'channel_007', 'channel_008', 'channel_010', 'channel_011', 'channel_012', 'channel_013', 'channel_016', 'channel_017', 'channel_018', 'channel_019']
2026-08-05 16:44:24 - transient_deeponet - INFO - Valid cases (2): ['channel_009', 'channel_014']
2026-08-05 16:44:24 - transient_deeponet - INFO - Test  cases (2): ['channel_001', 'channel_015']
2026-08-05 17:24:42 - transient_deeponet - INFO - Train samples: 800
2026-08-05 17:24:42 - transient_deeponet - INFO - Valid samples: 100
2026-08-05 17:24:42 - transient_deeponet - INFO - Windows per train case: {'channel_000': 1, 'channel_002': 1, 'channel_003': 1, 'channel_004': 1, 'channel_005': 1, 'channel_006': 1, 'channel_007': 1, 'channel_008': 1, 'channel_010': 1, 'channel_011': 1, 'channel_012': 1, 'channel_013': 1, 'channel_016': 1, 'channel_017': 1, 'channel_018': 1, 'channel_019': 1}
2026-08-05 17:24:42 - transient_deeponet - INFO - Branch channels: ['x_local', 'y_local', 'time_local', 'boundary_mask', 'wall_mask', 'interface_mask', 'initial_mask', 'cylinder_mask', 'sensor_pressure', 'sensor_u', 'sensor_v', 'known_pressure', 'known_u', 'known_v', 'local_aspect_ratio']
2026-08-05 17:24:42 - transient_deeponet - INFO - Trunk channels: ['x_local', 'y_local', 'time_local']
2026-08-05 17:24:42 - transient_deeponet - INFO - Output channels: ['pressure', 'u', 'v']
2026-08-05 17:24:42 - transient_deeponet - INFO - Example branch: (53248, 15)
2026-08-05 17:24:42 - transient_deeponet - INFO - Example spatial query: (56919, 2)
2026-08-05 17:24:42 - transient_deeponet - INFO - Example time query: (100,)
2026-08-05 17:24:42 - transient_deeponet - INFO - Example target: (100, 56919, 3)
2026-08-05 17:24:42 - transient_deeponet - INFO - Train cases: ['channel_000', 'channel_002', 'channel_003', 'channel_004', 'channel_005', 'channel_006', 'channel_007', 'channel_008', 'channel_010', 'channel_011', 'channel_012', 'channel_013', 'channel_016', 'channel_017', 'channel_018', 'channel_019']
2026-08-05 17:24:42 - transient_deeponet - INFO - Valid cases: ['channel_009', 'channel_014']
2026-08-05 17:24:42 - transient_deeponet - INFO - Train time steps per sample: [100]
2026-08-05 17:24:42 - transient_deeponet - INFO - Train subdomains per case: {'channel_000': 50, 'channel_002': 50, 'channel_003': 50, 'channel_004': 50, 'channel_005': 50, 'channel_006': 50, 'channel_007': 50, 'channel_008': 50, 'channel_010': 50, 'channel_011': 50, 'channel_012': 50, 'channel_013': 50, 'channel_016': 50, 'channel_017': 50, 'channel_018': 50, 'channel_019': 50}
2026-08-05 17:27:15 - transient_deeponet - INFO - Y mean: tensor([ 1.0487e+03,  1.0047e+00, -1.8899e-05])
2026-08-05 17:27:15 - transient_deeponet - INFO - Y std: tensor([7.9842e+02, 4.0944e-01, 7.0321e-02])
2026-08-05 17:27:15 - transient_deeponet - INFO - local_aspect_mean: 1.0
2026-08-05 17:27:15 - transient_deeponet - INFO - local_aspect_std: 0.7136246562004089
2026-08-05 17:27:16 - transient_deeponet - INFO - branch batch: torch.Size([2, 53248, 15])
2026-08-05 17:27:16 - transient_deeponet - INFO - query batch: torch.Size([16384, 3])
2026-08-05 17:27:16 - transient_deeponet - INFO - target batch: torch.Size([16384, 3])
2026-08-05 17:27:16 - transient_deeponet - INFO - query batch id: tensor(0) tensor(1)
2026-08-05 17:27:16 - transient_deeponet - INFO - sample indices: tensor([26, 17])
2026-08-05 17:27:16 - transient_deeponet - INFO - branch mask batch: torch.Size([2, 53248])
2026-08-05 17:27:17 - transient_deeponet - INFO - {'branch_input_dim': 15, 'trunk_input_dim': 3, 'output_channels': 3, 'latent_dim': 128, 'branch_point_hidden_dim': 128, 'branch_point_depth': 3, 'branch_global_hidden_dim': 128, 'branch_global_depth': 3, 'trunk_hidden_dim': 128, 'trunk_depth': 4, 'aggregation': 'mean', 'activation': 'gelu', 'layer_norm': False}
2026-08-05 17:29:02 - transient_deeponet - INFO - Epoch 0001 | data loss=9.265e-01 | bc loss=4.817e-01 | ic loss=7.080e-01 | valid MSE=4.318e+04 | valid rel L2=1.292e+00 | pressure=3.003e-01, u=2.780e-01, v=9.981e-01 | Time: 0:01:44.761290
2026-08-05 17:44:33 - transient_deeponet - INFO - Epoch 0010 | data loss=2.395e-01 | bc loss=9.326e-02 | ic loss=1.738e-01 | valid MSE=7.241e+03 | valid rel L2=6.976e-01 | pressure=1.230e-01, u=1.546e-01, v=7.036e-01 | Time: 0:17:16.220644
2026-08-05 18:01:19 - transient_deeponet - INFO - Epoch 0020 | data loss=1.283e-01 | bc loss=5.471e-02 | ic loss=6.966e-02 | valid MSE=2.145e+03 | valid rel L2=1.661e-01 | pressure=6.694e-02, u=8.902e-02, v=4.313e-01 | Time: 0:34:02.392003
2026-08-05 18:18:12 - transient_deeponet - INFO - Epoch 0030 | data loss=9.497e-02 | bc loss=5.237e-02 | ic loss=4.572e-02 | valid MSE=2.225e+03 | valid rel L2=4.439e-01 | pressure=6.817e-02, u=6.812e-02, v=3.641e-01 | Time: 0:50:55.373452
2026-08-05 18:34:57 - transient_deeponet - INFO - Epoch 0040 | data loss=9.106e-02 | bc loss=5.317e-02 | ic loss=4.688e-02 | valid MSE=1.219e+03 | valid rel L2=2.093e-01 | pressure=5.045e-02, u=6.038e-02, v=3.155e-01 | Time: 1:07:40.333004
2026-08-05 18:51:45 - transient_deeponet - INFO - Epoch 0050 | data loss=6.512e-02 | bc loss=3.473e-02 | ic loss=3.257e-02 | valid MSE=2.813e+03 | valid rel L2=5.935e-01 | pressure=7.665e-02, u=6.052e-02, v=2.972e-01 | Time: 1:24:27.628767
2026-08-05 19:08:42 - transient_deeponet - INFO - Epoch 0060 | data loss=6.744e-02 | bc loss=3.791e-02 | ic loss=3.320e-02 | valid MSE=1.072e+03 | valid rel L2=1.127e-01 | pressure=4.732e-02, u=5.721e-02, v=2.775e-01 | Time: 1:41:25.346184
2026-08-05 19:25:44 - transient_deeponet - INFO - Epoch 0070 | data loss=5.394e-02 | bc loss=3.243e-02 | ic loss=2.614e-02 | valid MSE=8.487e+03 | valid rel L2=7.168e-01 | pressure=1.331e-01, u=6.222e-02, v=2.766e-01 | Time: 1:58:27.284407
2026-08-05 19:42:22 - transient_deeponet - INFO - Epoch 0080 | data loss=5.571e-02 | bc loss=3.460e-02 | ic loss=2.545e-02 | valid MSE=1.976e+03 | valid rel L2=1.894e-01 | pressure=6.423e-02, u=5.156e-02, v=2.722e-01 | Time: 2:15:04.858345
2026-08-05 19:58:55 - transient_deeponet - INFO - Epoch 0090 | data loss=4.442e-02 | bc loss=2.525e-02 | ic loss=1.768e-02 | valid MSE=6.601e+02 | valid rel L2=1.075e-01 | pressure=3.713e-02, u=4.419e-02, v=2.312e-01 | Time: 2:31:37.995984
2026-08-05 20:15:38 - transient_deeponet - INFO - Epoch 0100 | data loss=5.026e-02 | bc loss=2.985e-02 | ic loss=2.477e-02 | valid MSE=2.045e+03 | valid rel L2=1.980e-01 | pressure=6.536e-02, u=7.278e-02, v=2.741e-01 | Time: 2:48:20.594027
2026-08-05 20:33:27 - transient_deeponet - INFO - Epoch 0110 | data loss=4.155e-02 | bc loss=2.540e-02 | ic loss=1.692e-02 | valid MSE=8.188e+02 | valid rel L2=8.687e-02 | pressure=4.135e-02, u=4.146e-02, v=2.122e-01 | Time: 3:06:09.590544
2026-08-05 20:52:10 - transient_deeponet - INFO - Epoch 0120 | data loss=4.148e-02 | bc loss=2.595e-02 | ic loss=1.784e-02 | valid MSE=9.055e+02 | valid rel L2=1.039e-01 | pressure=4.349e-02, u=4.350e-02, v=2.415e-01 | Time: 3:24:52.788837
2026-08-05 21:10:31 - transient_deeponet - INFO - Epoch 0130 | data loss=3.866e-02 | bc loss=2.224e-02 | ic loss=1.804e-02 | valid MSE=8.804e+02 | valid rel L2=9.516e-02 | pressure=4.288e-02, u=4.923e-02, v=2.354e-01 | Time: 3:43:13.919058
2026-08-05 21:28:22 - transient_deeponet - INFO - Epoch 0140 | data loss=3.434e-02 | bc loss=1.994e-02 | ic loss=1.408e-02 | valid MSE=7.823e+02 | valid rel L2=1.136e-01 | pressure=4.042e-02, u=4.192e-02, v=2.222e-01 | Time: 4:01:04.654929
2026-08-05 21:46:35 - transient_deeponet - INFO - Epoch 0150 | data loss=5.349e-02 | bc loss=3.685e-02 | ic loss=2.580e-02 | valid MSE=1.149e+03 | valid rel L2=2.210e-01 | pressure=4.899e-02, u=5.352e-02, v=2.563e-01 | Time: 4:19:17.690856
2026-08-05 22:05:00 - transient_deeponet - INFO - Epoch 0160 | data loss=3.750e-02 | bc loss=2.322e-02 | ic loss=1.778e-02 | valid MSE=9.360e+02 | valid rel L2=1.092e-01 | pressure=4.421e-02, u=4.183e-02, v=2.013e-01 | Time: 4:37:42.701721
2026-08-05 22:22:54 - transient_deeponet - INFO - Epoch 0170 | data loss=3.187e-02 | bc loss=1.974e-02 | ic loss=1.380e-02 | valid MSE=5.256e+02 | valid rel L2=9.021e-02 | pressure=3.313e-02, u=4.466e-02, v=2.136e-01 | Time: 4:55:36.546749
2026-08-05 22:41:16 - transient_deeponet - INFO - Epoch 0180 | data loss=4.378e-02 | bc loss=3.100e-02 | ic loss=2.321e-02 | valid MSE=8.502e+02 | valid rel L2=9.478e-02 | pressure=4.214e-02, u=4.165e-02, v=2.017e-01 | Time: 5:13:59.160737
2026-08-05 22:59:38 - transient_deeponet - INFO - Epoch 0190 | data loss=3.662e-02 | bc loss=2.244e-02 | ic loss=1.757e-02 | valid MSE=7.355e+02 | valid rel L2=8.664e-02 | pressure=3.919e-02, u=4.350e-02, v=2.072e-01 | Time: 5:32:21.283909
2026-08-05 23:17:49 - transient_deeponet - INFO - Epoch 0200 | data loss=2.580e-02 | bc loss=1.180e-02 | ic loss=9.420e-03 | valid MSE=6.180e+02 | valid rel L2=1.062e-01 | pressure=3.593e-02, u=3.945e-02, v=1.951e-01 | Time: 5:50:31.848224
2026-08-05 23:35:56 - transient_deeponet - INFO - Epoch 0210 | data loss=2.603e-02 | bc loss=1.545e-02 | ic loss=1.100e-02 | valid MSE=5.208e+02 | valid rel L2=1.223e-01 | pressure=3.298e-02, u=4.052e-02, v=1.788e-01 | Time: 6:08:38.609760
2026-08-05 23:53:36 - transient_deeponet - INFO - Epoch 0220 | data loss=3.025e-02 | bc loss=1.944e-02 | ic loss=1.390e-02 | valid MSE=1.309e+03 | valid rel L2=1.368e-01 | pressure=5.229e-02, u=4.347e-02, v=2.061e-01 | Time: 6:26:19.055832
2026-08-06 00:11:49 - transient_deeponet - INFO - Epoch 0230 | data loss=2.730e-02 | bc loss=1.625e-02 | ic loss=1.146e-02 | valid MSE=1.064e+03 | valid rel L2=1.973e-01 | pressure=4.714e-02, u=3.448e-02, v=1.754e-01 | Time: 6:44:32.149278
2026-08-06 00:30:48 - transient_deeponet - INFO - Epoch 0240 | data loss=2.473e-02 | bc loss=1.455e-02 | ic loss=1.069e-02 | valid MSE=1.500e+03 | valid rel L2=2.003e-01 | pressure=5.598e-02, u=4.211e-02, v=1.758e-01 | Time: 7:03:30.851138
2026-08-06 00:48:23 - transient_deeponet - INFO - Epoch 0250 | data loss=2.942e-02 | bc loss=2.071e-02 | ic loss=1.385e-02 | valid MSE=6.334e+02 | valid rel L2=1.184e-01 | pressure=3.637e-02, u=3.749e-02, v=1.932e-01 | Time: 7:21:05.573392
2026-08-06 01:06:46 - transient_deeponet - INFO - Epoch 0260 | data loss=2.735e-02 | bc loss=1.909e-02 | ic loss=1.272e-02 | valid MSE=1.119e+03 | valid rel L2=1.474e-01 | pressure=4.835e-02, u=5.513e-02, v=2.797e-01 | Time: 7:39:29.318305
2026-08-06 01:24:53 - transient_deeponet - INFO - Epoch 0270 | data loss=2.385e-02 | bc loss=1.388e-02 | ic loss=1.076e-02 | valid MSE=8.504e+02 | valid rel L2=1.773e-01 | pressure=4.214e-02, u=3.763e-02, v=1.876e-01 | Time: 7:57:35.743625
2026-08-06 01:42:59 - transient_deeponet - INFO - Epoch 0280 | data loss=4.101e-02 | bc loss=3.230e-02 | ic loss=2.174e-02 | valid MSE=8.157e+02 | valid rel L2=1.519e-01 | pressure=4.127e-02, u=4.701e-02, v=2.281e-01 | Time: 8:15:41.736590
2026-08-06 02:00:56 - transient_deeponet - INFO - Epoch 0290 | data loss=2.477e-02 | bc loss=1.681e-02 | ic loss=1.112e-02 | valid MSE=2.092e+03 | valid rel L2=1.319e-01 | pressure=6.611e-02, u=4.184e-02, v=1.869e-01 | Time: 8:33:38.481866
2026-08-06 02:18:10 - transient_deeponet - INFO - Epoch 0300 | data loss=2.804e-02 | bc loss=2.153e-02 | ic loss=1.335e-02 | valid MSE=1.469e+03 | valid rel L2=1.826e-01 | pressure=5.538e-02, u=3.733e-02, v=1.766e-01 | Time: 8:50:53.423277
2026-08-06 02:35:03 - transient_deeponet - INFO - Epoch 0310 | data loss=2.332e-02 | bc loss=1.584e-02 | ic loss=1.063e-02 | valid MSE=5.652e+02 | valid rel L2=2.226e-01 | pressure=3.436e-02, u=4.499e-02, v=2.292e-01 | Time: 9:07:45.520898
2026-08-06 02:51:55 - transient_deeponet - INFO - Epoch 0320 | data loss=1.976e-02 | bc loss=1.106e-02 | ic loss=9.721e-03 | valid MSE=6.881e+02 | valid rel L2=1.179e-01 | pressure=3.791e-02, u=3.899e-02, v=1.809e-01 | Time: 9:24:38.311879
2026-08-06 03:09:23 - transient_deeponet - INFO - Epoch 0330 | data loss=2.774e-02 | bc loss=1.654e-02 | ic loss=1.541e-02 | valid MSE=5.620e+02 | valid rel L2=8.718e-02 | pressure=3.426e-02, u=3.314e-02, v=1.753e-01 | Time: 9:42:05.553246
2026-08-06 03:27:06 - transient_deeponet - INFO - Epoch 0340 | data loss=2.027e-02 | bc loss=1.220e-02 | ic loss=8.671e-03 | valid MSE=7.599e+02 | valid rel L2=9.749e-02 | pressure=3.984e-02, u=4.439e-02, v=1.959e-01 | Time: 9:59:48.856317
2026-08-06 03:44:59 - transient_deeponet - INFO - Epoch 0350 | data loss=2.005e-02 | bc loss=1.276e-02 | ic loss=8.988e-03 | valid MSE=1.008e+03 | valid rel L2=1.299e-01 | pressure=4.587e-02, u=4.331e-02, v=1.875e-01 | Time: 10:17:42.209096
2026-08-06 04:02:12 - transient_deeponet - INFO - Epoch 0360 | data loss=2.183e-02 | bc loss=1.592e-02 | ic loss=1.017e-02 | valid MSE=1.586e+03 | valid rel L2=1.397e-01 | pressure=5.755e-02, u=3.509e-02, v=1.718e-01 | Time: 10:34:55.145216
2026-08-06 04:19:18 - transient_deeponet - INFO - Epoch 0370 | data loss=1.872e-02 | bc loss=1.128e-02 | ic loss=8.097e-03 | valid MSE=3.538e+02 | valid rel L2=8.708e-02 | pressure=2.718e-02, u=3.494e-02, v=1.722e-01 | Time: 10:52:00.580436
2026-08-06 04:36:17 - transient_deeponet - INFO - Epoch 0380 | data loss=2.088e-02 | bc loss=1.517e-02 | ic loss=8.734e-03 | valid MSE=1.193e+03 | valid rel L2=1.424e-01 | pressure=4.992e-02, u=4.194e-02, v=1.774e-01 | Time: 11:09:00.115418
2026-08-06 04:53:44 - transient_deeponet - INFO - Epoch 0390 | data loss=3.403e-02 | bc loss=2.676e-02 | ic loss=2.041e-02 | valid MSE=6.150e+02 | valid rel L2=8.678e-02 | pressure=3.584e-02, u=3.746e-02, v=1.890e-01 | Time: 11:26:26.953688
2026-08-06 05:11:05 - transient_deeponet - INFO - Epoch 0400 | data loss=1.703e-02 | bc loss=9.817e-03 | ic loss=7.929e-03 | valid MSE=7.570e+02 | valid rel L2=1.566e-01 | pressure=3.976e-02, u=3.664e-02, v=1.720e-01 | Time: 11:43:47.836983
2026-08-06 05:28:18 - transient_deeponet - INFO - Epoch 0410 | data loss=2.195e-02 | bc loss=1.725e-02 | ic loss=1.033e-02 | valid MSE=7.984e+02 | valid rel L2=1.550e-01 | pressure=4.083e-02, u=3.601e-02, v=1.842e-01 | Time: 12:01:01.019495
2026-08-06 05:45:51 - transient_deeponet - INFO - Epoch 0420 | data loss=1.687e-02 | bc loss=1.051e-02 | ic loss=7.605e-03 | valid MSE=4.395e+02 | valid rel L2=1.482e-01 | pressure=3.030e-02, u=3.227e-02, v=1.602e-01 | Time: 12:18:33.579315
2026-08-06 06:03:24 - transient_deeponet - INFO - Epoch 0430 | data loss=1.747e-02 | bc loss=1.262e-02 | ic loss=8.079e-03 | valid MSE=5.986e+02 | valid rel L2=2.351e-01 | pressure=3.536e-02, u=4.021e-02, v=1.763e-01 | Time: 12:36:06.799921
2026-08-06 06:20:32 - transient_deeponet - INFO - Epoch 0440 | data loss=2.245e-02 | bc loss=1.701e-02 | ic loss=1.057e-02 | valid MSE=3.861e+02 | valid rel L2=7.991e-02 | pressure=2.840e-02, u=3.331e-02, v=1.642e-01 | Time: 12:53:15.167549
2026-08-06 06:37:38 - transient_deeponet - INFO - Epoch 0450 | data loss=1.592e-02 | bc loss=9.319e-03 | ic loss=6.706e-03 | valid MSE=5.088e+02 | valid rel L2=1.760e-01 | pressure=3.260e-02, u=3.643e-02, v=1.781e-01 | Time: 13:10:20.789138
2026-08-06 06:54:28 - transient_deeponet - INFO - Epoch 0460 | data loss=2.098e-02 | bc loss=1.069e-02 | ic loss=9.062e-03 | valid MSE=3.523e+02 | valid rel L2=7.651e-02 | pressure=2.713e-02, u=3.461e-02, v=1.719e-01 | Time: 13:27:10.476569
2026-08-06 07:11:34 - transient_deeponet - INFO - Epoch 0470 | data loss=1.778e-02 | bc loss=1.325e-02 | ic loss=9.084e-03 | valid MSE=6.639e+02 | valid rel L2=1.280e-01 | pressure=3.724e-02, u=3.539e-02, v=1.913e-01 | Time: 13:44:17.169286
2026-08-06 07:28:21 - transient_deeponet - INFO - Epoch 0480 | data loss=1.871e-02 | bc loss=1.431e-02 | ic loss=9.207e-03 | valid MSE=5.056e+02 | valid rel L2=1.089e-01 | pressure=3.249e-02, u=3.530e-02, v=1.726e-01 | Time: 14:01:03.825690
2026-08-06 07:45:26 - transient_deeponet - INFO - Epoch 0490 | data loss=2.015e-02 | bc loss=1.542e-02 | ic loss=1.035e-02 | valid MSE=6.763e+02 | valid rel L2=1.906e-01 | pressure=3.758e-02, u=4.121e-02, v=1.813e-01 | Time: 14:18:09.369326
2026-08-06 08:02:29 - transient_deeponet - INFO - Epoch 0500 | data loss=1.613e-02 | bc loss=1.081e-02 | ic loss=7.119e-03 | valid MSE=4.056e+02 | valid rel L2=9.025e-02 | pressure=2.911e-02, u=3.446e-02, v=1.593e-01 | Time: 14:35:11.707205
2026-08-06 08:19:57 - transient_deeponet - INFO - Epoch 0510 | data loss=1.415e-02 | bc loss=7.130e-03 | ic loss=6.408e-03 | valid MSE=6.957e+02 | valid rel L2=1.388e-01 | pressure=3.812e-02, u=3.392e-02, v=1.544e-01 | Time: 14:52:40.379329
2026-08-06 08:37:05 - transient_deeponet - INFO - Epoch 0520 | data loss=1.834e-02 | bc loss=1.350e-02 | ic loss=8.908e-03 | valid MSE=5.239e+02 | valid rel L2=1.320e-01 | pressure=3.308e-02, u=3.628e-02, v=1.661e-01 | Time: 15:09:48.032108
2026-08-06 08:54:44 - transient_deeponet - INFO - Epoch 0530 | data loss=1.597e-02 | bc loss=9.515e-03 | ic loss=6.939e-03 | valid MSE=3.545e+02 | valid rel L2=8.967e-02 | pressure=2.721e-02, u=3.467e-02, v=1.634e-01 | Time: 15:27:26.507129
2026-08-06 09:11:52 - transient_deeponet - INFO - Epoch 0540 | data loss=2.140e-02 | bc loss=1.632e-02 | ic loss=1.025e-02 | valid MSE=4.350e+02 | valid rel L2=8.113e-02 | pressure=3.014e-02, u=3.556e-02, v=1.699e-01 | Time: 15:44:35.414970
2026-08-06 09:28:43 - transient_deeponet - INFO - Epoch 0550 | data loss=1.812e-02 | bc loss=1.362e-02 | ic loss=9.406e-03 | valid MSE=4.936e+02 | valid rel L2=1.005e-01 | pressure=3.211e-02, u=3.228e-02, v=1.726e-01 | Time: 16:01:26.371204
2026-08-06 09:45:53 - transient_deeponet - INFO - Epoch 0560 | data loss=1.595e-02 | bc loss=9.793e-03 | ic loss=6.553e-03 | valid MSE=5.243e+02 | valid rel L2=7.775e-02 | pressure=3.309e-02, u=3.241e-02, v=1.649e-01 | Time: 16:18:35.520936
2026-08-06 10:03:43 - transient_deeponet - INFO - Epoch 0570 | data loss=1.715e-02 | bc loss=1.186e-02 | ic loss=8.619e-03 | valid MSE=3.675e+02 | valid rel L2=6.326e-02 | pressure=2.770e-02, u=3.230e-02, v=1.571e-01 | Time: 16:36:25.498883
2026-08-06 10:21:37 - transient_deeponet - INFO - Epoch 0580 | data loss=1.541e-02 | bc loss=1.155e-02 | ic loss=6.851e-03 | valid MSE=5.393e+02 | valid rel L2=1.100e-01 | pressure=3.356e-02, u=3.213e-02, v=1.527e-01 | Time: 16:54:20.395769
2026-08-06 10:39:41 - transient_deeponet - INFO - Epoch 0590 | data loss=1.305e-02 | bc loss=7.362e-03 | ic loss=4.977e-03 | valid MSE=3.989e+02 | valid rel L2=5.672e-02 | pressure=2.886e-02, u=3.263e-02, v=1.636e-01 | Time: 17:12:24.062644
2026-08-06 10:57:38 - transient_deeponet - INFO - Epoch 0600 | data loss=1.960e-02 | bc loss=1.618e-02 | ic loss=1.014e-02 | valid MSE=5.046e+02 | valid rel L2=2.203e-01 | pressure=3.246e-02, u=3.268e-02, v=1.637e-01 | Time: 17:30:20.764308
2026-08-06 11:15:17 - transient_deeponet - INFO - Epoch 0610 | data loss=1.309e-02 | bc loss=9.214e-03 | ic loss=5.736e-03 | valid MSE=4.939e+02 | valid rel L2=8.967e-02 | pressure=3.212e-02, u=3.256e-02, v=1.634e-01 | Time: 17:48:00.064089
2026-08-06 17:54:24 - transient_deeponet - INFO - Training comment
2026-08-06 17:54:24 - transient_deeponet - INFO - Cylinder transient data; complete 100-step trajectory per x-strip sample, 5 realizations, 5k epochs
2026-08-06 17:54:24 - transient_deeponet - INFO - Output directory: /home/hantianl/Documents/PIDIF/DeepONet/results/transient_080526_1
2026-08-06 17:54:24 - transient_deeponet - INFO - Resuming into existing directory: /home/hantianl/Documents/PIDIF/DeepONet/results/transient_080526_1
2026-08-06 17:54:25 - transient_deeponet - INFO - Available complete cases (20):
2026-08-06 17:54:25 - transient_deeponet - INFO - ['channel_000', 'channel_001', 'channel_002', 'channel_003', 'channel_004', 'channel_005', 'channel_006', 'channel_007', 'channel_008', 'channel_009', 'channel_010', 'channel_011', 'channel_012', 'channel_013', 'channel_014', 'channel_015', 'channel_016', 'channel_017', 'channel_018', 'channel_019']
2026-08-06 17:54:25 - transient_deeponet - INFO - Train cases (16): ['channel_000', 'channel_002', 'channel_003', 'channel_004', 'channel_005', 'channel_006', 'channel_007', 'channel_008', 'channel_010', 'channel_011', 'channel_012', 'channel_013', 'channel_016', 'channel_017', 'channel_018', 'channel_019']
2026-08-06 17:54:25 - transient_deeponet - INFO - Valid cases (2): ['channel_009', 'channel_014']
2026-08-06 17:54:25 - transient_deeponet - INFO - Test  cases (2): ['channel_001', 'channel_015']
