2026-07-24 13:31:53 - transient_deeponet - INFO - Training comment
2026-07-24 13:31:53 - transient_deeponet - INFO - Cylinder transient data; complete 100-step trajectory per x-strip sample
2026-07-24 13:31:53 - transient_deeponet - INFO - Output directory: /home/hantianl/Documents/PIDIF/DeepONet/results/transient_072426_1
2026-07-24 13:32:16 - transient_deeponet - INFO - Epoch 0001 | data loss=6.158e-01 | bc loss=0.000e+00 | valid MSE=2.824e+04 | valid rel L2=3.964e-01 | pressure=2.356e-01, u=2.368e-01, v=9.949e-01 | Time: 0:00:15.119200
2026-07-24 13:34:24 - transient_deeponet - INFO - Epoch 0010 | data loss=4.715e-01 | bc loss=0.000e+00 | valid MSE=8.255e+03 | valid rel L2=3.742e-01 | pressure=1.274e-01, u=2.043e-01, v=9.192e-01 | Time: 0:02:23.888733
2026-07-24 13:37:05 - transient_deeponet - INFO - Epoch 0020 | data loss=2.554e-01 | bc loss=0.000e+00 | valid MSE=8.321e+03 | valid rel L2=3.614e-01 | pressure=1.279e-01, u=1.649e-01, v=8.060e-01 | Time: 0:05:03.957865
2026-07-24 13:39:26 - transient_deeponet - INFO - Epoch 0030 | data loss=1.470e-01 | bc loss=0.000e+00 | valid MSE=5.244e+03 | valid rel L2=4.090e-01 | pressure=1.015e-01, u=9.839e-02, v=4.598e-01 | Time: 0:07:25.249567
2026-07-24 13:41:56 - transient_deeponet - INFO - Epoch 0040 | data loss=1.255e-01 | bc loss=0.000e+00 | valid MSE=2.906e+03 | valid rel L2=1.489e-01 | pressure=7.558e-02, u=9.309e-02, v=3.588e-01 | Time: 0:09:55.450551
2026-07-24 13:44:15 - transient_deeponet - INFO - Epoch 0050 | data loss=7.267e-02 | bc loss=0.000e+00 | valid MSE=2.613e+03 | valid rel L2=1.638e-01 | pressure=7.168e-02, u=7.147e-02, v=3.129e-01 | Time: 0:12:14.538685
2026-07-24 13:46:33 - transient_deeponet - INFO - Epoch 0060 | data loss=6.704e-02 | bc loss=0.000e+00 | valid MSE=2.686e+03 | valid rel L2=2.902e-01 | pressure=7.267e-02, u=7.639e-02, v=2.906e-01 | Time: 0:14:32.216818
2026-07-24 13:49:02 - transient_deeponet - INFO - Epoch 0070 | data loss=7.383e-02 | bc loss=0.000e+00 | valid MSE=3.130e+03 | valid rel L2=1.724e-01 | pressure=7.844e-02, u=6.986e-02, v=2.868e-01 | Time: 0:17:01.421579
2026-07-24 13:51:20 - transient_deeponet - INFO - Epoch 0080 | data loss=5.865e-02 | bc loss=0.000e+00 | valid MSE=1.734e+03 | valid rel L2=1.805e-01 | pressure=5.838e-02, u=6.359e-02, v=2.832e-01 | Time: 0:19:19.849644
2026-07-24 13:53:47 - transient_deeponet - INFO - Epoch 0090 | data loss=5.450e-02 | bc loss=0.000e+00 | valid MSE=1.460e+03 | valid rel L2=1.273e-01 | pressure=5.357e-02, u=5.537e-02, v=2.561e-01 | Time: 0:21:46.725634
2026-07-24 13:56:09 - transient_deeponet - INFO - Epoch 0100 | data loss=5.000e-02 | bc loss=0.000e+00 | valid MSE=2.937e+03 | valid rel L2=3.185e-01 | pressure=7.598e-02, u=6.085e-02, v=2.583e-01 | Time: 0:24:08.637423
2026-07-24 13:58:35 - transient_deeponet - INFO - Epoch 0110 | data loss=4.647e-02 | bc loss=0.000e+00 | valid MSE=2.075e+03 | valid rel L2=1.296e-01 | pressure=6.387e-02, u=5.879e-02, v=2.715e-01 | Time: 0:26:34.517239
2026-07-24 14:01:07 - transient_deeponet - INFO - Epoch 0120 | data loss=4.633e-02 | bc loss=0.000e+00 | valid MSE=1.474e+03 | valid rel L2=1.536e-01 | pressure=5.382e-02, u=4.965e-02, v=2.463e-01 | Time: 0:29:06.020835
2026-07-24 14:03:35 - transient_deeponet - INFO - Epoch 0130 | data loss=5.294e-02 | bc loss=0.000e+00 | valid MSE=2.121e+03 | valid rel L2=1.403e-01 | pressure=6.457e-02, u=6.200e-02, v=2.745e-01 | Time: 0:31:34.731903
2026-07-24 14:05:54 - transient_deeponet - INFO - Epoch 0140 | data loss=5.117e-02 | bc loss=0.000e+00 | valid MSE=1.825e+03 | valid rel L2=1.152e-01 | pressure=5.990e-02, u=6.478e-02, v=2.549e-01 | Time: 0:33:53.883114
2026-07-24 14:08:09 - transient_deeponet - INFO - Epoch 0150 | data loss=4.349e-02 | bc loss=0.000e+00 | valid MSE=1.258e+03 | valid rel L2=1.499e-01 | pressure=4.973e-02, u=5.923e-02, v=2.810e-01 | Time: 0:36:08.152656
2026-07-24 14:10:33 - transient_deeponet - INFO - Epoch 0160 | data loss=3.587e-02 | bc loss=0.000e+00 | valid MSE=1.324e+03 | valid rel L2=2.021e-01 | pressure=5.102e-02, u=5.971e-02, v=2.799e-01 | Time: 0:38:32.149002
2026-07-24 14:13:04 - transient_deeponet - INFO - Epoch 0170 | data loss=3.241e-02 | bc loss=0.000e+00 | valid MSE=2.097e+03 | valid rel L2=1.580e-01 | pressure=6.420e-02, u=4.924e-02, v=2.478e-01 | Time: 0:41:03.187744
2026-07-24 14:15:21 - transient_deeponet - INFO - Epoch 0180 | data loss=3.354e-02 | bc loss=0.000e+00 | valid MSE=8.537e+02 | valid rel L2=9.335e-02 | pressure=4.097e-02, u=4.694e-02, v=2.252e-01 | Time: 0:43:20.466723
2026-07-24 14:17:54 - transient_deeponet - INFO - Epoch 0190 | data loss=7.163e-02 | bc loss=0.000e+00 | valid MSE=5.994e+03 | valid rel L2=6.220e-01 | pressure=1.086e-01, u=6.402e-02, v=2.594e-01 | Time: 0:45:53.248552
2026-07-24 14:20:19 - transient_deeponet - INFO - Epoch 0200 | data loss=2.846e-02 | bc loss=0.000e+00 | valid MSE=8.640e+02 | valid rel L2=1.105e-01 | pressure=4.121e-02, u=4.324e-02, v=2.196e-01 | Time: 0:48:18.380279
2026-07-24 14:22:41 - transient_deeponet - INFO - Epoch 0210 | data loss=4.692e-02 | bc loss=0.000e+00 | valid MSE=1.435e+03 | valid rel L2=1.534e-01 | pressure=5.311e-02, u=6.820e-02, v=2.190e-01 | Time: 0:50:40.812559
2026-07-24 14:24:56 - transient_deeponet - INFO - Epoch 0220 | data loss=2.474e-02 | bc loss=0.000e+00 | valid MSE=8.652e+02 | valid rel L2=9.076e-02 | pressure=4.124e-02, u=4.858e-02, v=2.184e-01 | Time: 0:52:55.786097
2026-07-24 14:27:18 - transient_deeponet - INFO - Epoch 0230 | data loss=2.538e-02 | bc loss=0.000e+00 | valid MSE=1.109e+03 | valid rel L2=1.473e-01 | pressure=4.669e-02, u=4.041e-02, v=2.093e-01 | Time: 0:55:17.276658
2026-07-24 14:29:51 - transient_deeponet - INFO - Epoch 0240 | data loss=4.005e-02 | bc loss=0.000e+00 | valid MSE=1.197e+03 | valid rel L2=1.559e-01 | pressure=4.850e-02, u=5.789e-02, v=2.750e-01 | Time: 0:57:50.266142
2026-07-24 14:32:10 - transient_deeponet - INFO - Epoch 0250 | data loss=4.357e-02 | bc loss=0.000e+00 | valid MSE=3.203e+03 | valid rel L2=1.989e-01 | pressure=7.935e-02, u=5.916e-02, v=2.818e-01 | Time: 1:00:09.250750
2026-07-24 14:34:32 - transient_deeponet - INFO - Epoch 0260 | data loss=2.330e-02 | bc loss=0.000e+00 | valid MSE=1.066e+03 | valid rel L2=8.205e-02 | pressure=4.577e-02, u=3.841e-02, v=2.203e-01 | Time: 1:02:31.622212
2026-07-24 14:36:50 - transient_deeponet - INFO - Epoch 0270 | data loss=2.701e-02 | bc loss=0.000e+00 | valid MSE=7.254e+02 | valid rel L2=9.076e-02 | pressure=3.776e-02, u=3.645e-02, v=1.912e-01 | Time: 1:04:49.390065
2026-07-24 14:39:10 - transient_deeponet - INFO - Epoch 0280 | data loss=1.894e-02 | bc loss=0.000e+00 | valid MSE=6.004e+02 | valid rel L2=1.073e-01 | pressure=3.436e-02, u=3.445e-02, v=1.849e-01 | Time: 1:07:09.121245
2026-07-24 14:41:42 - transient_deeponet - INFO - Epoch 0290 | data loss=2.586e-02 | bc loss=0.000e+00 | valid MSE=8.590e+02 | valid rel L2=2.007e-01 | pressure=4.109e-02, u=4.388e-02, v=1.962e-01 | Time: 1:09:41.853477
2026-07-24 14:44:20 - transient_deeponet - INFO - Epoch 0300 | data loss=2.117e-02 | bc loss=0.000e+00 | valid MSE=1.867e+03 | valid rel L2=1.513e-01 | pressure=6.058e-02, u=4.141e-02, v=2.023e-01 | Time: 1:12:19.849462
2026-07-24 14:46:48 - transient_deeponet - INFO - Epoch 0310 | data loss=2.175e-02 | bc loss=0.000e+00 | valid MSE=7.906e+02 | valid rel L2=1.241e-01 | pressure=3.942e-02, u=4.043e-02, v=1.885e-01 | Time: 1:14:47.500973
2026-07-24 14:49:03 - transient_deeponet - INFO - Epoch 0320 | data loss=1.954e-02 | bc loss=0.000e+00 | valid MSE=6.507e+02 | valid rel L2=7.088e-02 | pressure=3.577e-02, u=3.772e-02, v=1.902e-01 | Time: 1:17:02.065610
2026-07-24 14:51:32 - transient_deeponet - INFO - Epoch 0330 | data loss=2.088e-02 | bc loss=0.000e+00 | valid MSE=6.208e+02 | valid rel L2=6.892e-02 | pressure=3.493e-02, u=4.461e-02, v=2.243e-01 | Time: 1:19:31.794650
2026-07-24 14:53:56 - transient_deeponet - INFO - Epoch 0340 | data loss=2.447e-02 | bc loss=0.000e+00 | valid MSE=1.282e+03 | valid rel L2=1.050e-01 | pressure=5.021e-02, u=3.709e-02, v=1.820e-01 | Time: 1:21:55.549039
2026-07-24 14:56:25 - transient_deeponet - INFO - Epoch 0350 | data loss=2.620e-02 | bc loss=0.000e+00 | valid MSE=1.507e+03 | valid rel L2=2.298e-01 | pressure=5.444e-02, u=4.154e-02, v=2.112e-01 | Time: 1:24:24.100223
2026-07-24 14:58:50 - transient_deeponet - INFO - Epoch 0360 | data loss=1.849e-02 | bc loss=0.000e+00 | valid MSE=5.085e+02 | valid rel L2=9.176e-02 | pressure=3.162e-02, u=3.404e-02, v=1.764e-01 | Time: 1:26:49.639827
2026-07-24 15:01:16 - transient_deeponet - INFO - Epoch 0370 | data loss=1.782e-02 | bc loss=0.000e+00 | valid MSE=6.473e+02 | valid rel L2=8.647e-02 | pressure=3.567e-02, u=4.546e-02, v=2.576e-01 | Time: 1:29:15.122859
2026-07-24 15:03:35 - transient_deeponet - INFO - Epoch 0380 | data loss=1.756e-02 | bc loss=0.000e+00 | valid MSE=5.842e+02 | valid rel L2=8.833e-02 | pressure=3.389e-02, u=4.365e-02, v=1.879e-01 | Time: 1:31:34.206231
2026-07-24 15:05:52 - transient_deeponet - INFO - Epoch 0390 | data loss=1.419e-02 | bc loss=0.000e+00 | valid MSE=5.996e+02 | valid rel L2=6.908e-02 | pressure=3.433e-02, u=3.079e-02, v=1.631e-01 | Time: 1:33:51.512720
2026-07-24 15:08:15 - transient_deeponet - INFO - Epoch 0400 | data loss=2.138e-02 | bc loss=0.000e+00 | valid MSE=7.813e+02 | valid rel L2=1.038e-01 | pressure=3.919e-02, u=3.185e-02, v=1.689e-01 | Time: 1:36:14.337131
2026-07-24 15:10:44 - transient_deeponet - INFO - Epoch 0410 | data loss=1.719e-02 | bc loss=0.000e+00 | valid MSE=5.276e+02 | valid rel L2=5.968e-02 | pressure=3.221e-02, u=4.221e-02, v=1.601e-01 | Time: 1:38:42.929280
2026-07-24 15:13:20 - transient_deeponet - INFO - Epoch 0420 | data loss=1.558e-02 | bc loss=0.000e+00 | valid MSE=5.622e+02 | valid rel L2=9.752e-02 | pressure=3.325e-02, u=3.209e-02, v=1.749e-01 | Time: 1:41:19.270404
2026-07-24 15:15:39 - transient_deeponet - INFO - Epoch 0430 | data loss=1.415e-02 | bc loss=0.000e+00 | valid MSE=6.313e+02 | valid rel L2=6.567e-02 | pressure=3.523e-02, u=3.534e-02, v=1.711e-01 | Time: 1:43:38.232745
2026-07-24 15:18:06 - transient_deeponet - INFO - Epoch 0440 | data loss=1.708e-02 | bc loss=0.000e+00 | valid MSE=4.682e+02 | valid rel L2=6.152e-02 | pressure=3.034e-02, u=3.108e-02, v=1.624e-01 | Time: 1:46:05.646746
2026-07-24 15:20:24 - transient_deeponet - INFO - Epoch 0450 | data loss=1.468e-02 | bc loss=0.000e+00 | valid MSE=5.170e+02 | valid rel L2=6.016e-02 | pressure=3.188e-02, u=3.470e-02, v=1.740e-01 | Time: 1:48:23.906527
2026-07-24 15:22:44 - transient_deeponet - INFO - Epoch 0460 | data loss=1.281e-02 | bc loss=0.000e+00 | valid MSE=3.488e+02 | valid rel L2=4.301e-02 | pressure=2.619e-02, u=2.771e-02, v=1.578e-01 | Time: 1:50:43.186253
2026-07-24 15:25:02 - transient_deeponet - INFO - Epoch 0470 | data loss=1.298e-02 | bc loss=0.000e+00 | valid MSE=5.825e+02 | valid rel L2=7.857e-02 | pressure=3.384e-02, u=3.047e-02, v=1.655e-01 | Time: 1:53:01.480722
2026-07-24 15:27:08 - transient_deeponet - INFO - Epoch 0480 | data loss=2.095e-02 | bc loss=0.000e+00 | valid MSE=1.135e+03 | valid rel L2=2.418e-01 | pressure=4.724e-02, u=3.918e-02, v=1.836e-01 | Time: 1:55:07.495751
2026-07-24 15:29:33 - transient_deeponet - INFO - Epoch 0490 | data loss=1.170e-02 | bc loss=0.000e+00 | valid MSE=4.350e+02 | valid rel L2=4.623e-02 | pressure=2.924e-02, u=2.880e-02, v=1.572e-01 | Time: 1:57:32.554557
2026-07-24 15:32:01 - transient_deeponet - INFO - Epoch 0500 | data loss=1.546e-02 | bc loss=0.000e+00 | valid MSE=5.687e+02 | valid rel L2=7.795e-02 | pressure=3.344e-02, u=3.405e-02, v=1.575e-01 | Time: 2:00:00.821426
2026-07-24 15:34:16 - transient_deeponet - INFO - Epoch 0510 | data loss=1.435e-02 | bc loss=0.000e+00 | valid MSE=1.220e+03 | valid rel L2=8.806e-02 | pressure=4.897e-02, u=3.100e-02, v=1.899e-01 | Time: 2:02:15.901216
2026-07-24 15:36:42 - transient_deeponet - INFO - Epoch 0520 | data loss=2.048e-02 | bc loss=0.000e+00 | valid MSE=7.155e+02 | valid rel L2=1.163e-01 | pressure=3.750e-02, u=4.184e-02, v=2.258e-01 | Time: 2:04:41.028934
2026-07-24 15:39:00 - transient_deeponet - INFO - Epoch 0530 | data loss=1.103e-02 | bc loss=0.000e+00 | valid MSE=5.140e+02 | valid rel L2=5.153e-02 | pressure=3.179e-02, u=2.710e-02, v=1.510e-01 | Time: 2:06:59.383232
2026-07-24 15:41:22 - transient_deeponet - INFO - Epoch 0540 | data loss=1.301e-02 | bc loss=0.000e+00 | valid MSE=5.165e+02 | valid rel L2=5.434e-02 | pressure=3.187e-02, u=3.012e-02, v=1.599e-01 | Time: 2:09:21.117185
2026-07-24 15:43:45 - transient_deeponet - INFO - Epoch 0550 | data loss=1.067e-02 | bc loss=0.000e+00 | valid MSE=4.963e+02 | valid rel L2=4.873e-02 | pressure=3.123e-02, u=2.779e-02, v=1.502e-01 | Time: 2:11:44.259128
2026-07-24 15:46:06 - transient_deeponet - INFO - Epoch 0560 | data loss=1.253e-02 | bc loss=0.000e+00 | valid MSE=4.135e+02 | valid rel L2=5.340e-02 | pressure=2.851e-02, u=3.123e-02, v=1.523e-01 | Time: 2:14:05.078076
2026-07-24 15:48:29 - transient_deeponet - INFO - Epoch 0570 | data loss=1.065e-02 | bc loss=0.000e+00 | valid MSE=4.934e+02 | valid rel L2=7.656e-02 | pressure=3.114e-02, u=3.009e-02, v=1.570e-01 | Time: 2:16:28.506477
2026-07-24 15:50:50 - transient_deeponet - INFO - Epoch 0580 | data loss=1.110e-02 | bc loss=0.000e+00 | valid MSE=4.422e+02 | valid rel L2=6.404e-02 | pressure=2.948e-02, u=2.728e-02, v=1.526e-01 | Time: 2:18:49.296955
2026-07-24 15:53:17 - transient_deeponet - INFO - Epoch 0590 | data loss=1.174e-02 | bc loss=0.000e+00 | valid MSE=9.687e+02 | valid rel L2=1.640e-01 | pressure=4.364e-02, u=2.834e-02, v=1.490e-01 | Time: 2:21:16.353121
2026-07-24 15:55:36 - transient_deeponet - INFO - Epoch 0600 | data loss=1.060e-02 | bc loss=0.000e+00 | valid MSE=4.582e+02 | valid rel L2=1.271e-01 | pressure=3.001e-02, u=2.679e-02, v=1.473e-01 | Time: 2:23:35.047830
2026-07-24 15:58:01 - transient_deeponet - INFO - Epoch 0610 | data loss=9.468e-03 | bc loss=0.000e+00 | valid MSE=4.131e+02 | valid rel L2=4.517e-02 | pressure=2.850e-02, u=2.668e-02, v=1.512e-01 | Time: 2:26:00.501782
2026-07-24 16:00:13 - transient_deeponet - INFO - Epoch 0620 | data loss=9.518e-03 | bc loss=0.000e+00 | valid MSE=4.023e+02 | valid rel L2=4.749e-02 | pressure=2.812e-02, u=2.492e-02, v=1.435e-01 | Time: 2:28:12.768813
2026-07-24 16:02:30 - transient_deeponet - INFO - Epoch 0630 | data loss=9.422e-03 | bc loss=0.000e+00 | valid MSE=3.750e+02 | valid rel L2=4.258e-02 | pressure=2.715e-02, u=2.648e-02, v=1.501e-01 | Time: 2:30:29.124611
2026-07-24 16:04:38 - transient_deeponet - INFO - Epoch 0640 | data loss=9.847e-03 | bc loss=0.000e+00 | valid MSE=4.292e+02 | valid rel L2=8.870e-02 | pressure=2.905e-02, u=2.531e-02, v=1.409e-01 | Time: 2:32:37.565686
2026-07-24 16:06:54 - transient_deeponet - INFO - Epoch 0650 | data loss=9.621e-03 | bc loss=0.000e+00 | valid MSE=4.381e+02 | valid rel L2=5.697e-02 | pressure=2.935e-02, u=2.938e-02, v=1.500e-01 | Time: 2:34:53.708213
2026-07-24 16:09:16 - transient_deeponet - INFO - Epoch 0660 | data loss=8.662e-03 | bc loss=0.000e+00 | valid MSE=4.204e+02 | valid rel L2=8.745e-02 | pressure=2.875e-02, u=2.476e-02, v=1.370e-01 | Time: 2:37:15.581641
2026-07-24 16:11:38 - transient_deeponet - INFO - Epoch 0670 | data loss=8.791e-03 | bc loss=0.000e+00 | valid MSE=3.517e+02 | valid rel L2=4.757e-02 | pressure=2.630e-02, u=2.534e-02, v=1.424e-01 | Time: 2:39:37.070372
2026-07-24 16:13:56 - transient_deeponet - INFO - Epoch 0680 | data loss=1.001e-02 | bc loss=0.000e+00 | valid MSE=3.917e+02 | valid rel L2=6.491e-02 | pressure=2.775e-02, u=2.662e-02, v=1.437e-01 | Time: 2:41:55.899382
2026-07-24 16:16:23 - transient_deeponet - INFO - Epoch 0690 | data loss=8.447e-03 | bc loss=0.000e+00 | valid MSE=3.542e+02 | valid rel L2=6.149e-02 | pressure=2.639e-02, u=2.598e-02, v=1.378e-01 | Time: 2:44:22.723416
2026-07-24 16:18:43 - transient_deeponet - INFO - Epoch 0700 | data loss=8.151e-03 | bc loss=0.000e+00 | valid MSE=3.831e+02 | valid rel L2=3.568e-02 | pressure=2.744e-02, u=2.341e-02, v=1.339e-01 | Time: 2:46:42.853642
2026-07-24 16:21:06 - transient_deeponet - INFO - Epoch 0710 | data loss=8.247e-03 | bc loss=0.000e+00 | valid MSE=3.788e+02 | valid rel L2=3.915e-02 | pressure=2.729e-02, u=2.934e-02, v=1.520e-01 | Time: 2:49:05.481743
2026-07-24 16:23:23 - transient_deeponet - INFO - Epoch 0720 | data loss=7.581e-03 | bc loss=0.000e+00 | valid MSE=2.909e+02 | valid rel L2=3.598e-02 | pressure=2.391e-02, u=2.531e-02, v=1.378e-01 | Time: 2:51:22.185238
2026-07-24 16:25:39 - transient_deeponet - INFO - Epoch 0730 | data loss=7.582e-03 | bc loss=0.000e+00 | valid MSE=3.173e+02 | valid rel L2=3.654e-02 | pressure=2.497e-02, u=2.398e-02, v=1.332e-01 | Time: 2:53:38.854979
2026-07-24 16:27:57 - transient_deeponet - INFO - Epoch 0740 | data loss=7.431e-03 | bc loss=0.000e+00 | valid MSE=3.676e+02 | valid rel L2=3.957e-02 | pressure=2.688e-02, u=2.512e-02, v=1.374e-01 | Time: 2:55:56.044343
2026-07-24 16:30:13 - transient_deeponet - INFO - Epoch 0750 | data loss=7.599e-03 | bc loss=0.000e+00 | valid MSE=3.816e+02 | valid rel L2=3.708e-02 | pressure=2.739e-02, u=2.397e-02, v=1.365e-01 | Time: 2:58:12.449527
2026-07-24 16:32:31 - transient_deeponet - INFO - Epoch 0760 | data loss=7.203e-03 | bc loss=0.000e+00 | valid MSE=3.490e+02 | valid rel L2=5.831e-02 | pressure=2.619e-02, u=2.378e-02, v=1.351e-01 | Time: 3:00:30.865409
2026-07-24 16:34:48 - transient_deeponet - INFO - Epoch 0770 | data loss=6.937e-03 | bc loss=0.000e+00 | valid MSE=3.451e+02 | valid rel L2=6.173e-02 | pressure=2.605e-02, u=2.468e-02, v=1.350e-01 | Time: 3:02:47.826795
2026-07-24 16:37:01 - transient_deeponet - INFO - Epoch 0780 | data loss=7.096e-03 | bc loss=0.000e+00 | valid MSE=3.868e+02 | valid rel L2=3.959e-02 | pressure=2.757e-02, u=2.508e-02, v=1.379e-01 | Time: 3:05:00.772159
2026-07-24 16:39:20 - transient_deeponet - INFO - Epoch 0790 | data loss=6.959e-03 | bc loss=0.000e+00 | valid MSE=3.270e+02 | valid rel L2=3.477e-02 | pressure=2.535e-02, u=2.501e-02, v=1.404e-01 | Time: 3:07:19.151034
2026-07-24 16:41:46 - transient_deeponet - INFO - Epoch 0800 | data loss=6.985e-03 | bc loss=0.000e+00 | valid MSE=2.942e+02 | valid rel L2=3.376e-02 | pressure=2.405e-02, u=2.413e-02, v=1.352e-01 | Time: 3:09:45.319181
2026-07-24 16:44:00 - transient_deeponet - INFO - Epoch 0810 | data loss=7.018e-03 | bc loss=0.000e+00 | valid MSE=3.168e+02 | valid rel L2=3.563e-02 | pressure=2.495e-02, u=2.461e-02, v=1.364e-01 | Time: 3:11:59.540864
2026-07-24 16:46:15 - transient_deeponet - INFO - Epoch 0820 | data loss=6.747e-03 | bc loss=0.000e+00 | valid MSE=3.369e+02 | valid rel L2=3.719e-02 | pressure=2.574e-02, u=2.529e-02, v=1.401e-01 | Time: 3:14:14.543514
2026-07-24 16:48:27 - transient_deeponet - INFO - Epoch 0830 | data loss=6.516e-03 | bc loss=0.000e+00 | valid MSE=2.911e+02 | valid rel L2=3.204e-02 | pressure=2.392e-02, u=2.455e-02, v=1.357e-01 | Time: 3:16:26.275937
2026-07-24 16:50:53 - transient_deeponet - INFO - Epoch 0840 | data loss=6.670e-03 | bc loss=0.000e+00 | valid MSE=3.235e+02 | valid rel L2=3.199e-02 | pressure=2.522e-02, u=2.413e-02, v=1.327e-01 | Time: 3:18:52.091164
2026-07-24 16:53:12 - transient_deeponet - INFO - Epoch 0850 | data loss=6.537e-03 | bc loss=0.000e+00 | valid MSE=3.064e+02 | valid rel L2=3.085e-02 | pressure=2.454e-02, u=2.400e-02, v=1.335e-01 | Time: 3:21:11.757703
2026-07-24 16:55:29 - transient_deeponet - INFO - Epoch 0860 | data loss=6.477e-03 | bc loss=0.000e+00 | valid MSE=3.076e+02 | valid rel L2=3.422e-02 | pressure=2.459e-02, u=2.456e-02, v=1.359e-01 | Time: 3:23:28.877204
2026-07-24 16:57:46 - transient_deeponet - INFO - Epoch 0870 | data loss=6.382e-03 | bc loss=0.000e+00 | valid MSE=3.102e+02 | valid rel L2=3.405e-02 | pressure=2.469e-02, u=2.449e-02, v=1.331e-01 | Time: 3:25:45.139648
2026-07-24 17:00:03 - transient_deeponet - INFO - Epoch 0880 | data loss=6.269e-03 | bc loss=0.000e+00 | valid MSE=3.083e+02 | valid rel L2=3.057e-02 | pressure=2.462e-02, u=2.418e-02, v=1.332e-01 | Time: 3:28:02.298767
2026-07-24 17:02:19 - transient_deeponet - INFO - Epoch 0890 | data loss=6.314e-03 | bc loss=0.000e+00 | valid MSE=3.029e+02 | valid rel L2=3.467e-02 | pressure=2.440e-02, u=2.442e-02, v=1.335e-01 | Time: 3:30:18.000063
2026-07-24 17:04:36 - transient_deeponet - INFO - Epoch 0900 | data loss=6.205e-03 | bc loss=0.000e+00 | valid MSE=2.946e+02 | valid rel L2=3.107e-02 | pressure=2.407e-02, u=2.436e-02, v=1.326e-01 | Time: 3:32:35.299633
2026-07-24 17:06:58 - transient_deeponet - INFO - Epoch 0910 | data loss=6.270e-03 | bc loss=0.000e+00 | valid MSE=2.979e+02 | valid rel L2=3.476e-02 | pressure=2.420e-02, u=2.448e-02, v=1.333e-01 | Time: 3:34:57.799605
2026-07-24 17:09:22 - transient_deeponet - INFO - Epoch 0920 | data loss=6.239e-03 | bc loss=0.000e+00 | valid MSE=3.068e+02 | valid rel L2=3.203e-02 | pressure=2.456e-02, u=2.451e-02, v=1.333e-01 | Time: 3:37:21.217841
2026-07-24 17:11:46 - transient_deeponet - INFO - Epoch 0930 | data loss=6.160e-03 | bc loss=0.000e+00 | valid MSE=3.020e+02 | valid rel L2=3.054e-02 | pressure=2.437e-02, u=2.438e-02, v=1.331e-01 | Time: 3:39:45.431027
2026-07-24 17:14:17 - transient_deeponet - INFO - Epoch 0940 | data loss=6.132e-03 | bc loss=0.000e+00 | valid MSE=3.036e+02 | valid rel L2=3.124e-02 | pressure=2.443e-02, u=2.437e-02, v=1.328e-01 | Time: 3:42:16.451840
2026-07-24 17:16:59 - transient_deeponet - INFO - Epoch 0950 | data loss=6.143e-03 | bc loss=0.000e+00 | valid MSE=3.055e+02 | valid rel L2=3.475e-02 | pressure=2.450e-02, u=2.439e-02, v=1.331e-01 | Time: 3:44:58.261473
2026-07-24 17:19:27 - transient_deeponet - INFO - Epoch 0960 | data loss=6.083e-03 | bc loss=0.000e+00 | valid MSE=3.053e+02 | valid rel L2=3.115e-02 | pressure=2.450e-02, u=2.438e-02, v=1.330e-01 | Time: 3:47:26.328620
2026-07-24 17:21:49 - transient_deeponet - INFO - Epoch 0970 | data loss=6.092e-03 | bc loss=0.000e+00 | valid MSE=3.035e+02 | valid rel L2=3.222e-02 | pressure=2.443e-02, u=2.427e-02, v=1.330e-01 | Time: 3:49:47.980881
2026-07-24 17:24:18 - transient_deeponet - INFO - Epoch 0980 | data loss=6.089e-03 | bc loss=0.000e+00 | valid MSE=3.050e+02 | valid rel L2=3.171e-02 | pressure=2.449e-02, u=2.428e-02, v=1.327e-01 | Time: 3:52:17.284396
2026-07-24 17:26:57 - transient_deeponet - INFO - Epoch 0990 | data loss=6.158e-03 | bc loss=0.000e+00 | valid MSE=3.050e+02 | valid rel L2=3.174e-02 | pressure=2.448e-02, u=2.431e-02, v=1.328e-01 | Time: 3:54:56.734495
2026-07-24 17:29:34 - transient_deeponet - INFO - Epoch 1000 | data loss=6.129e-03 | bc loss=0.000e+00 | valid MSE=3.050e+02 | valid rel L2=3.171e-02 | pressure=2.449e-02, u=2.431e-02, v=1.328e-01 | Time: 3:57:33.551479
2026-07-24 17:29:34 - transient_deeponet - INFO - Best validation MSE: 287.26242542266846
2026-07-24 17:29:34 - transient_deeponet - INFO - Saved: /home/hantianl/Documents/PIDIF/DeepONet/results/transient_072426_1/checkpoint.pt
