2026-05-25 11:34:16 - pino - INFO - Training comment
2026-05-25 11:34:16 - pino - INFO - AR 10-30 random interface 10 realizations 1 BC weight
2026-05-25 11:34:16 - pino - INFO - 10 True True
2026-05-25 11:34:16 - pino - INFO - 20 True True
2026-05-25 11:34:16 - pino - INFO - 30 True True
2026-05-25 11:34:16 - pino - INFO - 50 True True
2026-05-25 12:25:13 - pino - INFO - Train samples: 3450
2026-05-25 12:25:13 - pino - INFO - Valid samples: 75
2026-05-25 12:25:13 - pino - INFO - Train branch channels: ['x_local', 'y_local', 'wall_mask', 'interface_mask', 'boundary_pressure', 'boundary_temperature', 'boundary_u', 'boundary_v', 'known_pressure', 'known_temperature', 'known_u', 'known_v', 'local_aspect_ratio']
2026-05-25 12:25:13 - pino - INFO - Train trunk channels: ['x_local', 'y_local']
2026-05-25 12:25:13 - pino - INFO - Output channels: ['pressure', 'temperature', 'u', 'v']
2026-05-25 12:25:13 - pino - INFO - Example train sample:
2026-05-25 12:25:13 - pino - INFO - branch: (1024, 13)
2026-05-25 12:25:13 - pino - INFO - query: (21260, 2)
2026-05-25 12:25:13 - pino - INFO - target: (21260, 4)
2026-05-25 12:25:13 - pino - INFO - Train ARs: [10, 11, 12, 13, 14, 15, 16, 17, 18, 19, 21, 22, 23, 24, 26, 27, 28, 29]
2026-05-25 12:25:13 - pino - INFO - Valid ARs: [20, 25, 30]
2026-05-25 12:25:14 - pino - INFO - Y mean: tensor([ 2.3686e-03,  2.7328e+02,  1.0007e-01, -1.0800e-07])
2026-05-25 12:25:14 - pino - INFO - Y std: tensor([0.0017, 0.5126, 0.0354, 0.0006])
2026-05-25 12:25:14 - pino - INFO - local_aspect_mean: 1.0
2026-05-25 12:25:14 - pino - INFO - local_aspect_std: 0.7458215355873108
2026-05-25 12:25:14 - pino - INFO - branch batch: torch.Size([20, 1024, 13])
2026-05-25 12:25:14 - pino - INFO - query batch: torch.Size([294491, 2])
2026-05-25 12:25:14 - pino - INFO - target batch: torch.Size([294491, 4])
2026-05-25 12:25:14 - pino - INFO - query batch id: tensor(0) tensor(19)
2026-05-25 12:25:14 - pino - INFO - sample indices: tensor([1176, 2109,  567, 1682,  337, 2861, 3417, 2784, 2454,  604, 2431, 1715,
        2462, 1777,  669, 1338,  631,  236, 2429, 1118])
2026-05-25 12:25:14 - pino - INFO - {'branch_input_dim': 13, 'trunk_input_dim': 2, 'output_channels': 4, 'latent_dim': 128, 'branch_point_hidden_dim': 128, 'branch_point_depth': 3, 'branch_global_hidden_dim': 128, 'branch_global_depth': 3, 'trunk_hidden_dim': 128, 'trunk_depth': 4, 'aggregation': 'mean', 'activation': 'gelu', 'layer_norm': False}
2026-05-25 12:25:28 - pino - INFO - Epoch 0001 | data loss=5.060e-01 | bc loss=5.300e-01 | valid MSE=4.746e-03 | valid rel L2=4.137e-04 | pressure=1.444e-01, temperature=5.014e-04, u=1.321e-01, v=7.721e-01 | Time: 0:00:13.671162
2026-05-25 12:27:33 - pino - INFO - Epoch 0010 | data loss=5.682e-02 | bc loss=2.961e-02 | valid MSE=3.744e-04 | valid rel L2=1.346e-04 | pressure=2.209e-02, temperature=1.412e-04, u=2.590e-02, v=3.972e-01 | Time: 0:02:19.195554
2026-05-25 12:29:52 - pino - INFO - Epoch 0020 | data loss=4.150e-02 | bc loss=2.367e-02 | valid MSE=1.291e-04 | valid rel L2=7.357e-05 | pressure=1.486e-02, temperature=8.287e-05, u=1.671e-02, v=2.957e-01 | Time: 0:04:37.412080
2026-05-25 12:32:06 - pino - INFO - Epoch 0030 | data loss=2.665e-02 | bc loss=1.353e-02 | valid MSE=1.883e-04 | valid rel L2=9.567e-05 | pressure=2.495e-02, temperature=1.002e-04, u=1.907e-02, v=2.450e-01 | Time: 0:06:51.719303
2026-05-25 12:34:19 - pino - INFO - Epoch 0040 | data loss=2.296e-02 | bc loss=1.185e-02 | valid MSE=1.582e-04 | valid rel L2=8.612e-05 | pressure=1.372e-02, temperature=9.184e-05, u=1.594e-02, v=1.978e-01 | Time: 0:09:04.828309
2026-05-25 12:36:36 - pino - INFO - Epoch 0050 | data loss=1.920e-02 | bc loss=1.072e-02 | valid MSE=1.733e-04 | valid rel L2=9.488e-05 | pressure=2.550e-02, temperature=9.611e-05, u=1.710e-02, v=1.779e-01 | Time: 0:11:22.302039
2026-05-25 12:39:04 - pino - INFO - Epoch 0060 | data loss=2.046e-02 | bc loss=1.433e-02 | valid MSE=1.278e-04 | valid rel L2=7.808e-05 | pressure=1.754e-02, temperature=8.239e-05, u=1.880e-02, v=1.854e-01 | Time: 0:13:50.301526
2026-05-25 12:41:34 - pino - INFO - Epoch 0070 | data loss=1.629e-02 | bc loss=1.354e-02 | valid MSE=2.422e-04 | valid rel L2=1.039e-04 | pressure=4.973e-02, temperature=1.137e-04, u=1.587e-02, v=1.956e-01 | Time: 0:16:19.784747
2026-05-25 12:44:06 - pino - INFO - Epoch 0080 | data loss=1.025e-02 | bc loss=7.868e-03 | valid MSE=4.962e-05 | valid rel L2=4.896e-05 | pressure=1.106e-02, temperature=5.139e-05, u=1.024e-02, v=1.382e-01 | Time: 0:18:52.247104
2026-05-25 12:46:38 - pino - INFO - Epoch 0090 | data loss=1.606e-02 | bc loss=7.470e-03 | valid MSE=1.810e-04 | valid rel L2=9.739e-05 | pressure=8.513e-03, temperature=9.821e-05, u=1.766e-02, v=1.788e-01 | Time: 0:21:24.185180
2026-05-25 12:49:11 - pino - INFO - Epoch 0100 | data loss=1.324e-02 | bc loss=7.359e-03 | valid MSE=7.047e-05 | valid rel L2=5.989e-05 | pressure=2.610e-02, temperature=6.104e-05, u=1.770e-02, v=1.336e-01 | Time: 0:23:56.971091
2026-05-25 12:51:42 - pino - INFO - Epoch 0110 | data loss=5.355e-03 | bc loss=2.671e-03 | valid MSE=2.946e-05 | valid rel L2=3.863e-05 | pressure=7.149e-03, temperature=3.959e-05, u=8.015e-03, v=1.057e-01 | Time: 0:26:28.333387
2026-05-25 12:54:10 - pino - INFO - Epoch 0120 | data loss=2.006e-02 | bc loss=8.843e-03 | valid MSE=4.168e-05 | valid rel L2=4.525e-05 | pressure=7.890e-03, temperature=4.696e-05, u=1.317e-02, v=1.765e-01 | Time: 0:28:55.614655
2026-05-25 12:56:45 - pino - INFO - Epoch 0130 | data loss=1.233e-02 | bc loss=5.674e-03 | valid MSE=3.453e-04 | valid rel L2=1.333e-04 | pressure=1.178e-02, temperature=1.354e-04, u=3.299e-02, v=1.890e-01 | Time: 0:31:30.433718
2026-05-25 12:59:17 - pino - INFO - Epoch 0140 | data loss=7.672e-03 | bc loss=6.484e-03 | valid MSE=1.251e-04 | valid rel L2=7.868e-05 | pressure=1.052e-02, temperature=8.173e-05, u=1.148e-02, v=1.275e-01 | Time: 0:34:03.011389
2026-05-25 13:01:52 - pino - INFO - Epoch 0150 | data loss=4.541e-03 | bc loss=3.127e-03 | valid MSE=7.393e-05 | valid rel L2=6.074e-05 | pressure=1.187e-02, temperature=6.274e-05, u=1.219e-02, v=1.051e-01 | Time: 0:36:37.847606
2026-05-25 13:04:29 - pino - INFO - Epoch 0160 | data loss=4.518e-03 | bc loss=2.841e-03 | valid MSE=1.152e-04 | valid rel L2=7.440e-05 | pressure=2.311e-02, temperature=7.835e-05, u=1.349e-02, v=1.097e-01 | Time: 0:39:14.677899
2026-05-25 13:07:05 - pino - INFO - Epoch 0170 | data loss=3.450e-03 | bc loss=2.315e-03 | valid MSE=3.494e-05 | valid rel L2=3.957e-05 | pressure=1.344e-02, temperature=4.299e-05, u=1.202e-02, v=1.002e-01 | Time: 0:41:50.756392
2026-05-25 13:09:41 - pino - INFO - Epoch 0180 | data loss=4.826e-03 | bc loss=3.594e-03 | valid MSE=5.004e-05 | valid rel L2=4.753e-05 | pressure=3.600e-02, temperature=5.168e-05, u=7.500e-03, v=8.929e-02 | Time: 0:44:27.396965
2026-05-25 13:12:27 - pino - INFO - Epoch 0190 | data loss=3.993e-03 | bc loss=3.164e-03 | valid MSE=2.892e-05 | valid rel L2=3.740e-05 | pressure=8.551e-03, temperature=3.926e-05, u=6.820e-03, v=7.818e-02 | Time: 0:47:13.221078
2026-05-25 13:15:03 - pino - INFO - Epoch 0200 | data loss=1.768e-02 | bc loss=7.386e-03 | valid MSE=2.615e-04 | valid rel L2=1.150e-04 | pressure=3.427e-02, temperature=1.178e-04, u=2.720e-02, v=2.951e-01 | Time: 0:49:48.882830
2026-05-25 13:17:42 - pino - INFO - Epoch 0210 | data loss=7.125e-03 | bc loss=2.420e-03 | valid MSE=2.895e-05 | valid rel L2=3.903e-05 | pressure=9.593e-03, temperature=3.912e-05, u=1.123e-02, v=1.250e-01 | Time: 0:52:28.280897
2026-05-25 13:20:24 - pino - INFO - Epoch 0220 | data loss=4.795e-03 | bc loss=2.746e-03 | valid MSE=9.860e-05 | valid rel L2=7.222e-05 | pressure=1.696e-02, temperature=7.202e-05, u=2.467e-02, v=1.366e-01 | Time: 0:55:09.537139
2026-05-25 13:22:58 - pino - INFO - Epoch 0230 | data loss=5.113e-03 | bc loss=3.703e-03 | valid MSE=2.713e-05 | valid rel L2=3.633e-05 | pressure=1.115e-02, temperature=3.800e-05, u=7.602e-03, v=9.484e-02 | Time: 0:57:43.907476
2026-05-25 13:25:36 - pino - INFO - Epoch 0240 | data loss=5.815e-03 | bc loss=3.051e-03 | valid MSE=4.716e-05 | valid rel L2=4.988e-05 | pressure=1.232e-02, temperature=4.996e-05, u=1.384e-02, v=1.243e-01 | Time: 1:00:21.948845
2026-05-25 13:28:15 - pino - INFO - Epoch 0250 | data loss=3.574e-03 | bc loss=1.862e-03 | valid MSE=1.882e-05 | valid rel L2=3.088e-05 | pressure=5.358e-03, temperature=3.126e-05, u=1.408e-02, v=9.955e-02 | Time: 1:03:01.065571
2026-05-25 13:30:57 - pino - INFO - Epoch 0260 | data loss=5.038e-03 | bc loss=4.728e-03 | valid MSE=1.686e-05 | valid rel L2=2.956e-05 | pressure=1.189e-02, temperature=2.991e-05, u=7.363e-03, v=9.306e-02 | Time: 1:05:43.130823
2026-05-25 13:33:37 - pino - INFO - Epoch 0270 | data loss=3.582e-03 | bc loss=2.529e-03 | valid MSE=1.494e-05 | valid rel L2=2.689e-05 | pressure=6.951e-03, temperature=2.811e-05, u=7.948e-03, v=9.167e-02 | Time: 1:08:23.168675
2026-05-25 13:36:12 - pino - INFO - Epoch 0280 | data loss=7.285e-03 | bc loss=6.617e-03 | valid MSE=1.152e-05 | valid rel L2=2.431e-05 | pressure=4.275e-03, temperature=2.470e-05, u=6.528e-03, v=8.908e-02 | Time: 1:10:58.377758
2026-05-25 13:38:45 - pino - INFO - Epoch 0290 | data loss=1.999e-03 | bc loss=1.102e-03 | valid MSE=1.238e-05 | valid rel L2=2.532e-05 | pressure=6.944e-03, temperature=2.478e-05, u=1.787e-02, v=8.944e-02 | Time: 1:13:30.443159
2026-05-25 13:41:23 - pino - INFO - Epoch 0300 | data loss=3.337e-03 | bc loss=3.005e-03 | valid MSE=1.584e-05 | valid rel L2=2.850e-05 | pressure=1.803e-02, temperature=2.901e-05, u=6.671e-03, v=7.619e-02 | Time: 1:16:08.437811
2026-05-25 13:44:02 - pino - INFO - Epoch 0310 | data loss=8.135e-03 | bc loss=7.771e-03 | valid MSE=1.049e-04 | valid rel L2=7.320e-05 | pressure=2.780e-02, temperature=7.437e-05, u=2.374e-02, v=1.507e-01 | Time: 1:18:47.708659
2026-05-25 13:46:39 - pino - INFO - Epoch 0320 | data loss=1.809e-03 | bc loss=1.371e-03 | valid MSE=1.591e-05 | valid rel L2=2.891e-05 | pressure=7.516e-03, temperature=2.849e-05, u=1.620e-02, v=8.317e-02 | Time: 1:21:24.482656
2026-05-25 13:49:12 - pino - INFO - Epoch 0330 | data loss=1.787e-03 | bc loss=1.319e-03 | valid MSE=1.173e-05 | valid rel L2=2.464e-05 | pressure=4.688e-03, temperature=2.497e-05, u=5.740e-03, v=6.080e-02 | Time: 1:23:57.523165
2026-05-25 13:51:46 - pino - INFO - Epoch 0340 | data loss=1.776e-03 | bc loss=9.720e-04 | valid MSE=1.955e-05 | valid rel L2=3.192e-05 | pressure=5.430e-03, temperature=3.216e-05, u=9.030e-03, v=6.840e-02 | Time: 1:26:31.612637
2026-05-25 13:54:24 - pino - INFO - Epoch 0350 | data loss=2.801e-03 | bc loss=2.414e-03 | valid MSE=1.704e-05 | valid rel L2=2.968e-05 | pressure=8.706e-03, temperature=3.008e-05, u=7.058e-03, v=6.951e-02 | Time: 1:29:09.451378
2026-05-25 13:56:59 - pino - INFO - Epoch 0360 | data loss=2.438e-03 | bc loss=2.103e-03 | valid MSE=1.734e-05 | valid rel L2=2.919e-05 | pressure=8.256e-03, temperature=3.022e-05, u=1.001e-02, v=6.341e-02 | Time: 1:31:44.754720
2026-05-25 13:59:34 - pino - INFO - Epoch 0370 | data loss=6.648e-03 | bc loss=2.812e-03 | valid MSE=1.800e-05 | valid rel L2=3.018e-05 | pressure=5.600e-03, temperature=3.074e-05, u=1.122e-02, v=9.700e-02 | Time: 1:34:19.560240
2026-05-25 14:02:08 - pino - INFO - Epoch 0380 | data loss=2.672e-03 | bc loss=1.444e-03 | valid MSE=1.156e-05 | valid rel L2=2.450e-05 | pressure=3.461e-03, temperature=2.456e-05, u=1.014e-02, v=6.188e-02 | Time: 1:36:53.650434
2026-05-25 14:04:43 - pino - INFO - Epoch 0390 | data loss=2.893e-03 | bc loss=1.664e-03 | valid MSE=1.483e-05 | valid rel L2=2.790e-05 | pressure=3.912e-03, temperature=2.801e-05, u=7.801e-03, v=6.123e-02 | Time: 1:39:28.967892
2026-05-25 14:07:23 - pino - INFO - Epoch 0400 | data loss=2.094e-03 | bc loss=1.395e-03 | valid MSE=5.473e-06 | valid rel L2=1.672e-05 | pressure=1.978e-03, temperature=1.704e-05, u=4.220e-03, v=5.518e-02 | Time: 1:42:09.164957
2026-05-25 14:09:57 - pino - INFO - Epoch 0410 | data loss=2.146e-03 | bc loss=2.324e-03 | valid MSE=1.027e-04 | valid rel L2=7.241e-05 | pressure=7.549e-03, temperature=7.401e-05, u=1.162e-02, v=7.563e-02 | Time: 1:44:42.446456
2026-05-25 14:12:29 - pino - INFO - Epoch 0420 | data loss=1.270e-03 | bc loss=4.739e-04 | valid MSE=5.057e-06 | valid rel L2=1.614e-05 | pressure=3.994e-03, temperature=1.639e-05, u=3.764e-03, v=5.084e-02 | Time: 1:47:15.286844
2026-05-25 14:15:13 - pino - INFO - Epoch 0430 | data loss=2.888e-03 | bc loss=2.896e-03 | valid MSE=1.390e-05 | valid rel L2=2.681e-05 | pressure=4.452e-03, temperature=2.721e-05, u=5.062e-03, v=5.688e-02 | Time: 1:49:58.741589
2026-05-25 14:17:49 - pino - INFO - Epoch 0440 | data loss=3.056e-03 | bc loss=3.366e-03 | valid MSE=9.707e-06 | valid rel L2=2.228e-05 | pressure=5.317e-03, temperature=2.273e-05, u=4.564e-03, v=5.804e-02 | Time: 1:52:35.238517
2026-05-25 14:20:29 - pino - INFO - Epoch 0450 | data loss=1.446e-03 | bc loss=1.305e-03 | valid MSE=6.711e-06 | valid rel L2=1.864e-05 | pressure=2.917e-03, temperature=1.883e-05, u=5.560e-03, v=5.184e-02 | Time: 1:55:14.634548
2026-05-25 14:23:08 - pino - INFO - Epoch 0460 | data loss=1.082e-03 | bc loss=4.408e-04 | valid MSE=4.134e-06 | valid rel L2=1.438e-05 | pressure=3.074e-03, temperature=1.470e-05, u=5.941e-03, v=5.064e-02 | Time: 1:57:53.467924
2026-05-25 14:25:45 - pino - INFO - Epoch 0470 | data loss=9.418e-04 | bc loss=6.351e-04 | valid MSE=5.497e-06 | valid rel L2=1.689e-05 | pressure=4.804e-03, temperature=1.705e-05, u=4.749e-03, v=4.862e-02 | Time: 2:00:31.021092
2026-05-25 14:28:23 - pino - INFO - Epoch 0480 | data loss=1.745e-03 | bc loss=1.532e-03 | valid MSE=4.038e-06 | valid rel L2=1.431e-05 | pressure=3.606e-03, temperature=1.464e-05, u=3.468e-03, v=4.205e-02 | Time: 2:03:09.272746
2026-05-25 14:30:58 - pino - INFO - Epoch 0490 | data loss=8.481e-04 | bc loss=5.979e-04 | valid MSE=5.896e-06 | valid rel L2=1.745e-05 | pressure=2.710e-03, temperature=1.769e-05, u=4.384e-03, v=4.237e-02 | Time: 2:05:43.986167
2026-05-25 14:33:31 - pino - INFO - Epoch 0500 | data loss=3.063e-03 | bc loss=1.562e-03 | valid MSE=6.532e-06 | valid rel L2=1.794e-05 | pressure=7.822e-03, temperature=1.854e-05, u=6.314e-03, v=5.329e-02 | Time: 2:08:17.374444
2026-05-25 14:36:09 - pino - INFO - Epoch 0510 | data loss=8.004e-04 | bc loss=3.703e-04 | valid MSE=4.606e-06 | valid rel L2=1.467e-05 | pressure=5.550e-03, temperature=1.564e-05, u=3.703e-03, v=4.427e-02 | Time: 2:10:54.799643
2026-05-25 14:38:47 - pino - INFO - Epoch 0520 | data loss=6.875e-04 | bc loss=2.203e-04 | valid MSE=6.567e-06 | valid rel L2=1.843e-05 | pressure=2.771e-03, temperature=1.869e-05, u=3.940e-03, v=3.993e-02 | Time: 2:13:33.121481
2026-05-25 14:41:24 - pino - INFO - Epoch 0530 | data loss=1.832e-03 | bc loss=2.208e-03 | valid MSE=9.157e-06 | valid rel L2=2.157e-05 | pressure=6.475e-03, temperature=2.198e-05, u=6.933e-03, v=5.419e-02 | Time: 2:16:10.024056
2026-05-25 14:44:00 - pino - INFO - Epoch 0540 | data loss=5.721e-04 | bc loss=1.748e-04 | valid MSE=9.262e-06 | valid rel L2=2.178e-05 | pressure=4.424e-03, temperature=2.222e-05, u=3.754e-03, v=4.373e-02 | Time: 2:18:45.623916
2026-05-25 14:46:36 - pino - INFO - Epoch 0550 | data loss=5.397e-04 | bc loss=2.051e-04 | valid MSE=2.983e-06 | valid rel L2=1.214e-05 | pressure=1.971e-03, temperature=1.257e-05, u=3.304e-03, v=3.506e-02 | Time: 2:21:21.524046
2026-05-25 14:49:14 - pino - INFO - Epoch 0560 | data loss=4.970e-04 | bc loss=1.331e-04 | valid MSE=3.866e-06 | valid rel L2=1.388e-05 | pressure=3.208e-03, temperature=1.434e-05, u=2.972e-03, v=3.483e-02 | Time: 2:23:59.903643
2026-05-25 14:51:56 - pino - INFO - Epoch 0570 | data loss=7.181e-04 | bc loss=5.201e-04 | valid MSE=1.302e-05 | valid rel L2=2.579e-05 | pressure=7.858e-03, temperature=2.635e-05, u=4.252e-03, v=3.757e-02 | Time: 2:26:41.620859
2026-05-25 14:54:33 - pino - INFO - Epoch 0580 | data loss=5.751e-04 | bc loss=3.613e-04 | valid MSE=7.948e-06 | valid rel L2=2.011e-05 | pressure=5.255e-03, temperature=2.052e-05, u=5.328e-03, v=3.998e-02 | Time: 2:29:19.006653
2026-05-25 14:57:05 - pino - INFO - Epoch 0590 | data loss=6.959e-04 | bc loss=2.764e-04 | valid MSE=2.390e-06 | valid rel L2=1.089e-05 | pressure=6.299e-03, temperature=1.126e-05, u=2.870e-03, v=3.346e-02 | Time: 2:31:51.177872
2026-05-25 14:59:40 - pino - INFO - Epoch 0600 | data loss=4.800e-04 | bc loss=1.704e-04 | valid MSE=3.262e-06 | valid rel L2=1.289e-05 | pressure=2.779e-03, temperature=1.317e-05, u=2.871e-03, v=3.191e-02 | Time: 2:34:25.774655
2026-05-25 15:02:18 - pino - INFO - Epoch 0610 | data loss=5.588e-04 | bc loss=2.905e-04 | valid MSE=6.790e-06 | valid rel L2=1.875e-05 | pressure=5.137e-03, temperature=1.898e-05, u=4.676e-03, v=3.613e-02 | Time: 2:37:04.106841
2026-05-25 15:04:58 - pino - INFO - Epoch 0620 | data loss=5.136e-04 | bc loss=3.405e-04 | valid MSE=2.106e-06 | valid rel L2=1.023e-05 | pressure=2.480e-03, temperature=1.054e-05, u=3.236e-03, v=3.239e-02 | Time: 2:39:43.464210
2026-05-25 15:07:37 - pino - INFO - Epoch 0630 | data loss=7.178e-04 | bc loss=6.863e-04 | valid MSE=2.341e-06 | valid rel L2=1.073e-05 | pressure=2.030e-03, temperature=1.115e-05, u=2.653e-03, v=3.194e-02 | Time: 2:42:22.414592
2026-05-25 15:10:24 - pino - INFO - Epoch 0640 | data loss=4.616e-04 | bc loss=1.879e-04 | valid MSE=2.184e-06 | valid rel L2=1.044e-05 | pressure=1.952e-03, temperature=1.076e-05, u=2.707e-03, v=3.083e-02 | Time: 2:45:10.094673
2026-05-25 15:13:02 - pino - INFO - Epoch 0650 | data loss=4.015e-04 | bc loss=1.544e-04 | valid MSE=1.570e-06 | valid rel L2=8.724e-06 | pressure=1.617e-03, temperature=9.116e-06, u=2.537e-03, v=3.010e-02 | Time: 2:47:48.167466
2026-05-25 15:15:41 - pino - INFO - Epoch 0660 | data loss=5.646e-04 | bc loss=6.413e-04 | valid MSE=2.210e-05 | valid rel L2=3.396e-05 | pressure=9.278e-03, temperature=3.436e-05, u=4.299e-03, v=5.529e-02 | Time: 2:50:26.626673
2026-05-25 15:18:23 - pino - INFO - Epoch 0670 | data loss=5.346e-04 | bc loss=4.463e-04 | valid MSE=2.888e-06 | valid rel L2=1.165e-05 | pressure=3.378e-03, temperature=1.239e-05, u=2.860e-03, v=3.111e-02 | Time: 2:53:08.734250
2026-05-25 15:21:02 - pino - INFO - Epoch 0680 | data loss=5.035e-04 | bc loss=2.467e-04 | valid MSE=2.255e-06 | valid rel L2=1.039e-05 | pressure=1.950e-03, temperature=1.093e-05, u=2.764e-03, v=3.066e-02 | Time: 2:55:47.722594
2026-05-25 15:23:34 - pino - INFO - Epoch 0690 | data loss=3.344e-04 | bc loss=9.805e-05 | valid MSE=4.015e-06 | valid rel L2=1.437e-05 | pressure=2.088e-03, temperature=1.462e-05, u=2.987e-03, v=3.105e-02 | Time: 2:58:20.319668
2026-05-25 15:26:07 - pino - INFO - Epoch 0700 | data loss=3.846e-04 | bc loss=2.015e-04 | valid MSE=2.180e-06 | valid rel L2=1.027e-05 | pressure=3.128e-03, temperature=1.075e-05, u=2.634e-03, v=3.126e-02 | Time: 3:00:52.895596
2026-05-25 15:28:46 - pino - INFO - Epoch 0710 | data loss=3.200e-04 | bc loss=8.503e-05 | valid MSE=1.599e-06 | valid rel L2=8.766e-06 | pressure=2.910e-03, temperature=9.201e-06, u=2.520e-03, v=2.856e-02 | Time: 3:03:32.064628
2026-05-25 15:31:25 - pino - INFO - Epoch 0720 | data loss=4.136e-04 | bc loss=2.543e-04 | valid MSE=4.583e-06 | valid rel L2=1.524e-05 | pressure=6.092e-03, temperature=1.561e-05, u=3.444e-03, v=3.313e-02 | Time: 3:06:10.445815
2026-05-25 15:34:05 - pino - INFO - Epoch 0730 | data loss=3.033e-04 | bc loss=7.234e-05 | valid MSE=1.766e-06 | valid rel L2=9.351e-06 | pressure=1.692e-03, temperature=9.685e-06, u=2.211e-03, v=2.760e-02 | Time: 3:08:50.413995
2026-05-25 15:36:39 - pino - INFO - Epoch 0740 | data loss=3.874e-04 | bc loss=3.205e-04 | valid MSE=1.770e-06 | valid rel L2=9.360e-06 | pressure=2.250e-03, temperature=9.695e-06, u=2.266e-03, v=2.817e-02 | Time: 3:11:25.326415
2026-05-25 15:39:16 - pino - INFO - Epoch 0750 | data loss=2.816e-04 | bc loss=7.897e-05 | valid MSE=1.104e-06 | valid rel L2=7.222e-06 | pressure=1.271e-03, temperature=7.639e-06, u=2.205e-03, v=2.705e-02 | Time: 3:14:01.923458
2026-05-25 15:41:53 - pino - INFO - Epoch 0760 | data loss=2.619e-04 | bc loss=4.845e-05 | valid MSE=9.450e-07 | valid rel L2=6.587e-06 | pressure=1.163e-03, temperature=7.072e-06, u=1.934e-03, v=2.690e-02 | Time: 3:16:39.231694
2026-05-25 15:44:33 - pino - INFO - Epoch 0770 | data loss=3.731e-04 | bc loss=2.860e-04 | valid MSE=1.652e-06 | valid rel L2=8.659e-06 | pressure=2.506e-03, temperature=9.367e-06, u=2.138e-03, v=2.761e-02 | Time: 3:19:19.106050
2026-05-25 15:47:12 - pino - INFO - Epoch 0780 | data loss=2.834e-04 | bc loss=9.961e-05 | valid MSE=1.107e-06 | valid rel L2=7.130e-06 | pressure=1.160e-03, temperature=7.659e-06, u=1.970e-03, v=2.642e-02 | Time: 3:21:57.774852
2026-05-25 15:49:49 - pino - INFO - Epoch 0790 | data loss=2.502e-04 | bc loss=5.267e-05 | valid MSE=1.329e-06 | valid rel L2=8.016e-06 | pressure=2.173e-03, temperature=8.396e-06, u=2.065e-03, v=2.701e-02 | Time: 3:24:35.207053
2026-05-25 15:52:29 - pino - INFO - Epoch 0800 | data loss=2.612e-04 | bc loss=7.767e-05 | valid MSE=1.318e-06 | valid rel L2=7.846e-06 | pressure=1.566e-03, temperature=8.360e-06, u=2.112e-03, v=2.646e-02 | Time: 3:27:14.731130
2026-05-25 15:55:04 - pino - INFO - Epoch 0810 | data loss=2.461e-04 | bc loss=6.652e-05 | valid MSE=8.475e-07 | valid rel L2=6.219e-06 | pressure=1.278e-03, temperature=6.700e-06, u=1.780e-03, v=2.610e-02 | Time: 3:29:50.128331
2026-05-25 15:57:42 - pino - INFO - Epoch 0820 | data loss=2.448e-04 | bc loss=8.977e-05 | valid MSE=1.752e-06 | valid rel L2=9.255e-06 | pressure=1.365e-03, temperature=9.625e-06, u=2.779e-03, v=2.657e-02 | Time: 3:32:28.175573
2026-05-25 16:00:27 - pino - INFO - Epoch 0830 | data loss=2.299e-04 | bc loss=4.745e-05 | valid MSE=9.228e-07 | valid rel L2=6.557e-06 | pressure=1.161e-03, temperature=6.996e-06, u=1.736e-03, v=2.596e-02 | Time: 3:35:13.149298
2026-05-25 16:03:08 - pino - INFO - Epoch 0840 | data loss=2.255e-04 | bc loss=4.466e-05 | valid MSE=8.401e-07 | valid rel L2=6.153e-06 | pressure=1.098e-03, temperature=6.670e-06, u=1.781e-03, v=2.552e-02 | Time: 3:37:53.883012
2026-05-25 16:05:43 - pino - INFO - Epoch 0850 | data loss=2.235e-04 | bc loss=4.916e-05 | valid MSE=8.370e-07 | valid rel L2=6.215e-06 | pressure=1.189e-03, temperature=6.662e-06, u=1.657e-03, v=2.546e-02 | Time: 3:40:28.788288
2026-05-25 16:08:18 - pino - INFO - Epoch 0860 | data loss=2.185e-04 | bc loss=4.560e-05 | valid MSE=7.969e-07 | valid rel L2=5.982e-06 | pressure=9.748e-04, temperature=6.499e-06, u=1.655e-03, v=2.497e-02 | Time: 3:43:03.665203
2026-05-25 16:10:57 - pino - INFO - Epoch 0870 | data loss=2.123e-04 | bc loss=3.778e-05 | valid MSE=7.422e-07 | valid rel L2=5.788e-06 | pressure=1.042e-03, temperature=6.269e-06, u=1.683e-03, v=2.490e-02 | Time: 3:45:42.412697
2026-05-25 16:13:37 - pino - INFO - Epoch 0880 | data loss=2.089e-04 | bc loss=3.574e-05 | valid MSE=7.347e-07 | valid rel L2=5.698e-06 | pressure=9.560e-04, temperature=6.240e-06, u=1.601e-03, v=2.478e-02 | Time: 3:48:23.177296
2026-05-25 16:16:19 - pino - INFO - Epoch 0890 | data loss=2.073e-04 | bc loss=3.764e-05 | valid MSE=7.126e-07 | valid rel L2=5.664e-06 | pressure=9.398e-04, temperature=6.137e-06, u=1.774e-03, v=2.459e-02 | Time: 3:51:04.981843
2026-05-25 16:19:05 - pino - INFO - Epoch 0900 | data loss=2.043e-04 | bc loss=3.640e-05 | valid MSE=7.692e-07 | valid rel L2=5.917e-06 | pressure=1.109e-03, temperature=6.386e-06, u=1.610e-03, v=2.480e-02 | Time: 3:53:50.744576
2026-05-25 16:21:53 - pino - INFO - Epoch 0910 | data loss=2.023e-04 | bc loss=3.553e-05 | valid MSE=6.810e-07 | valid rel L2=5.522e-06 | pressure=9.136e-04, temperature=6.007e-06, u=1.560e-03, v=2.429e-02 | Time: 3:56:38.864680
2026-05-25 16:24:41 - pino - INFO - Epoch 0920 | data loss=1.994e-04 | bc loss=3.290e-05 | valid MSE=6.971e-07 | valid rel L2=5.620e-06 | pressure=9.209e-04, temperature=6.079e-06, u=1.545e-03, v=2.421e-02 | Time: 3:59:26.632249
2026-05-25 16:27:24 - pino - INFO - Epoch 0930 | data loss=1.974e-04 | bc loss=3.210e-05 | valid MSE=6.495e-07 | valid rel L2=5.364e-06 | pressure=9.002e-04, temperature=5.866e-06, u=1.533e-03, v=2.412e-02 | Time: 4:02:09.745387
2026-05-25 16:30:07 - pino - INFO - Epoch 0940 | data loss=1.960e-04 | bc loss=3.152e-05 | valid MSE=6.475e-07 | valid rel L2=5.366e-06 | pressure=8.853e-04, temperature=5.857e-06, u=1.527e-03, v=2.403e-02 | Time: 4:04:52.840202
2026-05-25 16:32:52 - pino - INFO - Epoch 0950 | data loss=1.947e-04 | bc loss=3.095e-05 | valid MSE=6.455e-07 | valid rel L2=5.343e-06 | pressure=9.109e-04, temperature=5.848e-06, u=1.522e-03, v=2.393e-02 | Time: 4:07:38.029496
2026-05-25 16:35:36 - pino - INFO - Epoch 0960 | data loss=1.940e-04 | bc loss=3.066e-05 | valid MSE=6.393e-07 | valid rel L2=5.314e-06 | pressure=8.959e-04, temperature=5.820e-06, u=1.518e-03, v=2.396e-02 | Time: 4:10:21.889207
2026-05-25 16:38:16 - pino - INFO - Epoch 0970 | data loss=1.933e-04 | bc loss=3.053e-05 | valid MSE=6.368e-07 | valid rel L2=5.314e-06 | pressure=8.917e-04, temperature=5.809e-06, u=1.514e-03, v=2.393e-02 | Time: 4:13:01.952138
2026-05-25 16:40:50 - pino - INFO - Epoch 0980 | data loss=1.929e-04 | bc loss=3.039e-05 | valid MSE=6.342e-07 | valid rel L2=5.298e-06 | pressure=8.802e-04, temperature=5.797e-06, u=1.512e-03, v=2.391e-02 | Time: 4:15:35.809670
2026-05-25 16:43:21 - pino - INFO - Epoch 0990 | data loss=1.927e-04 | bc loss=3.030e-05 | valid MSE=6.335e-07 | valid rel L2=5.291e-06 | pressure=8.762e-04, temperature=5.793e-06, u=1.511e-03, v=2.389e-02 | Time: 4:18:06.981279
2026-05-25 16:45:55 - pino - INFO - Epoch 1000 | data loss=1.926e-04 | bc loss=3.027e-05 | valid MSE=6.333e-07 | valid rel L2=5.290e-06 | pressure=8.779e-04, temperature=5.792e-06, u=1.511e-03, v=2.389e-02 | Time: 4:20:40.516211
2026-05-25 16:45:55 - pino - INFO - Best validation relative L2: 5.289105562648425e-06
2026-05-25 16:45:55 - pino - INFO - Saved: results/052526_1/checkpoint.pt
2026-05-25 16:45:56 - pino - INFO - Loaded: results/052526_1/checkpoint.pt
2026-05-25 16:46:07 - pino - INFO - Total plotted points: 260696
2026-05-25 16:46:07 - pino - INFO - x range: 0.5096231 2999.474
2026-05-25 16:46:07 - pino - INFO - y range: 0.51863676 149.47418
2026-05-25 16:48:17 - pino - INFO - Total plotted points: 651482
2026-05-25 16:48:17 - pino - INFO - x range: 0.5120154 7499.4707
2026-05-25 16:48:17 - pino - INFO - y range: 0.5280181 149.4933
2026-05-26 11:15:20 - pino - INFO - e976ee50-99ed-4aba-9b6b-9dcd5634d07d:IPyWidgets:8.1.8
2026-05-26 11:15:21 - pino - INFO - ['/jupyter-matplotlib/extension.js', '/jupyter-js-widgets/extension.js']
2026-05-27 11:38:14 - pino - INFO - e976ee50-99ed-4aba-9b6b-9dcd5634d07d:IPyWidgets:8.1.8
2026-05-27 11:38:14 - pino - INFO - ['/jupyter-matplotlib/extension.js', '/jupyter-js-widgets/extension.js']
2026-05-28 16:09:05 - pino - INFO - e976ee50-99ed-4aba-9b6b-9dcd5634d07d:IPyWidgets:8.1.8
2026-05-28 16:09:05 - pino - INFO - ['/jupyter-matplotlib/extension.js', '/jupyter-js-widgets/extension.js']
