2026-08-14 12:59:25 - deeponet - INFO - Training comment
2026-08-14 12:59:25 - deeponet - INFO - no physics NO, 16k training samples, 1k epochs
2026-08-14 12:59:25 - deeponet - INFO - Output directory: /home/hantianl/Documents/PIDIF/DeepONet/results/081426_1
2026-08-14 12:59:25 - deeponet - INFO - Available cases (200):
2026-08-14 12:59:25 - deeponet - INFO - [0, 1, 2, 3, 4, 5, 6, 7, 8, 9, 10, 11, 12, 13, 14, 15, 16, 17, 18, 19, 20, 21, 22, 23, 24, 25, 26, 27, 28, 29, 30, 31, 32, 33, 34, 35, 36, 37, 38, 39, 40, 41, 42, 43, 44, 45, 46, 47, 48, 49, 50, 51, 52, 53, 54, 55, 56, 57, 58, 59, 60, 61, 62, 63, 64, 65, 66, 67, 68, 69, 70, 71, 72, 73, 74, 75, 76, 77, 78, 79, 80, 81, 82, 83, 84, 85, 86, 87, 88, 89, 90, 91, 92, 93, 94, 95, 96, 97, 98, 99, 100, 101, 102, 103, 104, 105, 106, 107, 108, 109, 110, 111, 112, 113, 114, 115, 116, 117, 118, 119, 120, 121, 122, 123, 124, 125, 126, 127, 128, 129, 130, 131, 132, 133, 134, 135, 136, 137, 138, 139, 140, 141, 142, 143, 144, 145, 146, 147, 148, 149, 150, 151, 152, 153, 154, 155, 156, 157, 158, 159, 160, 161, 162, 163, 164, 165, 166, 167, 168, 169, 170, 171, 172, 173, 174, 175, 176, 177, 178, 179, 180, 181, 182, 183, 184, 185, 186, 187, 188, 189, 190, 191, 192, 193, 194, 195, 196, 197, 198, 199]
2026-08-14 12:59:25 - deeponet - INFO - Train cases (160): ['channel_00', 'channel_01', 'channel_02', 'channel_03', 'channel_04', 'channel_05', 'channel_06', 'channel_08', 'channel_09', 'channel_10', 'channel_11', 'channel_13', 'channel_14', 'channel_15', 'channel_17', 'channel_18', 'channel_19', 'channel_22', 'channel_23', 'channel_24', 'channel_26', 'channel_28', 'channel_29', 'channel_30', 'channel_31', 'channel_32', 'channel_33', 'channel_34', 'channel_35', 'channel_36', 'channel_37', 'channel_38', 'channel_39', 'channel_40', 'channel_41', 'channel_42', 'channel_43', 'channel_44', 'channel_45', 'channel_46', 'channel_47', 'channel_48', 'channel_49', 'channel_50', 'channel_51', 'channel_52', 'channel_53', 'channel_54', 'channel_55', 'channel_56', 'channel_57', 'channel_58', 'channel_59', 'channel_60', 'channel_61', 'channel_62', 'channel_63', 'channel_64', 'channel_65', 'channel_67', 'channel_68', 'channel_70', 'channel_71', 'channel_72', 'channel_74', 'channel_75', 'channel_77', 'channel_78', 'channel_79', 'channel_80', 'channel_83', 'channel_86', 'channel_87', 'channel_88', 'channel_89', 'channel_91', 'channel_92', 'channel_93', 'channel_94', 'channel_95', 'channel_96', 'channel_97', 'channel_98', 'channel_100', 'channel_102', 'channel_104', 'channel_105', 'channel_106', 'channel_107', 'channel_108', 'channel_109', 'channel_110', 'channel_111', 'channel_112', 'channel_113', 'channel_115', 'channel_116', 'channel_118', 'channel_121', 'channel_122', 'channel_123', 'channel_124', 'channel_125', 'channel_126', 'channel_127', 'channel_128', 'channel_129', 'channel_130', 'channel_131', 'channel_133', 'channel_134', 'channel_136', 'channel_138', 'channel_139', 'channel_140', 'channel_142', 'channel_145', 'channel_147', 'channel_148', 'channel_149', 'channel_150', 'channel_151', 'channel_152', 'channel_154', 'channel_155', 'channel_156', 'channel_158', 'channel_159', 'channel_162', 'channel_163', 'channel_164', 'channel_165', 'channel_166', 'channel_167', 'channel_168', 'channel_169', 'channel_170', 'channel_171', 'channel_172', 'channel_173', 'channel_174', 'channel_175', 'channel_176', 'channel_179', 'channel_180', 'channel_181', 'channel_183', 'channel_184', 'channel_186', 'channel_187', 'channel_188', 'channel_189', 'channel_190', 'channel_191', 'channel_192', 'channel_194', 'channel_196', 'channel_197', 'channel_198', 'channel_199']
2026-08-14 12:59:25 - deeponet - INFO - Valid cases (20): ['channel_12', 'channel_25', 'channel_66', 'channel_73', 'channel_81', 'channel_85', 'channel_90', 'channel_101', 'channel_103', 'channel_114', 'channel_132', 'channel_135', 'channel_137', 'channel_141', 'channel_143', 'channel_146', 'channel_157', 'channel_178', 'channel_182', 'channel_195']
2026-08-14 12:59:25 - deeponet - INFO - Test  cases (20): ['channel_07', 'channel_16', 'channel_20', 'channel_21', 'channel_27', 'channel_69', 'channel_76', 'channel_82', 'channel_84', 'channel_99', 'channel_117', 'channel_119', 'channel_120', 'channel_144', 'channel_153', 'channel_160', 'channel_161', 'channel_177', 'channel_185', 'channel_193']
2026-08-14 17:21:31 - deeponet - INFO - Train samples: 16000
2026-08-14 17:21:31 - deeponet - INFO - Valid samples: 200
2026-08-14 17:21:31 - deeponet - INFO - Train branch channels: ['x_local', 'y_local', 'wall_mask', 'interface_mask', 'boundary_pressure', 'boundary_u', 'boundary_v', 'known_pressure', 'known_u', 'known_v', 'local_aspect_ratio']
2026-08-14 17:21:31 - deeponet - INFO - Train trunk channels: ['x_local', 'y_local']
2026-08-14 17:21:31 - deeponet - INFO - Output channels: ['pressure', 'u', 'v']
2026-08-14 17:21:31 - deeponet - INFO - Example train sample:
2026-08-14 17:21:31 - deeponet - INFO - branch: (1024, 11)
2026-08-14 17:21:31 - deeponet - INFO - query: (12268, 2)
2026-08-14 17:21:31 - deeponet - INFO - target: (12268, 3)
2026-08-14 17:21:31 - deeponet - INFO - Train cases: [0, 1, 2, 3, 4, 5, 6, 8, 9, 10, 11, 13, 14, 15, 17, 18, 19, 22, 23, 24, 26, 28, 29, 30, 31, 32, 33, 34, 35, 36, 37, 38, 39, 40, 41, 42, 43, 44, 45, 46, 47, 48, 49, 50, 51, 52, 53, 54, 55, 56, 57, 58, 59, 60, 61, 62, 63, 64, 65, 67, 68, 70, 71, 72, 74, 75, 77, 78, 79, 80, 83, 86, 87, 88, 89, 91, 92, 93, 94, 95, 96, 97, 98, 100, 102, 104, 105, 106, 107, 108, 109, 110, 111, 112, 113, 115, 116, 118, 121, 122, 123, 124, 125, 126, 127, 128, 129, 130, 131, 133, 134, 136, 138, 139, 140, 142, 145, 147, 148, 149, 150, 151, 152, 154, 155, 156, 158, 159, 162, 163, 164, 165, 166, 167, 168, 169, 170, 171, 172, 173, 174, 175, 176, 179, 180, 181, 183, 184, 186, 187, 188, 189, 190, 191, 192, 194, 196, 197, 198, 199]
2026-08-14 17:21:31 - deeponet - INFO - Valid cases: [12, 25, 66, 73, 81, 85, 90, 101, 103, 114, 132, 135, 137, 141, 143, 146, 157, 178, 182, 195]
2026-08-14 17:21:39 - deeponet - INFO - Y mean: tensor([ 6.4414e+02,  1.0012e+00, -9.3560e-06])
2026-08-14 17:21:39 - deeponet - INFO - Y std: tensor([4.1367e+02, 4.2755e-01, 2.1962e-02])
2026-08-14 17:21:39 - deeponet - INFO - local_aspect_mean: 1.0
2026-08-14 17:21:39 - deeponet - INFO - local_aspect_std: 0.8169518709182739
2026-08-14 17:21:39 - deeponet - INFO - PDE Reynolds-number range: 9.959327697753906 647.3943481445312
2026-08-14 17:21:39 - deeponet - INFO - branch batch: torch.Size([30, 1024, 11])
2026-08-14 17:21:39 - deeponet - INFO - query batch: torch.Size([761398, 2])
2026-08-14 17:21:39 - deeponet - INFO - target batch: torch.Size([761398, 3])
2026-08-14 17:21:39 - deeponet - INFO - query batch id: tensor(0) tensor(29)
2026-08-14 17:21:39 - deeponet - INFO - sample indices: tensor([15226, 15763, 13243, 10927, 14065,  2531, 15779,  1094,  3984, 14454,
        11761,  3971,  2998, 11939,  5311, 13208,  8947,  8640,    85, 10444,
         4368, 12084, 15247, 10388,  3699,  9559,  9082,  1820,  7215,  1854])
2026-08-14 17:21:39 - deeponet - INFO - branch mask batch: torch.Size([30, 1024])
2026-08-14 17:21:40 - deeponet - INFO - {'branch_input_dim': 11, 'trunk_input_dim': 2, 'output_channels': 3, 'latent_dim': 128, 'branch_point_hidden_dim': 128, 'branch_point_depth': 3, 'branch_global_hidden_dim': 128, 'branch_global_depth': 3, 'trunk_hidden_dim': 128, 'trunk_depth': 4, 'aggregation': 'mean', 'activation': 'gelu', 'layer_norm': False, 'trunk_activation': 'gelu', 'branch_trunk_mixing': False, 'siren_w0': 30.0}
2026-08-14 17:21:40 - deeponet - INFO - No checkpoint found; training from scratch.
2026-08-14 17:23:02 - deeponet - INFO - Epoch 0001 | data loss=3.686e-01 | bc loss=2.674e-01 | PDE loss=0.000e+00 | valid MSE=8.992e+02 | valid rel L2=1.700e-01 | pressure=6.760e-02, u=7.050e-02, v=6.776e-01 | Time: 0:01:22.443577
2026-08-14 17:35:28 - deeponet - INFO - Epoch 0010 | data loss=5.262e-02 | bc loss=2.538e-02 | PDE loss=0.000e+00 | valid MSE=2.939e+02 | valid rel L2=1.287e-01 | pressure=4.395e-02, u=3.325e-02, v=3.567e-01 | Time: 0:13:48.426426
2026-08-14 17:49:20 - deeponet - INFO - Epoch 0020 | data loss=2.588e-02 | bc loss=1.093e-02 | PDE loss=0.000e+00 | valid MSE=1.602e+02 | valid rel L2=1.037e-01 | pressure=3.703e-02, u=2.891e-02, v=2.924e-01 | Time: 0:27:39.552229
2026-08-14 18:03:05 - deeponet - INFO - Epoch 0030 | data loss=2.052e-02 | bc loss=8.424e-03 | PDE loss=0.000e+00 | valid MSE=1.345e+02 | valid rel L2=1.226e-01 | pressure=2.930e-02, u=2.203e-02, v=2.577e-01 | Time: 0:41:25.402965
2026-08-14 18:24:12 - deeponet - INFO - Epoch 0040 | data loss=1.358e-02 | bc loss=4.622e-03 | PDE loss=0.000e+00 | valid MSE=1.361e+02 | valid rel L2=7.417e-02 | pressure=3.052e-02, u=2.258e-02, v=2.346e-01 | Time: 1:02:31.528047
2026-08-14 18:37:37 - deeponet - INFO - Epoch 0050 | data loss=1.253e-02 | bc loss=5.049e-03 | PDE loss=0.000e+00 | valid MSE=7.671e+01 | valid rel L2=7.970e-02 | pressure=2.186e-02, u=1.682e-02, v=2.241e-01 | Time: 1:15:56.774713
2026-08-14 18:51:26 - deeponet - INFO - Epoch 0060 | data loss=9.868e-03 | bc loss=3.794e-03 | PDE loss=0.000e+00 | valid MSE=1.524e+02 | valid rel L2=1.422e-01 | pressure=2.812e-02, u=1.803e-02, v=2.020e-01 | Time: 1:29:46.208517
2026-08-14 19:07:04 - deeponet - INFO - Epoch 0070 | data loss=8.184e-03 | bc loss=3.206e-03 | PDE loss=0.000e+00 | valid MSE=7.144e+01 | valid rel L2=9.879e-02 | pressure=2.232e-02, u=1.385e-02, v=1.776e-01 | Time: 1:45:23.698310
2026-08-14 19:21:03 - deeponet - INFO - Epoch 0080 | data loss=8.963e-03 | bc loss=4.015e-03 | PDE loss=0.000e+00 | valid MSE=4.854e+01 | valid rel L2=5.313e-02 | pressure=1.982e-02, u=1.373e-02, v=1.626e-01 | Time: 1:59:23.166752
2026-08-14 19:34:39 - deeponet - INFO - Epoch 0090 | data loss=6.401e-03 | bc loss=2.639e-03 | PDE loss=0.000e+00 | valid MSE=5.190e+01 | valid rel L2=6.359e-02 | pressure=1.792e-02, u=1.175e-02, v=1.455e-01 | Time: 2:12:59.361308
2026-08-14 19:48:19 - deeponet - INFO - Epoch 0100 | data loss=5.428e-03 | bc loss=2.104e-03 | PDE loss=0.000e+00 | valid MSE=3.516e+01 | valid rel L2=4.166e-02 | pressure=1.654e-02, u=1.122e-02, v=1.308e-01 | Time: 2:26:39.017051
2026-08-14 20:02:12 - deeponet - INFO - Epoch 0110 | data loss=4.903e-03 | bc loss=2.007e-03 | PDE loss=0.000e+00 | valid MSE=4.493e+01 | valid rel L2=9.514e-02 | pressure=1.448e-02, u=1.013e-02, v=1.284e-01 | Time: 2:40:31.993249
2026-08-14 20:16:01 - deeponet - INFO - Epoch 0120 | data loss=4.215e-03 | bc loss=1.798e-03 | PDE loss=0.000e+00 | valid MSE=7.493e+01 | valid rel L2=5.525e-02 | pressure=2.011e-02, u=1.250e-02, v=1.299e-01 | Time: 2:54:21.347465
2026-08-14 20:29:40 - deeponet - INFO - Epoch 0130 | data loss=4.649e-03 | bc loss=2.096e-03 | PDE loss=0.000e+00 | valid MSE=1.683e+02 | valid rel L2=9.844e-02 | pressure=3.077e-02, u=1.919e-02, v=1.496e-01 | Time: 3:07:59.772107
2026-08-14 20:43:10 - deeponet - INFO - Epoch 0140 | data loss=3.981e-03 | bc loss=1.747e-03 | PDE loss=0.000e+00 | valid MSE=3.143e+01 | valid rel L2=7.299e-02 | pressure=1.233e-02, u=9.582e-03, v=1.099e-01 | Time: 3:21:29.978278
2026-08-14 20:56:58 - deeponet - INFO - Epoch 0150 | data loss=3.645e-03 | bc loss=1.559e-03 | PDE loss=0.000e+00 | valid MSE=2.956e+01 | valid rel L2=2.670e-02 | pressure=1.244e-02, u=9.439e-03, v=1.114e-01 | Time: 3:35:18.201514
2026-08-14 21:10:40 - deeponet - INFO - Epoch 0160 | data loss=3.754e-03 | bc loss=1.720e-03 | PDE loss=0.000e+00 | valid MSE=1.895e+01 | valid rel L2=3.075e-02 | pressure=1.053e-02, u=9.737e-03, v=1.136e-01 | Time: 3:48:59.989895
2026-08-14 21:24:12 - deeponet - INFO - Epoch 0170 | data loss=3.627e-03 | bc loss=1.762e-03 | PDE loss=0.000e+00 | valid MSE=1.772e+01 | valid rel L2=2.713e-02 | pressure=1.029e-02, u=9.106e-03, v=1.075e-01 | Time: 4:02:31.600946
2026-08-14 21:37:51 - deeponet - INFO - Epoch 0180 | data loss=3.251e-03 | bc loss=1.578e-03 | PDE loss=0.000e+00 | valid MSE=3.502e+01 | valid rel L2=6.665e-02 | pressure=1.361e-02, u=1.516e-02, v=1.219e-01 | Time: 4:16:10.976765
2026-08-14 21:51:20 - deeponet - INFO - Epoch 0190 | data loss=2.724e-03 | bc loss=1.129e-03 | PDE loss=0.000e+00 | valid MSE=2.340e+01 | valid rel L2=4.623e-02 | pressure=1.119e-02, u=7.784e-03, v=1.001e-01 | Time: 4:29:39.912092
2026-08-14 22:04:56 - deeponet - INFO - Epoch 0200 | data loss=2.451e-03 | bc loss=9.926e-04 | PDE loss=0.000e+00 | valid MSE=4.742e+01 | valid rel L2=5.347e-02 | pressure=1.589e-02, u=1.017e-02, v=9.820e-02 | Time: 4:43:15.725180
2026-08-14 22:18:36 - deeponet - INFO - Epoch 0210 | data loss=2.497e-03 | bc loss=9.839e-04 | PDE loss=0.000e+00 | valid MSE=1.569e+01 | valid rel L2=2.116e-02 | pressure=9.710e-03, u=7.404e-03, v=9.912e-02 | Time: 4:56:56.157433
2026-08-14 22:32:16 - deeponet - INFO - Epoch 0220 | data loss=2.357e-03 | bc loss=1.023e-03 | PDE loss=0.000e+00 | valid MSE=1.475e+01 | valid rel L2=3.252e-02 | pressure=9.238e-03, u=8.461e-03, v=9.398e-02 | Time: 5:10:36.035073
2026-08-14 22:46:04 - deeponet - INFO - Epoch 0230 | data loss=2.534e-03 | bc loss=1.214e-03 | PDE loss=0.000e+00 | valid MSE=1.936e+01 | valid rel L2=2.737e-02 | pressure=1.003e-02, u=8.180e-03, v=9.306e-02 | Time: 5:24:24.163832
2026-08-14 22:59:42 - deeponet - INFO - Epoch 0240 | data loss=1.970e-03 | bc loss=7.456e-04 | PDE loss=0.000e+00 | valid MSE=1.427e+01 | valid rel L2=2.837e-02 | pressure=9.451e-03, u=8.332e-03, v=9.613e-02 | Time: 5:38:01.739090
2026-08-14 23:13:24 - deeponet - INFO - Epoch 0250 | data loss=1.911e-03 | bc loss=7.219e-04 | PDE loss=0.000e+00 | valid MSE=2.035e+01 | valid rel L2=5.221e-02 | pressure=1.115e-02, u=7.236e-03, v=8.950e-02 | Time: 5:51:44.124365
2026-08-14 23:27:07 - deeponet - INFO - Epoch 0260 | data loss=2.047e-03 | bc loss=9.040e-04 | PDE loss=0.000e+00 | valid MSE=1.674e+01 | valid rel L2=3.028e-02 | pressure=1.008e-02, u=7.681e-03, v=9.138e-02 | Time: 6:05:27.262658
2026-08-14 23:40:50 - deeponet - INFO - Epoch 0270 | data loss=2.444e-03 | bc loss=1.074e-03 | PDE loss=0.000e+00 | valid MSE=1.288e+01 | valid rel L2=2.013e-02 | pressure=8.525e-03, u=6.817e-03, v=8.411e-02 | Time: 6:19:10.005234
2026-08-14 23:54:45 - deeponet - INFO - Epoch 0280 | data loss=2.329e-03 | bc loss=1.075e-03 | PDE loss=0.000e+00 | valid MSE=1.116e+01 | valid rel L2=2.644e-02 | pressure=8.136e-03, u=6.837e-03, v=8.383e-02 | Time: 6:33:04.855825
2026-08-15 00:08:33 - deeponet - INFO - Epoch 0290 | data loss=1.914e-03 | bc loss=8.607e-04 | PDE loss=0.000e+00 | valid MSE=1.360e+01 | valid rel L2=2.309e-02 | pressure=9.153e-03, u=7.153e-03, v=8.759e-02 | Time: 6:46:53.136225
2026-08-15 00:21:55 - deeponet - INFO - Epoch 0300 | data loss=1.665e-03 | bc loss=7.685e-04 | PDE loss=0.000e+00 | valid MSE=1.234e+01 | valid rel L2=2.944e-02 | pressure=8.067e-03, u=6.738e-03, v=8.246e-02 | Time: 7:00:14.754747
2026-08-15 00:35:48 - deeponet - INFO - Epoch 0310 | data loss=1.700e-03 | bc loss=7.449e-04 | PDE loss=0.000e+00 | valid MSE=1.340e+01 | valid rel L2=3.043e-02 | pressure=8.062e-03, u=6.654e-03, v=7.914e-02 | Time: 7:14:08.359668
2026-08-15 00:49:27 - deeponet - INFO - Epoch 0320 | data loss=1.773e-03 | bc loss=9.366e-04 | PDE loss=0.000e+00 | valid MSE=1.516e+01 | valid rel L2=4.243e-02 | pressure=8.938e-03, u=7.344e-03, v=8.558e-02 | Time: 7:27:47.094642
2026-08-15 01:03:18 - deeponet - INFO - Epoch 0330 | data loss=1.501e-03 | bc loss=6.195e-04 | PDE loss=0.000e+00 | valid MSE=3.407e+01 | valid rel L2=4.463e-02 | pressure=1.318e-02, u=1.255e-02, v=1.185e-01 | Time: 7:41:37.900666
2026-08-15 01:17:07 - deeponet - INFO - Epoch 0340 | data loss=1.397e-03 | bc loss=5.646e-04 | PDE loss=0.000e+00 | valid MSE=1.521e+01 | valid rel L2=2.493e-02 | pressure=8.967e-03, u=8.475e-03, v=8.454e-02 | Time: 7:55:26.613735
2026-08-15 01:31:08 - deeponet - INFO - Epoch 0350 | data loss=1.508e-03 | bc loss=6.826e-04 | PDE loss=0.000e+00 | valid MSE=8.982e+00 | valid rel L2=1.667e-02 | pressure=7.152e-03, u=6.836e-03, v=7.875e-02 | Time: 8:09:27.588809
2026-08-15 01:45:10 - deeponet - INFO - Epoch 0360 | data loss=1.337e-03 | bc loss=5.174e-04 | PDE loss=0.000e+00 | valid MSE=1.765e+01 | valid rel L2=4.026e-02 | pressure=1.023e-02, u=8.177e-03, v=8.510e-02 | Time: 8:23:29.646668
2026-08-15 01:59:11 - deeponet - INFO - Epoch 0370 | data loss=1.276e-03 | bc loss=4.799e-04 | PDE loss=0.000e+00 | valid MSE=1.371e+01 | valid rel L2=2.251e-02 | pressure=8.310e-03, u=6.196e-03, v=7.750e-02 | Time: 8:37:31.337881
2026-08-15 02:13:04 - deeponet - INFO - Epoch 0380 | data loss=1.448e-03 | bc loss=6.830e-04 | PDE loss=0.000e+00 | valid MSE=8.631e+00 | valid rel L2=1.785e-02 | pressure=6.972e-03, u=6.986e-03, v=8.113e-02 | Time: 8:51:23.626357
2026-08-15 02:26:47 - deeponet - INFO - Epoch 0390 | data loss=1.428e-03 | bc loss=6.473e-04 | PDE loss=0.000e+00 | valid MSE=1.074e+01 | valid rel L2=1.810e-02 | pressure=8.397e-03, u=6.623e-03, v=8.305e-02 | Time: 9:05:07.009365
2026-08-15 02:40:37 - deeponet - INFO - Epoch 0400 | data loss=1.262e-03 | bc loss=5.696e-04 | PDE loss=0.000e+00 | valid MSE=1.868e+01 | valid rel L2=3.080e-02 | pressure=1.084e-02, u=7.981e-03, v=8.519e-02 | Time: 9:18:56.708878
2026-08-15 02:54:25 - deeponet - INFO - Epoch 0410 | data loss=1.200e-03 | bc loss=5.145e-04 | PDE loss=0.000e+00 | valid MSE=8.077e+00 | valid rel L2=1.962e-02 | pressure=7.380e-03, u=7.109e-03, v=8.295e-02 | Time: 9:32:45.085367
2026-08-15 03:08:00 - deeponet - INFO - Epoch 0420 | data loss=1.089e-03 | bc loss=4.147e-04 | PDE loss=0.000e+00 | valid MSE=7.936e+00 | valid rel L2=1.807e-02 | pressure=6.966e-03, u=6.029e-03, v=7.362e-02 | Time: 9:46:19.811823
2026-08-15 03:21:44 - deeponet - INFO - Epoch 0430 | data loss=1.112e-03 | bc loss=4.423e-04 | PDE loss=0.000e+00 | valid MSE=8.454e+00 | valid rel L2=1.876e-02 | pressure=7.127e-03, u=6.088e-03, v=7.370e-02 | Time: 10:00:03.661829
2026-08-15 03:35:35 - deeponet - INFO - Epoch 0440 | data loss=1.142e-03 | bc loss=4.771e-04 | PDE loss=0.000e+00 | valid MSE=1.276e+01 | valid rel L2=2.902e-02 | pressure=8.289e-03, u=6.862e-03, v=7.934e-02 | Time: 10:13:54.554686
2026-08-15 03:49:22 - deeponet - INFO - Epoch 0450 | data loss=1.071e-03 | bc loss=4.339e-04 | PDE loss=0.000e+00 | valid MSE=1.097e+01 | valid rel L2=2.530e-02 | pressure=8.135e-03, u=6.479e-03, v=7.811e-02 | Time: 10:27:42.013820
2026-08-15 04:02:54 - deeponet - INFO - Epoch 0460 | data loss=9.770e-04 | bc loss=3.582e-04 | PDE loss=0.000e+00 | valid MSE=6.769e+00 | valid rel L2=1.594e-02 | pressure=6.663e-03, u=6.164e-03, v=7.356e-02 | Time: 10:41:14.180363
2026-08-15 04:16:16 - deeponet - INFO - Epoch 0470 | data loss=1.018e-03 | bc loss=4.243e-04 | PDE loss=0.000e+00 | valid MSE=6.664e+00 | valid rel L2=1.529e-02 | pressure=6.256e-03, u=6.076e-03, v=7.126e-02 | Time: 10:54:36.088174
2026-08-15 04:29:54 - deeponet - INFO - Epoch 0480 | data loss=9.555e-04 | bc loss=3.792e-04 | PDE loss=0.000e+00 | valid MSE=7.960e+00 | valid rel L2=2.059e-02 | pressure=6.900e-03, u=6.158e-03, v=7.296e-02 | Time: 11:08:14.112682
2026-08-15 04:43:18 - deeponet - INFO - Epoch 0490 | data loss=1.008e-03 | bc loss=4.580e-04 | PDE loss=0.000e+00 | valid MSE=8.414e+00 | valid rel L2=2.021e-02 | pressure=7.248e-03, u=6.212e-03, v=7.167e-02 | Time: 11:21:37.601580
2026-08-15 04:56:36 - deeponet - INFO - Epoch 0500 | data loss=9.778e-04 | bc loss=3.983e-04 | PDE loss=0.000e+00 | valid MSE=6.617e+00 | valid rel L2=1.674e-02 | pressure=6.249e-03, u=6.101e-03, v=6.742e-02 | Time: 11:34:56.001255
2026-08-15 05:10:13 - deeponet - INFO - Epoch 0510 | data loss=9.015e-04 | bc loss=3.579e-04 | PDE loss=0.000e+00 | valid MSE=1.119e+01 | valid rel L2=2.447e-02 | pressure=8.263e-03, u=7.072e-03, v=7.362e-02 | Time: 11:48:32.566129
2026-08-15 05:23:42 - deeponet - INFO - Epoch 0520 | data loss=1.147e-03 | bc loss=5.274e-04 | PDE loss=0.000e+00 | valid MSE=1.541e+01 | valid rel L2=2.240e-02 | pressure=8.987e-03, u=7.614e-03, v=7.843e-02 | Time: 12:02:01.829854
2026-08-15 05:37:07 - deeponet - INFO - Epoch 0530 | data loss=8.636e-04 | bc loss=3.393e-04 | PDE loss=0.000e+00 | valid MSE=5.797e+00 | valid rel L2=1.515e-02 | pressure=6.028e-03, u=5.340e-03, v=6.597e-02 | Time: 12:15:27.477294
2026-08-15 05:50:51 - deeponet - INFO - Epoch 0540 | data loss=9.432e-04 | bc loss=4.100e-04 | PDE loss=0.000e+00 | valid MSE=6.803e+00 | valid rel L2=2.033e-02 | pressure=6.403e-03, u=5.975e-03, v=6.434e-02 | Time: 12:29:11.127416
2026-08-15 06:04:13 - deeponet - INFO - Epoch 0550 | data loss=7.983e-04 | bc loss=3.117e-04 | PDE loss=0.000e+00 | valid MSE=8.617e+00 | valid rel L2=1.764e-02 | pressure=6.700e-03, u=5.986e-03, v=6.777e-02 | Time: 12:42:33.463061
2026-08-15 06:17:34 - deeponet - INFO - Epoch 0560 | data loss=8.065e-04 | bc loss=3.152e-04 | PDE loss=0.000e+00 | valid MSE=5.907e+00 | valid rel L2=1.515e-02 | pressure=5.961e-03, u=4.929e-03, v=6.325e-02 | Time: 12:55:54.415476
2026-08-15 06:31:07 - deeponet - INFO - Epoch 0570 | data loss=7.612e-04 | bc loss=2.774e-04 | PDE loss=0.000e+00 | valid MSE=5.909e+00 | valid rel L2=1.962e-02 | pressure=5.883e-03, u=5.017e-03, v=6.283e-02 | Time: 13:09:27.250147
2026-08-15 06:44:36 - deeponet - INFO - Epoch 0580 | data loss=8.109e-04 | bc loss=3.400e-04 | PDE loss=0.000e+00 | valid MSE=5.982e+00 | valid rel L2=1.829e-02 | pressure=5.983e-03, u=5.503e-03, v=6.242e-02 | Time: 13:22:55.651122
2026-08-15 06:57:53 - deeponet - INFO - Epoch 0590 | data loss=7.137e-04 | bc loss=2.474e-04 | PDE loss=0.000e+00 | valid MSE=6.218e+00 | valid rel L2=1.388e-02 | pressure=6.002e-03, u=4.903e-03, v=6.012e-02 | Time: 13:36:12.579861
2026-08-15 07:11:10 - deeponet - INFO - Epoch 0600 | data loss=7.225e-04 | bc loss=2.882e-04 | PDE loss=0.000e+00 | valid MSE=7.479e+00 | valid rel L2=2.082e-02 | pressure=6.305e-03, u=6.033e-03, v=6.385e-02 | Time: 13:49:30.360670
2026-08-15 07:24:30 - deeponet - INFO - Epoch 0610 | data loss=6.904e-04 | bc loss=2.436e-04 | PDE loss=0.000e+00 | valid MSE=5.618e+00 | valid rel L2=1.498e-02 | pressure=6.003e-03, u=5.096e-03, v=5.909e-02 | Time: 14:02:49.654720
2026-08-15 07:37:50 - deeponet - INFO - Epoch 0620 | data loss=7.143e-04 | bc loss=2.782e-04 | PDE loss=0.000e+00 | valid MSE=5.222e+00 | valid rel L2=1.401e-02 | pressure=5.750e-03, u=4.521e-03, v=5.862e-02 | Time: 14:16:09.782625
2026-08-15 07:51:07 - deeponet - INFO - Epoch 0630 | data loss=6.565e-04 | bc loss=2.254e-04 | PDE loss=0.000e+00 | valid MSE=4.894e+00 | valid rel L2=1.428e-02 | pressure=5.463e-03, u=4.600e-03, v=5.941e-02 | Time: 14:29:27.355666
2026-08-15 08:04:22 - deeponet - INFO - Epoch 0640 | data loss=6.420e-04 | bc loss=2.173e-04 | PDE loss=0.000e+00 | valid MSE=4.852e+00 | valid rel L2=1.245e-02 | pressure=5.331e-03, u=4.649e-03, v=5.563e-02 | Time: 14:42:42.365305
2026-08-15 08:17:47 - deeponet - INFO - Epoch 0650 | data loss=6.303e-04 | bc loss=2.175e-04 | PDE loss=0.000e+00 | valid MSE=5.762e+00 | valid rel L2=1.888e-02 | pressure=5.772e-03, u=4.700e-03, v=5.887e-02 | Time: 14:56:07.185087
2026-08-15 08:31:07 - deeponet - INFO - Epoch 0660 | data loss=6.322e-04 | bc loss=2.241e-04 | PDE loss=0.000e+00 | valid MSE=6.370e+00 | valid rel L2=1.577e-02 | pressure=6.163e-03, u=5.238e-03, v=5.760e-02 | Time: 15:09:27.477721
2026-08-15 08:44:15 - deeponet - INFO - Epoch 0670 | data loss=6.060e-04 | bc loss=2.010e-04 | PDE loss=0.000e+00 | valid MSE=5.129e+00 | valid rel L2=1.676e-02 | pressure=5.308e-03, u=4.942e-03, v=5.838e-02 | Time: 15:22:35.289688
2026-08-15 08:57:43 - deeponet - INFO - Epoch 0680 | data loss=6.254e-04 | bc loss=2.243e-04 | PDE loss=0.000e+00 | valid MSE=1.445e+01 | valid rel L2=2.046e-02 | pressure=9.218e-03, u=4.999e-03, v=5.916e-02 | Time: 15:36:03.061863
2026-08-15 09:11:04 - deeponet - INFO - Epoch 0690 | data loss=5.964e-04 | bc loss=2.021e-04 | PDE loss=0.000e+00 | valid MSE=4.104e+00 | valid rel L2=1.159e-02 | pressure=5.047e-03, u=4.414e-03, v=5.613e-02 | Time: 15:49:24.118258
2026-08-15 09:24:19 - deeponet - INFO - Epoch 0700 | data loss=5.675e-04 | bc loss=1.827e-04 | PDE loss=0.000e+00 | valid MSE=4.128e+00 | valid rel L2=1.089e-02 | pressure=4.968e-03, u=4.529e-03, v=5.598e-02 | Time: 16:02:39.360507
2026-08-15 09:37:40 - deeponet - INFO - Epoch 0710 | data loss=5.568e-04 | bc loss=1.704e-04 | PDE loss=0.000e+00 | valid MSE=3.815e+00 | valid rel L2=1.108e-02 | pressure=4.769e-03, u=4.273e-03, v=5.403e-02 | Time: 16:16:00.481877
2026-08-15 09:50:58 - deeponet - INFO - Epoch 0720 | data loss=5.501e-04 | bc loss=1.703e-04 | PDE loss=0.000e+00 | valid MSE=4.086e+00 | valid rel L2=1.298e-02 | pressure=4.848e-03, u=4.083e-03, v=5.270e-02 | Time: 16:29:18.330130
2026-08-15 10:04:33 - deeponet - INFO - Epoch 0730 | data loss=5.424e-04 | bc loss=1.664e-04 | PDE loss=0.000e+00 | valid MSE=3.896e+00 | valid rel L2=1.163e-02 | pressure=4.740e-03, u=4.092e-03, v=5.198e-02 | Time: 16:42:52.767819
2026-08-15 10:18:05 - deeponet - INFO - Epoch 0740 | data loss=5.356e-04 | bc loss=1.695e-04 | PDE loss=0.000e+00 | valid MSE=3.773e+00 | valid rel L2=1.094e-02 | pressure=4.614e-03, u=3.971e-03, v=5.145e-02 | Time: 16:56:25.102298
2026-08-15 10:31:34 - deeponet - INFO - Epoch 0750 | data loss=5.238e-04 | bc loss=1.591e-04 | PDE loss=0.000e+00 | valid MSE=3.740e+00 | valid rel L2=1.281e-02 | pressure=4.693e-03, u=4.023e-03, v=5.209e-02 | Time: 17:09:53.981809
2026-08-15 10:44:51 - deeponet - INFO - Epoch 0760 | data loss=5.210e-04 | bc loss=1.581e-04 | PDE loss=0.000e+00 | valid MSE=3.629e+00 | valid rel L2=1.035e-02 | pressure=4.609e-03, u=3.921e-03, v=5.173e-02 | Time: 17:23:11.441400
2026-08-15 10:58:27 - deeponet - INFO - Epoch 0770 | data loss=5.136e-04 | bc loss=1.560e-04 | PDE loss=0.000e+00 | valid MSE=3.543e+00 | valid rel L2=1.168e-02 | pressure=4.535e-03, u=3.901e-03, v=5.109e-02 | Time: 17:36:47.337876
2026-08-15 11:11:39 - deeponet - INFO - Epoch 0780 | data loss=5.004e-04 | bc loss=1.459e-04 | PDE loss=0.000e+00 | valid MSE=3.593e+00 | valid rel L2=1.258e-02 | pressure=4.641e-03, u=3.805e-03, v=5.019e-02 | Time: 17:49:58.845738
2026-08-15 11:25:10 - deeponet - INFO - Epoch 0790 | data loss=5.064e-04 | bc loss=1.564e-04 | PDE loss=0.000e+00 | valid MSE=3.988e+00 | valid rel L2=1.379e-02 | pressure=4.744e-03, u=3.948e-03, v=5.118e-02 | Time: 18:03:29.716400
2026-08-15 11:38:32 - deeponet - INFO - Epoch 0800 | data loss=4.928e-04 | bc loss=1.445e-04 | PDE loss=0.000e+00 | valid MSE=3.747e+00 | valid rel L2=1.139e-02 | pressure=4.691e-03, u=3.778e-03, v=5.032e-02 | Time: 18:16:51.973335
2026-08-15 11:52:02 - deeponet - INFO - Epoch 0810 | data loss=4.863e-04 | bc loss=1.441e-04 | PDE loss=0.000e+00 | valid MSE=3.373e+00 | valid rel L2=1.005e-02 | pressure=4.333e-03, u=3.746e-03, v=4.924e-02 | Time: 18:30:22.207214
2026-08-15 12:05:25 - deeponet - INFO - Epoch 0820 | data loss=4.797e-04 | bc loss=1.362e-04 | PDE loss=0.000e+00 | valid MSE=3.284e+00 | valid rel L2=9.568e-03 | pressure=4.264e-03, u=3.677e-03, v=4.886e-02 | Time: 18:43:44.704706
2026-08-15 12:18:39 - deeponet - INFO - Epoch 0830 | data loss=4.748e-04 | bc loss=1.355e-04 | PDE loss=0.000e+00 | valid MSE=3.369e+00 | valid rel L2=1.339e-02 | pressure=4.314e-03, u=3.680e-03, v=4.896e-02 | Time: 18:56:59.402943
2026-08-15 12:32:16 - deeponet - INFO - Epoch 0840 | data loss=4.727e-04 | bc loss=1.351e-04 | PDE loss=0.000e+00 | valid MSE=3.350e+00 | valid rel L2=9.926e-03 | pressure=4.282e-03, u=3.657e-03, v=4.934e-02 | Time: 19:10:35.957542
2026-08-15 12:45:32 - deeponet - INFO - Epoch 0850 | data loss=4.665e-04 | bc loss=1.315e-04 | PDE loss=0.000e+00 | valid MSE=3.054e+00 | valid rel L2=8.878e-03 | pressure=4.158e-03, u=3.729e-03, v=4.833e-02 | Time: 19:23:51.590647
2026-08-15 12:58:43 - deeponet - INFO - Epoch 0860 | data loss=4.630e-04 | bc loss=1.299e-04 | PDE loss=0.000e+00 | valid MSE=3.119e+00 | valid rel L2=1.105e-02 | pressure=4.195e-03, u=3.623e-03, v=4.822e-02 | Time: 19:37:03.022766
2026-08-15 13:12:19 - deeponet - INFO - Epoch 0870 | data loss=4.599e-04 | bc loss=1.289e-04 | PDE loss=0.000e+00 | valid MSE=3.148e+00 | valid rel L2=1.110e-02 | pressure=4.146e-03, u=3.657e-03, v=4.782e-02 | Time: 19:50:38.887474
2026-08-15 13:25:42 - deeponet - INFO - Epoch 0880 | data loss=4.564e-04 | bc loss=1.266e-04 | PDE loss=0.000e+00 | valid MSE=3.077e+00 | valid rel L2=9.230e-03 | pressure=4.139e-03, u=3.585e-03, v=4.758e-02 | Time: 20:04:01.576592
2026-08-15 13:39:05 - deeponet - INFO - Epoch 0890 | data loss=4.535e-04 | bc loss=1.255e-04 | PDE loss=0.000e+00 | valid MSE=3.096e+00 | valid rel L2=1.057e-02 | pressure=4.174e-03, u=3.574e-03, v=4.779e-02 | Time: 20:17:24.988855
2026-08-15 13:52:14 - deeponet - INFO - Epoch 0900 | data loss=4.512e-04 | bc loss=1.246e-04 | PDE loss=0.000e+00 | valid MSE=3.010e+00 | valid rel L2=9.045e-03 | pressure=4.095e-03, u=3.538e-03, v=4.753e-02 | Time: 20:30:33.602226
2026-08-15 14:05:45 - deeponet - INFO - Epoch 0910 | data loss=4.485e-04 | bc loss=1.231e-04 | PDE loss=0.000e+00 | valid MSE=3.004e+00 | valid rel L2=8.944e-03 | pressure=4.074e-03, u=3.547e-03, v=4.756e-02 | Time: 20:44:05.352368
2026-08-15 14:19:05 - deeponet - INFO - Epoch 0920 | data loss=4.468e-04 | bc loss=1.224e-04 | PDE loss=0.000e+00 | valid MSE=3.035e+00 | valid rel L2=1.020e-02 | pressure=4.105e-03, u=3.533e-03, v=4.733e-02 | Time: 20:57:25.515267
2026-08-15 14:32:20 - deeponet - INFO - Epoch 0930 | data loss=4.449e-04 | bc loss=1.215e-04 | PDE loss=0.000e+00 | valid MSE=2.962e+00 | valid rel L2=9.332e-03 | pressure=4.037e-03, u=3.550e-03, v=4.716e-02 | Time: 21:10:39.856470
2026-08-15 14:45:28 - deeponet - INFO - Epoch 0940 | data loss=4.435e-04 | bc loss=1.208e-04 | PDE loss=0.000e+00 | valid MSE=2.969e+00 | valid rel L2=8.898e-03 | pressure=4.050e-03, u=3.530e-03, v=4.706e-02 | Time: 21:23:47.737252
2026-08-15 14:58:55 - deeponet - INFO - Epoch 0950 | data loss=4.422e-04 | bc loss=1.203e-04 | PDE loss=0.000e+00 | valid MSE=2.936e+00 | valid rel L2=9.383e-03 | pressure=4.026e-03, u=3.523e-03, v=4.711e-02 | Time: 21:37:14.774314
2026-08-15 15:23:35 - deeponet - INFO - Epoch 0960 | data loss=4.415e-04 | bc loss=1.198e-04 | PDE loss=0.000e+00 | valid MSE=2.930e+00 | valid rel L2=8.855e-03 | pressure=4.021e-03, u=3.516e-03, v=4.702e-02 | Time: 22:01:55.262849
2026-08-15 15:49:06 - deeponet - INFO - Epoch 0970 | data loss=4.405e-04 | bc loss=1.194e-04 | PDE loss=0.000e+00 | valid MSE=2.937e+00 | valid rel L2=8.712e-03 | pressure=4.022e-03, u=3.516e-03, v=4.701e-02 | Time: 22:27:25.758795
2026-08-15 16:14:15 - deeponet - INFO - Epoch 0980 | data loss=4.399e-04 | bc loss=1.190e-04 | PDE loss=0.000e+00 | valid MSE=2.923e+00 | valid rel L2=8.813e-03 | pressure=4.015e-03, u=3.519e-03, v=4.698e-02 | Time: 22:52:34.897660
2026-08-15 16:39:28 - deeponet - INFO - Epoch 0990 | data loss=4.396e-04 | bc loss=1.189e-04 | PDE loss=0.000e+00 | valid MSE=2.921e+00 | valid rel L2=8.817e-03 | pressure=4.014e-03, u=3.517e-03, v=4.699e-02 | Time: 23:17:47.900697
2026-08-15 17:03:48 - deeponet - INFO - Epoch 1000 | data loss=4.394e-04 | bc loss=1.188e-04 | PDE loss=0.000e+00 | valid MSE=2.921e+00 | valid rel L2=8.796e-03 | pressure=4.013e-03, u=3.520e-03, v=4.699e-02 | Time: 23:42:07.881574
2026-08-15 17:03:48 - deeponet - INFO - Best validation MSE: 2.911226499080658
2026-08-15 17:03:48 - deeponet - INFO - Saved: /home/hantianl/Documents/PIDIF/DeepONet/results/081426_1/checkpoint.pt
2026-08-15 17:03:49 - deeponet - INFO - Loaded: /home/hantianl/Documents/PIDIF/DeepONet/results/081426_1/checkpoint.pt
2026-08-15 17:03:50 - deeponet - INFO - Total plotted points: 226660
2026-08-15 17:03:50 - deeponet - INFO - x range: 0.00024181766 0.99974656
2026-08-15 17:03:50 - deeponet - INFO - y range: -0.0026641202 0.10267424
2026-08-15 17:04:59 - deeponet - INFO - Total plotted points: 230652
2026-08-15 17:04:59 - deeponet - INFO - x range: 0.00025932892 0.99975175
2026-08-15 17:04:59 - deeponet - INFO - y range: -0.0038433005 0.10384845
2026-08-15 17:06:09 - deeponet - INFO - Total plotted points: 232594
2026-08-15 17:06:09 - deeponet - INFO - x range: 0.00025051457 0.99974924
2026-08-15 17:06:09 - deeponet - INFO - y range: -0.0037927572 0.10379336
2026-08-15 17:07:23 - deeponet - INFO - Total plotted points: 229716
2026-08-15 17:07:23 - deeponet - INFO - x range: 0.00025992666 0.999732
2026-08-15 17:07:23 - deeponet - INFO - y range: -0.0027418374 0.10274269
2026-08-15 17:08:30 - deeponet - INFO - Total plotted points: 231878
2026-08-15 17:08:30 - deeponet - INFO - x range: 0.00024993604 0.99974436
2026-08-15 17:08:30 - deeponet - INFO - y range: -0.0026193045 0.102620535
2026-08-15 17:09:42 - deeponet - INFO - Total plotted points: 227294
2026-08-15 17:09:42 - deeponet - INFO - x range: 0.00024521537 0.99973845
2026-08-15 17:09:42 - deeponet - INFO - y range: -0.0034651258 0.10344555
2026-08-15 17:10:49 - deeponet - INFO - Total plotted points: 234938
2026-08-15 17:10:49 - deeponet - INFO - x range: 0.00025784556 0.9997471
2026-08-15 17:10:49 - deeponet - INFO - y range: -0.004158475 0.104161456
2026-08-15 17:12:03 - deeponet - INFO - Total plotted points: 232288
2026-08-15 17:12:03 - deeponet - INFO - x range: 0.00026851572 0.99974984
2026-08-15 17:12:03 - deeponet - INFO - y range: -0.004378405 0.10437708
2026-08-15 17:13:12 - deeponet - INFO - Total plotted points: 225758
2026-08-15 17:13:12 - deeponet - INFO - x range: 0.00025551775 0.9997444
2026-08-15 17:13:12 - deeponet - INFO - y range: -0.0032404705 0.10323638
2026-08-15 17:14:18 - deeponet - INFO - Total plotted points: 225708
2026-08-15 17:14:18 - deeponet - INFO - x range: 0.00026057262 0.99975735
2026-08-15 17:14:18 - deeponet - INFO - y range: -0.0032027569 0.103179514
2026-08-15 17:15:26 - deeponet - INFO - Total plotted points: 231324
2026-08-15 17:15:26 - deeponet - INFO - x range: 0.00024774484 0.99975103
2026-08-15 17:15:26 - deeponet - INFO - y range: -0.003952105 0.10395421
2026-08-15 17:16:36 - deeponet - INFO - Total plotted points: 235860
2026-08-15 17:16:36 - deeponet - INFO - x range: 0.00025151786 0.99974453
2026-08-15 17:16:36 - deeponet - INFO - y range: -0.0037907546 0.103795886
2026-08-15 17:17:46 - deeponet - INFO - Total plotted points: 222386
2026-08-15 17:17:46 - deeponet - INFO - x range: 0.0002644872 0.99974257
2026-08-15 17:17:46 - deeponet - INFO - y range: -0.0016395111 0.10166832
2026-08-15 17:18:52 - deeponet - INFO - Total plotted points: 231436
2026-08-15 17:18:52 - deeponet - INFO - x range: 0.000261162 0.99975514
2026-08-15 17:18:52 - deeponet - INFO - y range: -0.0046290876 0.104625754
2026-08-15 17:20:02 - deeponet - INFO - Total plotted points: 232076
2026-08-15 17:20:02 - deeponet - INFO - x range: 0.00024381993 0.99974304
2026-08-15 17:20:02 - deeponet - INFO - y range: -0.0042980625 0.104271255
2026-08-15 17:21:12 - deeponet - INFO - Total plotted points: 235294
2026-08-15 17:21:12 - deeponet - INFO - x range: 0.00024994588 0.99974036
2026-08-15 17:21:12 - deeponet - INFO - y range: -0.004301104 0.10430057
2026-08-15 17:22:24 - deeponet - INFO - Total plotted points: 231180
2026-08-15 17:22:24 - deeponet - INFO - x range: 0.0002615794 0.9997762
2026-08-15 17:22:24 - deeponet - INFO - y range: -0.0030006808 0.102992535
2026-08-15 17:23:31 - deeponet - INFO - Total plotted points: 231952
2026-08-15 17:23:31 - deeponet - INFO - x range: 0.0002716775 0.99973977
2026-08-15 17:23:31 - deeponet - INFO - y range: -0.002865623 0.10286242
2026-08-15 17:24:41 - deeponet - INFO - Total plotted points: 229936
2026-08-15 17:24:41 - deeponet - INFO - x range: 0.00025887342 0.99975044
2026-08-15 17:24:41 - deeponet - INFO - y range: -0.0030295 0.10302432
2026-08-15 17:25:50 - deeponet - INFO - Total plotted points: 241434
2026-08-15 17:25:50 - deeponet - INFO - x range: 0.00026018036 0.9997481
2026-08-15 17:25:50 - deeponet - INFO - y range: -0.004570177 0.104570225
2026-08-17 14:11:31 - deeponet - INFO - e976ee50-99ed-4aba-9b6b-9dcd5634d07d:IPyWidgets:8.1.5
2026-08-17 14:11:31 - deeponet - INFO - ['/jupyter-js-widgets/extension.js']
2026-08-17 17:00:16 - deeponet - INFO - e976ee50-99ed-4aba-9b6b-9dcd5634d07d:IPyWidgets:8.1.5
2026-08-17 17:00:16 - deeponet - INFO - ['/jupyter-js-widgets/extension.js']
2026-08-17 17:31:19 - deeponet - INFO - Device: cuda:3
2026-08-17 17:36:10 - deeponet - INFO - Test samples: 200
2026-08-17 17:36:10 - deeponet - INFO - Test cases: [7, 16, 20, 21, 27, 69, 76, 82, 84, 99, 117, 119, 120, 144, 153, 160, 161, 177, 185, 193]
2026-08-17 17:36:10 - deeponet - INFO - Total plotted points: 230488
2026-08-17 17:36:10 - deeponet - INFO - x range: 0.00025404856 0.9997443
2026-08-17 17:36:10 - deeponet - INFO - y range: -0.0028908865 0.102888025
2026-08-17 17:36:10 - deeponet - INFO - Test case channel_07 rel l2: [0.00149255 0.0016237  0.01824424]
2026-08-17 17:36:10 - deeponet - INFO - Test case channel_07 overall avg rel L2: 7.120e-03
2026-08-17 17:36:10 - deeponet - INFO - Test case channel_07 max field err: [1.6188721e+02 1.7130625e-01 1.9330129e-02]
2026-08-17 17:37:15 - deeponet - INFO - Total plotted points: 237170
2026-08-17 17:37:15 - deeponet - INFO - x range: 0.0002426327 0.9997479
2026-08-17 17:37:15 - deeponet - INFO - y range: -0.0035813448 0.103582375
2026-08-17 17:37:15 - deeponet - INFO - Test case channel_16 rel l2: [0.0021144  0.00193528 0.01598943]
2026-08-17 17:37:15 - deeponet - INFO - Test case channel_16 overall avg rel L2: 6.680e-03
2026-08-17 17:37:15 - deeponet - INFO - Test case channel_16 max field err: [2.348977e+02 1.707272e-01 3.285280e-02]
2026-08-17 17:38:24 - deeponet - INFO - Total plotted points: 230220
2026-08-17 17:38:24 - deeponet - INFO - x range: 0.00025114094 0.9997412
2026-08-17 17:38:24 - deeponet - INFO - y range: -0.0032482685 0.10326389
2026-08-17 17:38:24 - deeponet - INFO - Test case channel_20 rel l2: [0.00212318 0.00177321 0.01950059]
2026-08-17 17:38:24 - deeponet - INFO - Test case channel_20 overall avg rel L2: 7.799e-03
2026-08-17 17:38:24 - deeponet - INFO - Test case channel_20 max field err: [2.1070581e+02 1.7913437e-01 2.3812830e-02]
2026-08-17 17:39:25 - deeponet - INFO - Total plotted points: 230458
2026-08-17 17:39:25 - deeponet - INFO - x range: 0.00027371847 0.9997381
2026-08-17 17:39:25 - deeponet - INFO - y range: -0.0037578398 0.103760235
2026-08-17 17:39:25 - deeponet - INFO - Test case channel_21 rel l2: [0.00261819 0.00255399 0.0440001 ]
2026-08-17 17:39:25 - deeponet - INFO - Test case channel_21 overall avg rel L2: 1.639e-02
2026-08-17 17:39:25 - deeponet - INFO - Test case channel_21 max field err: [2.6481201e+02 1.3951707e-01 2.3439271e-02]
2026-08-17 17:40:26 - deeponet - INFO - Total plotted points: 232054
2026-08-17 17:40:26 - deeponet - INFO - x range: 0.0002450011 0.9997646
2026-08-17 17:40:26 - deeponet - INFO - y range: -0.0043350076 0.104339264
2026-08-17 17:40:26 - deeponet - INFO - Test case channel_27 rel l2: [0.00345087 0.00242422 0.02940028]
2026-08-17 17:40:26 - deeponet - INFO - Test case channel_27 overall avg rel L2: 1.176e-02
2026-08-17 17:40:26 - deeponet - INFO - Test case channel_27 max field err: [3.7511572e+02 1.0935351e-01 8.6063415e-02]
2026-08-17 17:41:25 - deeponet - INFO - Total plotted points: 229924
2026-08-17 17:41:25 - deeponet - INFO - x range: 0.00025835232 0.99974424
2026-08-17 17:41:25 - deeponet - INFO - y range: -0.0030023463 0.10301031
2026-08-17 17:41:25 - deeponet - INFO - Test case channel_69 rel l2: [0.00176312 0.00201315 0.0258112 ]
2026-08-17 17:41:25 - deeponet - INFO - Test case channel_69 overall avg rel L2: 9.862e-03
2026-08-17 17:41:25 - deeponet - INFO - Test case channel_69 max field err: [2.4502515e+02 1.9858718e-01 1.7867219e-02]
2026-08-17 17:42:25 - deeponet - INFO - Total plotted points: 235384
2026-08-17 17:42:25 - deeponet - INFO - x range: 0.00025291753 0.9997389
2026-08-17 17:42:25 - deeponet - INFO - y range: -0.0044885958 0.10449617
2026-08-17 17:42:25 - deeponet - INFO - Test case channel_76 rel l2: [0.00291792 0.00282852 0.03689836]
2026-08-17 17:42:25 - deeponet - INFO - Test case channel_76 overall avg rel L2: 1.421e-02
2026-08-17 17:42:25 - deeponet - INFO - Test case channel_76 max field err: [1.4514209e+02 1.6088361e-01 8.9398712e-02]
2026-08-17 17:43:25 - deeponet - INFO - Total plotted points: 239954
2026-08-17 17:43:25 - deeponet - INFO - x range: 0.00025653184 0.9997337
2026-08-17 17:43:25 - deeponet - INFO - y range: -0.0039078803 0.10391265
2026-08-17 17:43:25 - deeponet - INFO - Test case channel_82 rel l2: [0.00197943 0.00199192 0.02277808]
2026-08-17 17:43:25 - deeponet - INFO - Test case channel_82 overall avg rel L2: 8.916e-03
2026-08-17 17:43:25 - deeponet - INFO - Test case channel_82 max field err: [2.5557544e+02 1.9992238e-01 1.6039878e-02]
2026-08-17 17:44:26 - deeponet - INFO - Total plotted points: 224080
2026-08-17 17:44:26 - deeponet - INFO - x range: 0.00024776344 0.9997415
2026-08-17 17:44:26 - deeponet - INFO - y range: -0.00350166 0.10350068
2026-08-17 17:44:27 - deeponet - INFO - Test case channel_84 rel l2: [0.00288326 0.00210108 0.02454671]
2026-08-17 17:44:27 - deeponet - INFO - Test case channel_84 overall avg rel L2: 9.844e-03
2026-08-17 17:44:27 - deeponet - INFO - Test case channel_84 max field err: [1.7071338e+02 1.7860317e-01 2.4103209e-02]
2026-08-17 17:45:25 - deeponet - INFO - Total plotted points: 231464
2026-08-17 17:45:25 - deeponet - INFO - x range: 0.0002450551 0.99972767
2026-08-17 17:45:25 - deeponet - INFO - y range: -0.004056837 0.10405765
2026-08-17 17:45:25 - deeponet - INFO - Test case channel_99 rel l2: [0.00211765 0.0018971  0.01644238]
2026-08-17 17:45:25 - deeponet - INFO - Test case channel_99 overall avg rel L2: 6.819e-03
2026-08-17 17:45:25 - deeponet - INFO - Test case channel_99 max field err: [2.6219971e+02 1.6041207e-01 3.4816623e-02]
2026-08-17 17:46:23 - deeponet - INFO - Total plotted points: 234538
2026-08-17 17:46:23 - deeponet - INFO - x range: 0.00026474003 0.9997402
2026-08-17 17:46:23 - deeponet - INFO - y range: -0.004268221 0.10428133
2026-08-17 17:46:23 - deeponet - INFO - Test case channel_117 rel l2: [0.00263541 0.00243957 0.02370053]
2026-08-17 17:46:23 - deeponet - INFO - Test case channel_117 overall avg rel L2: 9.592e-03
2026-08-17 17:46:23 - deeponet - INFO - Test case channel_117 max field err: [2.0233423e+02 1.6375655e-01 3.0487746e-02]
2026-08-17 17:47:24 - deeponet - INFO - Total plotted points: 234900
2026-08-17 17:47:24 - deeponet - INFO - x range: 0.00024474037 0.9997398
2026-08-17 17:47:24 - deeponet - INFO - y range: -0.0040638363 0.10406349
2026-08-17 17:47:24 - deeponet - INFO - Test case channel_119 rel l2: [0.00204042 0.00179024 0.01189884]
2026-08-17 17:47:24 - deeponet - INFO - Test case channel_119 overall avg rel L2: 5.243e-03
2026-08-17 17:47:24 - deeponet - INFO - Test case channel_119 max field err: [1.7505200e+02 1.7516470e-01 2.4549305e-02]
2026-08-17 17:48:23 - deeponet - INFO - Total plotted points: 229628
2026-08-17 17:48:23 - deeponet - INFO - x range: 0.00026623727 0.99975663
2026-08-17 17:48:23 - deeponet - INFO - y range: -0.003882666 0.10389298
2026-08-17 17:48:23 - deeponet - INFO - Test case channel_120 rel l2: [0.00211568 0.00192952 0.02370815]
2026-08-17 17:48:23 - deeponet - INFO - Test case channel_120 overall avg rel L2: 9.251e-03
2026-08-17 17:48:23 - deeponet - INFO - Test case channel_120 max field err: [1.8887500e+02 1.7493063e-01 2.7370105e-02]
2026-08-17 17:49:24 - deeponet - INFO - Total plotted points: 232122
2026-08-17 17:49:24 - deeponet - INFO - x range: 0.0002515322 0.999753
2026-08-17 17:49:24 - deeponet - INFO - y range: -0.0037519564 0.103750944
2026-08-17 17:49:24 - deeponet - INFO - Test case channel_144 rel l2: [0.00240395 0.00275796 0.02802695]
2026-08-17 17:49:24 - deeponet - INFO - Test case channel_144 overall avg rel L2: 1.106e-02
2026-08-17 17:49:24 - deeponet - INFO - Test case channel_144 max field err: [1.8658569e+02 1.7801946e-01 2.5669932e-02]
2026-08-17 17:50:25 - deeponet - INFO - Total plotted points: 232396
2026-08-17 17:50:25 - deeponet - INFO - x range: 0.0002548376 0.999763
2026-08-17 17:50:25 - deeponet - INFO - y range: -0.0033066364 0.10330754
2026-08-17 17:50:25 - deeponet - INFO - Test case channel_153 rel l2: [0.00160688 0.00165333 0.01639237]
2026-08-17 17:50:25 - deeponet - INFO - Test case channel_153 overall avg rel L2: 6.551e-03
2026-08-17 17:50:25 - deeponet - INFO - Test case channel_153 max field err: [1.6370654e+02 1.7526114e-01 2.2733659e-02]
2026-08-17 17:51:26 - deeponet - INFO - Total plotted points: 230112
2026-08-17 17:51:26 - deeponet - INFO - x range: 0.00025616083 0.99974895
2026-08-17 17:51:26 - deeponet - INFO - y range: -0.00458401 0.10458704
2026-08-17 17:51:26 - deeponet - INFO - Test case channel_160 rel l2: [0.00289026 0.00227435 0.02928387]
2026-08-17 17:51:26 - deeponet - INFO - Test case channel_160 overall avg rel L2: 1.148e-02
2026-08-17 17:51:26 - deeponet - INFO - Test case channel_160 max field err: [2.9398291e+02 1.7467099e-01 4.4314325e-02]
2026-08-17 17:52:24 - deeponet - INFO - Total plotted points: 232594
2026-08-17 17:52:24 - deeponet - INFO - x range: 0.0002502829 0.99973065
2026-08-17 17:52:24 - deeponet - INFO - y range: -0.0029941532 0.10299524
2026-08-17 17:52:24 - deeponet - INFO - Test case channel_161 rel l2: [0.00167898 0.00157573 0.01793043]
2026-08-17 17:52:24 - deeponet - INFO - Test case channel_161 overall avg rel L2: 7.062e-03
2026-08-17 17:52:24 - deeponet - INFO - Test case channel_161 max field err: [2.3919922e+02 1.7672962e-01 2.8096229e-02]
2026-08-17 17:53:23 - deeponet - INFO - Total plotted points: 228308
2026-08-17 17:53:23 - deeponet - INFO - x range: 0.00024774947 0.9997227
2026-08-17 17:53:23 - deeponet - INFO - y range: -0.0042468244 0.10422696
2026-08-17 17:53:23 - deeponet - INFO - Test case channel_177 rel l2: [0.001794   0.00208782 0.02152519]
2026-08-17 17:53:23 - deeponet - INFO - Test case channel_177 overall avg rel L2: 8.469e-03
2026-08-17 17:53:23 - deeponet - INFO - Test case channel_177 max field err: [1.7666284e+02 1.6859323e-01 2.4520159e-02]
2026-08-17 17:54:22 - deeponet - INFO - Total plotted points: 237842
2026-08-17 17:54:22 - deeponet - INFO - x range: 0.00024752368 0.999747
2026-08-17 17:54:22 - deeponet - INFO - y range: -0.0040914468 0.10409211
2026-08-17 17:54:22 - deeponet - INFO - Test case channel_185 rel l2: [0.00221356 0.00227244 0.02185449]
2026-08-17 17:54:22 - deeponet - INFO - Test case channel_185 overall avg rel L2: 8.780e-03
2026-08-17 17:54:22 - deeponet - INFO - Test case channel_185 max field err: [1.7775439e+02 1.7685705e-01 2.8345823e-02]
2026-08-17 17:55:23 - deeponet - INFO - Total plotted points: 235380
2026-08-17 17:55:23 - deeponet - INFO - x range: 0.0002430009 0.9997446
2026-08-17 17:55:23 - deeponet - INFO - y range: -0.0043047713 0.10430621
2026-08-17 17:55:23 - deeponet - INFO - Test case channel_193 rel l2: [0.00183013 0.00168602 0.01729979]
2026-08-17 17:55:23 - deeponet - INFO - Test case channel_193 overall avg rel L2: 6.939e-03
2026-08-17 17:55:23 - deeponet - INFO - Test case channel_193 max field err: [2.2535352e+02 1.8686008e-01 3.0546516e-02]
2026-08-17 17:56:23 - deeponet - INFO - [0.00223349 0.00208046 0.0232616 ]
2026-08-17 17:56:23 - deeponet - INFO - [0.00345087 0.00282852 0.0440001 ]
2026-08-17 17:56:24 - deeponet - INFO - Available cases (50):
2026-08-17 17:56:24 - deeponet - INFO - [0, 1, 2, 3, 4, 5, 6, 7, 8, 9, 10, 11, 12, 13, 14, 15, 16, 17, 18, 19, 20, 21, 22, 23, 24, 25, 26, 27, 28, 29, 30, 31, 32, 33, 34, 35, 36, 37, 38, 39, 40, 41, 42, 43, 44, 45, 46, 47, 48, 49]
2026-08-17 18:07:32 - deeponet - INFO - Test samples: 600
2026-08-17 18:07:32 - deeponet - INFO - Test cases: [0, 1, 2, 3, 4, 5, 6, 7, 8, 9, 10, 11, 12, 13, 14, 15, 16, 17, 18, 19, 20, 21, 22, 23, 24, 25, 26, 27, 28, 29, 30, 31, 32, 33, 34, 35, 36, 37, 38, 39, 40, 41, 42, 43, 44, 45, 46, 47, 48, 49]
2026-08-17 18:07:32 - deeponet - INFO - Total plotted points: 121542
2026-08-17 18:07:32 - deeponet - INFO - x range: 0.000253387 0.49975085
2026-08-17 18:07:32 - deeponet - INFO - y range: -0.004461245 0.10446125
2026-08-17 18:07:32 - deeponet - INFO - Test case channel_000 rel l2: [0.11466216 0.00507854 0.06808021]
2026-08-17 18:07:32 - deeponet - INFO - Test case channel_000 overall avg rel L2: 6.261e-02
2026-08-17 18:07:32 - deeponet - INFO - Test case channel_000 max field err: [2.0167285e+02 1.8122798e-01 2.2675708e-02]
2026-08-17 18:08:18 - deeponet - INFO - Total plotted points: 112624
2026-08-17 18:08:18 - deeponet - INFO - x range: 0.000256185 0.49976388
2026-08-17 18:08:18 - deeponet - INFO - y range: -0.00024934742 0.10024885
2026-08-17 18:08:18 - deeponet - INFO - Test case channel_001 rel l2: [0.05214438 0.00316131 0.02792029]
2026-08-17 18:08:18 - deeponet - INFO - Test case channel_001 overall avg rel L2: 2.774e-02
2026-08-17 18:08:18 - deeponet - INFO - Test case channel_001 max field err: [1.8939233e+02 1.7704463e-01 2.1503150e-02]
2026-08-17 18:08:59 - deeponet - INFO - Total plotted points: 117134
2026-08-17 18:08:59 - deeponet - INFO - x range: 0.00025992218 0.4997359
2026-08-17 18:08:59 - deeponet - INFO - y range: -0.0036395767 0.103632234
2026-08-17 18:08:59 - deeponet - INFO - Test case channel_002 rel l2: [0.10288521 0.00386228 0.0423329 ]
2026-08-17 18:08:59 - deeponet - INFO - Test case channel_002 overall avg rel L2: 4.969e-02
2026-08-17 18:08:59 - deeponet - INFO - Test case channel_002 max field err: [2.1071960e+02 1.7991602e-01 2.5220096e-02]
2026-08-17 18:09:44 - deeponet - INFO - Total plotted points: 112578
2026-08-17 18:09:44 - deeponet - INFO - x range: 0.0002794724 0.49973118
2026-08-17 18:09:44 - deeponet - INFO - y range: 0.00028162193 0.09971426
2026-08-17 18:09:44 - deeponet - INFO - Test case channel_003 rel l2: [0.06947228 0.00316134 0.031907  ]
2026-08-17 18:09:44 - deeponet - INFO - Test case channel_003 overall avg rel L2: 3.485e-02
2026-08-17 18:09:44 - deeponet - INFO - Test case channel_003 max field err: [2.2228198e+02 1.5341878e-01 2.5088131e-02]
2026-08-17 18:10:31 - deeponet - INFO - Total plotted points: 118686
2026-08-17 18:10:31 - deeponet - INFO - x range: 0.00024805617 0.4997573
2026-08-17 18:10:31 - deeponet - INFO - y range: -0.003030781 0.10303249
2026-08-17 18:10:31 - deeponet - INFO - Test case channel_004 rel l2: [0.12922171 0.00403024 0.04733422]
2026-08-17 18:10:31 - deeponet - INFO - Test case channel_004 overall avg rel L2: 6.020e-02
2026-08-17 18:10:31 - deeponet - INFO - Test case channel_004 max field err: [2.1715234e+02 1.9852644e-01 2.5346354e-02]
2026-08-17 18:11:08 - deeponet - INFO - Total plotted points: 112034
2026-08-17 18:11:09 - deeponet - INFO - x range: 0.00025516894 0.49972665
2026-08-17 18:11:09 - deeponet - INFO - y range: -0.0025692058 0.1025728
2026-08-17 18:11:09 - deeponet - INFO - Test case channel_005 rel l2: [0.06829457 0.00338296 0.02944788]
2026-08-17 18:11:09 - deeponet - INFO - Test case channel_005 overall avg rel L2: 3.371e-02
2026-08-17 18:11:09 - deeponet - INFO - Test case channel_005 max field err: [2.0476855e+02 1.7368299e-01 2.5187910e-02]
2026-08-17 18:11:51 - deeponet - INFO - Total plotted points: 113022
2026-08-17 18:11:51 - deeponet - INFO - x range: 0.00026630537 0.49975508
2026-08-17 18:11:51 - deeponet - INFO - y range: -0.0013682148 0.101372175
2026-08-17 18:11:51 - deeponet - INFO - Test case channel_006 rel l2: [0.07768396 0.00327959 0.03205037]
2026-08-17 18:11:51 - deeponet - INFO - Test case channel_006 overall avg rel L2: 3.767e-02
2026-08-17 18:11:51 - deeponet - INFO - Test case channel_006 max field err: [1.8665308e+02 1.5944821e-01 1.9985974e-02]
2026-08-17 18:12:37 - deeponet - INFO - Total plotted points: 110932
2026-08-17 18:12:37 - deeponet - INFO - x range: 0.0002658703 0.49973857
2026-08-17 18:12:37 - deeponet - INFO - y range: 0.00027391347 0.09971364
2026-08-17 18:12:37 - deeponet - INFO - Test case channel_007 rel l2: [0.05368516 0.00305806 0.02627347]
2026-08-17 18:12:37 - deeponet - INFO - Test case channel_007 overall avg rel L2: 2.767e-02
2026-08-17 18:12:37 - deeponet - INFO - Test case channel_007 max field err: [2.1938672e+02 1.6539580e-01 3.0330598e-02]
2026-08-17 18:13:24 - deeponet - INFO - Total plotted points: 118358
2026-08-17 18:13:24 - deeponet - INFO - x range: 0.0002709674 0.49974006
2026-08-17 18:13:24 - deeponet - INFO - y range: -0.00255133 0.10254594
2026-08-17 18:13:24 - deeponet - INFO - Test case channel_008 rel l2: [0.12382163 0.00387668 0.04721129]
2026-08-17 18:13:24 - deeponet - INFO - Test case channel_008 overall avg rel L2: 5.830e-02
2026-08-17 18:13:24 - deeponet - INFO - Test case channel_008 max field err: [2.5648865e+02 1.6831005e-01 2.9213816e-02]
2026-08-17 18:14:11 - deeponet - INFO - Total plotted points: 115582
2026-08-17 18:14:11 - deeponet - INFO - x range: 0.0002485589 0.49974287
2026-08-17 18:14:11 - deeponet - INFO - y range: -0.001928638 0.10192746
2026-08-17 18:14:11 - deeponet - INFO - Test case channel_009 rel l2: [0.08722395 0.0032319  0.03661972]
2026-08-17 18:14:11 - deeponet - INFO - Test case channel_009 overall avg rel L2: 4.236e-02
2026-08-17 18:14:11 - deeponet - INFO - Test case channel_009 max field err: [1.7286206e+02 1.7124659e-01 3.2078013e-02]
2026-08-17 18:14:58 - deeponet - INFO - Total plotted points: 454598
2026-08-17 18:14:58 - deeponet - INFO - x range: 0.0002600262 1.9997942
2026-08-17 18:14:58 - deeponet - INFO - y range: -0.003261111 0.1032591
2026-08-17 18:14:58 - deeponet - INFO - Test case channel_010 rel l2: [0.09508769 0.04505275 0.43839154]
2026-08-17 18:14:58 - deeponet - INFO - Test case channel_010 overall avg rel L2: 1.928e-01
2026-08-17 18:14:58 - deeponet - INFO - Test case channel_010 max field err: [7.0514331e+02 3.1710896e-01 1.1470786e-01]
2026-08-17 18:17:10 - deeponet - INFO - Total plotted points: 461464
2026-08-17 18:17:10 - deeponet - INFO - x range: 0.00025463788 1.9997588
2026-08-17 18:17:10 - deeponet - INFO - y range: -0.0038535034 0.10383343
2026-08-17 18:17:10 - deeponet - INFO - Test case channel_011 rel l2: [0.07931301 0.03692706 0.27654994]
2026-08-17 18:17:10 - deeponet - INFO - Test case channel_011 overall avg rel L2: 1.309e-01
2026-08-17 18:17:10 - deeponet - INFO - Test case channel_011 max field err: [5.73237061e+02 2.86445320e-01 1.15042865e-01]
2026-08-17 18:19:28 - deeponet - INFO - Total plotted points: 452032
2026-08-17 18:19:28 - deeponet - INFO - x range: 0.00025644343 1.9997628
2026-08-17 18:19:28 - deeponet - INFO - y range: -0.004429627 0.10442058
2026-08-17 18:19:28 - deeponet - INFO - Test case channel_012 rel l2: [0.11878084 0.05405732 0.5779134 ]
2026-08-17 18:19:28 - deeponet - INFO - Test case channel_012 overall avg rel L2: 2.503e-01
2026-08-17 18:19:28 - deeponet - INFO - Test case channel_012 max field err: [9.8041895e+02 3.7036863e-01 1.2423221e-01]
2026-08-17 18:21:38 - deeponet - INFO - Total plotted points: 464772
2026-08-17 18:21:38 - deeponet - INFO - x range: 0.00025487502 1.9997271
2026-08-17 18:21:38 - deeponet - INFO - y range: -0.0043600635 0.10436537
2026-08-17 18:21:38 - deeponet - INFO - Test case channel_013 rel l2: [0.07016324 0.03591029 0.2542976 ]
2026-08-17 18:21:38 - deeponet - INFO - Test case channel_013 overall avg rel L2: 1.201e-01
2026-08-17 18:21:38 - deeponet - INFO - Test case channel_013 max field err: [4.7374219e+02 3.2149643e-01 8.6656153e-02]
2026-08-17 18:23:49 - deeponet - INFO - Total plotted points: 443896
2026-08-17 18:23:49 - deeponet - INFO - x range: 0.0002789741 1.9997596
2026-08-17 18:23:49 - deeponet - INFO - y range: -0.0034652986 0.10346412
2026-08-17 18:23:49 - deeponet - INFO - Test case channel_014 rel l2: [0.15891372 0.06463246 0.6150358 ]
2026-08-17 18:23:49 - deeponet - INFO - Test case channel_014 overall avg rel L2: 2.795e-01
2026-08-17 18:23:49 - deeponet - INFO - Test case channel_014 max field err: [7.7882251e+02 5.4392231e-01 1.8505505e-01]
2026-08-17 18:26:16 - deeponet - INFO - Total plotted points: 461906
2026-08-17 18:26:16 - deeponet - INFO - x range: 0.0002399293 1.999756
2026-08-17 18:26:16 - deeponet - INFO - y range: -0.004200125 0.10420103
2026-08-17 18:26:16 - deeponet - INFO - Test case channel_015 rel l2: [0.08785887 0.03226455 0.34050527]
2026-08-17 18:26:16 - deeponet - INFO - Test case channel_015 overall avg rel L2: 1.535e-01
2026-08-17 18:26:16 - deeponet - INFO - Test case channel_015 max field err: [6.0020825e+02 2.2360969e-01 6.2448278e-02]
2026-08-17 18:28:26 - deeponet - INFO - Total plotted points: 463768
2026-08-17 18:28:26 - deeponet - INFO - x range: 0.00025810365 1.9997555
2026-08-17 18:28:26 - deeponet - INFO - y range: -0.0041588205 0.10415856
2026-08-17 18:28:26 - deeponet - INFO - Test case channel_016 rel l2: [0.0921944  0.0374886  0.42741263]
2026-08-17 18:28:26 - deeponet - INFO - Test case channel_016 overall avg rel L2: 1.857e-01
2026-08-17 18:28:26 - deeponet - INFO - Test case channel_016 max field err: [8.779214e+02 2.336061e-01 6.737503e-02]
2026-08-17 18:30:40 - deeponet - INFO - Total plotted points: 473252
2026-08-17 18:30:40 - deeponet - INFO - x range: 0.0002821404 1.9997244
2026-08-17 18:30:40 - deeponet - INFO - y range: -0.0045765494 0.10457442
2026-08-17 18:30:40 - deeponet - INFO - Test case channel_017 rel l2: [0.08762528 0.02875765 0.3336688 ]
2026-08-17 18:30:40 - deeponet - INFO - Test case channel_017 overall avg rel L2: 1.500e-01
2026-08-17 18:30:40 - deeponet - INFO - Test case channel_017 max field err: [7.3616748e+02 1.7575048e-01 5.5345315e-02]
2026-08-17 18:32:55 - deeponet - INFO - Total plotted points: 468132
2026-08-17 18:32:55 - deeponet - INFO - x range: 0.000245452 1.9997245
2026-08-17 18:32:55 - deeponet - INFO - y range: -0.004493169 0.10450154
2026-08-17 18:32:55 - deeponet - INFO - Test case channel_018 rel l2: [0.0563132  0.02954997 0.21421376]
2026-08-17 18:32:55 - deeponet - INFO - Test case channel_018 overall avg rel L2: 1.000e-01
2026-08-17 18:32:55 - deeponet - INFO - Test case channel_018 max field err: [4.1048901e+02 2.1214163e-01 8.8735819e-02]
2026-08-17 18:35:17 - deeponet - INFO - Total plotted points: 453508
2026-08-17 18:35:17 - deeponet - INFO - x range: 0.00026187807 1.9997439
2026-08-17 18:35:17 - deeponet - INFO - y range: -0.004064483 0.10405039
2026-08-17 18:35:17 - deeponet - INFO - Test case channel_019 rel l2: [0.09224357 0.04802313 0.5062156 ]
2026-08-17 18:35:17 - deeponet - INFO - Test case channel_019 overall avg rel L2: 2.155e-01
2026-08-17 18:35:17 - deeponet - INFO - Test case channel_019 max field err: [6.8116968e+02 3.4910077e-01 9.9485651e-02]
2026-08-17 18:37:28 - deeponet - INFO - Total plotted points: 473582
2026-08-17 18:37:28 - deeponet - INFO - x range: 0.00027533242 0.9997638
2026-08-17 18:37:28 - deeponet - INFO - y range: -0.0044643464 0.2044649
2026-08-17 18:37:28 - deeponet - INFO - Test case channel_020 rel l2: [0.39162472 0.02972157 0.36452076]
2026-08-17 18:37:28 - deeponet - INFO - Test case channel_020 overall avg rel L2: 2.620e-01
2026-08-17 18:37:28 - deeponet - INFO - Test case channel_020 max field err: [1.5176843e+03 3.7295508e-01 1.5093350e-01]
2026-08-17 18:39:47 - deeponet - INFO - Total plotted points: 456164
2026-08-17 18:39:47 - deeponet - INFO - x range: 0.00025369794 0.99974614
2026-08-17 18:39:47 - deeponet - INFO - y range: -0.00025311916 0.20025317
2026-08-17 18:39:48 - deeponet - INFO - Test case channel_021 rel l2: [0.34324256 0.02884505 0.3239036 ]
2026-08-17 18:39:48 - deeponet - INFO - Test case channel_021 overall avg rel L2: 2.320e-01
2026-08-17 18:39:48 - deeponet - INFO - Test case channel_021 max field err: [1.5681924e+03 3.5920018e-01 1.5987635e-01]
2026-08-17 18:41:57 - deeponet - INFO - Total plotted points: 464766
2026-08-17 18:41:57 - deeponet - INFO - x range: 0.0002593662 0.9997432
2026-08-17 18:41:57 - deeponet - INFO - y range: -0.0036405593 0.20363854
2026-08-17 18:41:57 - deeponet - INFO - Test case channel_022 rel l2: [0.38670686 0.02931459 0.35986346]
2026-08-17 18:41:57 - deeponet - INFO - Test case channel_022 overall avg rel L2: 2.586e-01
2026-08-17 18:41:57 - deeponet - INFO - Test case channel_022 max field err: [1.5393235e+03 3.7260503e-01 1.5517852e-01]
2026-08-17 18:44:12 - deeponet - INFO - Total plotted points: 456018
2026-08-17 18:44:12 - deeponet - INFO - x range: 0.00025206534 0.99973655
2026-08-17 18:44:12 - deeponet - INFO - y range: 0.00028049323 0.19973642
2026-08-17 18:44:12 - deeponet - INFO - Test case channel_023 rel l2: [0.37284502 0.02995716 0.314505  ]
2026-08-17 18:44:12 - deeponet - INFO - Test case channel_023 overall avg rel L2: 2.391e-01
2026-08-17 18:44:12 - deeponet - INFO - Test case channel_023 max field err: [1.6456597e+03 3.5533082e-01 1.7054293e-01]
2026-08-17 18:46:09 - deeponet - INFO - Total plotted points: 468194
2026-08-17 18:46:09 - deeponet - INFO - x range: 0.0002634227 0.9997531
2026-08-17 18:46:09 - deeponet - INFO - y range: -0.0030331167 0.2030351
2026-08-17 18:46:09 - deeponet - INFO - Test case channel_024 rel l2: [0.4188733  0.02918032 0.3598867 ]
2026-08-17 18:46:09 - deeponet - INFO - Test case channel_024 overall avg rel L2: 2.693e-01
2026-08-17 18:46:09 - deeponet - INFO - Test case channel_024 max field err: [1.5233972e+03 3.7260669e-01 1.5315722e-01]
2026-08-17 18:48:23 - deeponet - INFO - Total plotted points: 454788
2026-08-17 18:48:23 - deeponet - INFO - x range: 0.00025173638 0.99973345
2026-08-17 18:48:23 - deeponet - INFO - y range: -0.0025745837 0.20258324
2026-08-17 18:48:23 - deeponet - INFO - Test case channel_025 rel l2: [0.39123875 0.02923559 0.30989724]
2026-08-17 18:48:23 - deeponet - INFO - Test case channel_025 overall avg rel L2: 2.435e-01
2026-08-17 18:48:23 - deeponet - INFO - Test case channel_025 max field err: [1.4632175e+03 3.5375571e-01 1.6831082e-01]
2026-08-17 18:50:47 - deeponet - INFO - Total plotted points: 456688
2026-08-17 18:50:47 - deeponet - INFO - x range: 0.00025838427 0.9997417
2026-08-17 18:50:47 - deeponet - INFO - y range: -0.0013856784 0.20139192
2026-08-17 18:50:47 - deeponet - INFO - Test case channel_026 rel l2: [0.39126968 0.02917159 0.31530192]
2026-08-17 18:50:47 - deeponet - INFO - Test case channel_026 overall avg rel L2: 2.452e-01
2026-08-17 18:50:47 - deeponet - INFO - Test case channel_026 max field err: [1.5325383e+03 3.5831064e-01 1.6399427e-01]
2026-08-17 18:53:13 - deeponet - INFO - Total plotted points: 452644
2026-08-17 18:53:13 - deeponet - INFO - x range: 0.00026367579 0.99973226
2026-08-17 18:53:13 - deeponet - INFO - y range: 0.00027718078 0.19971794
2026-08-17 18:53:13 - deeponet - INFO - Test case channel_027 rel l2: [0.36290014 0.02891983 0.3083515 ]
2026-08-17 18:53:13 - deeponet - INFO - Test case channel_027 overall avg rel L2: 2.334e-01
2026-08-17 18:53:13 - deeponet - INFO - Test case channel_027 max field err: [1.5325691e+03 3.5963494e-01 1.6772798e-01]
2026-08-17 18:55:29 - deeponet - INFO - Total plotted points: 467160
2026-08-17 18:55:29 - deeponet - INFO - x range: 0.0002613632 0.99972904
2026-08-17 18:55:29 - deeponet - INFO - y range: -0.0025471228 0.20254783
2026-08-17 18:55:29 - deeponet - INFO - Test case channel_028 rel l2: [0.41576877 0.02957509 0.34408236]
2026-08-17 18:55:29 - deeponet - INFO - Test case channel_028 overall avg rel L2: 2.631e-01
2026-08-17 18:55:29 - deeponet - INFO - Test case channel_028 max field err: [1.5757871e+03 3.6321640e-01 1.6078477e-01]
2026-08-17 18:57:46 - deeponet - INFO - Total plotted points: 462046
2026-08-17 18:57:46 - deeponet - INFO - x range: 0.00023694453 0.9997433
2026-08-17 18:57:46 - deeponet - INFO - y range: -0.0019334836 0.2019342
2026-08-17 18:57:46 - deeponet - INFO - Test case channel_029 rel l2: [0.37517428 0.02907598 0.3428477 ]
2026-08-17 18:57:46 - deeponet - INFO - Test case channel_029 overall avg rel L2: 2.490e-01
2026-08-17 18:57:46 - deeponet - INFO - Test case channel_029 max field err: [1.5859385e+03 3.6078244e-01 1.6454569e-01]
2026-08-17 19:00:10 - deeponet - INFO - Total plotted points: 111940
2026-08-17 19:00:10 - deeponet - INFO - x range: 0.00025295216 0.9997376
2026-08-17 19:00:10 - deeponet - INFO - y range: -0.0032205805 0.05324256
2026-08-17 19:00:10 - deeponet - INFO - Test case channel_030 rel l2: [0.45447263 0.3258585  6.04277   ]
2026-08-17 19:00:10 - deeponet - INFO - Test case channel_030 overall avg rel L2: 2.274e+00
2026-08-17 19:00:10 - deeponet - INFO - Test case channel_030 max field err: [7.2452954e+03 8.8429480e+00 1.5207655e+00]
2026-08-17 19:00:55 - deeponet - INFO - Total plotted points: 115214
2026-08-17 19:00:55 - deeponet - INFO - x range: 0.00024973397 0.9997233
2026-08-17 19:00:55 - deeponet - INFO - y range: -0.0037942554 0.05377388
2026-08-17 19:00:55 - deeponet - INFO - Test case channel_031 rel l2: [0.42209682 0.29757982 3.3678942 ]
2026-08-17 19:00:55 - deeponet - INFO - Test case channel_031 overall avg rel L2: 1.363e+00
2026-08-17 19:00:55 - deeponet - INFO - Test case channel_031 max field err: [6.6843066e+03 1.1630002e+01 1.1026542e+00]
2026-08-17 19:01:39 - deeponet - INFO - Total plotted points: 110488
2026-08-17 19:01:39 - deeponet - INFO - x range: 0.00027123824 0.99975765
2026-08-17 19:01:39 - deeponet - INFO - y range: -0.0044208295 0.054417353
2026-08-17 19:01:39 - deeponet - INFO - Test case channel_032 rel l2: [0.549358  0.5019115 7.768457 ]
2026-08-17 19:01:39 - deeponet - INFO - Test case channel_032 overall avg rel L2: 2.940e+00
2026-08-17 19:01:39 - deeponet - INFO - Test case channel_032 max field err: [7.9559463e+03 8.0911331e+00 1.9645748e+00]
2026-08-17 19:02:24 - deeponet - INFO - Total plotted points: 117002
2026-08-17 19:02:24 - deeponet - INFO - x range: 0.00026909116 0.9997261
2026-08-17 19:02:24 - deeponet - INFO - y range: -0.004321025 0.05436329
2026-08-17 19:02:24 - deeponet - INFO - Test case channel_033 rel l2: [0.365315   0.21854843 2.6346836 ]
2026-08-17 19:02:24 - deeponet - INFO - Test case channel_033 overall avg rel L2: 1.073e+00
2026-08-17 19:02:24 - deeponet - INFO - Test case channel_033 max field err: [5.6356865e+03 5.5408196e+00 8.0764121e-01]
2026-08-17 19:03:11 - deeponet - INFO - Total plotted points: 106460
2026-08-17 19:03:11 - deeponet - INFO - x range: 0.00025151632 0.9997678
2026-08-17 19:03:11 - deeponet - INFO - y range: -0.0034639311 0.053460307
2026-08-17 19:03:11 - deeponet - INFO - Test case channel_034 rel l2: [0.56585455 0.32202846 5.684344  ]
2026-08-17 19:03:11 - deeponet - INFO - Test case channel_034 overall avg rel L2: 2.191e+00
2026-08-17 19:03:11 - deeponet - INFO - Test case channel_034 max field err: [8.8674004e+03 4.1528287e+00 2.1083524e+00]
2026-08-17 19:03:55 - deeponet - INFO - Total plotted points: 115446
2026-08-17 19:03:55 - deeponet - INFO - x range: 0.00026200368 0.99974257
2026-08-17 19:03:55 - deeponet - INFO - y range: -0.0042031202 0.054203797
2026-08-17 19:03:55 - deeponet - INFO - Test case channel_035 rel l2: [0.38333547 0.23463519 4.9414783 ]
2026-08-17 19:03:55 - deeponet - INFO - Test case channel_035 overall avg rel L2: 1.853e+00
2026-08-17 19:03:55 - deeponet - INFO - Test case channel_035 max field err: [6.4090352e+03 3.2780507e+00 1.1172642e+00]
2026-08-17 19:04:40 - deeponet - INFO - Total plotted points: 116508
2026-08-17 19:04:40 - deeponet - INFO - x range: 0.0002589969 0.9997455
2026-08-17 19:04:40 - deeponet - INFO - y range: -0.0041116113 0.05412155
2026-08-17 19:04:40 - deeponet - INFO - Test case channel_036 rel l2: [0.3839266  0.29430476 5.300855  ]
2026-08-17 19:04:40 - deeponet - INFO - Test case channel_036 overall avg rel L2: 1.993e+00
2026-08-17 19:04:40 - deeponet - INFO - Test case channel_036 max field err: [7.3145332e+03 1.2581286e+01 1.2770560e+00]
2026-08-17 19:05:22 - deeponet - INFO - Total plotted points: 121192
2026-08-17 19:05:22 - deeponet - INFO - x range: 0.0002567099 0.9997208
2026-08-17 19:05:22 - deeponet - INFO - y range: -0.0045647747 0.054547664
2026-08-17 19:05:22 - deeponet - INFO - Test case channel_037 rel l2: [0.36254713 0.3686547  3.7454271 ]
2026-08-17 19:05:22 - deeponet - INFO - Test case channel_037 overall avg rel L2: 1.492e+00
2026-08-17 19:05:22 - deeponet - INFO - Test case channel_037 max field err: [5.5014097e+03 1.3011875e+01 1.1124235e+00]
2026-08-17 19:06:05 - deeponet - INFO - Total plotted points: 118374
2026-08-17 19:06:05 - deeponet - INFO - x range: 0.0002473225 0.99973655
2026-08-17 19:06:05 - deeponet - INFO - y range: -0.004464435 0.05446994
2026-08-17 19:06:05 - deeponet - INFO - Test case channel_038 rel l2: [0.40538722 0.3149468  2.644783  ]
2026-08-17 19:06:05 - deeponet - INFO - Test case channel_038 overall avg rel L2: 1.122e+00
2026-08-17 19:06:05 - deeponet - INFO - Test case channel_038 max field err: [5.0491411e+03 1.0118998e+01 1.0566405e+00]
2026-08-17 19:06:53 - deeponet - INFO - Total plotted points: 111332
2026-08-17 19:06:53 - deeponet - INFO - x range: 0.00025851285 0.9997594
2026-08-17 19:06:53 - deeponet - INFO - y range: -0.0039835153 0.05396828
2026-08-17 19:06:53 - deeponet - INFO - Test case channel_039 rel l2: [0.4734972  0.38215256 6.8270025 ]
2026-08-17 19:06:53 - deeponet - INFO - Test case channel_039 overall avg rel L2: 2.561e+00
2026-08-17 19:06:53 - deeponet - INFO - Test case channel_039 max field err: [6.0037461e+03 5.6530685e+00 1.5618221e+00]
2026-08-17 19:07:39 - deeponet - INFO - Total plotted points: 239234
2026-08-17 19:07:39 - deeponet - INFO - x range: 0.00025746948 0.9997589
2026-08-17 19:07:39 - deeponet - INFO - y range: -0.009547266 0.10951817
2026-08-17 19:07:39 - deeponet - INFO - Test case channel_040 rel l2: [0.01569906 0.0173889  0.12281275]
2026-08-17 19:07:39 - deeponet - INFO - Test case channel_040 overall avg rel L2: 5.197e-02
2026-08-17 19:07:39 - deeponet - INFO - Test case channel_040 max field err: [1.6925708e+02 5.4768825e-01 5.8897384e-02]
2026-08-17 19:09:02 - deeponet - INFO - Total plotted points: 230156
2026-08-17 19:09:02 - deeponet - INFO - x range: 0.00026920703 0.9997667
2026-08-17 19:09:02 - deeponet - INFO - y range: -0.008631109 0.10862924
2026-08-17 19:09:02 - deeponet - INFO - Test case channel_041 rel l2: [0.00546777 0.00780724 0.06105376]
2026-08-17 19:09:02 - deeponet - INFO - Test case channel_041 overall avg rel L2: 2.478e-02
2026-08-17 19:09:02 - deeponet - INFO - Test case channel_041 max field err: [1.8842090e+02 5.2661860e-01 2.6447391e-02]
2026-08-17 19:10:26 - deeponet - INFO - Total plotted points: 235798
2026-08-17 19:10:26 - deeponet - INFO - x range: 0.0002519942 0.99976313
2026-08-17 19:10:26 - deeponet - INFO - y range: -0.007818606 0.10782405
2026-08-17 19:10:26 - deeponet - INFO - Test case channel_042 rel l2: [0.00326401 0.00461027 0.02913387]
2026-08-17 19:10:26 - deeponet - INFO - Test case channel_042 overall avg rel L2: 1.234e-02
2026-08-17 19:10:26 - deeponet - INFO - Test case channel_042 max field err: [3.3414355e+02 3.6306530e-01 3.6469888e-02]
2026-08-17 19:11:57 - deeponet - INFO - Total plotted points: 225604
2026-08-17 19:11:57 - deeponet - INFO - x range: 0.000267157 0.99974304
2026-08-17 19:11:57 - deeponet - INFO - y range: -0.007890942 0.10789453
2026-08-17 19:11:57 - deeponet - INFO - Test case channel_043 rel l2: [0.00520067 0.00551429 0.06067088]
2026-08-17 19:11:57 - deeponet - INFO - Test case channel_043 overall avg rel L2: 2.380e-02
2026-08-17 19:11:57 - deeponet - INFO - Test case channel_043 max field err: [2.1942554e+02 2.2946805e-01 2.6708692e-02]
2026-08-17 19:13:07 - deeponet - INFO - Total plotted points: 236484
2026-08-17 19:13:07 - deeponet - INFO - x range: 0.00025884758 0.99973077
2026-08-17 19:13:07 - deeponet - INFO - y range: -0.008432771 0.10843158
2026-08-17 19:13:07 - deeponet - INFO - Test case channel_044 rel l2: [0.007419   0.01156718 0.08621518]
2026-08-17 19:13:07 - deeponet - INFO - Test case channel_044 overall avg rel L2: 3.507e-02
2026-08-17 19:13:07 - deeponet - INFO - Test case channel_044 max field err: [1.6321631e+02 7.2805303e-01 3.0291228e-02]
2026-08-17 19:14:37 - deeponet - INFO - Total plotted points: 229708
2026-08-17 19:14:37 - deeponet - INFO - x range: 0.00026273835 0.99972725
2026-08-17 19:14:37 - deeponet - INFO - y range: -0.0050104177 0.10500782
2026-08-17 19:14:37 - deeponet - INFO - Test case channel_045 rel l2: [0.00195298 0.00261244 0.02428206]
2026-08-17 19:14:37 - deeponet - INFO - Test case channel_045 overall avg rel L2: 9.616e-03
2026-08-17 19:14:37 - deeponet - INFO - Test case channel_045 max field err: [1.7422803e+02 1.8694741e-01 2.4464905e-02]
2026-08-17 19:16:02 - deeponet - INFO - Total plotted points: 232016
2026-08-17 19:16:02 - deeponet - INFO - x range: 0.00025423017 0.99973506
2026-08-17 19:16:02 - deeponet - INFO - y range: -0.009617492 0.10962778
2026-08-17 19:16:02 - deeponet - INFO - Test case channel_046 rel l2: [0.01498457 0.01465807 0.08395786]
2026-08-17 19:16:02 - deeponet - INFO - Test case channel_046 overall avg rel L2: 3.787e-02
2026-08-17 19:16:02 - deeponet - INFO - Test case channel_046 max field err: [2.5387817e+02 8.5561430e-01 5.6448083e-02]
2026-08-17 19:17:36 - deeponet - INFO - Total plotted points: 239070
2026-08-17 19:17:36 - deeponet - INFO - x range: 0.00026653323 0.9997583
2026-08-17 19:17:36 - deeponet - INFO - y range: -0.009709659 0.10969996
2026-08-17 19:17:36 - deeponet - INFO - Test case channel_047 rel l2: [0.00940881 0.02279506 0.12887082]
2026-08-17 19:17:36 - deeponet - INFO - Test case channel_047 overall avg rel L2: 5.369e-02
2026-08-17 19:17:36 - deeponet - INFO - Test case channel_047 max field err: [2.2434888e+02 1.5321183e+00 9.3061231e-02]
2026-08-17 19:19:08 - deeponet - INFO - Total plotted points: 227926
2026-08-17 19:19:08 - deeponet - INFO - x range: 0.00025448122 0.99974597
2026-08-17 19:19:08 - deeponet - INFO - y range: -0.007482994 0.10751597
2026-08-17 19:19:08 - deeponet - INFO - Test case channel_048 rel l2: [0.00610479 0.0062894  0.05336318]
2026-08-17 19:19:08 - deeponet - INFO - Test case channel_048 overall avg rel L2: 2.192e-02
2026-08-17 19:19:08 - deeponet - INFO - Test case channel_048 max field err: [1.9135547e+02 1.5557909e-01 2.9005378e-02]
2026-08-17 19:20:40 - deeponet - INFO - Total plotted points: 231122
2026-08-17 19:20:40 - deeponet - INFO - x range: 0.00024757988 0.99975413
2026-08-17 19:20:40 - deeponet - INFO - y range: -0.006930858 0.10693238
2026-08-17 19:20:40 - deeponet - INFO - Test case channel_049 rel l2: [0.00633271 0.00605119 0.05795429]
2026-08-17 19:20:40 - deeponet - INFO - Test case channel_049 overall avg rel L2: 2.345e-02
2026-08-17 19:20:40 - deeponet - INFO - Test case channel_049 max field err: [3.8325171e+02 1.5082487e-01 8.6734504e-02]
2026-08-17 19:22:04 - deeponet - INFO - [0.20217712 0.08203396 1.1476511 ]
2026-08-17 19:22:04 - deeponet - INFO - [0.56585455 0.5019115  7.768457  ]
