2026-07-27 13:30:58 - transient_deeponet - INFO - Training comment
2026-07-27 13:30:58 - transient_deeponet - INFO - Cylinder transient data; complete 100-step trajectory per x-strip sample
2026-07-27 13:30:58 - transient_deeponet - INFO - Output directory: /home/hantianl/Documents/PIDIF/DeepONet/results/transient_072726_1
2026-07-27 13:30:59 - transient_deeponet - INFO - Available complete cases (20):
2026-07-27 13:30:59 - transient_deeponet - INFO - ['channel_000', 'channel_001', 'channel_002', 'channel_003', 'channel_004', 'channel_005', 'channel_006', 'channel_007', 'channel_008', 'channel_009', 'channel_010', 'channel_011', 'channel_012', 'channel_013', 'channel_014', 'channel_015', 'channel_016', 'channel_017', 'channel_018', 'channel_019']
2026-07-27 13:30:59 - transient_deeponet - INFO - Train cases (16): ['channel_000', 'channel_002', 'channel_003', 'channel_004', 'channel_005', 'channel_006', 'channel_007', 'channel_008', 'channel_010', 'channel_011', 'channel_012', 'channel_013', 'channel_016', 'channel_017', 'channel_018', 'channel_019']
2026-07-27 13:30:59 - transient_deeponet - INFO - Valid cases (2): ['channel_009', 'channel_014']
2026-07-27 13:30:59 - transient_deeponet - INFO - Test  cases (2): ['channel_001', 'channel_015']
2026-07-27 13:37:02 - transient_deeponet - INFO - Train samples: 160
2026-07-27 13:37:02 - transient_deeponet - INFO - Valid samples: 20
2026-07-27 13:37:02 - transient_deeponet - INFO - Windows per train case: {'channel_000': 1, 'channel_002': 1, 'channel_003': 1, 'channel_004': 1, 'channel_005': 1, 'channel_006': 1, 'channel_007': 1, 'channel_008': 1, 'channel_010': 1, 'channel_011': 1, 'channel_012': 1, 'channel_013': 1, 'channel_016': 1, 'channel_017': 1, 'channel_018': 1, 'channel_019': 1}
2026-07-27 13:37:02 - transient_deeponet - INFO - Branch channels: ['x_local', 'y_local', 'time_local', 'boundary_mask', 'wall_mask', 'interface_mask', 'initial_mask', 'cylinder_mask', 'sensor_pressure', 'sensor_u', 'sensor_v', 'known_pressure', 'known_u', 'known_v', 'local_aspect_ratio']
2026-07-27 13:37:02 - transient_deeponet - INFO - Trunk channels: ['x_local', 'y_local', 'time_local']
2026-07-27 13:37:02 - transient_deeponet - INFO - Output channels: ['pressure', 'u', 'v']
2026-07-27 13:37:02 - transient_deeponet - INFO - Example branch: (53248, 15)
2026-07-27 13:37:02 - transient_deeponet - INFO - Example spatial query: (56919, 2)
2026-07-27 13:37:02 - transient_deeponet - INFO - Example time query: (100,)
2026-07-27 13:37:02 - transient_deeponet - INFO - Example target: (100, 56919, 3)
2026-07-27 13:37:02 - transient_deeponet - INFO - Train cases: ['channel_000', 'channel_002', 'channel_003', 'channel_004', 'channel_005', 'channel_006', 'channel_007', 'channel_008', 'channel_010', 'channel_011', 'channel_012', 'channel_013', 'channel_016', 'channel_017', 'channel_018', 'channel_019']
2026-07-27 13:37:02 - transient_deeponet - INFO - Valid cases: ['channel_009', 'channel_014']
2026-07-27 13:37:02 - transient_deeponet - INFO - Train time steps per sample: [100]
2026-07-27 13:37:02 - transient_deeponet - INFO - Train subdomains per case: {'channel_000': 10, 'channel_002': 10, 'channel_003': 10, 'channel_004': 10, 'channel_005': 10, 'channel_006': 10, 'channel_007': 10, 'channel_008': 10, 'channel_010': 10, 'channel_011': 10, 'channel_012': 10, 'channel_013': 10, 'channel_016': 10, 'channel_017': 10, 'channel_018': 10, 'channel_019': 10}
2026-07-27 13:37:30 - transient_deeponet - INFO - Y mean: tensor([ 1.0487e+03,  1.0047e+00, -1.8899e-05])
2026-07-27 13:37:30 - transient_deeponet - INFO - Y std: tensor([7.9842e+02, 4.0944e-01, 7.0321e-02])
2026-07-27 13:37:30 - transient_deeponet - INFO - local_aspect_mean: 1.0
2026-07-27 13:37:30 - transient_deeponet - INFO - local_aspect_std: 0.6829002499580383
2026-07-27 13:37:31 - transient_deeponet - INFO - branch batch: torch.Size([2, 53248, 15])
2026-07-27 13:37:31 - transient_deeponet - INFO - query batch: torch.Size([16384, 3])
2026-07-27 13:37:31 - transient_deeponet - INFO - target batch: torch.Size([16384, 3])
2026-07-27 13:37:31 - transient_deeponet - INFO - query batch id: tensor(0) tensor(1)
2026-07-27 13:37:31 - transient_deeponet - INFO - sample indices: tensor([26, 88])
2026-07-27 13:37:31 - transient_deeponet - INFO - branch mask batch: torch.Size([2, 53248])
2026-07-27 13:37:31 - transient_deeponet - INFO - {'branch_input_dim': 15, 'trunk_input_dim': 3, 'output_channels': 3, 'latent_dim': 128, 'branch_point_hidden_dim': 128, 'branch_point_depth': 3, 'branch_global_hidden_dim': 128, 'branch_global_depth': 3, 'trunk_hidden_dim': 128, 'trunk_depth': 4, 'aggregation': 'mean', 'activation': 'gelu', 'layer_norm': False}
2026-07-27 13:37:51 - transient_deeponet - INFO - Epoch 0001 | data loss=1.521e+00 | bc loss=1.037e+00 | ic loss=1.581e+00 | valid MSE=7.922e+04 | valid rel L2=7.883e-01 | pressure=3.946e-01, u=5.844e-01, v=9.994e-01 | Time: 0:00:19.439530
2026-07-27 13:40:30 - transient_deeponet - INFO - Epoch 0010 | data loss=5.917e-01 | bc loss=1.277e-01 | ic loss=4.243e-01 | valid MSE=1.888e+04 | valid rel L2=4.027e-01 | pressure=1.927e-01, u=2.683e-01, v=9.940e-01 | Time: 0:02:59.051320
2026-07-27 13:43:29 - transient_deeponet - INFO - Epoch 0020 | data loss=4.808e-01 | bc loss=8.295e-02 | ic loss=3.248e-01 | valid MSE=1.159e+04 | valid rel L2=3.170e-01 | pressure=1.510e-01, u=1.848e-01, v=9.390e-01 | Time: 0:05:57.389735
2026-07-27 13:46:22 - transient_deeponet - INFO - Epoch 0030 | data loss=3.335e-01 | bc loss=1.007e-01 | ic loss=2.657e-01 | valid MSE=7.243e+03 | valid rel L2=4.940e-01 | pressure=1.193e-01, u=1.662e-01, v=7.474e-01 | Time: 0:08:50.772996
2026-07-27 13:49:35 - transient_deeponet - INFO - Epoch 0040 | data loss=2.870e-01 | bc loss=8.203e-02 | ic loss=2.042e-01 | valid MSE=5.786e+03 | valid rel L2=3.214e-01 | pressure=1.066e-01, u=1.488e-01, v=6.260e-01 | Time: 0:12:03.439219
2026-07-27 13:52:50 - transient_deeponet - INFO - Epoch 0050 | data loss=2.400e-01 | bc loss=1.019e-01 | ic loss=1.824e-01 | valid MSE=4.470e+03 | valid rel L2=2.054e-01 | pressure=9.374e-02, u=1.560e-01, v=6.191e-01 | Time: 0:15:18.255007
2026-07-27 13:55:48 - transient_deeponet - INFO - Epoch 0060 | data loss=1.996e-01 | bc loss=1.190e-01 | ic loss=1.397e-01 | valid MSE=7.080e+03 | valid rel L2=2.039e-01 | pressure=1.180e-01, u=1.291e-01, v=4.842e-01 | Time: 0:18:16.984834
2026-07-27 13:58:41 - transient_deeponet - INFO - Epoch 0070 | data loss=1.546e-01 | bc loss=6.604e-02 | ic loss=1.021e-01 | valid MSE=4.531e+03 | valid rel L2=1.689e-01 | pressure=9.438e-02, u=1.074e-01, v=4.494e-01 | Time: 0:21:09.847707
2026-07-27 14:01:41 - transient_deeponet - INFO - Epoch 0080 | data loss=1.367e-01 | bc loss=6.871e-02 | ic loss=7.630e-02 | valid MSE=3.021e+03 | valid rel L2=1.610e-01 | pressure=7.707e-02, u=1.071e-01, v=4.633e-01 | Time: 0:24:09.792854
2026-07-27 14:04:33 - transient_deeponet - INFO - Epoch 0090 | data loss=1.233e-01 | bc loss=6.328e-02 | ic loss=6.375e-02 | valid MSE=3.123e+03 | valid rel L2=2.540e-01 | pressure=7.835e-02, u=1.006e-01, v=4.383e-01 | Time: 0:27:01.386612
2026-07-27 14:07:38 - transient_deeponet - INFO - Epoch 0100 | data loss=1.157e-01 | bc loss=6.118e-02 | ic loss=6.449e-02 | valid MSE=2.868e+03 | valid rel L2=1.856e-01 | pressure=7.508e-02, u=9.385e-02, v=4.209e-01 | Time: 0:30:06.915419
2026-07-27 14:10:32 - transient_deeponet - INFO - Epoch 0110 | data loss=1.109e-01 | bc loss=5.352e-02 | ic loss=6.242e-02 | valid MSE=2.674e+03 | valid rel L2=1.485e-01 | pressure=7.250e-02, u=8.331e-02, v=4.048e-01 | Time: 0:33:00.390900
2026-07-27 14:13:23 - transient_deeponet - INFO - Epoch 0120 | data loss=1.444e-01 | bc loss=7.767e-02 | ic loss=7.840e-02 | valid MSE=2.942e+03 | valid rel L2=2.810e-01 | pressure=7.605e-02, u=1.040e-01, v=4.148e-01 | Time: 0:35:51.529246
2026-07-27 14:16:06 - transient_deeponet - INFO - Epoch 0130 | data loss=9.192e-02 | bc loss=5.101e-02 | ic loss=4.317e-02 | valid MSE=2.129e+03 | valid rel L2=1.624e-01 | pressure=6.469e-02, u=7.290e-02, v=4.359e-01 | Time: 0:38:34.817523
2026-07-27 14:18:36 - transient_deeponet - INFO - Epoch 0140 | data loss=1.065e-01 | bc loss=6.451e-02 | ic loss=5.982e-02 | valid MSE=2.812e+03 | valid rel L2=2.936e-01 | pressure=7.435e-02, u=7.731e-02, v=4.167e-01 | Time: 0:41:04.264963
2026-07-27 14:21:21 - transient_deeponet - INFO - Epoch 0150 | data loss=8.124e-02 | bc loss=3.659e-02 | ic loss=3.632e-02 | valid MSE=1.687e+03 | valid rel L2=1.414e-01 | pressure=5.759e-02, u=6.569e-02, v=3.607e-01 | Time: 0:43:49.486071
2026-07-27 14:23:55 - transient_deeponet - INFO - Epoch 0160 | data loss=1.149e-01 | bc loss=7.164e-02 | ic loss=6.428e-02 | valid MSE=2.320e+03 | valid rel L2=1.707e-01 | pressure=6.754e-02, u=7.942e-02, v=3.846e-01 | Time: 0:46:23.987926
2026-07-27 14:26:56 - transient_deeponet - INFO - Epoch 0170 | data loss=9.266e-02 | bc loss=6.078e-02 | ic loss=4.999e-02 | valid MSE=2.565e+03 | valid rel L2=1.943e-01 | pressure=7.101e-02, u=7.618e-02, v=4.323e-01 | Time: 0:49:25.072369
2026-07-27 14:29:55 - transient_deeponet - INFO - Epoch 0180 | data loss=7.297e-02 | bc loss=4.184e-02 | ic loss=3.665e-02 | valid MSE=1.571e+03 | valid rel L2=1.071e-01 | pressure=5.558e-02, u=5.817e-02, v=3.420e-01 | Time: 0:52:23.506712
2026-07-27 14:32:56 - transient_deeponet - INFO - Epoch 0190 | data loss=7.429e-02 | bc loss=4.893e-02 | ic loss=3.262e-02 | valid MSE=1.547e+03 | valid rel L2=1.517e-01 | pressure=5.514e-02, u=7.489e-02, v=4.465e-01 | Time: 0:55:24.924393
2026-07-27 14:35:53 - transient_deeponet - INFO - Epoch 0200 | data loss=7.872e-02 | bc loss=4.621e-02 | ic loss=4.330e-02 | valid MSE=1.780e+03 | valid rel L2=1.635e-01 | pressure=5.916e-02, u=5.748e-02, v=3.252e-01 | Time: 0:58:21.873016
2026-07-27 14:38:42 - transient_deeponet - INFO - Epoch 0210 | data loss=7.036e-02 | bc loss=4.092e-02 | ic loss=3.072e-02 | valid MSE=1.667e+03 | valid rel L2=1.507e-01 | pressure=5.725e-02, u=6.170e-02, v=3.425e-01 | Time: 1:01:10.923222
2026-07-27 14:41:30 - transient_deeponet - INFO - Epoch 0220 | data loss=7.439e-02 | bc loss=4.430e-02 | ic loss=4.497e-02 | valid MSE=2.897e+03 | valid rel L2=3.197e-01 | pressure=7.547e-02, u=6.551e-02, v=3.503e-01 | Time: 1:03:58.442494
2026-07-27 14:44:13 - transient_deeponet - INFO - Epoch 0230 | data loss=5.891e-02 | bc loss=2.922e-02 | ic loss=2.235e-02 | valid MSE=1.453e+03 | valid rel L2=7.893e-02 | pressure=5.344e-02, u=5.519e-02, v=3.181e-01 | Time: 1:06:41.775327
2026-07-27 14:47:01 - transient_deeponet - INFO - Epoch 0240 | data loss=9.982e-02 | bc loss=8.040e-02 | ic loss=5.652e-02 | valid MSE=2.352e+03 | valid rel L2=3.732e-01 | pressure=6.800e-02, u=5.972e-02, v=3.392e-01 | Time: 1:09:29.751123
2026-07-27 14:49:39 - transient_deeponet - INFO - Epoch 0250 | data loss=6.155e-02 | bc loss=3.739e-02 | ic loss=2.633e-02 | valid MSE=1.509e+03 | valid rel L2=9.862e-02 | pressure=5.446e-02, u=9.125e-02, v=4.541e-01 | Time: 1:12:07.823670
2026-07-27 14:52:18 - transient_deeponet - INFO - Epoch 0260 | data loss=8.587e-02 | bc loss=6.943e-02 | ic loss=5.015e-02 | valid MSE=2.386e+03 | valid rel L2=1.603e-01 | pressure=6.849e-02, u=6.727e-02, v=3.153e-01 | Time: 1:14:46.406217
2026-07-27 14:54:57 - transient_deeponet - INFO - Epoch 0270 | data loss=6.623e-02 | bc loss=3.647e-02 | ic loss=3.575e-02 | valid MSE=2.047e+03 | valid rel L2=1.252e-01 | pressure=6.343e-02, u=6.154e-02, v=3.127e-01 | Time: 1:17:25.362863
2026-07-27 14:57:36 - transient_deeponet - INFO - Epoch 0280 | data loss=6.105e-02 | bc loss=3.676e-02 | ic loss=3.210e-02 | valid MSE=1.577e+03 | valid rel L2=1.022e-01 | pressure=5.568e-02, u=5.776e-02, v=3.227e-01 | Time: 1:20:04.524358
2026-07-27 15:00:14 - transient_deeponet - INFO - Epoch 0290 | data loss=6.324e-02 | bc loss=3.775e-02 | ic loss=2.787e-02 | valid MSE=2.748e+03 | valid rel L2=3.474e-01 | pressure=7.350e-02, u=5.533e-02, v=2.882e-01 | Time: 1:22:42.138154
2026-07-27 15:02:51 - transient_deeponet - INFO - Epoch 0300 | data loss=5.216e-02 | bc loss=2.478e-02 | ic loss=2.424e-02 | valid MSE=1.144e+03 | valid rel L2=1.160e-01 | pressure=4.743e-02, u=5.407e-02, v=2.752e-01 | Time: 1:25:19.411343
2026-07-27 15:05:28 - transient_deeponet - INFO - Epoch 0310 | data loss=1.112e-01 | bc loss=8.291e-02 | ic loss=6.411e-02 | valid MSE=1.540e+04 | valid rel L2=3.908e-01 | pressure=1.740e-01, u=8.398e-02, v=4.197e-01 | Time: 1:27:56.886368
2026-07-27 15:08:08 - transient_deeponet - INFO - Epoch 0320 | data loss=5.005e-02 | bc loss=2.548e-02 | ic loss=2.048e-02 | valid MSE=7.975e+02 | valid rel L2=9.718e-02 | pressure=3.959e-02, u=5.565e-02, v=2.747e-01 | Time: 1:30:36.473964
2026-07-27 15:10:49 - transient_deeponet - INFO - Epoch 0330 | data loss=5.362e-02 | bc loss=3.348e-02 | ic loss=2.799e-02 | valid MSE=1.395e+03 | valid rel L2=1.280e-01 | pressure=5.237e-02, u=5.629e-02, v=2.858e-01 | Time: 1:33:17.755582
2026-07-27 15:13:30 - transient_deeponet - INFO - Epoch 0340 | data loss=5.105e-02 | bc loss=2.920e-02 | ic loss=2.216e-02 | valid MSE=8.676e+02 | valid rel L2=9.861e-02 | pressure=4.130e-02, u=5.294e-02, v=2.711e-01 | Time: 1:35:58.340516
2026-07-27 15:16:09 - transient_deeponet - INFO - Epoch 0350 | data loss=4.562e-02 | bc loss=2.752e-02 | ic loss=2.062e-02 | valid MSE=2.164e+03 | valid rel L2=1.714e-01 | pressure=6.522e-02, u=4.862e-02, v=2.557e-01 | Time: 1:38:38.101008
2026-07-27 15:18:52 - transient_deeponet - INFO - Epoch 0360 | data loss=4.526e-02 | bc loss=2.699e-02 | ic loss=1.949e-02 | valid MSE=1.102e+03 | valid rel L2=2.039e-01 | pressure=4.655e-02, u=4.744e-02, v=2.468e-01 | Time: 1:41:20.259644
2026-07-27 15:22:00 - transient_deeponet - INFO - Epoch 0370 | data loss=4.331e-02 | bc loss=2.271e-02 | ic loss=1.885e-02 | valid MSE=9.316e+02 | valid rel L2=1.130e-01 | pressure=4.279e-02, u=4.500e-02, v=2.381e-01 | Time: 1:44:28.351178
2026-07-27 15:24:40 - transient_deeponet - INFO - Epoch 0380 | data loss=4.269e-02 | bc loss=2.236e-02 | ic loss=1.995e-02 | valid MSE=9.249e+02 | valid rel L2=1.463e-01 | pressure=4.264e-02, u=4.712e-02, v=2.340e-01 | Time: 1:47:08.367850
2026-07-27 15:27:55 - transient_deeponet - INFO - Epoch 0390 | data loss=3.905e-02 | bc loss=1.849e-02 | ic loss=1.432e-02 | valid MSE=5.968e+02 | valid rel L2=6.223e-02 | pressure=3.425e-02, u=4.298e-02, v=2.411e-01 | Time: 1:50:23.997560
2026-07-27 15:31:12 - transient_deeponet - INFO - Epoch 0400 | data loss=4.311e-02 | bc loss=2.603e-02 | ic loss=2.227e-02 | valid MSE=1.380e+03 | valid rel L2=1.540e-01 | pressure=5.209e-02, u=4.666e-02, v=2.752e-01 | Time: 1:53:40.337954
2026-07-27 15:34:23 - transient_deeponet - INFO - Epoch 0410 | data loss=3.911e-02 | bc loss=2.160e-02 | ic loss=1.755e-02 | valid MSE=9.104e+02 | valid rel L2=7.935e-02 | pressure=4.230e-02, u=4.575e-02, v=2.424e-01 | Time: 1:56:51.737786
2026-07-27 15:37:26 - transient_deeponet - INFO - Epoch 0420 | data loss=5.087e-02 | bc loss=2.911e-02 | ic loss=2.708e-02 | valid MSE=1.138e+03 | valid rel L2=2.273e-01 | pressure=4.731e-02, u=4.693e-02, v=2.450e-01 | Time: 1:59:54.173616
2026-07-27 15:40:48 - transient_deeponet - INFO - Epoch 0430 | data loss=3.567e-02 | bc loss=1.857e-02 | ic loss=1.650e-02 | valid MSE=7.664e+02 | valid rel L2=8.417e-02 | pressure=3.881e-02, u=5.019e-02, v=2.400e-01 | Time: 2:03:16.295423
2026-07-27 15:44:03 - transient_deeponet - INFO - Epoch 0440 | data loss=3.950e-02 | bc loss=2.378e-02 | ic loss=1.783e-02 | valid MSE=1.031e+03 | valid rel L2=9.991e-02 | pressure=4.503e-02, u=4.362e-02, v=2.326e-01 | Time: 2:06:31.204891
2026-07-27 15:47:18 - transient_deeponet - INFO - Epoch 0450 | data loss=4.475e-02 | bc loss=3.098e-02 | ic loss=2.095e-02 | valid MSE=1.048e+03 | valid rel L2=1.594e-01 | pressure=4.539e-02, u=4.573e-02, v=2.364e-01 | Time: 2:09:46.416863
2026-07-27 15:50:30 - transient_deeponet - INFO - Epoch 0460 | data loss=3.399e-02 | bc loss=1.727e-02 | ic loss=1.295e-02 | valid MSE=6.922e+02 | valid rel L2=9.520e-02 | pressure=3.689e-02, u=4.680e-02, v=2.571e-01 | Time: 2:12:59.130671
2026-07-27 15:53:46 - transient_deeponet - INFO - Epoch 0470 | data loss=3.789e-02 | bc loss=2.505e-02 | ic loss=1.680e-02 | valid MSE=6.992e+02 | valid rel L2=9.300e-02 | pressure=3.707e-02, u=4.439e-02, v=2.160e-01 | Time: 2:16:14.981479
2026-07-27 15:56:40 - transient_deeponet - INFO - Epoch 0480 | data loss=3.223e-02 | bc loss=1.762e-02 | ic loss=1.394e-02 | valid MSE=5.652e+02 | valid rel L2=5.867e-02 | pressure=3.333e-02, u=4.155e-02, v=2.169e-01 | Time: 2:19:08.450962
2026-07-27 15:59:38 - transient_deeponet - INFO - Epoch 0490 | data loss=3.225e-02 | bc loss=1.766e-02 | ic loss=1.334e-02 | valid MSE=5.921e+02 | valid rel L2=6.895e-02 | pressure=3.412e-02, u=3.993e-02, v=2.154e-01 | Time: 2:22:06.633086
2026-07-27 16:02:31 - transient_deeponet - INFO - Epoch 0500 | data loss=3.330e-02 | bc loss=1.816e-02 | ic loss=1.280e-02 | valid MSE=5.979e+02 | valid rel L2=1.119e-01 | pressure=3.428e-02, u=4.040e-02, v=2.187e-01 | Time: 2:24:59.771451
2026-07-27 16:05:32 - transient_deeponet - INFO - Epoch 0510 | data loss=3.249e-02 | bc loss=1.592e-02 | ic loss=1.397e-02 | valid MSE=8.694e+02 | valid rel L2=6.630e-02 | pressure=4.134e-02, u=3.864e-02, v=2.072e-01 | Time: 2:28:00.632263
2026-07-27 16:08:51 - transient_deeponet - INFO - Epoch 0520 | data loss=3.572e-02 | bc loss=2.662e-02 | ic loss=1.659e-02 | valid MSE=6.774e+02 | valid rel L2=7.987e-02 | pressure=3.649e-02, u=4.335e-02, v=2.174e-01 | Time: 2:31:19.641421
2026-07-27 16:11:44 - transient_deeponet - INFO - Epoch 0530 | data loss=3.059e-02 | bc loss=1.514e-02 | ic loss=1.402e-02 | valid MSE=6.446e+02 | valid rel L2=1.002e-01 | pressure=3.560e-02, u=4.291e-02, v=2.150e-01 | Time: 2:34:12.640031
2026-07-27 16:14:47 - transient_deeponet - INFO - Epoch 0540 | data loss=3.079e-02 | bc loss=1.693e-02 | ic loss=1.189e-02 | valid MSE=6.221e+02 | valid rel L2=8.410e-02 | pressure=3.497e-02, u=5.354e-02, v=2.537e-01 | Time: 2:37:15.551101
2026-07-27 16:17:35 - transient_deeponet - INFO - Epoch 0550 | data loss=2.946e-02 | bc loss=1.852e-02 | ic loss=1.226e-02 | valid MSE=6.832e+02 | valid rel L2=6.652e-02 | pressure=3.665e-02, u=4.540e-02, v=2.000e-01 | Time: 2:40:04.029292
2026-07-27 16:20:39 - transient_deeponet - INFO - Epoch 0560 | data loss=2.909e-02 | bc loss=1.727e-02 | ic loss=1.243e-02 | valid MSE=8.603e+02 | valid rel L2=1.157e-01 | pressure=4.112e-02, u=3.959e-02, v=1.977e-01 | Time: 2:43:07.430738
2026-07-27 16:23:41 - transient_deeponet - INFO - Epoch 0570 | data loss=2.612e-02 | bc loss=1.325e-02 | ic loss=9.851e-03 | valid MSE=4.459e+02 | valid rel L2=5.662e-02 | pressure=2.961e-02, u=3.690e-02, v=1.988e-01 | Time: 2:46:09.291645
2026-07-27 16:26:40 - transient_deeponet - INFO - Epoch 0580 | data loss=2.582e-02 | bc loss=1.291e-02 | ic loss=1.002e-02 | valid MSE=4.335e+02 | valid rel L2=5.222e-02 | pressure=2.919e-02, u=3.752e-02, v=2.042e-01 | Time: 2:49:08.696513
2026-07-27 16:29:46 - transient_deeponet - INFO - Epoch 0590 | data loss=2.725e-02 | bc loss=1.602e-02 | ic loss=1.130e-02 | valid MSE=4.693e+02 | valid rel L2=5.971e-02 | pressure=3.037e-02, u=3.712e-02, v=1.883e-01 | Time: 2:52:15.088781
2026-07-27 16:32:49 - transient_deeponet - INFO - Epoch 0600 | data loss=2.575e-02 | bc loss=1.291e-02 | ic loss=1.016e-02 | valid MSE=5.684e+02 | valid rel L2=6.575e-02 | pressure=3.343e-02, u=3.920e-02, v=1.929e-01 | Time: 2:55:17.758083
2026-07-27 16:36:07 - transient_deeponet - INFO - Epoch 0610 | data loss=2.458e-02 | bc loss=1.068e-02 | ic loss=9.632e-03 | valid MSE=4.500e+02 | valid rel L2=5.052e-02 | pressure=2.974e-02, u=3.629e-02, v=1.848e-01 | Time: 2:58:36.014440
2026-07-27 16:39:02 - transient_deeponet - INFO - Epoch 0620 | data loss=2.445e-02 | bc loss=1.202e-02 | ic loss=9.601e-03 | valid MSE=8.184e+02 | valid rel L2=9.158e-02 | pressure=4.011e-02, u=3.604e-02, v=1.861e-01 | Time: 3:01:30.191448
2026-07-27 16:41:55 - transient_deeponet - INFO - Epoch 0630 | data loss=2.413e-02 | bc loss=1.120e-02 | ic loss=9.252e-03 | valid MSE=4.103e+02 | valid rel L2=5.530e-02 | pressure=2.840e-02, u=3.804e-02, v=1.900e-01 | Time: 3:04:23.817254
2026-07-27 16:44:55 - transient_deeponet - INFO - Epoch 0640 | data loss=2.361e-02 | bc loss=1.217e-02 | ic loss=9.233e-03 | valid MSE=5.558e+02 | valid rel L2=5.724e-02 | pressure=3.306e-02, u=3.685e-02, v=1.892e-01 | Time: 3:07:23.633033
2026-07-27 16:47:54 - transient_deeponet - INFO - Epoch 0650 | data loss=2.275e-02 | bc loss=1.068e-02 | ic loss=8.411e-03 | valid MSE=4.923e+02 | valid rel L2=5.702e-02 | pressure=3.111e-02, u=3.982e-02, v=1.948e-01 | Time: 3:10:22.305737
2026-07-27 16:50:49 - transient_deeponet - INFO - Epoch 0660 | data loss=2.199e-02 | bc loss=1.017e-02 | ic loss=8.071e-03 | valid MSE=3.500e+02 | valid rel L2=4.135e-02 | pressure=2.623e-02, u=3.507e-02, v=1.753e-01 | Time: 3:13:17.550699
2026-07-27 16:54:16 - transient_deeponet - INFO - Epoch 0670 | data loss=2.239e-02 | bc loss=1.076e-02 | ic loss=8.361e-03 | valid MSE=3.939e+02 | valid rel L2=4.151e-02 | pressure=2.783e-02, u=3.850e-02, v=1.837e-01 | Time: 3:16:44.643296
2026-07-27 16:57:32 - transient_deeponet - INFO - Epoch 0680 | data loss=2.133e-02 | bc loss=9.464e-03 | ic loss=7.937e-03 | valid MSE=4.126e+02 | valid rel L2=5.901e-02 | pressure=2.848e-02, u=3.525e-02, v=1.797e-01 | Time: 3:20:00.610373
2026-07-27 17:00:37 - transient_deeponet - INFO - Epoch 0690 | data loss=2.237e-02 | bc loss=1.115e-02 | ic loss=8.335e-03 | valid MSE=4.310e+02 | valid rel L2=4.940e-02 | pressure=2.911e-02, u=3.733e-02, v=1.896e-01 | Time: 3:23:05.179419
2026-07-27 17:03:38 - transient_deeponet - INFO - Epoch 0700 | data loss=2.260e-02 | bc loss=1.168e-02 | ic loss=8.558e-03 | valid MSE=5.532e+02 | valid rel L2=4.898e-02 | pressure=3.298e-02, u=3.603e-02, v=1.701e-01 | Time: 3:26:06.953224
2026-07-27 17:06:44 - transient_deeponet - INFO - Epoch 0710 | data loss=2.103e-02 | bc loss=9.492e-03 | ic loss=7.602e-03 | valid MSE=3.415e+02 | valid rel L2=5.698e-02 | pressure=2.591e-02, u=3.592e-02, v=1.796e-01 | Time: 3:29:12.189887
2026-07-27 17:09:38 - transient_deeponet - INFO - Epoch 0720 | data loss=2.013e-02 | bc loss=8.924e-03 | ic loss=7.399e-03 | valid MSE=3.608e+02 | valid rel L2=4.511e-02 | pressure=2.663e-02, u=3.369e-02, v=1.691e-01 | Time: 3:32:07.126904
2026-07-27 17:12:46 - transient_deeponet - INFO - Epoch 0730 | data loss=2.017e-02 | bc loss=9.201e-03 | ic loss=7.196e-03 | valid MSE=4.632e+02 | valid rel L2=4.826e-02 | pressure=3.018e-02, u=3.484e-02, v=1.722e-01 | Time: 3:35:14.476503
2026-07-27 17:15:54 - transient_deeponet - INFO - Epoch 0740 | data loss=1.904e-02 | bc loss=7.852e-03 | ic loss=6.762e-03 | valid MSE=4.003e+02 | valid rel L2=3.604e-02 | pressure=2.805e-02, u=3.341e-02, v=1.683e-01 | Time: 3:38:22.539127
2026-07-27 17:19:01 - transient_deeponet - INFO - Epoch 0750 | data loss=2.037e-02 | bc loss=1.179e-02 | ic loss=7.618e-03 | valid MSE=3.506e+02 | valid rel L2=3.768e-02 | pressure=2.625e-02, u=3.476e-02, v=1.678e-01 | Time: 3:41:29.231444
2026-07-27 17:22:05 - transient_deeponet - INFO - Epoch 0760 | data loss=1.918e-02 | bc loss=8.218e-03 | ic loss=6.714e-03 | valid MSE=4.312e+02 | valid rel L2=3.807e-02 | pressure=2.912e-02, u=3.338e-02, v=1.650e-01 | Time: 3:44:33.667134
2026-07-27 17:25:23 - transient_deeponet - INFO - Epoch 0770 | data loss=1.879e-02 | bc loss=7.956e-03 | ic loss=6.758e-03 | valid MSE=3.912e+02 | valid rel L2=3.676e-02 | pressure=2.773e-02, u=3.334e-02, v=1.649e-01 | Time: 3:47:52.016552
2026-07-27 17:28:23 - transient_deeponet - INFO - Epoch 0780 | data loss=1.940e-02 | bc loss=8.650e-03 | ic loss=6.875e-03 | valid MSE=3.877e+02 | valid rel L2=3.939e-02 | pressure=2.761e-02, u=3.363e-02, v=1.642e-01 | Time: 3:50:51.692513
2026-07-27 17:31:33 - transient_deeponet - INFO - Epoch 0790 | data loss=1.828e-02 | bc loss=7.649e-03 | ic loss=6.332e-03 | valid MSE=3.710e+02 | valid rel L2=3.483e-02 | pressure=2.701e-02, u=3.295e-02, v=1.634e-01 | Time: 3:54:01.158561
2026-07-27 17:34:39 - transient_deeponet - INFO - Epoch 0800 | data loss=1.832e-02 | bc loss=8.278e-03 | ic loss=6.605e-03 | valid MSE=4.933e+02 | valid rel L2=5.135e-02 | pressure=3.114e-02, u=3.298e-02, v=1.602e-01 | Time: 3:57:07.873198
2026-07-27 17:37:47 - transient_deeponet - INFO - Epoch 0810 | data loss=1.826e-02 | bc loss=7.401e-03 | ic loss=6.331e-03 | valid MSE=3.165e+02 | valid rel L2=4.097e-02 | pressure=2.495e-02, u=3.265e-02, v=1.606e-01 | Time: 4:00:15.599941
2026-07-27 17:41:07 - transient_deeponet - INFO - Epoch 0820 | data loss=1.774e-02 | bc loss=7.429e-03 | ic loss=6.163e-03 | valid MSE=3.163e+02 | valid rel L2=3.831e-02 | pressure=2.494e-02, u=3.247e-02, v=1.604e-01 | Time: 4:03:35.878656
2026-07-27 17:44:12 - transient_deeponet - INFO - Epoch 0830 | data loss=1.749e-02 | bc loss=7.368e-03 | ic loss=6.115e-03 | valid MSE=3.811e+02 | valid rel L2=3.659e-02 | pressure=2.737e-02, u=3.232e-02, v=1.586e-01 | Time: 4:06:40.744050
2026-07-27 17:47:35 - transient_deeponet - INFO - Epoch 0840 | data loss=1.736e-02 | bc loss=6.983e-03 | ic loss=6.050e-03 | valid MSE=4.100e+02 | valid rel L2=3.807e-02 | pressure=2.839e-02, u=3.223e-02, v=1.576e-01 | Time: 4:10:04.014550
2026-07-27 17:50:55 - transient_deeponet - INFO - Epoch 0850 | data loss=1.751e-02 | bc loss=7.213e-03 | ic loss=5.932e-03 | valid MSE=3.740e+02 | valid rel L2=4.435e-02 | pressure=2.711e-02, u=3.228e-02, v=1.591e-01 | Time: 4:13:24.058253
2026-07-27 17:54:06 - transient_deeponet - INFO - Epoch 0860 | data loss=1.683e-02 | bc loss=6.639e-03 | ic loss=5.913e-03 | valid MSE=3.877e+02 | valid rel L2=3.539e-02 | pressure=2.761e-02, u=3.227e-02, v=1.590e-01 | Time: 4:16:34.471149
2026-07-27 17:56:46 - transient_deeponet - INFO - Epoch 0870 | data loss=1.679e-02 | bc loss=6.884e-03 | ic loss=5.902e-03 | valid MSE=3.517e+02 | valid rel L2=3.577e-02 | pressure=2.629e-02, u=3.185e-02, v=1.576e-01 | Time: 4:19:14.799161
2026-07-27 17:59:28 - transient_deeponet - INFO - Epoch 0880 | data loss=1.686e-02 | bc loss=6.616e-03 | ic loss=5.820e-03 | valid MSE=3.506e+02 | valid rel L2=3.436e-02 | pressure=2.625e-02, u=3.248e-02, v=1.597e-01 | Time: 4:21:56.709674
2026-07-27 18:01:58 - transient_deeponet - INFO - Epoch 0890 | data loss=1.699e-02 | bc loss=6.721e-03 | ic loss=5.761e-03 | valid MSE=3.587e+02 | valid rel L2=3.490e-02 | pressure=2.656e-02, u=3.181e-02, v=1.567e-01 | Time: 4:24:26.317413
2026-07-27 18:04:36 - transient_deeponet - INFO - Epoch 0900 | data loss=1.632e-02 | bc loss=6.643e-03 | ic loss=5.729e-03 | valid MSE=3.693e+02 | valid rel L2=3.532e-02 | pressure=2.694e-02, u=3.165e-02, v=1.565e-01 | Time: 4:27:04.502688
2026-07-27 18:07:07 - transient_deeponet - INFO - Epoch 0910 | data loss=1.674e-02 | bc loss=6.521e-03 | ic loss=5.703e-03 | valid MSE=3.776e+02 | valid rel L2=3.424e-02 | pressure=2.724e-02, u=3.173e-02, v=1.560e-01 | Time: 4:29:35.717997
2026-07-27 18:09:40 - transient_deeponet - INFO - Epoch 0920 | data loss=1.632e-02 | bc loss=6.144e-03 | ic loss=5.671e-03 | valid MSE=3.627e+02 | valid rel L2=3.451e-02 | pressure=2.670e-02, u=3.170e-02, v=1.554e-01 | Time: 4:32:09.126270
2026-07-27 18:12:25 - transient_deeponet - INFO - Epoch 0930 | data loss=1.645e-02 | bc loss=6.356e-03 | ic loss=5.636e-03 | valid MSE=3.483e+02 | valid rel L2=3.376e-02 | pressure=2.617e-02, u=3.166e-02, v=1.560e-01 | Time: 4:34:53.352738
2026-07-27 18:15:01 - transient_deeponet - INFO - Epoch 0940 | data loss=1.632e-02 | bc loss=6.326e-03 | ic loss=5.634e-03 | valid MSE=3.512e+02 | valid rel L2=3.428e-02 | pressure=2.628e-02, u=3.155e-02, v=1.555e-01 | Time: 4:37:29.495001
2026-07-27 18:17:27 - transient_deeponet - INFO - Epoch 0950 | data loss=1.635e-02 | bc loss=6.313e-03 | ic loss=5.613e-03 | valid MSE=3.643e+02 | valid rel L2=3.424e-02 | pressure=2.676e-02, u=3.159e-02, v=1.555e-01 | Time: 4:39:55.903382
2026-07-27 18:20:00 - transient_deeponet - INFO - Epoch 0960 | data loss=1.641e-02 | bc loss=6.358e-03 | ic loss=5.598e-03 | valid MSE=3.589e+02 | valid rel L2=3.381e-02 | pressure=2.656e-02, u=3.152e-02, v=1.555e-01 | Time: 4:42:28.603698
2026-07-27 18:22:36 - transient_deeponet - INFO - Epoch 0970 | data loss=1.636e-02 | bc loss=6.250e-03 | ic loss=5.594e-03 | valid MSE=3.565e+02 | valid rel L2=3.365e-02 | pressure=2.647e-02, u=3.152e-02, v=1.553e-01 | Time: 4:45:05.011349
2026-07-27 18:25:11 - transient_deeponet - INFO - Epoch 0980 | data loss=1.606e-02 | bc loss=6.333e-03 | ic loss=5.587e-03 | valid MSE=3.550e+02 | valid rel L2=3.374e-02 | pressure=2.642e-02, u=3.152e-02, v=1.552e-01 | Time: 4:47:39.257785
2026-07-27 18:27:42 - transient_deeponet - INFO - Epoch 0990 | data loss=1.611e-02 | bc loss=6.072e-03 | ic loss=5.584e-03 | valid MSE=3.540e+02 | valid rel L2=3.374e-02 | pressure=2.638e-02, u=3.152e-02, v=1.552e-01 | Time: 4:50:10.192351
2026-07-27 18:30:18 - transient_deeponet - INFO - Epoch 1000 | data loss=1.610e-02 | bc loss=6.284e-03 | ic loss=5.583e-03 | valid MSE=3.544e+02 | valid rel L2=3.375e-02 | pressure=2.639e-02, u=3.152e-02, v=1.551e-01 | Time: 4:52:46.137491
2026-07-27 18:30:18 - transient_deeponet - INFO - Best validation MSE: 309.03589935302733
2026-07-27 18:30:18 - transient_deeponet - INFO - Saved: /home/hantianl/Documents/PIDIF/DeepONet/results/transient_072726_1/checkpoint.pt
2026-07-27 18:30:19 - transient_deeponet - INFO - Loaded: /home/hantianl/Documents/PIDIF/DeepONet/results/transient_072726_1/checkpoint.pt
2026-07-27 18:30:37 - transient_deeponet - INFO - Validation snapshot relative L2: {'pressure': np.float32(0.020276468), 'u': np.float32(0.026481185), 'v': np.float32(0.13623337)}
2026-07-27 18:31:17 - transient_deeponet - INFO - Test physical MSE: 703.859423828125
2026-07-27 18:31:17 - transient_deeponet - INFO - Test relative L2: 0.03703372776508331
2026-07-27 18:31:17 - transient_deeponet - INFO - Test channel relative L2: {'pressure': np.float32(0.036827154), 'u': np.float32(0.045036893), 'v': np.float32(0.25377443)}
2026-07-27 18:31:34 - transient_deeponet - INFO - Test snapshot relative L2: {'pressure': np.float32(0.02203782), 'u': np.float32(0.026341695), 'v': np.float32(0.13536045)}
