2026-06-04 23:56:01 - pino - INFO - Training comment
2026-06-04 23:56:01 - pino - INFO - Large smooth channels random interface placement, removed bad samples
2026-06-04 23:56:01 - pino - INFO - Available cases (97): [0, 1, 2, 3, 4, 5, 6, 7, 8, 9, 10, 11, 12, 13, 14, 15, 16, 17, 18, 19, 20, 21, 22, 23, 24, 25, 26, 27, 28, 30, 31, 32, 33, 34, 35, 36, 37, 38, 39, 40, 41, 42, 43, 44, 45, 46, 47, 48, 49, 50, 51, 52, 53, 54, 55, 56, 57, 58, 59, 60, 61, 62, 63, 64, 66, 67, 68, 69, 70, 71, 72, 73, 74, 75, 76, 77, 78, 79, 80, 81, 82, 83, 84, 85, 87, 88, 89, 90, 91, 92, 93, 94, 95, 96, 97, 98, 99]
2026-06-04 23:56:01 - pino - INFO - Train cases (78): [0, 1, 2, 3, 4, 5, 6, 8, 9, 10, 11, 12, 13, 14, 15, 16, 17, 18, 19, 20, 21, 22, 23, 24, 25, 26, 27, 28, 31, 33, 35, 36, 37, 38, 40, 41, 43, 44, 45, 46, 47, 48, 50, 51, 52, 53, 54, 56, 58, 59, 61, 62, 63, 66, 67, 68, 69, 70, 72, 73, 74, 75, 76, 77, 82, 83, 84, 85, 87, 90, 91, 92, 93, 94, 95, 96, 97, 99]
2026-06-04 23:56:01 - pino - INFO - Valid cases (10): [7, 32, 39, 49, 64, 71, 78, 79, 88, 89]
2026-06-04 23:56:01 - pino - INFO - Test  cases (9): [30, 34, 42, 55, 57, 60, 80, 81, 98]
2026-06-05 01:10:55 - pino - INFO - Train samples: 7800
2026-06-05 01:10:55 - pino - INFO - Valid samples: 100
2026-06-05 01:10:55 - pino - INFO - Train branch channels: ['x_local', 'y_local', 'wall_mask', 'interface_mask', 'boundary_pressure', 'boundary_u', 'boundary_v', 'known_pressure', 'known_u', 'known_v', 'local_aspect_ratio']
2026-06-05 01:10:55 - pino - INFO - Train trunk channels: ['x_local', 'y_local']
2026-06-05 01:10:55 - pino - INFO - Output channels: ['pressure', 'u', 'v']
2026-06-05 01:10:55 - pino - INFO - Example train sample:
2026-06-05 01:10:55 - pino - INFO - branch: (1024, 11)
2026-06-05 01:10:55 - pino - INFO - query: (6845, 2)
2026-06-05 01:10:55 - pino - INFO - target: (6845, 3)
2026-06-05 01:10:55 - pino - INFO - Train cases: [0, 1, 2, 3, 4, 5, 6, 8, 9, 10, 11, 12, 13, 14, 15, 16, 17, 18, 19, 20, 21, 22, 23, 24, 25, 26, 27, 28, 31, 33, 35, 36, 37, 38, 40, 41, 43, 44, 45, 46, 47, 48, 50, 51, 52, 53, 54, 56, 58, 59, 61, 62, 63, 66, 67, 68, 69, 70, 72, 73, 74, 75, 76, 77, 82, 83, 84, 85, 87, 90, 91, 92, 93, 94, 95, 96, 97, 99]
2026-06-05 01:10:55 - pino - INFO - Valid cases: [7, 32, 39, 49, 64, 71, 78, 79, 88, 89]
2026-06-05 01:10:58 - pino - INFO - Y mean: tensor([ 1.9076e-03,  1.0176e-01, -3.1280e-07])
2026-06-05 01:10:58 - pino - INFO - Y std: tensor([0.0022, 0.0394, 0.0024])
2026-06-05 01:10:58 - pino - INFO - local_aspect_mean: 1.0
2026-06-05 01:10:58 - pino - INFO - local_aspect_std: 0.8211958408355713
2026-06-05 01:10:58 - pino - INFO - branch batch: torch.Size([50, 1024, 11])
2026-06-05 01:10:58 - pino - INFO - query batch: torch.Size([671045, 2])
2026-06-05 01:10:58 - pino - INFO - target batch: torch.Size([671045, 3])
2026-06-05 01:10:58 - pino - INFO - query batch id: tensor(0) tensor(49)
2026-06-05 01:10:58 - pino - INFO - sample indices: tensor([7026, 5775, 5295, 1208, 1621, 4436, 3147, 6634, 5520, 2158, 3151, 5993,
        6290, 1764, 3007, 2448, 2547, 2612, 3035, 3925, 4408,  775, 5367, 1168,
        7587, 1059, 7292, 5736, 6151, 3349, 4976, 1695, 5007, 1023, 3104, 3117,
         919, 7401, 3021, 4247, 6351, 3338,   98, 2658, 6303, 3713, 4722, 4172,
         192, 4241])
2026-06-05 01:11:03 - pino - INFO - {'branch_input_dim': 11, 'trunk_input_dim': 2, 'output_channels': 3, 'latent_dim': 128, 'branch_point_hidden_dim': 128, 'branch_point_depth': 3, 'branch_global_hidden_dim': 128, 'branch_global_depth': 3, 'trunk_hidden_dim': 128, 'trunk_depth': 4, 'aggregation': 'mean', 'activation': 'gelu', 'layer_norm': False}
2026-06-05 01:11:30 - pino - INFO - Epoch 0001 | data loss=6.984e-01 | bc loss=7.206e-01 | valid MSE=1.367e-04 | valid rel L2=1.758e-01 | pressure=2.301e-01, u=1.881e-01, v=9.313e-01 | Time: 0:00:26.716819
2026-06-05 01:14:54 - pino - INFO - Epoch 0010 | data loss=1.815e-01 | bc loss=1.239e-01 | valid MSE=5.656e-05 | valid rel L2=1.088e-01 | pressure=1.125e-01, u=1.204e-01, v=5.675e-01 | Time: 0:03:51.384393
2026-06-05 01:18:42 - pino - INFO - Epoch 0020 | data loss=1.155e-01 | bc loss=6.012e-02 | valid MSE=2.161e-05 | valid rel L2=6.600e-02 | pressure=7.949e-02, u=7.390e-02, v=4.668e-01 | Time: 0:07:38.995074
2026-06-05 01:22:28 - pino - INFO - Epoch 0030 | data loss=9.602e-02 | bc loss=5.188e-02 | valid MSE=1.502e-05 | valid rel L2=5.493e-02 | pressure=6.302e-02, u=6.211e-02, v=3.904e-01 | Time: 0:11:24.984658
2026-06-05 01:26:13 - pino - INFO - Epoch 0040 | data loss=8.139e-02 | bc loss=4.232e-02 | valid MSE=1.692e-05 | valid rel L2=5.716e-02 | pressure=7.826e-02, u=6.613e-02, v=3.827e-01 | Time: 0:15:10.491164
2026-06-05 01:30:00 - pino - INFO - Epoch 0050 | data loss=7.634e-02 | bc loss=3.882e-02 | valid MSE=1.382e-05 | valid rel L2=5.580e-02 | pressure=6.588e-02, u=5.951e-02, v=3.632e-01 | Time: 0:18:57.392881
2026-06-05 01:33:49 - pino - INFO - Epoch 0060 | data loss=7.537e-02 | bc loss=3.883e-02 | valid MSE=1.461e-05 | valid rel L2=5.691e-02 | pressure=6.310e-02, u=6.121e-02, v=3.597e-01 | Time: 0:22:46.124586
2026-06-05 01:37:33 - pino - INFO - Epoch 0070 | data loss=6.613e-02 | bc loss=3.531e-02 | valid MSE=1.225e-05 | valid rel L2=4.974e-02 | pressure=5.758e-02, u=5.587e-02, v=3.439e-01 | Time: 0:26:29.963932
2026-06-05 01:41:14 - pino - INFO - Epoch 0080 | data loss=6.669e-02 | bc loss=3.708e-02 | valid MSE=1.933e-05 | valid rel L2=6.521e-02 | pressure=8.376e-02, u=7.075e-02, v=3.583e-01 | Time: 0:30:10.873290
2026-06-05 01:44:57 - pino - INFO - Epoch 0090 | data loss=5.708e-02 | bc loss=2.769e-02 | valid MSE=9.934e-06 | valid rel L2=4.498e-02 | pressure=4.654e-02, u=5.049e-02, v=3.064e-01 | Time: 0:33:54.277480
2026-06-05 01:48:47 - pino - INFO - Epoch 0100 | data loss=6.356e-02 | bc loss=3.982e-02 | valid MSE=5.415e-05 | valid rel L2=1.139e-01 | pressure=9.528e-02, u=1.199e-01, v=4.305e-01 | Time: 0:37:44.282216
2026-06-05 01:52:34 - pino - INFO - Epoch 0110 | data loss=5.174e-02 | bc loss=2.952e-02 | valid MSE=1.354e-05 | valid rel L2=5.493e-02 | pressure=5.593e-02, u=5.884e-02, v=3.141e-01 | Time: 0:41:30.713127
2026-06-05 01:56:18 - pino - INFO - Epoch 0120 | data loss=5.124e-02 | bc loss=2.931e-02 | valid MSE=8.727e-06 | valid rel L2=4.246e-02 | pressure=4.339e-02, u=4.725e-02, v=2.823e-01 | Time: 0:45:15.238902
2026-06-05 02:00:09 - pino - INFO - Epoch 0130 | data loss=5.065e-02 | bc loss=3.120e-02 | valid MSE=1.193e-05 | valid rel L2=4.629e-02 | pressure=5.907e-02, u=5.547e-02, v=2.967e-01 | Time: 0:49:06.545981
2026-06-05 02:03:53 - pino - INFO - Epoch 0140 | data loss=4.273e-02 | bc loss=2.520e-02 | valid MSE=8.259e-06 | valid rel L2=4.298e-02 | pressure=4.838e-02, u=4.613e-02, v=2.708e-01 | Time: 0:52:50.387056
2026-06-05 02:07:35 - pino - INFO - Epoch 0150 | data loss=3.807e-02 | bc loss=1.988e-02 | valid MSE=1.202e-05 | valid rel L2=5.157e-02 | pressure=4.242e-02, u=5.555e-02, v=2.854e-01 | Time: 0:56:31.882579
2026-06-05 02:11:22 - pino - INFO - Epoch 0160 | data loss=3.850e-02 | bc loss=2.198e-02 | valid MSE=6.164e-06 | valid rel L2=3.516e-02 | pressure=3.789e-02, u=3.965e-02, v=2.551e-01 | Time: 1:00:19.330884
2026-06-05 02:15:11 - pino - INFO - Epoch 0170 | data loss=4.570e-02 | bc loss=2.982e-02 | valid MSE=7.306e-06 | valid rel L2=3.938e-02 | pressure=4.147e-02, u=4.327e-02, v=2.670e-01 | Time: 1:04:08.412144
2026-06-05 02:18:55 - pino - INFO - Epoch 0180 | data loss=3.838e-02 | bc loss=2.420e-02 | valid MSE=9.080e-06 | valid rel L2=4.209e-02 | pressure=5.705e-02, u=4.812e-02, v=2.907e-01 | Time: 1:07:51.818429
2026-06-05 02:22:41 - pino - INFO - Epoch 0190 | data loss=4.016e-02 | bc loss=2.515e-02 | valid MSE=5.502e-06 | valid rel L2=3.303e-02 | pressure=4.131e-02, u=3.751e-02, v=2.525e-01 | Time: 1:11:37.947557
2026-06-05 02:26:26 - pino - INFO - Epoch 0200 | data loss=3.614e-02 | bc loss=2.141e-02 | valid MSE=6.248e-06 | valid rel L2=3.577e-02 | pressure=3.891e-02, u=4.016e-02, v=2.457e-01 | Time: 1:15:23.409451
2026-06-05 02:30:14 - pino - INFO - Epoch 0210 | data loss=3.392e-02 | bc loss=2.160e-02 | valid MSE=5.430e-06 | valid rel L2=3.309e-02 | pressure=4.491e-02, u=3.724e-02, v=2.430e-01 | Time: 1:19:10.992317
2026-06-05 02:33:56 - pino - INFO - Epoch 0220 | data loss=3.505e-02 | bc loss=2.192e-02 | valid MSE=6.105e-06 | valid rel L2=3.404e-02 | pressure=3.955e-02, u=3.957e-02, v=2.505e-01 | Time: 1:22:53.354498
2026-06-05 02:37:43 - pino - INFO - Epoch 0230 | data loss=2.725e-02 | bc loss=1.365e-02 | valid MSE=5.333e-06 | valid rel L2=3.331e-02 | pressure=4.561e-02, u=3.703e-02, v=2.308e-01 | Time: 1:26:39.917262
2026-06-05 02:41:28 - pino - INFO - Epoch 0240 | data loss=3.513e-02 | bc loss=2.319e-02 | valid MSE=5.123e-06 | valid rel L2=3.202e-02 | pressure=4.148e-02, u=3.610e-02, v=2.369e-01 | Time: 1:30:24.937902
2026-06-05 02:45:13 - pino - INFO - Epoch 0250 | data loss=2.843e-02 | bc loss=1.598e-02 | valid MSE=4.411e-06 | valid rel L2=3.038e-02 | pressure=3.751e-02, u=3.355e-02, v=2.222e-01 | Time: 1:34:10.069425
2026-06-05 02:48:58 - pino - INFO - Epoch 0260 | data loss=3.094e-02 | bc loss=1.948e-02 | valid MSE=4.159e-06 | valid rel L2=2.915e-02 | pressure=3.787e-02, u=3.255e-02, v=2.210e-01 | Time: 1:37:55.461396
2026-06-05 02:52:40 - pino - INFO - Epoch 0270 | data loss=2.919e-02 | bc loss=1.882e-02 | valid MSE=5.273e-06 | valid rel L2=3.345e-02 | pressure=4.002e-02, u=3.663e-02, v=2.300e-01 | Time: 1:41:37.150894
2026-06-05 02:56:26 - pino - INFO - Epoch 0280 | data loss=3.047e-02 | bc loss=1.943e-02 | valid MSE=4.611e-06 | valid rel L2=3.007e-02 | pressure=4.162e-02, u=3.449e-02, v=2.212e-01 | Time: 1:45:23.462123
2026-06-05 03:00:14 - pino - INFO - Epoch 0290 | data loss=2.657e-02 | bc loss=1.565e-02 | valid MSE=6.319e-06 | valid rel L2=3.813e-02 | pressure=4.007e-02, u=4.035e-02, v=2.343e-01 | Time: 1:49:11.025765
2026-06-05 03:03:57 - pino - INFO - Epoch 0300 | data loss=2.685e-02 | bc loss=1.617e-02 | valid MSE=3.829e-06 | valid rel L2=2.701e-02 | pressure=3.444e-02, u=3.124e-02, v=2.070e-01 | Time: 1:52:53.823451
2026-06-05 03:07:47 - pino - INFO - Epoch 0310 | data loss=2.896e-02 | bc loss=2.006e-02 | valid MSE=4.341e-06 | valid rel L2=2.920e-02 | pressure=3.741e-02, u=3.334e-02, v=2.159e-01 | Time: 1:56:44.647638
2026-06-05 03:11:31 - pino - INFO - Epoch 0320 | data loss=2.810e-02 | bc loss=1.871e-02 | valid MSE=4.390e-06 | valid rel L2=3.022e-02 | pressure=3.846e-02, u=3.350e-02, v=2.145e-01 | Time: 2:00:28.624093
2026-06-05 03:15:21 - pino - INFO - Epoch 0330 | data loss=2.714e-02 | bc loss=2.025e-02 | valid MSE=6.755e-06 | valid rel L2=3.713e-02 | pressure=5.068e-02, u=4.165e-02, v=2.641e-01 | Time: 2:04:18.413519
2026-06-05 03:19:16 - pino - INFO - Epoch 0340 | data loss=2.609e-02 | bc loss=1.625e-02 | valid MSE=3.371e-06 | valid rel L2=2.593e-02 | pressure=3.322e-02, u=2.932e-02, v=2.006e-01 | Time: 2:08:12.796453
2026-06-05 03:22:59 - pino - INFO - Epoch 0350 | data loss=2.454e-02 | bc loss=1.609e-02 | valid MSE=3.717e-06 | valid rel L2=2.652e-02 | pressure=3.632e-02, u=3.083e-02, v=2.051e-01 | Time: 2:11:56.037119
2026-06-05 03:26:43 - pino - INFO - Epoch 0360 | data loss=2.161e-02 | bc loss=1.331e-02 | valid MSE=3.712e-06 | valid rel L2=2.846e-02 | pressure=3.619e-02, u=3.070e-02, v=2.070e-01 | Time: 2:15:39.796060
2026-06-05 03:30:28 - pino - INFO - Epoch 0370 | data loss=2.192e-02 | bc loss=1.374e-02 | valid MSE=2.989e-06 | valid rel L2=2.406e-02 | pressure=3.299e-02, u=2.763e-02, v=1.995e-01 | Time: 2:19:25.589484
2026-06-05 03:34:13 - pino - INFO - Epoch 0380 | data loss=2.760e-02 | bc loss=1.974e-02 | valid MSE=3.358e-06 | valid rel L2=2.565e-02 | pressure=3.558e-02, u=2.925e-02, v=2.147e-01 | Time: 2:23:10.537174
2026-06-05 03:37:59 - pino - INFO - Epoch 0390 | data loss=2.326e-02 | bc loss=1.701e-02 | valid MSE=3.451e-06 | valid rel L2=2.656e-02 | pressure=3.829e-02, u=2.959e-02, v=2.043e-01 | Time: 2:26:56.666622
2026-06-05 03:41:43 - pino - INFO - Epoch 0400 | data loss=1.917e-02 | bc loss=1.043e-02 | valid MSE=2.959e-06 | valid rel L2=2.347e-02 | pressure=3.167e-02, u=2.748e-02, v=1.948e-01 | Time: 2:30:39.948567
2026-06-05 03:45:26 - pino - INFO - Epoch 0410 | data loss=2.054e-02 | bc loss=1.329e-02 | valid MSE=3.315e-06 | valid rel L2=2.502e-02 | pressure=3.494e-02, u=2.912e-02, v=1.969e-01 | Time: 2:34:23.503429
2026-06-05 03:49:20 - pino - INFO - Epoch 0420 | data loss=2.145e-02 | bc loss=1.361e-02 | valid MSE=3.256e-06 | valid rel L2=2.577e-02 | pressure=3.231e-02, u=2.881e-02, v=1.963e-01 | Time: 2:38:16.834137
2026-06-05 03:53:03 - pino - INFO - Epoch 0430 | data loss=1.903e-02 | bc loss=1.078e-02 | valid MSE=3.050e-06 | valid rel L2=2.415e-02 | pressure=3.213e-02, u=2.788e-02, v=1.916e-01 | Time: 2:42:00.455344
2026-06-05 03:56:51 - pino - INFO - Epoch 0440 | data loss=1.975e-02 | bc loss=1.350e-02 | valid MSE=3.699e-06 | valid rel L2=2.892e-02 | pressure=4.879e-02, u=3.085e-02, v=1.994e-01 | Time: 2:45:47.736931
2026-06-05 04:00:32 - pino - INFO - Epoch 0450 | data loss=2.070e-02 | bc loss=1.380e-02 | valid MSE=4.431e-06 | valid rel L2=3.236e-02 | pressure=3.513e-02, u=3.370e-02, v=2.024e-01 | Time: 2:49:29.623231
2026-06-05 04:04:20 - pino - INFO - Epoch 0460 | data loss=1.688e-02 | bc loss=8.554e-03 | valid MSE=3.474e-06 | valid rel L2=2.616e-02 | pressure=3.356e-02, u=2.970e-02, v=1.953e-01 | Time: 2:53:17.620550
2026-06-05 04:08:09 - pino - INFO - Epoch 0470 | data loss=1.791e-02 | bc loss=1.086e-02 | valid MSE=2.877e-06 | valid rel L2=2.337e-02 | pressure=3.409e-02, u=2.701e-02, v=1.978e-01 | Time: 2:57:06.617722
2026-06-05 04:11:54 - pino - INFO - Epoch 0480 | data loss=2.081e-02 | bc loss=1.429e-02 | valid MSE=2.610e-06 | valid rel L2=2.285e-02 | pressure=3.126e-02, u=2.576e-02, v=1.887e-01 | Time: 3:00:50.706904
2026-06-05 04:15:37 - pino - INFO - Epoch 0490 | data loss=1.677e-02 | bc loss=9.358e-03 | valid MSE=2.515e-06 | valid rel L2=2.230e-02 | pressure=3.726e-02, u=2.519e-02, v=1.874e-01 | Time: 3:04:34.622423
2026-06-05 04:19:19 - pino - INFO - Epoch 0500 | data loss=1.646e-02 | bc loss=1.013e-02 | valid MSE=4.566e-06 | valid rel L2=3.218e-02 | pressure=5.003e-02, u=3.404e-02, v=2.125e-01 | Time: 3:08:15.902604
2026-06-05 04:23:03 - pino - INFO - Epoch 0510 | data loss=1.620e-02 | bc loss=9.261e-03 | valid MSE=2.535e-06 | valid rel L2=2.163e-02 | pressure=3.271e-02, u=2.533e-02, v=1.833e-01 | Time: 3:12:00.069930
2026-06-05 04:26:45 - pino - INFO - Epoch 0520 | data loss=1.903e-02 | bc loss=1.455e-02 | valid MSE=2.315e-06 | valid rel L2=2.132e-02 | pressure=3.337e-02, u=2.415e-02, v=1.993e-01 | Time: 3:15:42.428208
2026-06-05 04:30:28 - pino - INFO - Epoch 0530 | data loss=1.683e-02 | bc loss=1.181e-02 | valid MSE=4.443e-06 | valid rel L2=3.094e-02 | pressure=3.549e-02, u=3.378e-02, v=1.941e-01 | Time: 3:19:25.471216
2026-06-05 04:34:11 - pino - INFO - Epoch 0540 | data loss=1.444e-02 | bc loss=7.253e-03 | valid MSE=2.284e-06 | valid rel L2=2.122e-02 | pressure=2.955e-02, u=2.407e-02, v=1.811e-01 | Time: 3:23:08.058441
2026-06-05 04:37:54 - pino - INFO - Epoch 0550 | data loss=1.418e-02 | bc loss=7.224e-03 | valid MSE=2.407e-06 | valid rel L2=2.171e-02 | pressure=3.201e-02, u=2.464e-02, v=1.786e-01 | Time: 3:26:51.589291
2026-06-05 04:41:39 - pino - INFO - Epoch 0560 | data loss=1.528e-02 | bc loss=9.162e-03 | valid MSE=2.354e-06 | valid rel L2=2.084e-02 | pressure=2.913e-02, u=2.448e-02, v=1.801e-01 | Time: 3:30:36.294563
2026-06-05 04:45:27 - pino - INFO - Epoch 0570 | data loss=1.905e-02 | bc loss=1.497e-02 | valid MSE=2.450e-06 | valid rel L2=2.121e-02 | pressure=2.910e-02, u=2.500e-02, v=1.853e-01 | Time: 3:34:24.035256
2026-06-05 04:49:11 - pino - INFO - Epoch 0580 | data loss=1.409e-02 | bc loss=7.618e-03 | valid MSE=2.299e-06 | valid rel L2=2.143e-02 | pressure=3.106e-02, u=2.410e-02, v=1.787e-01 | Time: 3:38:08.669758
2026-06-05 04:52:54 - pino - INFO - Epoch 0590 | data loss=1.611e-02 | bc loss=1.077e-02 | valid MSE=2.569e-06 | valid rel L2=2.239e-02 | pressure=2.848e-02, u=2.551e-02, v=1.810e-01 | Time: 3:41:50.908548
2026-06-05 04:56:36 - pino - INFO - Epoch 0600 | data loss=1.448e-02 | bc loss=9.494e-03 | valid MSE=3.388e-06 | valid rel L2=2.790e-02 | pressure=3.599e-02, u=2.942e-02, v=1.856e-01 | Time: 3:45:32.735468
2026-06-05 05:00:18 - pino - INFO - Epoch 0610 | data loss=1.347e-02 | bc loss=7.228e-03 | valid MSE=2.222e-06 | valid rel L2=2.042e-02 | pressure=2.927e-02, u=2.369e-02, v=1.777e-01 | Time: 3:49:15.295011
2026-06-05 05:03:58 - pino - INFO - Epoch 0620 | data loss=1.366e-02 | bc loss=7.917e-03 | valid MSE=2.483e-06 | valid rel L2=2.197e-02 | pressure=2.898e-02, u=2.513e-02, v=1.781e-01 | Time: 3:52:55.421286
2026-06-05 05:07:38 - pino - INFO - Epoch 0630 | data loss=1.327e-02 | bc loss=7.387e-03 | valid MSE=2.222e-06 | valid rel L2=2.058e-02 | pressure=2.933e-02, u=2.374e-02, v=1.750e-01 | Time: 3:56:35.330324
2026-06-05 05:11:21 - pino - INFO - Epoch 0640 | data loss=1.343e-02 | bc loss=8.679e-03 | valid MSE=2.012e-06 | valid rel L2=1.923e-02 | pressure=2.768e-02, u=2.256e-02, v=1.713e-01 | Time: 4:00:18.249937
2026-06-05 05:15:07 - pino - INFO - Epoch 0650 | data loss=1.288e-02 | bc loss=7.106e-03 | valid MSE=2.178e-06 | valid rel L2=1.991e-02 | pressure=2.853e-02, u=2.349e-02, v=1.762e-01 | Time: 4:04:04.170091
2026-06-05 05:18:52 - pino - INFO - Epoch 0660 | data loss=1.323e-02 | bc loss=8.050e-03 | valid MSE=2.074e-06 | valid rel L2=1.961e-02 | pressure=2.705e-02, u=2.293e-02, v=1.734e-01 | Time: 4:07:48.805672
2026-06-05 05:22:42 - pino - INFO - Epoch 0670 | data loss=1.234e-02 | bc loss=6.479e-03 | valid MSE=2.067e-06 | valid rel L2=1.966e-02 | pressure=2.764e-02, u=2.290e-02, v=1.711e-01 | Time: 4:11:39.462114
2026-06-05 05:26:26 - pino - INFO - Epoch 0680 | data loss=1.206e-02 | bc loss=6.267e-03 | valid MSE=2.187e-06 | valid rel L2=2.012e-02 | pressure=2.759e-02, u=2.356e-02, v=1.737e-01 | Time: 4:15:23.359362
2026-06-05 05:30:22 - pino - INFO - Epoch 0690 | data loss=1.239e-02 | bc loss=7.280e-03 | valid MSE=2.204e-06 | valid rel L2=2.042e-02 | pressure=2.709e-02, u=2.367e-02, v=1.726e-01 | Time: 4:19:19.035644
2026-06-05 05:34:05 - pino - INFO - Epoch 0700 | data loss=1.216e-02 | bc loss=7.062e-03 | valid MSE=2.285e-06 | valid rel L2=2.027e-02 | pressure=2.712e-02, u=2.409e-02, v=1.738e-01 | Time: 4:23:02.344521
2026-06-05 05:37:48 - pino - INFO - Epoch 0710 | data loss=1.189e-02 | bc loss=6.441e-03 | valid MSE=2.112e-06 | valid rel L2=1.959e-02 | pressure=2.708e-02, u=2.314e-02, v=1.726e-01 | Time: 4:26:44.967315
2026-06-05 05:41:28 - pino - INFO - Epoch 0720 | data loss=1.144e-02 | bc loss=5.714e-03 | valid MSE=2.067e-06 | valid rel L2=1.948e-02 | pressure=2.683e-02, u=2.289e-02, v=1.698e-01 | Time: 4:30:25.380847
2026-06-05 05:45:14 - pino - INFO - Epoch 0730 | data loss=1.135e-02 | bc loss=5.604e-03 | valid MSE=2.162e-06 | valid rel L2=1.986e-02 | pressure=2.696e-02, u=2.344e-02, v=1.718e-01 | Time: 4:34:10.781002
2026-06-05 05:48:57 - pino - INFO - Epoch 0740 | data loss=1.132e-02 | bc loss=5.713e-03 | valid MSE=1.957e-06 | valid rel L2=1.869e-02 | pressure=2.591e-02, u=2.227e-02, v=1.684e-01 | Time: 4:37:54.482068
2026-06-05 05:52:40 - pino - INFO - Epoch 0750 | data loss=1.116e-02 | bc loss=5.581e-03 | valid MSE=1.883e-06 | valid rel L2=1.873e-02 | pressure=2.639e-02, u=2.185e-02, v=1.659e-01 | Time: 4:41:37.275763
2026-06-05 05:56:29 - pino - INFO - Epoch 0760 | data loss=1.111e-02 | bc loss=5.832e-03 | valid MSE=2.097e-06 | valid rel L2=1.956e-02 | pressure=2.641e-02, u=2.307e-02, v=1.711e-01 | Time: 4:45:26.538106
2026-06-05 06:00:10 - pino - INFO - Epoch 0770 | data loss=1.112e-02 | bc loss=5.941e-03 | valid MSE=1.895e-06 | valid rel L2=1.856e-02 | pressure=2.674e-02, u=2.188e-02, v=1.683e-01 | Time: 4:49:07.107957
2026-06-05 06:04:02 - pino - INFO - Epoch 0780 | data loss=1.086e-02 | bc loss=5.398e-03 | valid MSE=1.875e-06 | valid rel L2=1.842e-02 | pressure=2.621e-02, u=2.179e-02, v=1.667e-01 | Time: 4:52:59.129062
2026-06-05 06:08:00 - pino - INFO - Epoch 0790 | data loss=1.085e-02 | bc loss=5.704e-03 | valid MSE=1.944e-06 | valid rel L2=1.863e-02 | pressure=2.595e-02, u=2.221e-02, v=1.677e-01 | Time: 4:56:57.067716
2026-06-05 06:11:52 - pino - INFO - Epoch 0800 | data loss=1.060e-02 | bc loss=5.212e-03 | valid MSE=1.826e-06 | valid rel L2=1.802e-02 | pressure=2.506e-02, u=2.150e-02, v=1.646e-01 | Time: 5:00:48.908296
2026-06-05 06:15:40 - pino - INFO - Epoch 0810 | data loss=1.058e-02 | bc loss=5.282e-03 | valid MSE=1.913e-06 | valid rel L2=1.846e-02 | pressure=2.573e-02, u=2.200e-02, v=1.680e-01 | Time: 5:04:36.907264
2026-06-05 06:19:25 - pino - INFO - Epoch 0820 | data loss=1.071e-02 | bc loss=6.024e-03 | valid MSE=1.797e-06 | valid rel L2=1.831e-02 | pressure=2.510e-02, u=2.134e-02, v=1.636e-01 | Time: 5:08:21.811138
2026-06-05 06:23:10 - pino - INFO - Epoch 0830 | data loss=1.043e-02 | bc loss=5.177e-03 | valid MSE=1.866e-06 | valid rel L2=1.828e-02 | pressure=2.495e-02, u=2.175e-02, v=1.647e-01 | Time: 5:12:07.214476
2026-06-05 06:26:53 - pino - INFO - Epoch 0840 | data loss=1.034e-02 | bc loss=5.000e-03 | valid MSE=1.824e-06 | valid rel L2=1.807e-02 | pressure=2.498e-02, u=2.151e-02, v=1.633e-01 | Time: 5:15:50.582600
2026-06-05 06:30:36 - pino - INFO - Epoch 0850 | data loss=1.029e-02 | bc loss=5.016e-03 | valid MSE=1.859e-06 | valid rel L2=1.812e-02 | pressure=2.495e-02, u=2.170e-02, v=1.650e-01 | Time: 5:19:33.574708
2026-06-05 06:34:23 - pino - INFO - Epoch 0860 | data loss=1.023e-02 | bc loss=4.949e-03 | valid MSE=1.753e-06 | valid rel L2=1.763e-02 | pressure=2.489e-02, u=2.106e-02, v=1.628e-01 | Time: 5:23:19.729853
2026-06-05 06:38:02 - pino - INFO - Epoch 0870 | data loss=1.017e-02 | bc loss=4.912e-03 | valid MSE=1.810e-06 | valid rel L2=1.789e-02 | pressure=2.476e-02, u=2.140e-02, v=1.632e-01 | Time: 5:26:59.263089
2026-06-05 06:41:40 - pino - INFO - Epoch 0880 | data loss=1.012e-02 | bc loss=4.914e-03 | valid MSE=1.864e-06 | valid rel L2=1.809e-02 | pressure=2.475e-02, u=2.172e-02, v=1.643e-01 | Time: 5:30:37.637652
2026-06-05 06:45:18 - pino - INFO - Epoch 0890 | data loss=1.009e-02 | bc loss=4.875e-03 | valid MSE=1.802e-06 | valid rel L2=1.783e-02 | pressure=2.461e-02, u=2.136e-02, v=1.633e-01 | Time: 5:34:14.795776
2026-06-05 06:48:53 - pino - INFO - Epoch 0900 | data loss=1.005e-02 | bc loss=4.867e-03 | valid MSE=1.814e-06 | valid rel L2=1.789e-02 | pressure=2.472e-02, u=2.142e-02, v=1.637e-01 | Time: 5:37:50.056037
2026-06-05 06:52:31 - pino - INFO - Epoch 0910 | data loss=1.003e-02 | bc loss=4.831e-03 | valid MSE=1.815e-06 | valid rel L2=1.788e-02 | pressure=2.475e-02, u=2.143e-02, v=1.629e-01 | Time: 5:41:28.526655
2026-06-05 06:56:07 - pino - INFO - Epoch 0920 | data loss=9.987e-03 | bc loss=4.809e-03 | valid MSE=1.785e-06 | valid rel L2=1.769e-02 | pressure=2.487e-02, u=2.124e-02, v=1.630e-01 | Time: 5:45:03.999089
2026-06-05 06:59:50 - pino - INFO - Epoch 0930 | data loss=9.980e-03 | bc loss=4.774e-03 | valid MSE=1.809e-06 | valid rel L2=1.786e-02 | pressure=2.462e-02, u=2.140e-02, v=1.629e-01 | Time: 5:48:47.101056
2026-06-05 07:03:27 - pino - INFO - Epoch 0940 | data loss=9.955e-03 | bc loss=4.764e-03 | valid MSE=1.799e-06 | valid rel L2=1.778e-02 | pressure=2.463e-02, u=2.134e-02, v=1.628e-01 | Time: 5:52:23.829859
2026-06-05 07:07:02 - pino - INFO - Epoch 0950 | data loss=9.931e-03 | bc loss=4.763e-03 | valid MSE=1.788e-06 | valid rel L2=1.773e-02 | pressure=2.455e-02, u=2.127e-02, v=1.625e-01 | Time: 5:55:59.484202
2026-06-05 07:10:38 - pino - INFO - Epoch 0960 | data loss=9.928e-03 | bc loss=4.754e-03 | valid MSE=1.806e-06 | valid rel L2=1.782e-02 | pressure=2.452e-02, u=2.138e-02, v=1.626e-01 | Time: 5:59:35.513317
2026-06-05 07:14:15 - pino - INFO - Epoch 0970 | data loss=9.910e-03 | bc loss=4.749e-03 | valid MSE=1.798e-06 | valid rel L2=1.778e-02 | pressure=2.449e-02, u=2.133e-02, v=1.624e-01 | Time: 6:03:11.680801
2026-06-05 07:17:52 - pino - INFO - Epoch 0980 | data loss=9.910e-03 | bc loss=4.740e-03 | valid MSE=1.798e-06 | valid rel L2=1.777e-02 | pressure=2.449e-02, u=2.133e-02, v=1.624e-01 | Time: 6:06:49.465801
2026-06-05 07:21:30 - pino - INFO - Epoch 0990 | data loss=9.906e-03 | bc loss=4.737e-03 | valid MSE=1.795e-06 | valid rel L2=1.775e-02 | pressure=2.452e-02, u=2.131e-02, v=1.623e-01 | Time: 6:10:26.856406
2026-06-05 07:25:06 - pino - INFO - Epoch 1000 | data loss=9.904e-03 | bc loss=4.733e-03 | valid MSE=1.794e-06 | valid rel L2=1.775e-02 | pressure=2.451e-02, u=2.131e-02, v=1.623e-01 | Time: 6:14:03.541787
2026-06-05 07:25:06 - pino - INFO - Best validation relative L2: 0.017622091807425022
2026-06-05 07:25:06 - pino - INFO - Saved: results/060426_2/checkpoint.pt
2026-06-05 07:25:07 - pino - INFO - Loaded: results/060426_2/checkpoint.pt
2026-06-05 07:25:24 - pino - INFO - Total plotted points: 130420
2026-06-05 07:25:24 - pino - INFO - x range: 0.5217617 1499.5233
2026-06-05 07:25:24 - pino - INFO - y range: -11.844161 161.80336
2026-06-05 07:26:49 - pino - INFO - Test samples: 90
2026-06-05 07:26:49 - pino - INFO - Test cases: [30, 34, 42, 55, 57, 60, 80, 81, 98]
2026-06-05 07:26:49 - pino - INFO - Total plotted points: 132862
2026-06-05 07:26:49 - pino - INFO - x range: 0.5019398 1499.4484
2026-06-05 07:26:49 - pino - INFO - y range: -11.252104 161.22148
2026-06-05 07:27:19 - pino - INFO - Total plotted points: 129028
2026-06-05 07:27:19 - pino - INFO - x range: 0.56267124 1499.488
2026-06-05 07:27:19 - pino - INFO - y range: -10.022112 160.03958
2026-06-05 07:27:48 - pino - INFO - Total plotted points: 136690
2026-06-05 07:27:48 - pino - INFO - x range: 0.53087693 1499.4835
2026-06-05 07:27:48 - pino - INFO - y range: -13.978547 163.96983
2026-06-05 07:28:18 - pino - INFO - Total plotted points: 133527
2026-06-05 07:28:18 - pino - INFO - x range: 0.5242413 1499.4761
2026-06-05 07:28:18 - pino - INFO - y range: -14.095578 164.0994
2026-06-05 07:28:49 - pino - INFO - Total plotted points: 124259
2026-06-05 07:28:49 - pino - INFO - x range: 0.53953 1499.5127
2026-06-05 07:28:49 - pino - INFO - y range: -12.455802 162.45503
2026-06-05 07:29:17 - pino - INFO - Total plotted points: 123467
2026-06-05 07:29:17 - pino - INFO - x range: 0.5243515 1499.462
2026-06-05 07:29:17 - pino - INFO - y range: -6.0795636 156.0723
2026-06-05 07:29:45 - pino - INFO - Total plotted points: 128072
2026-06-05 07:29:45 - pino - INFO - x range: 0.49480632 1499.536
2026-06-05 07:29:45 - pino - INFO - y range: -10.132288 160.12827
2026-06-05 07:30:14 - pino - INFO - Total plotted points: 130094
2026-06-05 07:30:14 - pino - INFO - x range: 0.5372482 1499.4839
2026-06-05 07:30:14 - pino - INFO - y range: -13.084702 163.0375
2026-06-05 07:30:44 - pino - INFO - Total plotted points: 136984
2026-06-05 07:30:44 - pino - INFO - x range: 0.54021955 1499.476
2026-06-05 07:30:44 - pino - INFO - y range: -14.088887 164.10744
2026-06-05 09:50:13 - pino - INFO - Total plotted points: 130420
2026-06-05 09:50:13 - pino - INFO - x range: 0.5217617 1499.5233
2026-06-05 09:50:13 - pino - INFO - y range: -11.844161 161.80336
2026-06-05 09:50:45 - pino - INFO - Total plotted points: 129362
2026-06-05 09:50:45 - pino - INFO - x range: 0.51526135 1499.478
2026-06-05 09:50:45 - pino - INFO - y range: -10.444407 160.40794
2026-06-05 09:51:16 - pino - INFO - Total plotted points: 133380
2026-06-05 09:51:16 - pino - INFO - x range: 0.5429305 1499.4993
2026-06-05 09:51:16 - pino - INFO - y range: -13.169763 163.16861
2026-06-05 09:51:48 - pino - INFO - Total plotted points: 133013
2026-06-05 09:51:48 - pino - INFO - x range: 0.49476823 1499.4996
2026-06-05 09:51:48 - pino - INFO - y range: -13.61573 163.62933
2026-06-05 09:52:18 - pino - INFO - Total plotted points: 130961
2026-06-05 09:52:18 - pino - INFO - x range: 0.5329 1499.4662
2026-06-05 09:52:18 - pino - INFO - y range: -14.232879 164.23479
2026-06-05 09:52:47 - pino - INFO - Total plotted points: 123277
2026-06-05 09:52:47 - pino - INFO - x range: 0.5346086 1499.4857
2026-06-05 09:52:47 - pino - INFO - y range: -7.741029 157.78273
2026-06-05 09:53:16 - pino - INFO - Total plotted points: 136499
2026-06-05 09:53:16 - pino - INFO - x range: 0.5037642 1499.4736
2026-06-05 09:53:16 - pino - INFO - y range: -12.572839 162.55254
2026-06-05 09:53:46 - pino - INFO - Total plotted points: 145341
2026-06-05 09:53:46 - pino - INFO - x range: 0.5376634 1499.4445
2026-06-05 09:53:46 - pino - INFO - y range: -13.943932 163.95926
2026-06-05 09:54:18 - pino - INFO - Total plotted points: 119514
2026-06-05 09:54:18 - pino - INFO - x range: 0.51960963 1499.5073
2026-06-05 09:54:18 - pino - INFO - y range: -7.1841965 157.15227
2026-06-05 09:54:46 - pino - INFO - Total plotted points: 129776
2026-06-05 09:54:46 - pino - INFO - x range: 0.48131537 1499.5349
2026-06-05 09:54:46 - pino - INFO - y range: -12.951571 162.94928
