2026-06-29 17:05:41 - pino - INFO - Training comment
2026-06-29 17:05:41 - pino - INFO - No scheduler test, 10 subdomain 10 realizations, random interface. 100 cases. File deeponet copy
2026-06-29 17:05:41 - pino - INFO - Available cases (100):
2026-06-29 17:05:41 - pino - INFO - [0, 1, 2, 3, 4, 5, 6, 7, 8, 9, 10, 11, 12, 13, 14, 15, 16, 17, 18, 19, 20, 21, 22, 23, 24, 25, 26, 27, 28, 29, 30, 31, 32, 33, 34, 35, 36, 37, 38, 39, 40, 41, 42, 43, 44, 45, 46, 47, 48, 49, 50, 51, 52, 53, 54, 55, 56, 57, 58, 59, 60, 61, 62, 63, 64, 65, 66, 67, 68, 69, 70, 71, 72, 73, 74, 75, 76, 77, 78, 79, 80, 81, 82, 83, 84, 85, 86, 87, 88, 89, 90, 91, 92, 93, 94, 95, 96, 97, 98, 99]
2026-06-29 17:05:41 - pino - INFO - Train cases (80): ['channel_00', 'channel_01', 'channel_02', 'channel_04', 'channel_05', 'channel_06', 'channel_07', 'channel_08', 'channel_10', 'channel_12', 'channel_13', 'channel_15', 'channel_17', 'channel_19', 'channel_21', 'channel_22', 'channel_24', 'channel_26', 'channel_27', 'channel_28', 'channel_30', 'channel_31', 'channel_32', 'channel_33', 'channel_34', 'channel_36', 'channel_37', 'channel_38', 'channel_39', 'channel_40', 'channel_41', 'channel_42', 'channel_44', 'channel_45', 'channel_46', 'channel_47', 'channel_48', 'channel_50', 'channel_51', 'channel_53', 'channel_54', 'channel_56', 'channel_57', 'channel_59', 'channel_60', 'channel_61', 'channel_62', 'channel_63', 'channel_64', 'channel_65', 'channel_66', 'channel_67', 'channel_68', 'channel_70', 'channel_71', 'channel_72', 'channel_74', 'channel_75', 'channel_77', 'channel_78', 'channel_79', 'channel_80', 'channel_81', 'channel_82', 'channel_83', 'channel_84', 'channel_85', 'channel_86', 'channel_87', 'channel_88', 'channel_89', 'channel_90', 'channel_91', 'channel_92', 'channel_93', 'channel_94', 'channel_95', 'channel_96', 'channel_98', 'channel_99']
2026-06-29 17:05:41 - pino - INFO - Valid cases (10): ['channel_09', 'channel_11', 'channel_16', 'channel_18', 'channel_20', 'channel_23', 'channel_29', 'channel_35', 'channel_43', 'channel_76']
2026-06-29 17:05:41 - pino - INFO - Test  cases (10): ['channel_03', 'channel_14', 'channel_25', 'channel_49', 'channel_52', 'channel_55', 'channel_58', 'channel_69', 'channel_73', 'channel_97']
2026-06-29 19:29:42 - pino - INFO - Train samples: 8000
2026-06-29 19:29:42 - pino - INFO - Valid samples: 100
2026-06-29 19:29:42 - pino - INFO - Train branch channels: ['x_local', 'y_local', 'wall_mask', 'interface_mask', 'boundary_pressure', 'boundary_u', 'boundary_v', 'known_pressure', 'known_u', 'known_v', 'local_aspect_ratio']
2026-06-29 19:29:42 - pino - INFO - Train trunk channels: ['x_local', 'y_local']
2026-06-29 19:29:42 - pino - INFO - Output channels: ['pressure', 'u', 'v']
2026-06-29 19:29:42 - pino - INFO - Example train sample:
2026-06-29 19:29:42 - pino - INFO - branch: (1024, 11)
2026-06-29 19:29:42 - pino - INFO - query: (12268, 2)
2026-06-29 19:29:42 - pino - INFO - target: (12268, 3)
2026-06-29 19:29:43 - pino - INFO - Train cases: [0, 1, 2, 4, 5, 6, 7, 8, 10, 12, 13, 15, 17, 19, 21, 22, 24, 26, 27, 28, 30, 31, 32, 33, 34, 36, 37, 38, 39, 40, 41, 42, 44, 45, 46, 47, 48, 50, 51, 53, 54, 56, 57, 59, 60, 61, 62, 63, 64, 65, 66, 67, 68, 70, 71, 72, 74, 75, 77, 78, 79, 80, 81, 82, 83, 84, 85, 86, 87, 88, 89, 90, 91, 92, 93, 94, 95, 96, 98, 99]
2026-06-29 19:29:43 - pino - INFO - Valid cases: [9, 11, 16, 18, 20, 23, 29, 35, 43, 76]
2026-06-29 19:29:46 - pino - INFO - Y mean: tensor([ 6.3925e+02,  1.0017e+00, -1.2696e-05])
2026-06-29 19:29:46 - pino - INFO - Y std: tensor([4.1504e+02, 4.2805e-01, 2.2184e-02])
2026-06-29 19:29:46 - pino - INFO - local_aspect_mean: 1.0
2026-06-29 19:29:46 - pino - INFO - local_aspect_std: 0.8224277496337891
2026-06-29 19:29:47 - pino - INFO - branch batch: torch.Size([50, 1024, 11])
2026-06-29 19:29:47 - pino - INFO - query batch: torch.Size([1225875, 2])
2026-06-29 19:29:47 - pino - INFO - target batch: torch.Size([1225875, 3])
2026-06-29 19:29:47 - pino - INFO - query batch id: tensor(0) tensor(49)
2026-06-29 19:29:47 - pino - INFO - sample indices: tensor([7226,   72, 7865, 1312, 4485, 1301,  771, 3774, 1648, 1242, 4281, 6456,
        1766, 2673, 2809, 5218, 5811, 1282, 1259, 3348, 6148,  315, 2411, 6341,
        5227, 7809, 5036, 5123, 4883, 5172, 4926, 1584,  343, 4365, 7100, 3947,
        6879, 2735,  231, 3038,  911, 5536, 4052,   57, 7051,  658, 5496, 4708,
        4424, 6193])
2026-06-29 19:29:48 - pino - INFO - {'branch_input_dim': 11, 'trunk_input_dim': 2, 'output_channels': 3, 'latent_dim': 128, 'branch_point_hidden_dim': 128, 'branch_point_depth': 3, 'branch_global_hidden_dim': 128, 'branch_global_depth': 3, 'trunk_hidden_dim': 128, 'trunk_depth': 4, 'aggregation': 'mean', 'activation': 'gelu', 'layer_norm': False}
2026-06-29 19:30:36 - pino - INFO - Epoch 0001 | data loss=6.357e-01 | bc loss=5.293e-01 | valid MSE=2.637e-01 | valid rel L2=3.471e-01 | pressure=1.061e-01, u=9.448e-02, v=7.915e-01 | Time: 0:00:48.115217
2026-06-29 19:36:15 - pino - INFO - Epoch 0010 | data loss=1.217e-01 | bc loss=6.553e-02 | valid MSE=9.408e-02 | valid rel L2=2.158e-01 | pressure=6.463e-02, u=5.921e-02, v=5.899e-01 | Time: 0:06:26.191884
2026-06-29 19:42:24 - pino - INFO - Epoch 0020 | data loss=7.322e-02 | bc loss=4.146e-02 | valid MSE=6.193e-02 | valid rel L2=1.851e-01 | pressure=5.680e-02, u=4.624e-02, v=5.042e-01 | Time: 0:12:35.161259
2026-06-29 19:48:50 - pino - INFO - Epoch 0030 | data loss=4.789e-02 | bc loss=2.184e-02 | valid MSE=4.514e-02 | valid rel L2=1.473e-01 | pressure=4.782e-02, u=3.335e-02, v=4.614e-01 | Time: 0:19:01.824507
2026-06-29 19:55:02 - pino - INFO - Epoch 0040 | data loss=3.621e-02 | bc loss=1.780e-02 | valid MSE=3.206e-02 | valid rel L2=1.257e-01 | pressure=4.226e-02, u=3.138e-02, v=3.991e-01 | Time: 0:25:14.019055
2026-06-29 20:01:13 - pino - INFO - Epoch 0050 | data loss=3.281e-02 | bc loss=1.619e-02 | valid MSE=2.819e-02 | valid rel L2=1.183e-01 | pressure=3.986e-02, u=2.945e-02, v=3.836e-01 | Time: 0:31:24.698179
2026-06-29 20:07:32 - pino - INFO - Epoch 0060 | data loss=2.943e-02 | bc loss=1.194e-02 | valid MSE=2.595e-02 | valid rel L2=1.206e-01 | pressure=3.774e-02, u=2.808e-02, v=3.660e-01 | Time: 0:37:43.749189
2026-06-29 20:13:51 - pino - INFO - Epoch 0070 | data loss=2.378e-02 | bc loss=9.459e-03 | valid MSE=3.600e-02 | valid rel L2=1.383e-01 | pressure=4.676e-02, u=3.234e-02, v=4.192e-01 | Time: 0:44:03.108337
2026-06-29 20:20:02 - pino - INFO - Epoch 0080 | data loss=1.958e-02 | bc loss=6.525e-03 | valid MSE=2.162e-02 | valid rel L2=1.091e-01 | pressure=3.655e-02, u=2.548e-02, v=3.381e-01 | Time: 0:50:13.670297
2026-06-29 20:26:15 - pino - INFO - Epoch 0090 | data loss=1.947e-02 | bc loss=7.426e-03 | valid MSE=1.929e-02 | valid rel L2=1.054e-01 | pressure=3.291e-02, u=2.516e-02, v=3.288e-01 | Time: 0:56:26.154127
2026-06-29 20:32:29 - pino - INFO - Epoch 0100 | data loss=1.789e-02 | bc loss=7.406e-03 | valid MSE=2.090e-02 | valid rel L2=1.218e-01 | pressure=3.377e-02, u=3.036e-02, v=3.308e-01 | Time: 1:02:40.629391
2026-06-29 20:38:47 - pino - INFO - Epoch 0110 | data loss=1.651e-02 | bc loss=6.060e-03 | valid MSE=1.602e-02 | valid rel L2=9.458e-02 | pressure=3.000e-02, u=2.236e-02, v=3.031e-01 | Time: 1:08:58.403055
2026-06-29 20:44:57 - pino - INFO - Epoch 0120 | data loss=1.457e-02 | bc loss=5.944e-03 | valid MSE=2.075e-02 | valid rel L2=1.085e-01 | pressure=3.637e-02, u=3.151e-02, v=3.184e-01 | Time: 1:15:08.524287
2026-06-29 20:51:08 - pino - INFO - Epoch 0130 | data loss=1.274e-02 | bc loss=4.148e-03 | valid MSE=1.538e-02 | valid rel L2=9.032e-02 | pressure=3.143e-02, u=2.516e-02, v=2.935e-01 | Time: 1:21:19.678252
2026-06-29 20:57:20 - pino - INFO - Epoch 0140 | data loss=1.566e-02 | bc loss=8.085e-03 | valid MSE=2.302e-02 | valid rel L2=1.110e-01 | pressure=3.807e-02, u=3.689e-02, v=3.154e-01 | Time: 1:27:31.567598
2026-06-29 21:03:33 - pino - INFO - Epoch 0150 | data loss=1.132e-02 | bc loss=3.669e-03 | valid MSE=1.441e-02 | valid rel L2=8.396e-02 | pressure=2.617e-02, u=1.942e-02, v=2.930e-01 | Time: 1:33:44.186974
2026-06-29 21:09:43 - pino - INFO - Epoch 0160 | data loss=1.100e-02 | bc loss=3.608e-03 | valid MSE=1.478e-02 | valid rel L2=9.697e-02 | pressure=2.595e-02, u=1.892e-02, v=2.904e-01 | Time: 1:39:54.731481
2026-06-29 21:15:56 - pino - INFO - Epoch 0170 | data loss=1.066e-02 | bc loss=3.751e-03 | valid MSE=1.285e-02 | valid rel L2=7.543e-02 | pressure=2.426e-02, u=1.868e-02, v=2.832e-01 | Time: 1:46:08.008510
2026-06-29 21:22:14 - pino - INFO - Epoch 0180 | data loss=9.540e-03 | bc loss=2.719e-03 | valid MSE=1.229e-02 | valid rel L2=7.990e-02 | pressure=2.363e-02, u=2.045e-02, v=2.758e-01 | Time: 1:52:25.355383
2026-06-29 21:28:23 - pino - INFO - Epoch 0190 | data loss=9.785e-03 | bc loss=3.422e-03 | valid MSE=1.341e-02 | valid rel L2=8.535e-02 | pressure=2.686e-02, u=1.883e-02, v=2.897e-01 | Time: 1:58:34.810212
2026-06-29 21:34:40 - pino - INFO - Epoch 0200 | data loss=9.636e-03 | bc loss=3.807e-03 | valid MSE=1.168e-02 | valid rel L2=7.490e-02 | pressure=2.474e-02, u=1.816e-02, v=2.777e-01 | Time: 2:04:51.448762
2026-06-29 21:40:50 - pino - INFO - Epoch 0210 | data loss=9.060e-03 | bc loss=3.400e-03 | valid MSE=1.314e-02 | valid rel L2=8.352e-02 | pressure=2.990e-02, u=1.997e-02, v=2.903e-01 | Time: 2:11:01.208173
2026-06-29 21:47:03 - pino - INFO - Epoch 0220 | data loss=8.725e-03 | bc loss=3.101e-03 | valid MSE=1.063e-02 | valid rel L2=6.990e-02 | pressure=2.453e-02, u=1.762e-02, v=2.645e-01 | Time: 2:17:14.764875
2026-06-29 21:53:19 - pino - INFO - Epoch 0230 | data loss=8.226e-03 | bc loss=3.455e-03 | valid MSE=9.167e-03 | valid rel L2=6.446e-02 | pressure=1.945e-02, u=1.580e-02, v=2.422e-01 | Time: 2:23:30.935321
2026-06-29 21:59:30 - pino - INFO - Epoch 0240 | data loss=7.115e-03 | bc loss=2.152e-03 | valid MSE=1.019e-02 | valid rel L2=6.880e-02 | pressure=2.542e-02, u=1.684e-02, v=2.594e-01 | Time: 2:29:41.168613
2026-06-29 22:05:42 - pino - INFO - Epoch 0250 | data loss=6.606e-03 | bc loss=2.059e-03 | valid MSE=8.387e-03 | valid rel L2=6.404e-02 | pressure=2.002e-02, u=1.588e-02, v=2.285e-01 | Time: 2:35:53.823943
2026-06-29 22:11:55 - pino - INFO - Epoch 0260 | data loss=7.327e-03 | bc loss=3.101e-03 | valid MSE=7.486e-03 | valid rel L2=6.136e-02 | pressure=1.887e-02, u=1.499e-02, v=2.158e-01 | Time: 2:42:06.578327
2026-06-29 22:18:03 - pino - INFO - Epoch 0270 | data loss=5.688e-03 | bc loss=1.907e-03 | valid MSE=8.129e-03 | valid rel L2=6.531e-02 | pressure=1.807e-02, u=1.498e-02, v=2.235e-01 | Time: 2:48:14.736464
2026-06-29 22:24:16 - pino - INFO - Epoch 0280 | data loss=6.120e-03 | bc loss=2.150e-03 | valid MSE=8.188e-03 | valid rel L2=6.533e-02 | pressure=1.961e-02, u=1.513e-02, v=2.255e-01 | Time: 2:54:27.252817
2026-06-29 22:30:31 - pino - INFO - Epoch 0290 | data loss=6.618e-03 | bc loss=3.542e-03 | valid MSE=7.806e-03 | valid rel L2=7.147e-02 | pressure=2.213e-02, u=1.616e-02, v=2.091e-01 | Time: 3:00:42.180149
2026-06-29 22:36:41 - pino - INFO - Epoch 0300 | data loss=5.164e-03 | bc loss=1.839e-03 | valid MSE=6.775e-03 | valid rel L2=6.179e-02 | pressure=1.671e-02, u=1.466e-02, v=2.027e-01 | Time: 3:06:52.731435
2026-06-29 22:42:59 - pino - INFO - Epoch 0310 | data loss=4.936e-03 | bc loss=1.706e-03 | valid MSE=6.185e-03 | valid rel L2=5.707e-02 | pressure=1.562e-02, u=1.343e-02, v=1.971e-01 | Time: 3:13:10.631233
2026-06-29 22:49:18 - pino - INFO - Epoch 0320 | data loss=5.006e-03 | bc loss=1.847e-03 | valid MSE=6.229e-03 | valid rel L2=5.727e-02 | pressure=1.597e-02, u=1.294e-02, v=1.964e-01 | Time: 3:19:29.922621
2026-06-29 22:55:29 - pino - INFO - Epoch 0330 | data loss=4.796e-03 | bc loss=1.711e-03 | valid MSE=6.208e-03 | valid rel L2=6.086e-02 | pressure=1.592e-02, u=1.304e-02, v=1.940e-01 | Time: 3:25:40.608046
2026-06-29 23:01:45 - pino - INFO - Epoch 0340 | data loss=4.752e-03 | bc loss=1.884e-03 | valid MSE=5.770e-03 | valid rel L2=5.180e-02 | pressure=1.615e-02, u=1.263e-02, v=1.923e-01 | Time: 3:31:56.828377
2026-06-29 23:07:54 - pino - INFO - Epoch 0350 | data loss=4.284e-03 | bc loss=1.742e-03 | valid MSE=6.759e-03 | valid rel L2=6.124e-02 | pressure=1.821e-02, u=1.796e-02, v=1.930e-01 | Time: 3:38:05.537514
2026-06-29 23:14:05 - pino - INFO - Epoch 0360 | data loss=4.625e-03 | bc loss=2.122e-03 | valid MSE=5.762e-03 | valid rel L2=5.653e-02 | pressure=1.851e-02, u=1.145e-02, v=1.854e-01 | Time: 3:44:17.090407
2026-06-29 23:20:15 - pino - INFO - Epoch 0370 | data loss=4.515e-03 | bc loss=1.933e-03 | valid MSE=5.579e-03 | valid rel L2=4.900e-02 | pressure=1.309e-02, u=1.208e-02, v=1.962e-01 | Time: 3:50:26.559730
2026-06-29 23:26:40 - pino - INFO - Epoch 0380 | data loss=4.079e-03 | bc loss=1.731e-03 | valid MSE=6.682e-03 | valid rel L2=6.720e-02 | pressure=1.455e-02, u=1.217e-02, v=1.986e-01 | Time: 3:56:51.668329
2026-06-29 23:33:00 - pino - INFO - Epoch 0390 | data loss=4.417e-03 | bc loss=2.002e-03 | valid MSE=5.403e-03 | valid rel L2=5.130e-02 | pressure=1.417e-02, u=1.300e-02, v=1.835e-01 | Time: 4:03:11.291739
2026-06-29 23:39:09 - pino - INFO - Epoch 0400 | data loss=4.088e-03 | bc loss=1.995e-03 | valid MSE=6.629e-03 | valid rel L2=6.404e-02 | pressure=1.664e-02, u=1.767e-02, v=1.866e-01 | Time: 4:09:20.876680
2026-06-29 23:45:25 - pino - INFO - Epoch 0410 | data loss=3.809e-03 | bc loss=1.819e-03 | valid MSE=5.229e-03 | valid rel L2=5.308e-02 | pressure=1.275e-02, u=1.182e-02, v=1.793e-01 | Time: 4:15:36.686396
2026-06-29 23:51:35 - pino - INFO - Epoch 0420 | data loss=3.763e-03 | bc loss=1.898e-03 | valid MSE=5.223e-03 | valid rel L2=5.221e-02 | pressure=1.414e-02, u=1.139e-02, v=1.778e-01 | Time: 4:21:46.623986
2026-06-29 23:57:45 - pino - INFO - Epoch 0430 | data loss=3.526e-03 | bc loss=1.359e-03 | valid MSE=4.260e-03 | valid rel L2=4.721e-02 | pressure=1.455e-02, u=1.102e-02, v=1.642e-01 | Time: 4:27:56.832852
2026-06-30 00:04:00 - pino - INFO - Epoch 0440 | data loss=3.223e-03 | bc loss=1.193e-03 | valid MSE=4.847e-03 | valid rel L2=5.111e-02 | pressure=1.387e-02, u=1.244e-02, v=1.714e-01 | Time: 4:34:11.258273
2026-06-30 00:10:07 - pino - INFO - Epoch 0450 | data loss=3.201e-03 | bc loss=1.240e-03 | valid MSE=4.457e-03 | valid rel L2=4.986e-02 | pressure=1.583e-02, u=1.105e-02, v=1.647e-01 | Time: 4:40:18.171812
2026-06-30 00:16:16 - pino - INFO - Epoch 0460 | data loss=3.356e-03 | bc loss=1.396e-03 | valid MSE=4.366e-03 | valid rel L2=4.369e-02 | pressure=1.447e-02, u=1.101e-02, v=1.718e-01 | Time: 4:46:27.660968
2026-06-30 00:22:23 - pino - INFO - Epoch 0470 | data loss=3.027e-03 | bc loss=1.029e-03 | valid MSE=4.185e-03 | valid rel L2=4.331e-02 | pressure=1.330e-02, u=1.024e-02, v=1.666e-01 | Time: 4:52:34.672513
2026-06-30 00:28:41 - pino - INFO - Epoch 0480 | data loss=2.938e-03 | bc loss=9.741e-04 | valid MSE=5.357e-03 | valid rel L2=5.518e-02 | pressure=1.627e-02, u=1.579e-02, v=1.732e-01 | Time: 4:58:52.566870
2026-06-30 00:34:48 - pino - INFO - Epoch 0490 | data loss=2.839e-03 | bc loss=1.070e-03 | valid MSE=4.443e-03 | valid rel L2=4.845e-02 | pressure=1.363e-02, u=1.000e-02, v=1.698e-01 | Time: 5:04:59.163684
2026-06-30 00:40:54 - pino - INFO - Epoch 0500 | data loss=2.807e-03 | bc loss=1.005e-03 | valid MSE=4.381e-03 | valid rel L2=5.119e-02 | pressure=1.219e-02, u=9.554e-03, v=1.632e-01 | Time: 5:11:05.728028
2026-06-30 00:47:23 - pino - INFO - Epoch 0510 | data loss=3.946e-03 | bc loss=2.319e-03 | valid MSE=5.007e-03 | valid rel L2=4.814e-02 | pressure=1.432e-02, u=1.132e-02, v=1.751e-01 | Time: 5:17:34.824591
2026-06-30 00:53:32 - pino - INFO - Epoch 0520 | data loss=3.451e-03 | bc loss=1.849e-03 | valid MSE=9.220e-03 | valid rel L2=7.375e-02 | pressure=1.870e-02, u=2.457e-02, v=1.906e-01 | Time: 5:23:43.658992
2026-06-30 00:59:41 - pino - INFO - Epoch 0530 | data loss=2.615e-03 | bc loss=9.213e-04 | valid MSE=5.042e-03 | valid rel L2=4.530e-02 | pressure=1.394e-02, u=1.098e-02, v=1.715e-01 | Time: 5:29:52.180204
2026-06-30 01:05:49 - pino - INFO - Epoch 0540 | data loss=2.601e-03 | bc loss=9.532e-04 | valid MSE=4.911e-03 | valid rel L2=4.888e-02 | pressure=1.604e-02, u=1.198e-02, v=1.813e-01 | Time: 5:36:00.980837
2026-06-30 01:12:12 - pino - INFO - Epoch 0550 | data loss=3.160e-03 | bc loss=1.697e-03 | valid MSE=5.521e-03 | valid rel L2=5.675e-02 | pressure=1.411e-02, u=1.131e-02, v=1.768e-01 | Time: 5:42:23.289450
2026-06-30 01:18:23 - pino - INFO - Epoch 0560 | data loss=3.303e-03 | bc loss=1.916e-03 | valid MSE=4.079e-03 | valid rel L2=4.857e-02 | pressure=1.325e-02, u=1.105e-02, v=1.578e-01 | Time: 5:48:34.318573
2026-06-30 01:24:31 - pino - INFO - Epoch 0570 | data loss=5.144e-03 | bc loss=3.169e-03 | valid MSE=4.458e-03 | valid rel L2=4.507e-02 | pressure=1.318e-02, u=1.145e-02, v=1.691e-01 | Time: 5:54:42.994854
2026-06-30 01:30:43 - pino - INFO - Epoch 0580 | data loss=2.740e-03 | bc loss=1.216e-03 | valid MSE=3.724e-03 | valid rel L2=4.195e-02 | pressure=1.329e-02, u=1.006e-02, v=1.524e-01 | Time: 6:00:54.849220
2026-06-30 01:36:52 - pino - INFO - Epoch 0590 | data loss=2.700e-03 | bc loss=1.167e-03 | valid MSE=4.211e-03 | valid rel L2=4.691e-02 | pressure=1.680e-02, u=1.076e-02, v=1.592e-01 | Time: 6:07:03.957992
2026-06-30 01:43:00 - pino - INFO - Epoch 0600 | data loss=2.193e-03 | bc loss=7.556e-04 | valid MSE=3.876e-03 | valid rel L2=4.175e-02 | pressure=1.383e-02, u=9.458e-03, v=1.593e-01 | Time: 6:13:11.985635
2026-06-30 01:49:09 - pino - INFO - Epoch 0610 | data loss=4.517e-03 | bc loss=2.612e-03 | valid MSE=3.785e-03 | valid rel L2=4.291e-02 | pressure=1.562e-02, u=1.030e-02, v=1.566e-01 | Time: 6:19:20.947967
2026-06-30 01:55:19 - pino - INFO - Epoch 0620 | data loss=2.457e-03 | bc loss=1.065e-03 | valid MSE=4.570e-03 | valid rel L2=4.983e-02 | pressure=1.450e-02, u=1.157e-02, v=1.697e-01 | Time: 6:25:30.984533
2026-06-30 02:01:31 - pino - INFO - Epoch 0630 | data loss=3.179e-03 | bc loss=1.684e-03 | valid MSE=3.936e-03 | valid rel L2=4.035e-02 | pressure=1.300e-02, u=1.070e-02, v=1.647e-01 | Time: 6:31:42.521441
2026-06-30 02:07:39 - pino - INFO - Epoch 0640 | data loss=2.020e-03 | bc loss=6.757e-04 | valid MSE=4.291e-03 | valid rel L2=4.190e-02 | pressure=1.172e-02, u=1.015e-02, v=1.715e-01 | Time: 6:37:50.330877
2026-06-30 02:13:45 - pino - INFO - Epoch 0650 | data loss=2.883e-03 | bc loss=1.480e-03 | valid MSE=5.147e-03 | valid rel L2=5.580e-02 | pressure=1.624e-02, u=2.017e-02, v=1.729e-01 | Time: 6:43:56.308846
2026-06-30 02:19:52 - pino - INFO - Epoch 0660 | data loss=2.390e-03 | bc loss=1.005e-03 | valid MSE=3.815e-03 | valid rel L2=4.207e-02 | pressure=1.438e-02, u=1.049e-02, v=1.583e-01 | Time: 6:50:03.836771
2026-06-30 02:26:04 - pino - INFO - Epoch 0670 | data loss=2.436e-03 | bc loss=1.042e-03 | valid MSE=3.651e-03 | valid rel L2=3.971e-02 | pressure=1.359e-02, u=9.670e-03, v=1.588e-01 | Time: 6:56:15.483249
2026-06-30 02:32:12 - pino - INFO - Epoch 0680 | data loss=2.357e-03 | bc loss=1.379e-03 | valid MSE=3.621e-03 | valid rel L2=4.562e-02 | pressure=1.266e-02, u=1.024e-02, v=1.516e-01 | Time: 7:02:23.531314
2026-06-30 02:38:25 - pino - INFO - Epoch 0690 | data loss=2.074e-03 | bc loss=8.100e-04 | valid MSE=4.051e-03 | valid rel L2=4.655e-02 | pressure=1.456e-02, u=1.267e-02, v=1.570e-01 | Time: 7:08:36.700274
2026-06-30 02:44:31 - pino - INFO - Epoch 0700 | data loss=2.155e-03 | bc loss=9.087e-04 | valid MSE=2.875e-03 | valid rel L2=3.557e-02 | pressure=1.169e-02, u=9.539e-03, v=1.370e-01 | Time: 7:14:42.769685
2026-06-30 02:50:38 - pino - INFO - Epoch 0710 | data loss=1.973e-03 | bc loss=8.213e-04 | valid MSE=3.706e-03 | valid rel L2=4.004e-02 | pressure=1.182e-02, u=9.575e-03, v=1.602e-01 | Time: 7:20:49.242627
2026-06-30 02:56:44 - pino - INFO - Epoch 0720 | data loss=2.816e-03 | bc loss=1.259e-03 | valid MSE=7.901e-03 | valid rel L2=7.911e-02 | pressure=2.254e-02, u=1.632e-02, v=1.881e-01 | Time: 7:26:55.153769
2026-06-30 03:02:53 - pino - INFO - Epoch 0730 | data loss=2.081e-03 | bc loss=9.758e-04 | valid MSE=3.915e-03 | valid rel L2=4.406e-02 | pressure=1.285e-02, u=1.332e-02, v=1.586e-01 | Time: 7:33:04.393038
2026-06-30 03:09:00 - pino - INFO - Epoch 0740 | data loss=1.897e-03 | bc loss=7.424e-04 | valid MSE=3.840e-03 | valid rel L2=4.082e-02 | pressure=1.609e-02, u=9.932e-03, v=1.571e-01 | Time: 7:39:11.319825
2026-06-30 03:15:10 - pino - INFO - Epoch 0750 | data loss=1.994e-03 | bc loss=8.930e-04 | valid MSE=3.802e-03 | valid rel L2=3.938e-02 | pressure=1.433e-02, u=1.041e-02, v=1.608e-01 | Time: 7:45:21.377604
2026-06-30 03:21:21 - pino - INFO - Epoch 0760 | data loss=1.979e-03 | bc loss=7.670e-04 | valid MSE=4.455e-03 | valid rel L2=4.835e-02 | pressure=2.096e-02, u=1.298e-02, v=1.638e-01 | Time: 7:51:32.815243
2026-06-30 03:27:37 - pino - INFO - Epoch 0770 | data loss=2.054e-03 | bc loss=8.766e-04 | valid MSE=3.907e-03 | valid rel L2=4.217e-02 | pressure=1.652e-02, u=1.017e-02, v=1.659e-01 | Time: 7:57:48.801870
2026-06-30 03:33:46 - pino - INFO - Epoch 0780 | data loss=2.443e-03 | bc loss=1.533e-03 | valid MSE=3.394e-03 | valid rel L2=3.674e-02 | pressure=1.030e-02, u=9.608e-03, v=1.546e-01 | Time: 8:03:57.568534
2026-06-30 03:39:58 - pino - INFO - Epoch 0790 | data loss=1.672e-03 | bc loss=5.954e-04 | valid MSE=3.564e-03 | valid rel L2=4.031e-02 | pressure=1.404e-02, u=9.875e-03, v=1.567e-01 | Time: 8:10:09.524153
2026-06-30 03:46:07 - pino - INFO - Epoch 0800 | data loss=2.404e-03 | bc loss=1.390e-03 | valid MSE=5.194e-03 | valid rel L2=4.503e-02 | pressure=1.298e-02, u=1.143e-02, v=1.896e-01 | Time: 8:16:18.663005
2026-06-30 03:52:17 - pino - INFO - Epoch 0810 | data loss=1.864e-03 | bc loss=7.685e-04 | valid MSE=3.645e-03 | valid rel L2=4.315e-02 | pressure=1.500e-02, u=1.120e-02, v=1.537e-01 | Time: 8:22:28.560693
2026-06-30 03:58:26 - pino - INFO - Epoch 0820 | data loss=1.985e-03 | bc loss=8.890e-04 | valid MSE=3.711e-03 | valid rel L2=3.883e-02 | pressure=1.200e-02, u=1.082e-02, v=1.631e-01 | Time: 8:28:37.356470
2026-06-30 04:04:35 - pino - INFO - Epoch 0830 | data loss=1.549e-03 | bc loss=5.926e-04 | valid MSE=5.486e-03 | valid rel L2=5.098e-02 | pressure=1.348e-02, u=1.575e-02, v=1.738e-01 | Time: 8:34:46.158320
2026-06-30 04:10:43 - pino - INFO - Epoch 0840 | data loss=2.085e-03 | bc loss=9.205e-04 | valid MSE=3.538e-03 | valid rel L2=3.853e-02 | pressure=1.341e-02, u=1.087e-02, v=1.508e-01 | Time: 8:40:54.663533
2026-06-30 04:16:56 - pino - INFO - Epoch 0850 | data loss=2.042e-03 | bc loss=1.058e-03 | valid MSE=3.452e-03 | valid rel L2=4.009e-02 | pressure=1.278e-02, u=1.049e-02, v=1.539e-01 | Time: 8:47:08.147998
2026-06-30 04:23:05 - pino - INFO - Epoch 0860 | data loss=1.697e-03 | bc loss=7.583e-04 | valid MSE=5.376e-03 | valid rel L2=5.415e-02 | pressure=1.327e-02, u=1.875e-02, v=1.713e-01 | Time: 8:53:16.492074
2026-06-30 04:29:20 - pino - INFO - Epoch 0870 | data loss=1.699e-03 | bc loss=8.753e-04 | valid MSE=3.505e-03 | valid rel L2=4.392e-02 | pressure=1.204e-02, u=9.647e-03, v=1.533e-01 | Time: 8:59:31.229298
2026-06-30 04:35:28 - pino - INFO - Epoch 0880 | data loss=2.100e-03 | bc loss=1.057e-03 | valid MSE=4.632e-03 | valid rel L2=3.977e-02 | pressure=1.314e-02, u=1.102e-02, v=1.857e-01 | Time: 9:05:39.816760
2026-06-30 04:41:36 - pino - INFO - Epoch 0890 | data loss=1.819e-03 | bc loss=8.644e-04 | valid MSE=3.037e-03 | valid rel L2=3.671e-02 | pressure=1.058e-02, u=9.539e-03, v=1.457e-01 | Time: 9:11:47.701655
2026-06-30 04:47:45 - pino - INFO - Epoch 0900 | data loss=1.475e-03 | bc loss=5.607e-04 | valid MSE=2.923e-03 | valid rel L2=3.318e-02 | pressure=9.781e-03, u=8.559e-03, v=1.455e-01 | Time: 9:17:56.205642
2026-06-30 04:53:54 - pino - INFO - Epoch 0910 | data loss=2.062e-03 | bc loss=1.018e-03 | valid MSE=3.345e-03 | valid rel L2=3.491e-02 | pressure=1.100e-02, u=9.164e-03, v=1.570e-01 | Time: 9:24:05.964630
2026-06-30 05:00:10 - pino - INFO - Epoch 0920 | data loss=2.228e-03 | bc loss=1.191e-03 | valid MSE=4.094e-03 | valid rel L2=4.413e-02 | pressure=1.999e-02, u=9.851e-03, v=1.633e-01 | Time: 9:30:21.152666
2026-06-30 05:06:16 - pino - INFO - Epoch 0930 | data loss=2.513e-03 | bc loss=1.512e-03 | valid MSE=3.904e-03 | valid rel L2=4.452e-02 | pressure=1.374e-02, u=1.341e-02, v=1.541e-01 | Time: 9:36:27.535400
2026-06-30 05:12:22 - pino - INFO - Epoch 0940 | data loss=1.591e-03 | bc loss=6.804e-04 | valid MSE=3.391e-03 | valid rel L2=3.736e-02 | pressure=1.242e-02, u=9.385e-03, v=1.532e-01 | Time: 9:42:34.001954
2026-06-30 05:18:29 - pino - INFO - Epoch 0950 | data loss=1.690e-03 | bc loss=7.739e-04 | valid MSE=3.208e-03 | valid rel L2=3.371e-02 | pressure=1.067e-02, u=9.066e-03, v=1.527e-01 | Time: 9:48:40.887540
2026-06-30 05:24:36 - pino - INFO - Epoch 0960 | data loss=1.759e-03 | bc loss=7.876e-04 | valid MSE=3.338e-03 | valid rel L2=3.508e-02 | pressure=1.090e-02, u=9.198e-03, v=1.570e-01 | Time: 9:54:47.266119
2026-06-30 05:30:44 - pino - INFO - Epoch 0970 | data loss=1.496e-03 | bc loss=6.245e-04 | valid MSE=3.416e-03 | valid rel L2=4.037e-02 | pressure=1.021e-02, u=1.259e-02, v=1.442e-01 | Time: 10:00:55.309832
2026-06-30 05:36:55 - pino - INFO - Epoch 0980 | data loss=1.370e-03 | bc loss=5.089e-04 | valid MSE=3.888e-03 | valid rel L2=3.871e-02 | pressure=1.551e-02, u=9.476e-03, v=1.641e-01 | Time: 10:07:06.533610
2026-06-30 05:43:03 - pino - INFO - Epoch 0990 | data loss=1.554e-03 | bc loss=7.063e-04 | valid MSE=2.954e-03 | valid rel L2=3.276e-02 | pressure=1.111e-02, u=8.831e-03, v=1.475e-01 | Time: 10:13:14.370803
2026-06-30 05:49:18 - pino - INFO - Epoch 1000 | data loss=1.785e-03 | bc loss=9.632e-04 | valid MSE=2.735e-03 | valid rel L2=3.612e-02 | pressure=1.095e-02, u=9.699e-03, v=1.356e-01 | Time: 10:19:29.410178
2026-06-30 05:49:18 - pino - INFO - Best validation MSE: 0.0027354933554306626
2026-06-30 05:49:18 - pino - INFO - Saved: results/062926_1/checkpoint.pt
2026-06-30 10:08:48 - pino - INFO - e976ee50-99ed-4aba-9b6b-9dcd5634d07d:IPyWidgets:8.1.8
2026-06-30 10:08:48 - pino - INFO - ['/jupyter-matplotlib/extension.js', '/jupyter-js-widgets/extension.js']
2026-06-30 10:09:05 - pino - INFO - Loaded: results/062926_1/checkpoint.pt
2026-06-30 10:09:05 - pino - INFO - Total plotted points: 229742
2026-06-30 10:09:05 - pino - INFO - x range: 0.00024552774 0.9997354
2026-06-30 10:09:05 - pino - INFO - y range: -0.0036604528 0.10365726
2026-06-30 10:09:53 - pino - INFO - Total plotted points: 230324
2026-06-30 10:09:53 - pino - INFO - x range: 0.0002533328 0.9997369
2026-06-30 10:09:53 - pino - INFO - y range: -0.0030037095 0.10300137
2026-06-30 10:10:41 - pino - INFO - Total plotted points: 237170
2026-06-30 10:10:41 - pino - INFO - x range: 0.0002426327 0.99974793
2026-06-30 10:10:41 - pino - INFO - y range: -0.0035813448 0.103582375
2026-06-30 10:11:31 - pino - INFO - Total plotted points: 240746
2026-06-30 10:11:31 - pino - INFO - x range: 0.00026093746 0.99973804
2026-06-30 10:11:31 - pino - INFO - y range: -0.0032173737 0.103217304
2026-06-30 10:12:23 - pino - INFO - Total plotted points: 230220
2026-06-30 10:12:23 - pino - INFO - x range: 0.00025114094 0.99974126
2026-06-30 10:12:23 - pino - INFO - y range: -0.0032482685 0.10326389
2026-06-30 10:13:12 - pino - INFO - Total plotted points: 228410
2026-06-30 10:13:12 - pino - INFO - x range: 0.00024404138 0.9997296
2026-06-30 10:13:12 - pino - INFO - y range: -0.004046337 0.104062416
2026-06-30 10:14:00 - pino - INFO - Total plotted points: 237666
2026-06-30 10:14:00 - pino - INFO - x range: 0.00025945838 0.99973935
2026-06-30 10:14:00 - pino - INFO - y range: -0.0042511583 0.1042511
2026-06-30 10:14:51 - pino - INFO - Total plotted points: 236006
2026-06-30 10:14:51 - pino - INFO - x range: 0.00027182323 0.99973553
2026-06-30 10:14:51 - pino - INFO - y range: -0.0045372355 0.104539566
2026-06-30 10:15:41 - pino - INFO - Total plotted points: 227660
2026-06-30 10:15:41 - pino - INFO - x range: 0.00024566366 0.9997576
2026-06-30 10:15:41 - pino - INFO - y range: -0.004086913 0.10409428
2026-06-30 10:16:29 - pino - INFO - Total plotted points: 235384
2026-06-30 10:16:29 - pino - INFO - x range: 0.00025291753 0.99973893
2026-06-30 10:16:29 - pino - INFO - y range: -0.0044885958 0.10449617
2026-06-30 10:19:08 - pino - INFO - Test samples: 100
2026-06-30 10:19:08 - pino - INFO - Test cases: [3, 14, 25, 49, 52, 55, 58, 69, 73, 97]
2026-06-30 10:19:09 - pino - INFO - Total plotted points: 237274
2026-06-30 10:19:09 - pino - INFO - x range: 0.00024775745 0.999737
2026-06-30 10:19:09 - pino - INFO - y range: -0.0046734763 0.10467545
2026-06-30 10:19:09 - pino - INFO - Test case channel_03 rel l2: [0.00541923 0.00691709 0.05015106]
2026-06-30 10:19:09 - pino - INFO - Test case channel_03 overall avg rel L2: 2.083e-02
2026-06-30 10:19:09 - pino - INFO - Test case channel_03 max field err: [4.6289624e+02 2.9604083e-01 6.4240649e-02]
2026-06-30 10:19:09 - pino - INFO - Total plotted points: 233642
2026-06-30 10:19:09 - pino - INFO - x range: 0.00026308117 0.99977
2026-06-30 10:19:09 - pino - INFO - y range: -0.00436419 0.10436236
2026-06-30 10:19:09 - pino - INFO - Test case channel_14 rel l2: [0.00734862 0.0079217  0.07663249]
2026-06-30 10:19:09 - pino - INFO - Test case channel_14 overall avg rel L2: 3.063e-02
2026-06-30 10:19:09 - pino - INFO - Test case channel_14 max field err: [2.9234424e+02 3.7259394e-01 2.3793191e-02]
2026-06-30 10:19:09 - pino - INFO - Total plotted points: 230652
2026-06-30 10:19:09 - pino - INFO - x range: 0.00025932895 0.99975175
2026-06-30 10:19:09 - pino - INFO - y range: -0.0038433005 0.10384845
2026-06-30 10:19:09 - pino - INFO - Test case channel_25 rel l2: [0.00655632 0.00626311 0.0519456 ]
2026-06-30 10:19:09 - pino - INFO - Test case channel_25 overall avg rel L2: 2.159e-02
2026-06-30 10:19:09 - pino - INFO - Test case channel_25 max field err: [4.5196533e+02 2.8000903e-01 1.0640362e-01]
2026-06-30 10:19:09 - pino - INFO - Total plotted points: 233712
2026-06-30 10:19:09 - pino - INFO - x range: 0.00025644194 0.9997555
2026-06-30 10:19:09 - pino - INFO - y range: -0.0032470438 0.103243925
2026-06-30 10:19:09 - pino - INFO - Test case channel_49 rel l2: [0.00686727 0.00697113 0.06384484]
2026-06-30 10:19:09 - pino - INFO - Test case channel_49 overall avg rel L2: 2.589e-02
2026-06-30 10:19:09 - pino - INFO - Test case channel_49 max field err: [3.5129932e+02 3.2728282e-01 8.6471200e-02]
2026-06-30 10:19:09 - pino - INFO - Total plotted points: 237198
2026-06-30 10:19:09 - pino - INFO - x range: 0.00025688665 0.99973845
2026-06-30 10:19:09 - pino - INFO - y range: -0.0039451937 0.10394325
2026-06-30 10:19:09 - pino - INFO - Test case channel_52 rel l2: [0.01231883 0.0081856  0.07659075]
2026-06-30 10:19:09 - pino - INFO - Test case channel_52 overall avg rel L2: 3.237e-02
2026-06-30 10:19:09 - pino - INFO - Test case channel_52 max field err: [1.7587305e+02 3.2163846e-01 2.3915067e-02]
2026-06-30 10:19:09 - pino - INFO - Total plotted points: 230740
2026-06-30 10:19:09 - pino - INFO - x range: 0.00026658783 0.9997444
2026-06-30 10:19:09 - pino - INFO - y range: -0.0035965291 0.1035983
2026-06-30 10:19:09 - pino - INFO - Test case channel_55 rel l2: [0.00505347 0.00563307 0.04641771]
2026-06-30 10:19:09 - pino - INFO - Test case channel_55 overall avg rel L2: 1.903e-02
2026-06-30 10:19:09 - pino - INFO - Test case channel_55 max field err: [2.4069775e+02 2.7869731e-01 5.5220112e-02]
2026-06-30 10:19:09 - pino - INFO - Total plotted points: 237088
2026-06-30 10:19:09 - pino - INFO - x range: 0.0002614005 0.9997458
2026-06-30 10:19:09 - pino - INFO - y range: -0.004525996 0.104525566
2026-06-30 10:19:09 - pino - INFO - Test case channel_58 rel l2: [0.00587059 0.00716816 0.06234807]
2026-06-30 10:19:09 - pino - INFO - Test case channel_58 overall avg rel L2: 2.513e-02
2026-06-30 10:19:09 - pino - INFO - Test case channel_58 max field err: [1.9907104e+02 3.6281365e-01 3.3412680e-02]
2026-06-30 10:19:09 - pino - INFO - Total plotted points: 229924
2026-06-30 10:19:09 - pino - INFO - x range: 0.00025835232 0.99974424
2026-06-30 10:19:09 - pino - INFO - y range: -0.0030023463 0.10301031
2026-06-30 10:19:09 - pino - INFO - Test case channel_69 rel l2: [0.00483265 0.00638103 0.06054475]
2026-06-30 10:19:09 - pino - INFO - Test case channel_69 overall avg rel L2: 2.392e-02
2026-06-30 10:19:09 - pino - INFO - Test case channel_69 max field err: [2.5168872e+02 3.5806280e-01 2.6290894e-02]
2026-06-30 10:19:09 - pino - INFO - Total plotted points: 229716
2026-06-30 10:19:09 - pino - INFO - x range: 0.00025992666 0.999732
2026-06-30 10:19:09 - pino - INFO - y range: -0.0027418374 0.10274269
2026-06-30 10:19:09 - pino - INFO - Test case channel_73 rel l2: [0.00704824 0.00721917 0.06003641]
2026-06-30 10:19:09 - pino - INFO - Test case channel_73 overall avg rel L2: 2.477e-02
2026-06-30 10:19:09 - pino - INFO - Test case channel_73 max field err: [1.8054980e+02 3.7116444e-01 3.2203913e-02]
2026-06-30 10:19:09 - pino - INFO - Total plotted points: 225946
2026-06-30 10:19:09 - pino - INFO - x range: 0.00025748738 0.99974716
2026-06-30 10:19:09 - pino - INFO - y range: -0.0038637233 0.10386955
2026-06-30 10:19:09 - pino - INFO - Test case channel_97 rel l2: [0.00545268 0.00632459 0.05348177]
2026-06-30 10:19:09 - pino - INFO - Test case channel_97 overall avg rel L2: 2.175e-02
2026-06-30 10:19:09 - pino - INFO - Test case channel_97 max field err: [2.8135913e+02 3.6999452e-01 3.5992682e-02]
