2026-06-09 14:38:12 - pino - INFO - Training comment
2026-06-09 14:38:12 - pino - INFO - control points interface placement with 10 additional interfaces, 5 realizations
2026-06-09 14:38:12 - pino - INFO - Available cases (100):
2026-06-09 14:38:12 - pino - INFO - [0, 1, 2, 3, 4, 5, 6, 7, 8, 9, 10, 11, 12, 13, 14, 15, 16, 17, 18, 19, 20, 21, 22, 23, 24, 25, 26, 27, 28, 29, 30, 31, 32, 33, 34, 35, 36, 37, 38, 39, 40, 41, 42, 43, 44, 45, 46, 47, 48, 49, 50, 51, 52, 53, 54, 55, 56, 57, 58, 59, 60, 61, 62, 63, 64, 65, 66, 67, 68, 69, 70, 71, 72, 73, 74, 75, 76, 77, 78, 79, 80, 81, 82, 83, 84, 85, 86, 87, 88, 89, 90, 91, 92, 93, 94, 95, 96, 97, 98, 99]
2026-06-09 14:38:12 - pino - INFO - Train cases (80): ['channel_00', 'channel_01', 'channel_02', 'channel_04', 'channel_05', 'channel_06', 'channel_07', 'channel_08', 'channel_10', 'channel_12', 'channel_13', 'channel_15', 'channel_17', 'channel_19', 'channel_21', 'channel_22', 'channel_24', 'channel_26', 'channel_27', 'channel_28', 'channel_30', 'channel_31', 'channel_32', 'channel_33', 'channel_34', 'channel_36', 'channel_37', 'channel_38', 'channel_39', 'channel_40', 'channel_41', 'channel_42', 'channel_44', 'channel_45', 'channel_46', 'channel_47', 'channel_48', 'channel_50', 'channel_51', 'channel_53', 'channel_54', 'channel_56', 'channel_57', 'channel_59', 'channel_60', 'channel_61', 'channel_62', 'channel_63', 'channel_64', 'channel_65', 'channel_66', 'channel_67', 'channel_68', 'channel_70', 'channel_71', 'channel_72', 'channel_74', 'channel_75', 'channel_77', 'channel_78', 'channel_79', 'channel_80', 'channel_81', 'channel_82', 'channel_83', 'channel_84', 'channel_85', 'channel_86', 'channel_87', 'channel_88', 'channel_89', 'channel_90', 'channel_91', 'channel_92', 'channel_93', 'channel_94', 'channel_95', 'channel_96', 'channel_98', 'channel_99']
2026-06-09 14:38:12 - pino - INFO - Valid cases (10): ['channel_09', 'channel_11', 'channel_16', 'channel_18', 'channel_20', 'channel_23', 'channel_29', 'channel_35', 'channel_43', 'channel_76']
2026-06-09 14:38:12 - pino - INFO - Test  cases (10): ['channel_03', 'channel_14', 'channel_25', 'channel_49', 'channel_52', 'channel_55', 'channel_58', 'channel_69', 'channel_73', 'channel_97']
2026-06-09 15:56:35 - pino - INFO - Train samples: 8000
2026-06-09 15:56:35 - pino - INFO - Valid samples: 200
2026-06-09 15:56:35 - pino - INFO - Train branch channels: ['x_local', 'y_local', 'wall_mask', 'interface_mask', 'boundary_pressure', 'boundary_u', 'boundary_v', 'known_pressure', 'known_u', 'known_v', 'local_aspect_ratio']
2026-06-09 15:56:35 - pino - INFO - Train trunk channels: ['x_local', 'y_local']
2026-06-09 15:56:35 - pino - INFO - Output channels: ['pressure', 'u', 'v']
2026-06-09 15:56:35 - pino - INFO - Example train sample:
2026-06-09 15:56:35 - pino - INFO - branch: (1024, 11)
2026-06-09 15:56:35 - pino - INFO - query: (15223, 2)
2026-06-09 15:56:35 - pino - INFO - target: (15223, 3)
2026-06-09 15:56:35 - pino - INFO - Train cases: [0, 1, 2, 4, 5, 6, 7, 8, 10, 12, 13, 15, 17, 19, 21, 22, 24, 26, 27, 28, 30, 31, 32, 33, 34, 36, 37, 38, 39, 40, 41, 42, 44, 45, 46, 47, 48, 50, 51, 53, 54, 56, 57, 59, 60, 61, 62, 63, 64, 65, 66, 67, 68, 70, 71, 72, 74, 75, 77, 78, 79, 80, 81, 82, 83, 84, 85, 86, 87, 88, 89, 90, 91, 92, 93, 94, 95, 96, 98, 99]
2026-06-09 15:56:35 - pino - INFO - Valid cases: [9, 11, 16, 18, 20, 23, 29, 35, 43, 76]
2026-06-09 15:56:37 - pino - INFO - Y mean: tensor([ 6.3925e+02,  1.0017e+00, -1.2696e-05])
2026-06-09 15:56:37 - pino - INFO - Y std: tensor([4.1504e+02, 4.2805e-01, 2.2184e-02])
2026-06-09 15:56:37 - pino - INFO - local_aspect_mean: 0.5
2026-06-09 15:56:37 - pino - INFO - local_aspect_std: 0.3750267028808594
2026-06-09 15:56:37 - pino - INFO - branch batch: torch.Size([50, 1024, 11])
2026-06-09 15:56:37 - pino - INFO - query batch: torch.Size([613027, 2])
2026-06-09 15:56:37 - pino - INFO - target batch: torch.Size([613027, 3])
2026-06-09 15:56:37 - pino - INFO - query batch id: tensor(0) tensor(49)
2026-06-09 15:56:37 - pino - INFO - sample indices: tensor([7226,   72, 7865, 1312, 4485, 1301,  771, 3774, 1648, 1242, 4281, 6456,
        1766, 2673, 2809, 5218, 5811, 1282, 1259, 3348, 6148,  315, 2411, 6341,
        5227, 7809, 5036, 5123, 4883, 5172, 4926, 1584,  343, 4365, 7100, 3947,
        6879, 2735,  231, 3038,  911, 5536, 4052,   57, 7051,  658, 5496, 4708,
        4424, 6193])
2026-06-09 15:56:37 - pino - INFO - {'branch_input_dim': 11, 'trunk_input_dim': 2, 'output_channels': 3, 'latent_dim': 128, 'branch_point_hidden_dim': 128, 'branch_point_depth': 3, 'branch_global_hidden_dim': 128, 'branch_global_depth': 3, 'trunk_hidden_dim': 128, 'trunk_depth': 4, 'aggregation': 'mean', 'activation': 'gelu', 'layer_norm': False}
2026-06-09 15:57:02 - pino - INFO - Epoch 0001 | data loss=5.703e-01 | bc loss=5.306e-01 | valid MSE=3.078e-01 | valid rel L2=4.442e-01 | pressure=1.107e-01, u=1.198e-01, v=8.211e-01 | Time: 0:00:24.338361
2026-06-09 16:00:40 - pino - INFO - Epoch 0010 | data loss=7.499e-02 | bc loss=4.530e-02 | valid MSE=7.513e-02 | valid rel L2=1.594e-01 | pressure=3.445e-02, u=3.993e-02, v=4.222e-01 | Time: 0:04:02.521872
2026-06-09 16:04:34 - pino - INFO - Epoch 0020 | data loss=4.490e-02 | bc loss=2.890e-02 | valid MSE=3.771e-02 | valid rel L2=1.187e-01 | pressure=3.145e-02, u=2.727e-02, v=2.944e-01 | Time: 0:07:56.571721
2026-06-09 16:08:41 - pino - INFO - Epoch 0030 | data loss=2.447e-02 | bc loss=1.478e-02 | valid MSE=2.596e-02 | valid rel L2=9.895e-02 | pressure=2.126e-02, u=2.562e-02, v=2.370e-01 | Time: 0:12:04.068402
2026-06-09 16:12:43 - pino - INFO - Epoch 0040 | data loss=2.712e-02 | bc loss=1.828e-02 | valid MSE=1.659e-02 | valid rel L2=7.847e-02 | pressure=2.067e-02, u=1.748e-02, v=1.944e-01 | Time: 0:16:05.761701
2026-06-09 16:16:40 - pino - INFO - Epoch 0050 | data loss=1.452e-02 | bc loss=1.075e-02 | valid MSE=1.584e-02 | valid rel L2=7.763e-02 | pressure=2.051e-02, u=1.722e-02, v=1.890e-01 | Time: 0:20:02.318284
2026-06-09 16:20:47 - pino - INFO - Epoch 0060 | data loss=1.289e-02 | bc loss=9.008e-03 | valid MSE=1.090e-02 | valid rel L2=7.167e-02 | pressure=2.014e-02, u=1.566e-02, v=1.555e-01 | Time: 0:24:09.437702
2026-06-09 16:24:46 - pino - INFO - Epoch 0070 | data loss=1.129e-02 | bc loss=8.226e-03 | valid MSE=1.326e-02 | valid rel L2=7.778e-02 | pressure=1.946e-02, u=2.142e-02, v=1.810e-01 | Time: 0:28:08.684040
2026-06-09 16:28:45 - pino - INFO - Epoch 0080 | data loss=1.140e-02 | bc loss=9.724e-03 | valid MSE=6.813e-03 | valid rel L2=5.892e-02 | pressure=1.841e-02, u=1.207e-02, v=1.237e-01 | Time: 0:32:08.145592
2026-06-09 16:32:41 - pino - INFO - Epoch 0090 | data loss=6.426e-03 | bc loss=4.155e-03 | valid MSE=4.841e-03 | valid rel L2=4.716e-02 | pressure=1.068e-02, u=1.058e-02, v=1.035e-01 | Time: 0:36:03.654655
2026-06-09 16:39:19 - pino - INFO - Epoch 0100 | data loss=6.221e-03 | bc loss=4.584e-03 | valid MSE=7.957e-03 | valid rel L2=5.731e-02 | pressure=1.878e-02, u=1.381e-02, v=1.297e-01 | Time: 0:42:41.976465
2026-06-09 16:43:24 - pino - INFO - Epoch 0110 | data loss=5.420e-03 | bc loss=4.343e-03 | valid MSE=4.111e-03 | valid rel L2=4.465e-02 | pressure=8.428e-03, u=1.107e-02, v=9.647e-02 | Time: 0:46:46.959783
2026-06-09 16:47:20 - pino - INFO - Epoch 0120 | data loss=3.492e-03 | bc loss=2.498e-03 | valid MSE=3.154e-03 | valid rel L2=3.662e-02 | pressure=1.119e-02, u=9.404e-03, v=8.349e-02 | Time: 0:50:43.265011
2026-06-09 16:51:23 - pino - INFO - Epoch 0130 | data loss=3.782e-03 | bc loss=3.503e-03 | valid MSE=2.613e-03 | valid rel L2=3.281e-02 | pressure=8.952e-03, u=8.492e-03, v=7.638e-02 | Time: 0:54:45.465646
2026-06-09 16:55:32 - pino - INFO - Epoch 0140 | data loss=4.352e-03 | bc loss=3.693e-03 | valid MSE=7.574e-03 | valid rel L2=7.326e-02 | pressure=3.177e-02, u=1.941e-02, v=1.167e-01 | Time: 0:58:55.251955
2026-06-09 16:59:41 - pino - INFO - Epoch 0150 | data loss=2.800e-03 | bc loss=2.647e-03 | valid MSE=2.437e-03 | valid rel L2=3.517e-02 | pressure=1.018e-02, u=1.017e-02, v=7.178e-02 | Time: 1:03:03.738901
2026-06-09 17:03:49 - pino - INFO - Epoch 0160 | data loss=3.179e-03 | bc loss=2.852e-03 | valid MSE=2.015e-03 | valid rel L2=2.845e-02 | pressure=8.014e-03, u=8.509e-03, v=6.280e-02 | Time: 1:07:11.640689
2026-06-09 17:07:48 - pino - INFO - Epoch 0170 | data loss=2.455e-03 | bc loss=2.165e-03 | valid MSE=5.364e-03 | valid rel L2=5.868e-02 | pressure=1.547e-02, u=2.361e-02, v=8.813e-02 | Time: 1:11:10.818170
2026-06-09 17:11:52 - pino - INFO - Epoch 0180 | data loss=2.278e-03 | bc loss=2.269e-03 | valid MSE=1.852e-03 | valid rel L2=3.291e-02 | pressure=1.105e-02, u=8.265e-03, v=6.150e-02 | Time: 1:15:14.555876
2026-06-09 17:16:01 - pino - INFO - Epoch 0190 | data loss=4.302e-03 | bc loss=5.216e-03 | valid MSE=4.714e-03 | valid rel L2=5.735e-02 | pressure=1.536e-02, u=2.180e-02, v=8.939e-02 | Time: 1:19:23.487449
2026-06-09 17:20:10 - pino - INFO - Epoch 0200 | data loss=2.275e-03 | bc loss=2.206e-03 | valid MSE=3.771e-03 | valid rel L2=5.376e-02 | pressure=1.459e-02, u=2.174e-02, v=7.783e-02 | Time: 1:23:32.998035
2026-06-09 17:24:22 - pino - INFO - Epoch 0210 | data loss=2.767e-03 | bc loss=3.011e-03 | valid MSE=2.808e-03 | valid rel L2=4.245e-02 | pressure=1.926e-02, u=1.061e-02, v=6.983e-02 | Time: 1:27:44.451701
2026-06-09 17:28:35 - pino - INFO - Epoch 0220 | data loss=1.313e-03 | bc loss=8.898e-04 | valid MSE=1.917e-03 | valid rel L2=2.814e-02 | pressure=6.284e-03, u=7.121e-03, v=6.017e-02 | Time: 1:31:57.962492
2026-06-09 17:32:49 - pino - INFO - Epoch 0230 | data loss=3.019e-03 | bc loss=2.992e-03 | valid MSE=2.973e-03 | valid rel L2=5.128e-02 | pressure=1.552e-02, u=1.907e-02, v=6.753e-02 | Time: 1:36:11.427659
2026-06-09 17:36:51 - pino - INFO - Epoch 0240 | data loss=1.400e-03 | bc loss=1.210e-03 | valid MSE=1.495e-03 | valid rel L2=2.645e-02 | pressure=9.967e-03, u=8.098e-03, v=5.297e-02 | Time: 1:40:13.607938
2026-06-09 17:40:59 - pino - INFO - Epoch 0250 | data loss=1.364e-03 | bc loss=1.115e-03 | valid MSE=1.012e-03 | valid rel L2=2.374e-02 | pressure=9.940e-03, u=6.579e-03, v=4.454e-02 | Time: 1:44:21.443540
2026-06-09 17:45:14 - pino - INFO - Epoch 0260 | data loss=1.330e-03 | bc loss=1.263e-03 | valid MSE=9.834e-04 | valid rel L2=2.014e-02 | pressure=5.694e-03, u=5.169e-03, v=4.462e-02 | Time: 1:48:37.004223
2026-06-09 17:49:34 - pino - INFO - Epoch 0270 | data loss=1.251e-03 | bc loss=1.199e-03 | valid MSE=1.029e-03 | valid rel L2=2.415e-02 | pressure=1.091e-02, u=6.747e-03, v=4.333e-02 | Time: 1:52:57.069284
2026-06-09 17:53:58 - pino - INFO - Epoch 0280 | data loss=1.092e-03 | bc loss=9.901e-04 | valid MSE=9.561e-04 | valid rel L2=2.413e-02 | pressure=9.065e-03, u=6.883e-03, v=4.154e-02 | Time: 1:57:20.336135
2026-06-09 17:58:09 - pino - INFO - Epoch 0290 | data loss=1.355e-03 | bc loss=1.367e-03 | valid MSE=8.499e-04 | valid rel L2=2.177e-02 | pressure=5.670e-03, u=6.787e-03, v=4.039e-02 | Time: 2:01:31.906971
2026-06-09 18:02:17 - pino - INFO - Epoch 0300 | data loss=2.586e-03 | bc loss=2.632e-03 | valid MSE=1.506e-03 | valid rel L2=2.506e-02 | pressure=7.929e-03, u=6.829e-03, v=5.320e-02 | Time: 2:05:40.089054
2026-06-09 18:06:32 - pino - INFO - Epoch 0310 | data loss=7.878e-04 | bc loss=6.793e-04 | valid MSE=7.526e-04 | valid rel L2=2.039e-02 | pressure=5.891e-03, u=6.032e-03, v=3.930e-02 | Time: 2:09:54.437555
2026-06-09 18:10:57 - pino - INFO - Epoch 0320 | data loss=7.376e-04 | bc loss=4.414e-04 | valid MSE=5.774e-04 | valid rel L2=1.735e-02 | pressure=4.726e-03, u=4.719e-03, v=3.521e-02 | Time: 2:14:20.289608
2026-06-09 18:15:16 - pino - INFO - Epoch 0330 | data loss=6.518e-04 | bc loss=4.665e-04 | valid MSE=9.812e-04 | valid rel L2=2.336e-02 | pressure=5.828e-03, u=7.953e-03, v=4.572e-02 | Time: 2:18:39.095769
2026-06-09 18:19:34 - pino - INFO - Epoch 0340 | data loss=6.932e-04 | bc loss=6.570e-04 | valid MSE=7.637e-04 | valid rel L2=2.156e-02 | pressure=6.731e-03, u=5.064e-03, v=4.096e-02 | Time: 2:22:57.015658
2026-06-09 18:23:48 - pino - INFO - Epoch 0350 | data loss=1.699e-03 | bc loss=1.372e-03 | valid MSE=7.418e-04 | valid rel L2=1.930e-02 | pressure=7.995e-03, u=5.427e-03, v=4.056e-02 | Time: 2:27:11.146227
2026-06-09 18:28:05 - pino - INFO - Epoch 0360 | data loss=8.794e-04 | bc loss=7.389e-04 | valid MSE=6.634e-04 | valid rel L2=2.031e-02 | pressure=6.535e-03, u=5.531e-03, v=3.828e-02 | Time: 2:31:28.297892
2026-06-09 18:32:25 - pino - INFO - Epoch 0370 | data loss=7.175e-04 | bc loss=5.325e-04 | valid MSE=6.249e-04 | valid rel L2=1.895e-02 | pressure=5.367e-03, u=5.504e-03, v=3.616e-02 | Time: 2:35:47.410929
2026-06-09 18:36:44 - pino - INFO - Epoch 0380 | data loss=6.363e-04 | bc loss=5.381e-04 | valid MSE=6.647e-04 | valid rel L2=1.906e-02 | pressure=5.740e-03, u=5.801e-03, v=3.752e-02 | Time: 2:40:07.149526
2026-06-09 18:41:06 - pino - INFO - Epoch 0390 | data loss=5.610e-04 | bc loss=3.969e-04 | valid MSE=4.472e-04 | valid rel L2=1.491e-02 | pressure=4.461e-03, u=4.141e-03, v=3.145e-02 | Time: 2:44:28.696772
2026-06-09 18:45:24 - pino - INFO - Epoch 0400 | data loss=9.158e-04 | bc loss=8.785e-04 | valid MSE=8.991e-04 | valid rel L2=2.398e-02 | pressure=6.738e-03, u=7.201e-03, v=4.300e-02 | Time: 2:48:46.953779
2026-06-09 18:49:37 - pino - INFO - Epoch 0410 | data loss=7.704e-04 | bc loss=9.758e-04 | valid MSE=5.791e-04 | valid rel L2=1.880e-02 | pressure=4.296e-03, u=6.675e-03, v=3.514e-02 | Time: 2:52:59.405036
2026-06-09 18:53:41 - pino - INFO - Epoch 0420 | data loss=1.087e-03 | bc loss=1.418e-03 | valid MSE=2.094e-03 | valid rel L2=2.354e-02 | pressure=6.615e-03, u=6.015e-03, v=5.933e-02 | Time: 2:57:04.156714
2026-06-09 18:57:51 - pino - INFO - Epoch 0430 | data loss=7.943e-04 | bc loss=1.042e-03 | valid MSE=2.281e-03 | valid rel L2=3.431e-02 | pressure=1.163e-02, u=1.317e-02, v=5.794e-02 | Time: 3:01:13.554277
2026-06-09 19:01:58 - pino - INFO - Epoch 0440 | data loss=4.999e-04 | bc loss=4.598e-04 | valid MSE=4.604e-04 | valid rel L2=1.597e-02 | pressure=5.006e-03, u=4.422e-03, v=3.177e-02 | Time: 3:05:20.655152
2026-06-09 19:06:00 - pino - INFO - Epoch 0450 | data loss=4.643e-04 | bc loss=3.395e-04 | valid MSE=3.856e-04 | valid rel L2=1.464e-02 | pressure=4.148e-03, u=3.846e-03, v=2.938e-02 | Time: 3:09:22.610470
2026-06-09 19:10:01 - pino - INFO - Epoch 0460 | data loss=4.704e-04 | bc loss=3.609e-04 | valid MSE=4.290e-04 | valid rel L2=1.670e-02 | pressure=5.935e-03, u=3.983e-03, v=2.994e-02 | Time: 3:13:23.976617
2026-06-09 19:14:04 - pino - INFO - Epoch 0470 | data loss=7.343e-04 | bc loss=9.297e-04 | valid MSE=4.751e-04 | valid rel L2=1.630e-02 | pressure=4.689e-03, u=3.938e-03, v=3.266e-02 | Time: 3:17:26.744496
2026-06-09 19:18:07 - pino - INFO - Epoch 0480 | data loss=4.396e-04 | bc loss=3.390e-04 | valid MSE=4.741e-04 | valid rel L2=1.798e-02 | pressure=5.955e-03, u=4.358e-03, v=3.099e-02 | Time: 3:21:29.633523
2026-06-09 19:22:06 - pino - INFO - Epoch 0490 | data loss=5.355e-04 | bc loss=4.904e-04 | valid MSE=4.108e-04 | valid rel L2=1.481e-02 | pressure=4.699e-03, u=3.989e-03, v=2.985e-02 | Time: 3:25:29.103609
2026-06-09 19:26:07 - pino - INFO - Epoch 0500 | data loss=1.219e-03 | bc loss=1.365e-03 | valid MSE=3.579e-04 | valid rel L2=1.364e-02 | pressure=3.444e-03, u=3.897e-03, v=2.807e-02 | Time: 3:29:29.665523
2026-06-09 19:30:07 - pino - INFO - Epoch 0510 | data loss=7.115e-04 | bc loss=8.898e-04 | valid MSE=4.379e-04 | valid rel L2=1.562e-02 | pressure=5.123e-03, u=4.236e-03, v=3.027e-02 | Time: 3:33:30.237162
2026-06-09 19:34:10 - pino - INFO - Epoch 0520 | data loss=3.959e-04 | bc loss=3.301e-04 | valid MSE=3.295e-04 | valid rel L2=1.394e-02 | pressure=3.547e-03, u=3.485e-03, v=2.707e-02 | Time: 3:37:32.594294
2026-06-09 19:38:16 - pino - INFO - Epoch 0530 | data loss=3.570e-04 | bc loss=2.340e-04 | valid MSE=3.080e-04 | valid rel L2=1.221e-02 | pressure=3.671e-03, u=3.353e-03, v=2.635e-02 | Time: 3:41:38.424302
2026-06-09 19:42:16 - pino - INFO - Epoch 0540 | data loss=4.331e-04 | bc loss=4.059e-04 | valid MSE=6.051e-04 | valid rel L2=2.070e-02 | pressure=8.897e-03, u=6.188e-03, v=3.305e-02 | Time: 3:45:38.341694
2026-06-09 19:46:19 - pino - INFO - Epoch 0550 | data loss=6.374e-04 | bc loss=6.351e-04 | valid MSE=3.143e-04 | valid rel L2=1.267e-02 | pressure=3.736e-03, u=3.394e-03, v=2.662e-02 | Time: 3:49:42.116566
2026-06-09 19:50:19 - pino - INFO - Epoch 0560 | data loss=9.458e-04 | bc loss=1.188e-03 | valid MSE=4.090e-04 | valid rel L2=1.639e-02 | pressure=7.145e-03, u=4.318e-03, v=2.844e-02 | Time: 3:53:41.777507
2026-06-09 19:54:22 - pino - INFO - Epoch 0570 | data loss=3.642e-04 | bc loss=3.602e-04 | valid MSE=4.328e-04 | valid rel L2=1.489e-02 | pressure=4.728e-03, u=4.092e-03, v=2.997e-02 | Time: 3:57:44.769147
2026-06-09 19:58:25 - pino - INFO - Epoch 0580 | data loss=3.789e-04 | bc loss=3.618e-04 | valid MSE=4.085e-04 | valid rel L2=1.240e-02 | pressure=3.517e-03, u=3.420e-03, v=2.791e-02 | Time: 4:01:47.751429
2026-06-09 20:02:27 - pino - INFO - Epoch 0590 | data loss=2.701e-04 | bc loss=1.640e-04 | valid MSE=3.096e-04 | valid rel L2=1.321e-02 | pressure=4.708e-03, u=3.516e-03, v=2.638e-02 | Time: 4:05:49.324269
2026-06-09 20:06:28 - pino - INFO - Epoch 0600 | data loss=2.738e-04 | bc loss=1.625e-04 | valid MSE=2.588e-04 | valid rel L2=1.149e-02 | pressure=3.155e-03, u=3.010e-03, v=2.434e-02 | Time: 4:09:51.160880
2026-06-09 20:10:30 - pino - INFO - Epoch 0610 | data loss=2.806e-04 | bc loss=1.761e-04 | valid MSE=3.012e-04 | valid rel L2=1.256e-02 | pressure=3.119e-03, u=3.448e-03, v=2.580e-02 | Time: 4:13:53.188339
2026-06-09 20:14:38 - pino - INFO - Epoch 0620 | data loss=2.448e-04 | bc loss=1.263e-04 | valid MSE=2.433e-04 | valid rel L2=1.113e-02 | pressure=3.335e-03, u=2.791e-03, v=2.382e-02 | Time: 4:18:00.769120
2026-06-09 20:18:43 - pino - INFO - Epoch 0630 | data loss=2.750e-04 | bc loss=1.662e-04 | valid MSE=2.363e-04 | valid rel L2=1.097e-02 | pressure=2.901e-03, u=2.867e-03, v=2.331e-02 | Time: 4:22:05.425706
2026-06-09 20:22:49 - pino - INFO - Epoch 0640 | data loss=2.354e-04 | bc loss=1.245e-04 | valid MSE=2.732e-04 | valid rel L2=1.166e-02 | pressure=3.277e-03, u=3.113e-03, v=2.530e-02 | Time: 4:26:11.337989
2026-06-09 20:26:54 - pino - INFO - Epoch 0650 | data loss=2.214e-04 | bc loss=1.169e-04 | valid MSE=2.282e-04 | valid rel L2=1.074e-02 | pressure=2.778e-03, u=2.690e-03, v=2.304e-02 | Time: 4:30:16.546826
2026-06-09 20:30:55 - pino - INFO - Epoch 0660 | data loss=2.393e-04 | bc loss=1.469e-04 | valid MSE=3.007e-04 | valid rel L2=1.293e-02 | pressure=3.270e-03, u=4.000e-03, v=2.603e-02 | Time: 4:34:17.317496
2026-06-09 20:34:52 - pino - INFO - Epoch 0670 | data loss=2.413e-04 | bc loss=1.939e-04 | valid MSE=2.623e-04 | valid rel L2=1.228e-02 | pressure=3.137e-03, u=3.504e-03, v=2.478e-02 | Time: 4:38:15.055326
2026-06-09 20:38:49 - pino - INFO - Epoch 0680 | data loss=2.326e-04 | bc loss=1.284e-04 | valid MSE=2.069e-04 | valid rel L2=1.012e-02 | pressure=3.238e-03, u=2.516e-03, v=2.159e-02 | Time: 4:42:11.991249
2026-06-09 20:42:46 - pino - INFO - Epoch 0690 | data loss=2.025e-04 | bc loss=9.822e-05 | valid MSE=2.259e-04 | valid rel L2=9.958e-03 | pressure=3.163e-03, u=2.463e-03, v=2.270e-02 | Time: 4:46:09.228562
2026-06-09 20:46:46 - pino - INFO - Epoch 0700 | data loss=2.139e-04 | bc loss=1.131e-04 | valid MSE=2.040e-04 | valid rel L2=9.762e-03 | pressure=2.967e-03, u=2.425e-03, v=2.142e-02 | Time: 4:50:08.865424
2026-06-09 20:50:41 - pino - INFO - Epoch 0710 | data loss=1.938e-04 | bc loss=9.515e-05 | valid MSE=2.048e-04 | valid rel L2=1.024e-02 | pressure=2.877e-03, u=2.558e-03, v=2.202e-02 | Time: 4:54:03.652756
2026-06-09 20:54:47 - pino - INFO - Epoch 0720 | data loss=2.006e-04 | bc loss=1.092e-04 | valid MSE=2.098e-04 | valid rel L2=1.011e-02 | pressure=2.716e-03, u=2.467e-03, v=2.238e-02 | Time: 4:58:09.513721
2026-06-09 20:58:48 - pino - INFO - Epoch 0730 | data loss=2.080e-04 | bc loss=1.424e-04 | valid MSE=2.152e-04 | valid rel L2=1.047e-02 | pressure=2.755e-03, u=2.809e-03, v=2.199e-02 | Time: 5:02:10.561438
2026-06-09 21:02:46 - pino - INFO - Epoch 0740 | data loss=1.819e-04 | bc loss=8.387e-05 | valid MSE=1.835e-04 | valid rel L2=9.353e-03 | pressure=2.548e-03, u=2.327e-03, v=2.060e-02 | Time: 5:06:08.865191
2026-06-09 21:06:46 - pino - INFO - Epoch 0750 | data loss=1.823e-04 | bc loss=9.042e-05 | valid MSE=1.853e-04 | valid rel L2=9.358e-03 | pressure=2.777e-03, u=2.393e-03, v=2.075e-02 | Time: 5:10:08.507604
2026-06-09 21:10:55 - pino - INFO - Epoch 0760 | data loss=1.906e-04 | bc loss=1.137e-04 | valid MSE=1.788e-04 | valid rel L2=9.254e-03 | pressure=2.567e-03, u=2.390e-03, v=2.063e-02 | Time: 5:14:18.114168
2026-06-09 21:14:59 - pino - INFO - Epoch 0770 | data loss=1.720e-04 | bc loss=7.552e-05 | valid MSE=1.827e-04 | valid rel L2=9.368e-03 | pressure=2.382e-03, u=2.313e-03, v=2.065e-02 | Time: 5:18:21.976150
2026-06-09 21:19:04 - pino - INFO - Epoch 0780 | data loss=1.699e-04 | bc loss=7.536e-05 | valid MSE=1.741e-04 | valid rel L2=8.953e-03 | pressure=2.295e-03, u=2.172e-03, v=2.024e-02 | Time: 5:22:27.222339
2026-06-09 21:23:09 - pino - INFO - Epoch 0790 | data loss=1.648e-04 | bc loss=6.927e-05 | valid MSE=1.775e-04 | valid rel L2=8.914e-03 | pressure=2.362e-03, u=2.186e-03, v=2.049e-02 | Time: 5:26:32.247668
2026-06-09 21:27:19 - pino - INFO - Epoch 0800 | data loss=1.634e-04 | bc loss=7.048e-05 | valid MSE=1.702e-04 | valid rel L2=8.787e-03 | pressure=2.447e-03, u=2.218e-03, v=1.978e-02 | Time: 5:30:42.174397
2026-06-09 21:31:19 - pino - INFO - Epoch 0810 | data loss=1.612e-04 | bc loss=6.871e-05 | valid MSE=1.653e-04 | valid rel L2=8.606e-03 | pressure=2.265e-03, u=2.112e-03, v=1.980e-02 | Time: 5:34:42.099998
2026-06-09 21:35:19 - pino - INFO - Epoch 0820 | data loss=1.601e-04 | bc loss=6.909e-05 | valid MSE=1.605e-04 | valid rel L2=8.625e-03 | pressure=2.260e-03, u=2.185e-03, v=1.941e-02 | Time: 5:38:42.112920
2026-06-09 21:39:20 - pino - INFO - Epoch 0830 | data loss=1.561e-04 | bc loss=6.435e-05 | valid MSE=1.649e-04 | valid rel L2=8.519e-03 | pressure=2.382e-03, u=2.089e-03, v=1.960e-02 | Time: 5:42:42.993804
2026-06-09 21:43:26 - pino - INFO - Epoch 0840 | data loss=1.547e-04 | bc loss=6.367e-05 | valid MSE=1.579e-04 | valid rel L2=8.397e-03 | pressure=2.185e-03, u=2.069e-03, v=1.948e-02 | Time: 5:46:49.069859
2026-06-09 21:47:32 - pino - INFO - Epoch 0850 | data loss=1.519e-04 | bc loss=5.983e-05 | valid MSE=1.587e-04 | valid rel L2=8.553e-03 | pressure=2.237e-03, u=2.194e-03, v=1.938e-02 | Time: 5:50:55.100451
2026-06-09 21:51:40 - pino - INFO - Epoch 0860 | data loss=1.513e-04 | bc loss=6.083e-05 | valid MSE=1.572e-04 | valid rel L2=8.323e-03 | pressure=2.133e-03, u=2.145e-03, v=1.929e-02 | Time: 5:55:02.332201
2026-06-09 21:55:43 - pino - INFO - Epoch 0870 | data loss=1.488e-04 | bc loss=5.751e-05 | valid MSE=1.533e-04 | valid rel L2=8.331e-03 | pressure=2.111e-03, u=2.027e-03, v=1.916e-02 | Time: 5:59:06.124841
2026-06-09 21:59:50 - pino - INFO - Epoch 0880 | data loss=1.474e-04 | bc loss=5.678e-05 | valid MSE=1.535e-04 | valid rel L2=8.074e-03 | pressure=2.154e-03, u=1.987e-03, v=1.915e-02 | Time: 6:03:12.538474
2026-06-09 22:03:51 - pino - INFO - Epoch 0890 | data loss=1.453e-04 | bc loss=5.461e-05 | valid MSE=1.501e-04 | valid rel L2=7.983e-03 | pressure=2.084e-03, u=1.982e-03, v=1.898e-02 | Time: 6:07:14.014777
2026-06-09 22:07:51 - pino - INFO - Epoch 0900 | data loss=1.442e-04 | bc loss=5.369e-05 | valid MSE=1.475e-04 | valid rel L2=7.908e-03 | pressure=2.062e-03, u=1.974e-03, v=1.883e-02 | Time: 6:11:13.988327
2026-06-09 22:11:51 - pino - INFO - Epoch 0910 | data loss=1.437e-04 | bc loss=5.473e-05 | valid MSE=1.543e-04 | valid rel L2=8.219e-03 | pressure=2.059e-03, u=2.025e-03, v=1.918e-02 | Time: 6:15:14.004797
2026-06-09 22:15:53 - pino - INFO - Epoch 0920 | data loss=1.423e-04 | bc loss=5.201e-05 | valid MSE=1.478e-04 | valid rel L2=7.871e-03 | pressure=2.102e-03, u=1.953e-03, v=1.880e-02 | Time: 6:19:15.376249
2026-06-09 22:20:02 - pino - INFO - Epoch 0930 | data loss=1.417e-04 | bc loss=5.169e-05 | valid MSE=1.440e-04 | valid rel L2=7.817e-03 | pressure=2.095e-03, u=1.951e-03, v=1.858e-02 | Time: 6:23:24.829204
2026-06-09 22:24:02 - pino - INFO - Epoch 0940 | data loss=1.410e-04 | bc loss=5.093e-05 | valid MSE=1.435e-04 | valid rel L2=7.778e-03 | pressure=2.054e-03, u=1.928e-03, v=1.861e-02 | Time: 6:27:25.224186
2026-06-09 22:28:18 - pino - INFO - Epoch 0950 | data loss=1.405e-04 | bc loss=5.025e-05 | valid MSE=1.447e-04 | valid rel L2=7.816e-03 | pressure=2.049e-03, u=1.934e-03, v=1.868e-02 | Time: 6:31:40.513343
2026-06-09 22:32:26 - pino - INFO - Epoch 0960 | data loss=1.400e-04 | bc loss=4.997e-05 | valid MSE=1.445e-04 | valid rel L2=7.782e-03 | pressure=2.044e-03, u=1.930e-03, v=1.865e-02 | Time: 6:35:48.665503
2026-06-09 22:36:34 - pino - INFO - Epoch 0970 | data loss=1.396e-04 | bc loss=4.969e-05 | valid MSE=1.444e-04 | valid rel L2=7.789e-03 | pressure=2.046e-03, u=1.924e-03, v=1.864e-02 | Time: 6:39:56.521346
2026-06-09 22:41:00 - pino - INFO - Epoch 0980 | data loss=1.394e-04 | bc loss=4.941e-05 | valid MSE=1.435e-04 | valid rel L2=7.764e-03 | pressure=2.037e-03, u=1.924e-03, v=1.858e-02 | Time: 6:44:22.627344
2026-06-09 22:45:06 - pino - INFO - Epoch 0990 | data loss=1.393e-04 | bc loss=4.926e-05 | valid MSE=1.439e-04 | valid rel L2=7.765e-03 | pressure=2.037e-03, u=1.925e-03, v=1.861e-02 | Time: 6:48:28.928268
2026-06-09 22:49:22 - pino - INFO - Epoch 1000 | data loss=1.392e-04 | bc loss=4.922e-05 | valid MSE=1.440e-04 | valid rel L2=7.765e-03 | pressure=2.038e-03, u=1.925e-03, v=1.862e-02 | Time: 6:52:44.949105
2026-06-09 22:49:22 - pino - INFO - Best validation MSE: 0.00014329821897263173
2026-06-09 22:49:22 - pino - INFO - Saved: results/060926_2/checkpoint.pt
2026-06-09 22:49:22 - pino - INFO - e976ee50-99ed-4aba-9b6b-9dcd5634d07d:IPyWidgets:8.1.8
2026-06-09 22:49:22 - pino - INFO - e976ee50-99ed-4aba-9b6b-9dcd5634d07d:IPyWidgets:8.1.8
2026-06-09 22:49:22 - pino - INFO - ['/jupyter-matplotlib/extension.js', '/jupyter-js-widgets/extension.js']
2026-06-09 22:49:22 - pino - INFO - ['/jupyter-matplotlib/extension.js', '/jupyter-js-widgets/extension.js']
2026-06-10 11:30:51 - pino - INFO - Loaded: results/060926_2/checkpoint.pt
2026-06-10 11:30:51 - pino - INFO - Total plotted points: 229742
2026-06-10 11:30:51 - pino - INFO - x range: 0.00024552774 0.9997354
2026-06-10 11:30:51 - pino - INFO - y range: -0.0036604528 0.10365726
2026-06-10 11:31:48 - pino - INFO - Total plotted points: 230324
2026-06-10 11:31:48 - pino - INFO - x range: 0.00025333284 0.9997369
2026-06-10 11:31:48 - pino - INFO - y range: -0.0030037095 0.10300137
2026-06-10 11:32:46 - pino - INFO - Total plotted points: 237170
2026-06-10 11:32:46 - pino - INFO - x range: 0.0002426327 0.99974793
2026-06-10 11:32:46 - pino - INFO - y range: -0.0035813448 0.103582375
2026-06-10 11:33:45 - pino - INFO - Total plotted points: 240746
2026-06-10 11:33:45 - pino - INFO - x range: 0.00026093746 0.9997381
2026-06-10 11:33:45 - pino - INFO - y range: -0.0032173737 0.103217304
2026-06-10 11:34:42 - pino - INFO - Total plotted points: 230220
2026-06-10 11:34:42 - pino - INFO - x range: 0.0002511409 0.9997412
2026-06-10 11:34:42 - pino - INFO - y range: -0.0032482685 0.10326389
2026-06-10 11:35:35 - pino - INFO - Total plotted points: 228410
2026-06-10 11:35:35 - pino - INFO - x range: 0.0002440414 0.9997296
2026-06-10 11:35:35 - pino - INFO - y range: -0.004046337 0.104062416
2026-06-10 11:36:29 - pino - INFO - Total plotted points: 237666
2026-06-10 11:36:29 - pino - INFO - x range: 0.0002594584 0.9997394
2026-06-10 11:36:29 - pino - INFO - y range: -0.0042511583 0.1042511
2026-06-10 11:37:29 - pino - INFO - Total plotted points: 236006
2026-06-10 11:37:29 - pino - INFO - x range: 0.00027182323 0.99973553
2026-06-10 11:37:29 - pino - INFO - y range: -0.0045372355 0.104539566
2026-06-10 11:38:33 - pino - INFO - Total plotted points: 227660
2026-06-10 11:38:33 - pino - INFO - x range: 0.00024566363 0.9997575
2026-06-10 11:38:33 - pino - INFO - y range: -0.004086913 0.10409428
2026-06-10 11:39:30 - pino - INFO - Total plotted points: 235384
2026-06-10 11:39:30 - pino - INFO - x range: 0.0002529175 0.99973893
2026-06-10 11:39:30 - pino - INFO - y range: -0.0044885958 0.10449617
2026-06-10 11:42:33 - pino - INFO - Test samples: 100
2026-06-10 11:42:33 - pino - INFO - Test cases: [3, 14, 25, 49, 52, 55, 58, 69, 73, 97]
2026-06-10 11:42:34 - pino - INFO - Total plotted points: 237274
2026-06-10 11:42:34 - pino - INFO - x range: 0.00024775745 0.999737
2026-06-10 11:42:34 - pino - INFO - y range: -0.0046734763 0.10467545
2026-06-10 11:43:37 - pino - INFO - Total plotted points: 233642
2026-06-10 11:43:37 - pino - INFO - x range: 0.00026308117 0.99977
2026-06-10 11:43:37 - pino - INFO - y range: -0.00436419 0.10436236
2026-06-10 11:44:39 - pino - INFO - Total plotted points: 230652
2026-06-10 11:44:39 - pino - INFO - x range: 0.00025932895 0.99975175
2026-06-10 11:44:39 - pino - INFO - y range: -0.0038433005 0.10384845
2026-06-10 11:45:37 - pino - INFO - Total plotted points: 233712
2026-06-10 11:45:37 - pino - INFO - x range: 0.00025644194 0.9997555
2026-06-10 11:45:37 - pino - INFO - y range: -0.0032470438 0.103243925
2026-06-10 11:46:35 - pino - INFO - Total plotted points: 237198
2026-06-10 11:46:35 - pino - INFO - x range: 0.00025688665 0.99973845
2026-06-10 11:46:35 - pino - INFO - y range: -0.0039451937 0.10394325
2026-06-10 11:47:30 - pino - INFO - Total plotted points: 230740
2026-06-10 11:47:30 - pino - INFO - x range: 0.00026658783 0.9997444
2026-06-10 11:47:30 - pino - INFO - y range: -0.0035965291 0.1035983
2026-06-10 11:48:27 - pino - INFO - Total plotted points: 237088
2026-06-10 11:48:27 - pino - INFO - x range: 0.0002614005 0.9997458
2026-06-10 11:48:27 - pino - INFO - y range: -0.004525996 0.104525566
2026-06-10 11:49:25 - pino - INFO - Total plotted points: 229924
2026-06-10 11:49:25 - pino - INFO - x range: 0.00025835232 0.99974424
2026-06-10 11:49:25 - pino - INFO - y range: -0.0030023463 0.10301031
2026-06-10 11:50:15 - pino - INFO - Total plotted points: 229716
2026-06-10 11:50:15 - pino - INFO - x range: 0.00025992666 0.999732
2026-06-10 11:50:15 - pino - INFO - y range: -0.0027418374 0.10274269
2026-06-10 11:51:11 - pino - INFO - Total plotted points: 225946
2026-06-10 11:51:11 - pino - INFO - x range: 0.00025748738 0.99974716
2026-06-10 11:51:11 - pino - INFO - y range: -0.0038637233 0.10386955
