2026-06-08 19:14:25 - pino - INFO - Training comment
2026-06-08 19:14:25 - pino - INFO - Small smooth channels interface at random points 10 realizations, file train_deeponet copy
2026-06-08 19:14:25 - pino - INFO - Available cases (100):
2026-06-08 19:14:25 - pino - INFO - [0, 1, 2, 3, 4, 5, 6, 7, 8, 9, 10, 11, 12, 13, 14, 15, 16, 17, 18, 19, 20, 21, 22, 23, 24, 25, 26, 27, 28, 29, 30, 31, 32, 33, 34, 35, 36, 37, 38, 39, 40, 41, 42, 43, 44, 45, 46, 47, 48, 49, 50, 51, 52, 53, 54, 55, 56, 57, 58, 59, 60, 61, 62, 63, 64, 65, 66, 67, 68, 69, 70, 71, 72, 73, 74, 75, 76, 77, 78, 79, 80, 81, 82, 83, 84, 85, 86, 87, 88, 89, 90, 91, 92, 93, 94, 95, 96, 97, 98, 99]
2026-06-08 19:14:25 - pino - INFO - Train cases (80): ['channel_00', 'channel_01', 'channel_02', 'channel_04', 'channel_05', 'channel_06', 'channel_07', 'channel_08', 'channel_10', 'channel_12', 'channel_13', 'channel_15', 'channel_17', 'channel_19', 'channel_21', 'channel_22', 'channel_24', 'channel_26', 'channel_27', 'channel_28', 'channel_30', 'channel_31', 'channel_32', 'channel_33', 'channel_34', 'channel_36', 'channel_37', 'channel_38', 'channel_39', 'channel_40', 'channel_41', 'channel_42', 'channel_44', 'channel_45', 'channel_46', 'channel_47', 'channel_48', 'channel_50', 'channel_51', 'channel_53', 'channel_54', 'channel_56', 'channel_57', 'channel_59', 'channel_60', 'channel_61', 'channel_62', 'channel_63', 'channel_64', 'channel_65', 'channel_66', 'channel_67', 'channel_68', 'channel_70', 'channel_71', 'channel_72', 'channel_74', 'channel_75', 'channel_77', 'channel_78', 'channel_79', 'channel_80', 'channel_81', 'channel_82', 'channel_83', 'channel_84', 'channel_85', 'channel_86', 'channel_87', 'channel_88', 'channel_89', 'channel_90', 'channel_91', 'channel_92', 'channel_93', 'channel_94', 'channel_95', 'channel_96', 'channel_98', 'channel_99']
2026-06-08 19:14:25 - pino - INFO - Valid cases (10): ['channel_09', 'channel_11', 'channel_16', 'channel_18', 'channel_20', 'channel_23', 'channel_29', 'channel_35', 'channel_43', 'channel_76']
2026-06-08 19:14:25 - pino - INFO - Test  cases (10): ['channel_03', 'channel_14', 'channel_25', 'channel_49', 'channel_52', 'channel_55', 'channel_58', 'channel_69', 'channel_73', 'channel_97']
2026-06-08 21:49:57 - pino - INFO - Train samples: 8000
2026-06-08 21:49:57 - pino - INFO - Valid samples: 100
2026-06-08 21:49:57 - pino - INFO - Train branch channels: ['x_local', 'y_local', 'wall_mask', 'interface_mask', 'boundary_pressure', 'boundary_u', 'boundary_v', 'known_pressure', 'known_u', 'known_v', 'local_aspect_ratio']
2026-06-08 21:49:57 - pino - INFO - Train trunk channels: ['x_local', 'y_local']
2026-06-08 21:49:57 - pino - INFO - Output channels: ['pressure', 'u', 'v']
2026-06-08 21:49:57 - pino - INFO - Example train sample:
2026-06-08 21:49:57 - pino - INFO - branch: (1024, 11)
2026-06-08 21:49:57 - pino - INFO - query: (12268, 2)
2026-06-08 21:49:57 - pino - INFO - target: (12268, 3)
2026-06-08 21:49:57 - pino - INFO - Train cases: [0, 1, 2, 4, 5, 6, 7, 8, 10, 12, 13, 15, 17, 19, 21, 22, 24, 26, 27, 28, 30, 31, 32, 33, 34, 36, 37, 38, 39, 40, 41, 42, 44, 45, 46, 47, 48, 50, 51, 53, 54, 56, 57, 59, 60, 61, 62, 63, 64, 65, 66, 67, 68, 70, 71, 72, 74, 75, 77, 78, 79, 80, 81, 82, 83, 84, 85, 86, 87, 88, 89, 90, 91, 92, 93, 94, 95, 96, 98, 99]
2026-06-08 21:49:57 - pino - INFO - Valid cases: [9, 11, 16, 18, 20, 23, 29, 35, 43, 76]
2026-06-08 21:50:01 - pino - INFO - Y mean: tensor([ 6.3925e+02,  1.0017e+00, -1.2696e-05])
2026-06-08 21:50:01 - pino - INFO - Y std: tensor([4.1504e+02, 4.2805e-01, 2.2184e-02])
2026-06-08 21:50:01 - pino - INFO - local_aspect_mean: 1.0
2026-06-08 21:50:01 - pino - INFO - local_aspect_std: 0.8224277496337891
2026-06-08 21:50:01 - pino - INFO - branch batch: torch.Size([50, 1024, 11])
2026-06-08 21:50:01 - pino - INFO - query batch: torch.Size([1225875, 2])
2026-06-08 21:50:01 - pino - INFO - target batch: torch.Size([1225875, 3])
2026-06-08 21:50:01 - pino - INFO - query batch id: tensor(0) tensor(49)
2026-06-08 21:50:01 - pino - INFO - sample indices: tensor([7226,   72, 7865, 1312, 4485, 1301,  771, 3774, 1648, 1242, 4281, 6456,
        1766, 2673, 2809, 5218, 5811, 1282, 1259, 3348, 6148,  315, 2411, 6341,
        5227, 7809, 5036, 5123, 4883, 5172, 4926, 1584,  343, 4365, 7100, 3947,
        6879, 2735,  231, 3038,  911, 5536, 4052,   57, 7051,  658, 5496, 4708,
        4424, 6193])
2026-06-08 21:50:04 - pino - INFO - {'branch_input_dim': 11, 'trunk_input_dim': 2, 'output_channels': 3, 'latent_dim': 128, 'branch_point_hidden_dim': 128, 'branch_point_depth': 3, 'branch_global_hidden_dim': 128, 'branch_global_depth': 3, 'trunk_hidden_dim': 128, 'trunk_depth': 4, 'aggregation': 'mean', 'activation': 'gelu', 'layer_norm': False}
2026-06-08 21:50:58 - pino - INFO - Epoch 0001 | data loss=6.357e-01 | bc loss=5.293e-01 | valid MSE=2.975e-01 | valid rel L2=4.136e-01 | pressure=1.075e-01, u=9.670e-02, v=8.348e-01 | Time: 0:00:54.513883
2026-06-08 21:56:52 - pino - INFO - Epoch 0010 | data loss=1.217e-01 | bc loss=6.551e-02 | valid MSE=9.419e-02 | valid rel L2=2.390e-01 | pressure=4.512e-02, u=5.474e-02, v=5.078e-01 | Time: 0:06:48.398414
2026-06-08 22:03:26 - pino - INFO - Epoch 0020 | data loss=7.293e-02 | bc loss=4.132e-02 | valid MSE=4.971e-02 | valid rel L2=1.688e-01 | pressure=3.280e-02, u=4.110e-02, v=3.778e-01 | Time: 0:13:22.036927
2026-06-08 22:10:02 - pino - INFO - Epoch 0030 | data loss=4.537e-02 | bc loss=2.095e-02 | valid MSE=3.477e-02 | valid rel L2=1.433e-01 | pressure=3.077e-02, u=2.985e-02, v=3.233e-01 | Time: 0:19:58.309774
2026-06-08 22:16:40 - pino - INFO - Epoch 0040 | data loss=4.484e-02 | bc loss=2.067e-02 | valid MSE=2.960e-02 | valid rel L2=1.312e-01 | pressure=3.408e-02, u=2.905e-02, v=3.020e-01 | Time: 0:26:35.821977
2026-06-08 22:23:24 - pino - INFO - Epoch 0050 | data loss=3.299e-02 | bc loss=1.614e-02 | valid MSE=1.929e-02 | valid rel L2=1.118e-01 | pressure=2.139e-02, u=2.651e-02, v=2.389e-01 | Time: 0:33:20.498186
2026-06-08 22:30:04 - pino - INFO - Epoch 0060 | data loss=2.741e-02 | bc loss=1.090e-02 | valid MSE=1.741e-02 | valid rel L2=1.047e-01 | pressure=2.273e-02, u=2.537e-02, v=2.242e-01 | Time: 0:40:00.509874
2026-06-08 22:36:53 - pino - INFO - Epoch 0070 | data loss=2.183e-02 | bc loss=8.396e-03 | valid MSE=1.483e-02 | valid rel L2=1.021e-01 | pressure=2.755e-02, u=2.665e-02, v=2.013e-01 | Time: 0:46:48.986093
2026-06-08 22:43:31 - pino - INFO - Epoch 0080 | data loss=2.032e-02 | bc loss=7.547e-03 | valid MSE=1.578e-02 | valid rel L2=1.039e-01 | pressure=3.001e-02, u=2.709e-02, v=2.038e-01 | Time: 0:53:26.705421
2026-06-08 22:50:18 - pino - INFO - Epoch 0090 | data loss=1.967e-02 | bc loss=8.160e-03 | valid MSE=1.277e-02 | valid rel L2=9.691e-02 | pressure=2.060e-02, u=2.396e-02, v=1.916e-01 | Time: 1:00:14.527812
2026-06-08 22:56:55 - pino - INFO - Epoch 0100 | data loss=1.718e-02 | bc loss=6.653e-03 | valid MSE=1.704e-02 | valid rel L2=1.207e-01 | pressure=2.611e-02, u=2.613e-02, v=2.089e-01 | Time: 1:06:51.245068
2026-06-08 23:03:32 - pino - INFO - Epoch 0110 | data loss=1.649e-02 | bc loss=6.840e-03 | valid MSE=9.450e-03 | valid rel L2=8.135e-02 | pressure=1.773e-02, u=2.005e-02, v=1.687e-01 | Time: 1:13:28.270879
2026-06-08 23:10:12 - pino - INFO - Epoch 0120 | data loss=1.403e-02 | bc loss=5.339e-03 | valid MSE=1.418e-02 | valid rel L2=1.100e-01 | pressure=2.940e-02, u=3.210e-02, v=2.027e-01 | Time: 1:20:08.398025
2026-06-08 23:16:53 - pino - INFO - Epoch 0130 | data loss=1.321e-02 | bc loss=4.668e-03 | valid MSE=8.651e-03 | valid rel L2=8.299e-02 | pressure=1.829e-02, u=2.076e-02, v=1.564e-01 | Time: 1:26:49.482842
2026-06-08 23:23:32 - pino - INFO - Epoch 0140 | data loss=1.380e-02 | bc loss=6.654e-03 | valid MSE=1.267e-02 | valid rel L2=9.743e-02 | pressure=2.606e-02, u=3.068e-02, v=1.864e-01 | Time: 1:33:28.067418
2026-06-08 23:30:09 - pino - INFO - Epoch 0150 | data loss=1.121e-02 | bc loss=3.606e-03 | valid MSE=7.935e-03 | valid rel L2=7.517e-02 | pressure=1.969e-02, u=1.717e-02, v=1.667e-01 | Time: 1:40:05.205566
2026-06-08 23:36:51 - pino - INFO - Epoch 0160 | data loss=1.077e-02 | bc loss=3.296e-03 | valid MSE=8.129e-03 | valid rel L2=8.256e-02 | pressure=2.041e-02, u=1.492e-02, v=1.664e-01 | Time: 1:46:47.386613
2026-06-08 23:43:21 - pino - INFO - Epoch 0170 | data loss=1.012e-02 | bc loss=3.211e-03 | valid MSE=5.582e-03 | valid rel L2=6.289e-02 | pressure=1.528e-02, u=1.432e-02, v=1.334e-01 | Time: 1:53:17.452160
2026-06-08 23:49:52 - pino - INFO - Epoch 0180 | data loss=9.660e-03 | bc loss=3.007e-03 | valid MSE=6.785e-03 | valid rel L2=7.384e-02 | pressure=1.608e-02, u=1.687e-02, v=1.346e-01 | Time: 1:59:48.498979
2026-06-08 23:56:30 - pino - INFO - Epoch 0190 | data loss=9.546e-03 | bc loss=3.043e-03 | valid MSE=5.806e-03 | valid rel L2=7.105e-02 | pressure=1.606e-02, u=1.449e-02, v=1.385e-01 | Time: 2:06:26.466696
2026-06-09 00:02:58 - pino - INFO - Epoch 0200 | data loss=8.533e-03 | bc loss=2.650e-03 | valid MSE=5.295e-03 | valid rel L2=6.584e-02 | pressure=1.567e-02, u=1.490e-02, v=1.239e-01 | Time: 2:12:53.903806
2026-06-09 00:09:25 - pino - INFO - Epoch 0210 | data loss=1.067e-02 | bc loss=5.014e-03 | valid MSE=6.494e-03 | valid rel L2=7.060e-02 | pressure=2.665e-02, u=1.667e-02, v=1.341e-01 | Time: 2:19:20.701364
2026-06-09 00:16:03 - pino - INFO - Epoch 0220 | data loss=7.952e-03 | bc loss=2.387e-03 | valid MSE=4.702e-03 | valid rel L2=6.484e-02 | pressure=1.812e-02, u=1.386e-02, v=1.158e-01 | Time: 2:25:59.385101
2026-06-09 00:22:38 - pino - INFO - Epoch 0230 | data loss=9.220e-03 | bc loss=4.260e-03 | valid MSE=4.898e-03 | valid rel L2=6.137e-02 | pressure=1.443e-02, u=1.285e-02, v=1.200e-01 | Time: 2:32:34.189489
2026-06-09 00:29:10 - pino - INFO - Epoch 0240 | data loss=7.713e-03 | bc loss=3.106e-03 | valid MSE=4.211e-03 | valid rel L2=5.817e-02 | pressure=1.860e-02, u=1.108e-02, v=1.131e-01 | Time: 2:39:05.948569
2026-06-09 00:35:45 - pino - INFO - Epoch 0250 | data loss=6.605e-03 | bc loss=2.088e-03 | valid MSE=4.006e-03 | valid rel L2=5.644e-02 | pressure=1.518e-02, u=1.242e-02, v=1.081e-01 | Time: 2:45:41.140713
2026-06-09 00:42:24 - pino - INFO - Epoch 0260 | data loss=6.657e-03 | bc loss=2.471e-03 | valid MSE=3.449e-03 | valid rel L2=5.107e-02 | pressure=1.178e-02, u=1.085e-02, v=1.020e-01 | Time: 2:52:19.769197
2026-06-09 00:49:11 - pino - INFO - Epoch 0270 | data loss=5.738e-03 | bc loss=1.765e-03 | valid MSE=4.467e-03 | valid rel L2=5.801e-02 | pressure=1.354e-02, u=1.325e-02, v=1.150e-01 | Time: 2:59:07.456467
2026-06-09 00:55:53 - pino - INFO - Epoch 0280 | data loss=5.922e-03 | bc loss=1.987e-03 | valid MSE=3.902e-03 | valid rel L2=5.749e-02 | pressure=1.200e-02, u=1.068e-02, v=1.069e-01 | Time: 3:05:49.205443
2026-06-09 01:02:36 - pino - INFO - Epoch 0290 | data loss=6.557e-03 | bc loss=3.109e-03 | valid MSE=3.490e-03 | valid rel L2=5.303e-02 | pressure=1.224e-02, u=1.082e-02, v=1.008e-01 | Time: 3:12:32.175238
2026-06-09 01:09:08 - pino - INFO - Epoch 0300 | data loss=5.105e-03 | bc loss=1.610e-03 | valid MSE=3.045e-03 | valid rel L2=4.887e-02 | pressure=1.310e-02, u=1.057e-02, v=9.757e-02 | Time: 3:19:04.013278
2026-06-09 01:15:44 - pino - INFO - Epoch 0310 | data loss=4.985e-03 | bc loss=1.562e-03 | valid MSE=3.250e-03 | valid rel L2=5.138e-02 | pressure=1.254e-02, u=9.949e-03, v=9.883e-02 | Time: 3:25:39.842647
2026-06-09 01:22:23 - pino - INFO - Epoch 0320 | data loss=4.644e-03 | bc loss=1.424e-03 | valid MSE=3.247e-03 | valid rel L2=5.174e-02 | pressure=1.159e-02, u=9.491e-03, v=1.024e-01 | Time: 3:32:19.374340
2026-06-09 01:29:00 - pino - INFO - Epoch 0330 | data loss=4.639e-03 | bc loss=1.367e-03 | valid MSE=3.870e-03 | valid rel L2=5.513e-02 | pressure=1.122e-02, u=1.203e-02, v=1.101e-01 | Time: 3:38:56.365399
2026-06-09 01:35:48 - pino - INFO - Epoch 0340 | data loss=4.591e-03 | bc loss=1.588e-03 | valid MSE=3.111e-03 | valid rel L2=5.249e-02 | pressure=1.350e-02, u=1.131e-02, v=9.584e-02 | Time: 3:45:44.190660
2026-06-09 01:42:39 - pino - INFO - Epoch 0350 | data loss=4.194e-03 | bc loss=1.487e-03 | valid MSE=4.403e-03 | valid rel L2=6.011e-02 | pressure=1.192e-02, u=1.578e-02, v=1.121e-01 | Time: 3:52:35.061570
2026-06-09 01:49:28 - pino - INFO - Epoch 0360 | data loss=4.360e-03 | bc loss=1.551e-03 | valid MSE=3.242e-03 | valid rel L2=5.168e-02 | pressure=1.466e-02, u=1.109e-02, v=9.687e-02 | Time: 3:59:24.170291
2026-06-09 01:56:15 - pino - INFO - Epoch 0370 | data loss=4.886e-03 | bc loss=2.079e-03 | valid MSE=2.398e-03 | valid rel L2=4.551e-02 | pressure=1.163e-02, u=1.033e-02, v=8.711e-02 | Time: 4:06:10.587319
2026-06-09 02:03:00 - pino - INFO - Epoch 0380 | data loss=3.765e-03 | bc loss=1.075e-03 | valid MSE=3.364e-03 | valid rel L2=5.553e-02 | pressure=1.046e-02, u=1.060e-02, v=1.012e-01 | Time: 4:12:55.817118
2026-06-09 02:09:35 - pino - INFO - Epoch 0390 | data loss=4.248e-03 | bc loss=1.807e-03 | valid MSE=2.340e-03 | valid rel L2=4.467e-02 | pressure=9.928e-03, u=1.050e-02, v=8.110e-02 | Time: 4:19:31.092295
2026-06-09 02:16:19 - pino - INFO - Epoch 0400 | data loss=3.827e-03 | bc loss=1.559e-03 | valid MSE=2.943e-03 | valid rel L2=5.288e-02 | pressure=1.006e-02, u=9.840e-03, v=9.482e-02 | Time: 4:26:14.802590
2026-06-09 02:22:49 - pino - INFO - Epoch 0410 | data loss=3.535e-03 | bc loss=1.436e-03 | valid MSE=2.239e-03 | valid rel L2=4.325e-02 | pressure=9.871e-03, u=9.956e-03, v=8.340e-02 | Time: 4:32:45.498991
2026-06-09 02:29:22 - pino - INFO - Epoch 0420 | data loss=3.473e-03 | bc loss=1.387e-03 | valid MSE=2.502e-03 | valid rel L2=4.524e-02 | pressure=1.060e-02, u=8.624e-03, v=8.586e-02 | Time: 4:39:18.380922
2026-06-09 02:36:03 - pino - INFO - Epoch 0430 | data loss=3.428e-03 | bc loss=1.057e-03 | valid MSE=2.069e-03 | valid rel L2=4.113e-02 | pressure=9.212e-03, u=9.145e-03, v=8.515e-02 | Time: 4:45:58.826738
2026-06-09 02:42:49 - pino - INFO - Epoch 0440 | data loss=4.412e-03 | bc loss=2.326e-03 | valid MSE=3.785e-03 | valid rel L2=5.274e-02 | pressure=1.424e-02, u=1.324e-02, v=1.100e-01 | Time: 4:52:45.448606
2026-06-09 02:49:34 - pino - INFO - Epoch 0450 | data loss=3.134e-03 | bc loss=1.240e-03 | valid MSE=2.176e-03 | valid rel L2=4.326e-02 | pressure=1.001e-02, u=1.165e-02, v=8.355e-02 | Time: 4:59:30.527830
2026-06-09 02:56:20 - pino - INFO - Epoch 0460 | data loss=3.090e-03 | bc loss=1.274e-03 | valid MSE=2.016e-03 | valid rel L2=4.211e-02 | pressure=9.409e-03, u=8.079e-03, v=8.320e-02 | Time: 5:06:15.783324
2026-06-09 03:03:02 - pino - INFO - Epoch 0470 | data loss=3.149e-03 | bc loss=1.448e-03 | valid MSE=1.938e-03 | valid rel L2=4.114e-02 | pressure=9.936e-03, u=8.060e-03, v=7.984e-02 | Time: 5:12:58.349350
2026-06-09 03:09:53 - pino - INFO - Epoch 0480 | data loss=2.670e-03 | bc loss=6.920e-04 | valid MSE=1.958e-03 | valid rel L2=4.102e-02 | pressure=9.563e-03, u=9.128e-03, v=8.054e-02 | Time: 5:19:49.344277
2026-06-09 03:16:29 - pino - INFO - Epoch 0490 | data loss=2.629e-03 | bc loss=8.075e-04 | valid MSE=1.887e-03 | valid rel L2=4.005e-02 | pressure=7.586e-03, u=7.517e-03, v=8.008e-02 | Time: 5:26:25.518344
2026-06-09 03:23:12 - pino - INFO - Epoch 0500 | data loss=2.559e-03 | bc loss=7.295e-04 | valid MSE=1.809e-03 | valid rel L2=4.030e-02 | pressure=8.745e-03, u=6.930e-03, v=7.832e-02 | Time: 5:33:07.793528
2026-06-09 03:29:47 - pino - INFO - Epoch 0510 | data loss=2.770e-03 | bc loss=1.088e-03 | valid MSE=1.923e-03 | valid rel L2=3.988e-02 | pressure=8.357e-03, u=7.718e-03, v=7.995e-02 | Time: 5:39:43.482924
2026-06-09 03:36:22 - pino - INFO - Epoch 0520 | data loss=2.808e-03 | bc loss=1.230e-03 | valid MSE=4.322e-03 | valid rel L2=5.889e-02 | pressure=1.527e-02, u=1.657e-02, v=1.053e-01 | Time: 5:46:17.697846
2026-06-09 03:42:51 - pino - INFO - Epoch 0530 | data loss=2.540e-03 | bc loss=8.238e-04 | valid MSE=1.647e-03 | valid rel L2=3.621e-02 | pressure=7.743e-03, u=6.955e-03, v=7.319e-02 | Time: 5:52:47.237606
2026-06-09 03:49:22 - pino - INFO - Epoch 0540 | data loss=2.258e-03 | bc loss=5.847e-04 | valid MSE=1.694e-03 | valid rel L2=3.648e-02 | pressure=7.284e-03, u=7.117e-03, v=7.646e-02 | Time: 5:59:18.002977
2026-06-09 03:56:00 - pino - INFO - Epoch 0550 | data loss=2.353e-03 | bc loss=6.791e-04 | valid MSE=1.583e-03 | valid rel L2=3.605e-02 | pressure=8.612e-03, u=6.923e-03, v=7.378e-02 | Time: 6:05:56.388757
2026-06-09 04:02:41 - pino - INFO - Epoch 0560 | data loss=2.566e-03 | bc loss=1.040e-03 | valid MSE=1.482e-03 | valid rel L2=3.584e-02 | pressure=7.146e-03, u=6.562e-03, v=7.143e-02 | Time: 6:12:37.421505
2026-06-09 04:09:20 - pino - INFO - Epoch 0570 | data loss=2.168e-03 | bc loss=6.422e-04 | valid MSE=1.592e-03 | valid rel L2=3.730e-02 | pressure=7.576e-03, u=6.761e-03, v=7.573e-02 | Time: 6:19:16.167747
2026-06-09 04:15:55 - pino - INFO - Epoch 0580 | data loss=2.094e-03 | bc loss=5.968e-04 | valid MSE=1.516e-03 | valid rel L2=3.520e-02 | pressure=7.167e-03, u=6.349e-03, v=7.140e-02 | Time: 6:25:51.174975
2026-06-09 04:22:21 - pino - INFO - Epoch 0590 | data loss=2.154e-03 | bc loss=6.839e-04 | valid MSE=1.400e-03 | valid rel L2=3.340e-02 | pressure=6.958e-03, u=6.432e-03, v=6.996e-02 | Time: 6:32:17.394104
2026-06-09 04:28:51 - pino - INFO - Epoch 0600 | data loss=1.992e-03 | bc loss=5.368e-04 | valid MSE=1.397e-03 | valid rel L2=3.383e-02 | pressure=7.807e-03, u=6.297e-03, v=6.911e-02 | Time: 6:38:47.207713
2026-06-09 04:35:25 - pino - INFO - Epoch 0610 | data loss=2.354e-03 | bc loss=1.058e-03 | valid MSE=1.405e-03 | valid rel L2=3.319e-02 | pressure=8.565e-03, u=7.006e-03, v=7.198e-02 | Time: 6:45:21.513938
2026-06-09 04:41:55 - pino - INFO - Epoch 0620 | data loss=1.934e-03 | bc loss=5.552e-04 | valid MSE=1.418e-03 | valid rel L2=3.472e-02 | pressure=7.870e-03, u=7.178e-03, v=7.477e-02 | Time: 6:51:50.967856
2026-06-09 04:48:22 - pino - INFO - Epoch 0630 | data loss=1.966e-03 | bc loss=6.347e-04 | valid MSE=1.322e-03 | valid rel L2=3.282e-02 | pressure=6.265e-03, u=6.330e-03, v=6.658e-02 | Time: 6:58:17.833369
2026-06-09 04:54:44 - pino - INFO - Epoch 0640 | data loss=1.801e-03 | bc loss=4.580e-04 | valid MSE=1.332e-03 | valid rel L2=3.359e-02 | pressure=7.777e-03, u=6.101e-03, v=6.893e-02 | Time: 7:04:40.186939
2026-06-09 05:01:06 - pino - INFO - Epoch 0650 | data loss=1.827e-03 | bc loss=5.237e-04 | valid MSE=1.417e-03 | valid rel L2=3.406e-02 | pressure=8.274e-03, u=6.910e-03, v=6.546e-02 | Time: 7:11:01.978815
2026-06-09 05:07:28 - pino - INFO - Epoch 0660 | data loss=1.828e-03 | bc loss=5.514e-04 | valid MSE=1.512e-03 | valid rel L2=3.781e-02 | pressure=6.842e-03, u=6.637e-03, v=7.273e-02 | Time: 7:17:23.916856
2026-06-09 05:13:48 - pino - INFO - Epoch 0670 | data loss=1.792e-03 | bc loss=5.682e-04 | valid MSE=1.156e-03 | valid rel L2=3.043e-02 | pressure=6.308e-03, u=6.399e-03, v=5.912e-02 | Time: 7:23:44.038838
2026-06-09 05:20:05 - pino - INFO - Epoch 0680 | data loss=1.861e-03 | bc loss=6.780e-04 | valid MSE=1.135e-03 | valid rel L2=2.993e-02 | pressure=6.144e-03, u=5.844e-03, v=6.019e-02 | Time: 7:30:01.065677
2026-06-09 05:26:25 - pino - INFO - Epoch 0690 | data loss=1.650e-03 | bc loss=4.295e-04 | valid MSE=1.159e-03 | valid rel L2=3.002e-02 | pressure=5.993e-03, u=6.113e-03, v=6.339e-02 | Time: 7:36:20.639502
2026-06-09 05:32:49 - pino - INFO - Epoch 0700 | data loss=1.633e-03 | bc loss=4.089e-04 | valid MSE=1.179e-03 | valid rel L2=3.120e-02 | pressure=6.478e-03, u=5.980e-03, v=6.674e-02 | Time: 7:42:45.436768
2026-06-09 05:39:16 - pino - INFO - Epoch 0710 | data loss=1.593e-03 | bc loss=4.250e-04 | valid MSE=1.068e-03 | valid rel L2=2.915e-02 | pressure=6.065e-03, u=5.820e-03, v=6.060e-02 | Time: 7:49:12.405498
2026-06-09 05:45:34 - pino - INFO - Epoch 0720 | data loss=1.610e-03 | bc loss=4.767e-04 | valid MSE=1.153e-03 | valid rel L2=3.154e-02 | pressure=6.428e-03, u=8.730e-03, v=5.796e-02 | Time: 7:55:30.004433
2026-06-09 05:51:48 - pino - INFO - Epoch 0730 | data loss=1.570e-03 | bc loss=4.189e-04 | valid MSE=1.104e-03 | valid rel L2=2.992e-02 | pressure=6.570e-03, u=6.235e-03, v=5.881e-02 | Time: 8:01:44.428632
2026-06-09 05:58:14 - pino - INFO - Epoch 0740 | data loss=1.548e-03 | bc loss=3.947e-04 | valid MSE=1.088e-03 | valid rel L2=2.938e-02 | pressure=7.217e-03, u=5.559e-03, v=6.118e-02 | Time: 8:08:10.031951
2026-06-09 06:04:38 - pino - INFO - Epoch 0750 | data loss=1.525e-03 | bc loss=3.907e-04 | valid MSE=1.045e-03 | valid rel L2=2.885e-02 | pressure=5.814e-03, u=6.038e-03, v=5.941e-02 | Time: 8:14:34.166305
2026-06-09 06:11:11 - pino - INFO - Epoch 0760 | data loss=1.490e-03 | bc loss=3.582e-04 | valid MSE=1.110e-03 | valid rel L2=2.927e-02 | pressure=6.212e-03, u=5.856e-03, v=6.366e-02 | Time: 8:21:07.154756
2026-06-09 06:17:48 - pino - INFO - Epoch 0770 | data loss=1.488e-03 | bc loss=3.920e-04 | valid MSE=1.014e-03 | valid rel L2=2.858e-02 | pressure=6.103e-03, u=5.626e-03, v=5.732e-02 | Time: 8:27:44.450188
2026-06-09 06:24:07 - pino - INFO - Epoch 0780 | data loss=1.462e-03 | bc loss=3.543e-04 | valid MSE=1.014e-03 | valid rel L2=2.817e-02 | pressure=5.545e-03, u=5.611e-03, v=5.923e-02 | Time: 8:34:03.040785
2026-06-09 06:30:31 - pino - INFO - Epoch 0790 | data loss=1.453e-03 | bc loss=3.578e-04 | valid MSE=1.035e-03 | valid rel L2=2.868e-02 | pressure=5.868e-03, u=5.615e-03, v=5.941e-02 | Time: 8:40:26.785396
2026-06-09 06:36:48 - pino - INFO - Epoch 0800 | data loss=1.437e-03 | bc loss=3.446e-04 | valid MSE=1.007e-03 | valid rel L2=2.818e-02 | pressure=5.552e-03, u=5.586e-03, v=5.616e-02 | Time: 8:46:43.858878
2026-06-09 06:43:12 - pino - INFO - Epoch 0810 | data loss=1.413e-03 | bc loss=3.367e-04 | valid MSE=1.053e-03 | valid rel L2=2.899e-02 | pressure=5.911e-03, u=5.584e-03, v=5.894e-02 | Time: 8:53:08.278453
2026-06-09 06:49:47 - pino - INFO - Epoch 0820 | data loss=1.402e-03 | bc loss=3.373e-04 | valid MSE=9.882e-04 | valid rel L2=2.791e-02 | pressure=5.579e-03, u=5.488e-03, v=5.717e-02 | Time: 8:59:43.101473
2026-06-09 06:56:18 - pino - INFO - Epoch 0830 | data loss=1.389e-03 | bc loss=3.294e-04 | valid MSE=9.738e-04 | valid rel L2=2.760e-02 | pressure=5.459e-03, u=5.440e-03, v=5.583e-02 | Time: 9:06:14.000297
2026-06-09 07:03:05 - pino - INFO - Epoch 0840 | data loss=1.381e-03 | bc loss=3.260e-04 | valid MSE=1.043e-03 | valid rel L2=2.875e-02 | pressure=6.045e-03, u=5.452e-03, v=6.239e-02 | Time: 9:13:01.431319
2026-06-09 07:09:48 - pino - INFO - Epoch 0850 | data loss=1.369e-03 | bc loss=3.236e-04 | valid MSE=1.003e-03 | valid rel L2=2.784e-02 | pressure=5.472e-03, u=5.518e-03, v=5.788e-02 | Time: 9:19:44.208312
2026-06-09 07:16:32 - pino - INFO - Epoch 0860 | data loss=1.355e-03 | bc loss=3.171e-04 | valid MSE=9.558e-04 | valid rel L2=2.769e-02 | pressure=5.568e-03, u=5.524e-03, v=5.588e-02 | Time: 9:26:27.608071
2026-06-09 07:23:14 - pino - INFO - Epoch 0870 | data loss=1.351e-03 | bc loss=3.145e-04 | valid MSE=9.734e-04 | valid rel L2=2.747e-02 | pressure=5.328e-03, u=5.401e-03, v=5.790e-02 | Time: 9:33:09.778835
2026-06-09 07:30:00 - pino - INFO - Epoch 0880 | data loss=1.341e-03 | bc loss=3.113e-04 | valid MSE=9.725e-04 | valid rel L2=2.760e-02 | pressure=5.407e-03, u=5.441e-03, v=5.555e-02 | Time: 9:39:55.662536
2026-06-09 07:36:52 - pino - INFO - Epoch 0890 | data loss=1.334e-03 | bc loss=3.080e-04 | valid MSE=9.507e-04 | valid rel L2=2.713e-02 | pressure=5.244e-03, u=5.254e-03, v=5.517e-02 | Time: 9:46:48.260616
2026-06-09 07:43:40 - pino - INFO - Epoch 0900 | data loss=1.327e-03 | bc loss=3.064e-04 | valid MSE=9.358e-04 | valid rel L2=2.686e-02 | pressure=5.141e-03, u=5.224e-03, v=5.513e-02 | Time: 9:53:35.875432
2026-06-09 07:50:27 - pino - INFO - Epoch 0910 | data loss=1.322e-03 | bc loss=3.044e-04 | valid MSE=9.555e-04 | valid rel L2=2.719e-02 | pressure=5.373e-03, u=5.338e-03, v=5.633e-02 | Time: 10:00:23.440490
2026-06-09 07:57:18 - pino - INFO - Epoch 0920 | data loss=1.315e-03 | bc loss=3.013e-04 | valid MSE=9.381e-04 | valid rel L2=2.696e-02 | pressure=5.101e-03, u=5.312e-03, v=5.521e-02 | Time: 10:07:14.036614
2026-06-09 08:03:58 - pino - INFO - Epoch 0930 | data loss=1.309e-03 | bc loss=2.997e-04 | valid MSE=9.506e-04 | valid rel L2=2.696e-02 | pressure=5.260e-03, u=5.297e-03, v=5.677e-02 | Time: 10:13:54.111549
2026-06-09 08:10:53 - pino - INFO - Epoch 0940 | data loss=1.308e-03 | bc loss=2.984e-04 | valid MSE=9.449e-04 | valid rel L2=2.698e-02 | pressure=5.158e-03, u=5.307e-03, v=5.615e-02 | Time: 10:20:48.654219
2026-06-09 08:17:39 - pino - INFO - Epoch 0950 | data loss=1.303e-03 | bc loss=2.969e-04 | valid MSE=9.489e-04 | valid rel L2=2.706e-02 | pressure=5.232e-03, u=5.326e-03, v=5.647e-02 | Time: 10:27:34.655795
2026-06-09 08:24:26 - pino - INFO - Epoch 0960 | data loss=1.301e-03 | bc loss=2.963e-04 | valid MSE=9.485e-04 | valid rel L2=2.702e-02 | pressure=5.197e-03, u=5.325e-03, v=5.619e-02 | Time: 10:34:21.846208
2026-06-09 08:31:15 - pino - INFO - Epoch 0970 | data loss=1.298e-03 | bc loss=2.956e-04 | valid MSE=9.420e-04 | valid rel L2=2.698e-02 | pressure=5.192e-03, u=5.328e-03, v=5.565e-02 | Time: 10:41:11.295806
2026-06-09 08:37:51 - pino - INFO - Epoch 0980 | data loss=1.297e-03 | bc loss=2.949e-04 | valid MSE=9.424e-04 | valid rel L2=2.696e-02 | pressure=5.170e-03, u=5.297e-03, v=5.565e-02 | Time: 10:47:47.484259
2026-06-09 08:44:31 - pino - INFO - Epoch 0990 | data loss=1.296e-03 | bc loss=2.947e-04 | valid MSE=9.390e-04 | valid rel L2=2.692e-02 | pressure=5.164e-03, u=5.296e-03, v=5.543e-02 | Time: 10:54:26.955570
2026-06-09 08:51:06 - pino - INFO - Epoch 1000 | data loss=1.296e-03 | bc loss=2.944e-04 | valid MSE=9.401e-04 | valid rel L2=2.692e-02 | pressure=5.169e-03, u=5.297e-03, v=5.555e-02 | Time: 11:01:01.648330
2026-06-09 08:51:06 - pino - INFO - Best validation MSE: 0.0009324153797933832
2026-06-09 08:51:06 - pino - INFO - Saved: results/060826_2/checkpoint.pt
2026-06-09 08:51:07 - pino - INFO - Loaded: results/060826_2/checkpoint.pt
2026-06-09 10:06:08 - pino - INFO - e976ee50-99ed-4aba-9b6b-9dcd5634d07d:IPyWidgets:8.1.8
2026-06-09 10:06:08 - pino - INFO - ['/jupyter-matplotlib/extension.js', '/jupyter-js-widgets/extension.js']
2026-06-09 10:09:40 - pino - INFO - Total plotted points: 229742
2026-06-09 10:09:40 - pino - INFO - x range: 0.0002455277 0.9997354
2026-06-09 10:09:40 - pino - INFO - y range: -3.6604526e-06 0.00010365726
2026-06-09 10:09:49 - pino - INFO - Device: cuda:1
2026-06-09 10:09:58 - pino - INFO - Total plotted points: 229742
2026-06-09 10:09:58 - pino - INFO - x range: 0.0002455277 0.9997354
2026-06-09 10:09:58 - pino - INFO - y range: -3.6604526e-06 0.00010365726
2026-06-09 10:14:48 - pino - INFO - Total plotted points: 229742
2026-06-09 10:14:48 - pino - INFO - x range: 0.0002455277 0.9997354
2026-06-09 10:14:48 - pino - INFO - y range: -0.0036604528 0.10365726
2026-06-09 10:15:51 - pino - INFO - Total plotted points: 230324
2026-06-09 10:15:51 - pino - INFO - x range: 0.00025333284 0.9997369
2026-06-09 10:15:51 - pino - INFO - y range: -0.0030037095 0.10300137
2026-06-09 10:17:00 - pino - INFO - Total plotted points: 237170
2026-06-09 10:17:00 - pino - INFO - x range: 0.0002426327 0.99974793
2026-06-09 10:17:00 - pino - INFO - y range: -0.0035813448 0.103582375
2026-06-09 10:18:06 - pino - INFO - Total plotted points: 240746
2026-06-09 10:18:06 - pino - INFO - x range: 0.00026093746 0.9997381
2026-06-09 10:18:06 - pino - INFO - y range: -0.0032173737 0.103217304
2026-06-09 10:19:05 - pino - INFO - Total plotted points: 230220
2026-06-09 10:19:05 - pino - INFO - x range: 0.0002511409 0.9997412
2026-06-09 10:19:05 - pino - INFO - y range: -0.0032482685 0.10326389
2026-06-09 10:19:56 - pino - INFO - Total plotted points: 228410
2026-06-09 10:19:56 - pino - INFO - x range: 0.00024404138 0.9997296
2026-06-09 10:19:56 - pino - INFO - y range: -0.004046337 0.104062416
2026-06-09 10:20:47 - pino - INFO - Total plotted points: 237666
2026-06-09 10:20:47 - pino - INFO - x range: 0.0002594584 0.9997394
2026-06-09 10:20:47 - pino - INFO - y range: -0.0042511583 0.1042511
2026-06-09 10:21:39 - pino - INFO - Total plotted points: 236006
2026-06-09 10:21:39 - pino - INFO - x range: 0.00027182326 0.99973553
2026-06-09 10:21:39 - pino - INFO - y range: -0.0045372355 0.104539566
2026-06-09 10:22:33 - pino - INFO - Total plotted points: 227660
2026-06-09 10:22:33 - pino - INFO - x range: 0.00024566363 0.9997575
2026-06-09 10:22:33 - pino - INFO - y range: -0.004086913 0.10409428
2026-06-09 10:23:26 - pino - INFO - Total plotted points: 235384
2026-06-09 10:23:26 - pino - INFO - x range: 0.0002529175 0.99973893
2026-06-09 10:23:26 - pino - INFO - y range: -0.0044885958 0.10449617
2026-06-09 10:44:22 - pino - INFO - Test samples: 100
2026-06-09 10:47:33 - pino - INFO - Total plotted points: 237274
2026-06-09 10:47:33 - pino - INFO - x range: 0.00024775745 0.999737
2026-06-09 10:47:33 - pino - INFO - y range: -0.0046734763 0.10467545
2026-06-09 10:48:28 - pino - INFO - Total plotted points: 233642
2026-06-09 10:48:28 - pino - INFO - x range: 0.00026308117 0.99977
2026-06-09 10:48:28 - pino - INFO - y range: -0.00436419 0.10436236
2026-06-09 10:49:20 - pino - INFO - Total plotted points: 230652
2026-06-09 10:49:20 - pino - INFO - x range: 0.00025932895 0.99975175
2026-06-09 10:49:20 - pino - INFO - y range: -0.0038433005 0.10384845
2026-06-09 10:50:12 - pino - INFO - Total plotted points: 233712
2026-06-09 10:50:12 - pino - INFO - x range: 0.00025644194 0.9997555
2026-06-09 10:50:12 - pino - INFO - y range: -0.0032470438 0.103243925
2026-06-09 10:51:02 - pino - INFO - Total plotted points: 237198
2026-06-09 10:51:02 - pino - INFO - x range: 0.00025688665 0.99973845
2026-06-09 10:51:02 - pino - INFO - y range: -0.0039451937 0.10394325
2026-06-09 10:51:52 - pino - INFO - Total plotted points: 230740
2026-06-09 10:51:52 - pino - INFO - x range: 0.00026658783 0.9997444
2026-06-09 10:51:52 - pino - INFO - y range: -0.0035965291 0.1035983
2026-06-09 10:52:42 - pino - INFO - Total plotted points: 237088
2026-06-09 10:52:42 - pino - INFO - x range: 0.0002614005 0.9997458
2026-06-09 10:52:42 - pino - INFO - y range: -0.004525996 0.104525566
2026-06-09 10:53:32 - pino - INFO - Total plotted points: 229924
2026-06-09 10:53:32 - pino - INFO - x range: 0.00025835232 0.99974424
2026-06-09 10:53:32 - pino - INFO - y range: -0.0030023463 0.10301031
2026-06-09 10:54:20 - pino - INFO - Total plotted points: 229716
2026-06-09 10:54:20 - pino - INFO - x range: 0.00025992666 0.999732
2026-06-09 10:54:20 - pino - INFO - y range: -0.0027418374 0.10274269
2026-06-09 10:55:10 - pino - INFO - Total plotted points: 225946
2026-06-09 10:55:10 - pino - INFO - x range: 0.00025748738 0.99974716
2026-06-09 10:55:10 - pino - INFO - y range: -0.0038637233 0.10386955
2026-06-09 12:13:26 - pino - INFO - e976ee50-99ed-4aba-9b6b-9dcd5634d07d:IPyWidgets:8.1.8
2026-06-09 12:13:26 - pino - INFO - ['/jupyter-matplotlib/extension.js', '/jupyter-js-widgets/extension.js']
